	Command being timed: "python /mnt/data/rei_bianchi_work/repo/stages/Bianchi_Reionization_Stage_P0_5_B2C2B0C_R2B_MOMENT_CONSTRAINED_NODE_LIFT_HISTORY/src/run_node_lift.py --repo /mnt/data/rei_bianchi_work/repo --stage /mnt/data/rei_bianchi_work/repo/stages/Bianchi_Reionization_Stage_P0_5_B2C2B0C_R2B_MOMENT_CONSTRAINED_NODE_LIFT_HISTORY --b0a-zip /mnt/data/rei_bianchi_work/repo/artifacts/compact/Bianchi_Reionization_Stage_P0_5_B2C2B0A_HIERARCHICAL_TWO_SCALE_OPACITY_CHEMISTRY_CLOSURE_LOCK_compact_bundle.zip --prior-npz /mnt/data/rei_bianchi_work/repo/stages/Bianchi_Reionization_Stage_P0_5_B2C2B0C_R2B_MOMENT_CONSTRAINED_NODE_LIFT_HISTORY/data/b0a_full_node_priors.npz"
	User time (seconds): 300.38
	System time (seconds): 3.19
	Percent of CPU this job got: 98%
	Elapsed (wall clock) time (h:mm:ss or m:ss): 5:08.35
	Average shared text size (kbytes): 0
	Average unshared data size (kbytes): 0
	Average stack size (kbytes): 0
	Average total size (kbytes): 0
	Maximum resident set size (kbytes): 341804
	Average resident set size (kbytes): 0
	Major (requiring I/O) page faults: 0
	Minor (reclaiming a frame) page faults: 75425
	Voluntary context switches: 18
	Involuntary context switches: 1303
	Swaps: 0
	File system inputs: 0
	File system outputs: 548560
	Socket messages sent: 0
	Socket messages received: 0
	Signals delivered: 0
	Page size (bytes): 4096
	Exit status: 0
