	Command being timed: "python /mnt/data/r2b_recovery_v2/repo/stages/Bianchi_Reionization_Stage_P0_5_B2C2B0C_R2B_MOMENT_CONSTRAINED_NODE_LIFT_HISTORY_UPLOAD_RECOVERY_V2/src/run_node_lift.py --repo /mnt/data/r2b_recovery_v2/repo --stage /mnt/data/r2b_recovery_v2/repo/stages/Bianchi_Reionization_Stage_P0_5_B2C2B0C_R2B_MOMENT_CONSTRAINED_NODE_LIFT_HISTORY_UPLOAD_RECOVERY_V2 --b0a-zip /mnt/data/r2b_recovery_v2/repo/artifacts/compact/Bianchi_Reionization_Stage_P0_5_B2C2B0A_HIERARCHICAL_TWO_SCALE_OPACITY_CHEMISTRY_CLOSURE_LOCK_compact_bundle.zip --prior-npz /mnt/data/r2b_recovery_v2/repo/stages/Bianchi_Reionization_Stage_P0_5_B2C2B0C_R2B_MOMENT_CONSTRAINED_NODE_LIFT_HISTORY_UPLOAD_RECOVERY_V2/data/b0a_full_node_priors.npz"
	User time (seconds): 139.69
	System time (seconds): 2.02
	Percent of CPU this job got: 100%
	Elapsed (wall clock) time (h:mm:ss or m:ss): 2:21.16
	Average shared text size (kbytes): 0
	Average unshared data size (kbytes): 0
	Average stack size (kbytes): 0
	Average total size (kbytes): 0
	Maximum resident set size (kbytes): 341136
	Average resident set size (kbytes): 0
	Major (requiring I/O) page faults: 57
	Minor (reclaiming a frame) page faults: 73951
	Voluntary context switches: 459
	Involuntary context switches: 725
	Swaps: 0
	File system inputs: 136808
	File system outputs: 548496
	Socket messages sent: 0
	Socket messages received: 0
	Signals delivered: 0
	Page size (bytes): 4096
	Exit status: 0
