   Compiling rei_microphysics v0.1.0 (/home/cosmosapjw/Dropbox/bianchi/rei_bianchi/rust/rei_microphysics)
    Finished `test` profile [unoptimized + debuginfo] target(s) in 0.30s
     Running tests/atomic_provider.rs (rust/rei_microphysics/target/debug/deps/atomic_provider-e41cb5e7b862434f)

running 3 tests
test domain_and_authority ... ok
test verner_values_and_thresholds ... ok
test original_c_values ... ok

test result: ok. 3 passed; 0 failed; 0 ignored; 0 measured; 0 filtered out; finished in 0.00s

     Running tests/forward.rs (rust/rei_microphysics/target/debug/deps/forward-4a3342178daaaea8)

running 26 tests
test error_precedence_and_nonfinite_inputs ... ok
test finite_projection_totals_and_signed_reconstruction ... ok
test four_site_calls_do_not_share_state ... ok
test full_cubic_on_nonuniform_knots_preserves_coefficient_layout ... ok
test gamma_group_species_have_separate_atomic_accumulations ... ok
test gamma_has_one_comoving_factor_and_no_table_dependency ... ok
test gamma_ignores_all_unused_state_and_thermochemistry_fields ... ok
test high_group_atomic_owners_remain_explicit ... ok
test isolated_groups_and_no_emissivity ... ok
test lift_zero_entries_and_signed_decomposition_preserve_locked_totals ... ok
test minimal_table_and_each_invalid_constructor_branch ... ok
test opacity_ignores_photon_count_and_thermal_energy ... ok
test opacity_ownership_and_proper_units ... ok
test overflow_is_not_silently_renormalized ... ok
test pchip_knots_interior_and_domain ... ok
test pchip_uses_right_interval_at_interior_knot ... ok
test photon_emission_is_affine_and_not_renormalized ... ok
test redshift_internal_transfer_telescopes ... ok
test registry_does_not_admit_missing_physical_sources ... ok
test specified_mass_and_signed_examples ... ok
test table_errors_propagate_to_opacity_and_photon_rates ... ok
test transform_finite_invariants_and_nonfinite_contract ... ok
test transform_is_max_shifted_without_floors ... ok
test transform_preserves_extreme_classifications_without_floor ... ok
test transform_uses_rust_binary64_underflow ... ok
test zero_support_is_function_specific ... ok

test result: ok. 26 passed; 0 failed; 0 ignored; 0 measured; 0 filtered out; finished in 0.00s

     Running tests/homogeneous_rates.rs (rust/rei_microphysics/target/debug/deps/homogeneous_rates-a1c567046a7c7660)

running 3 tests
test invalid_and_overflow ... ok
test species_and_energy_owners ... ok
test zero_opacity_and_quadrature_linearity ... ok

test result: ok. 3 passed; 0 failed; 0 ignored; 0 measured; 0 filtered out; finished in 0.00s

