docs/forward/rust-20260922/PARITY_POLICY.json: OK
docs/forward/rust-20260922/PORT_BOUNDARY_REGISTRY.json: OK
docs/forward/rust-20260922/SOURCE_IMPORT_LOCK.json: OK
docs/forward/rust-20260922/source_subset/atomic_parent_A6/00_READ_FIRST_KO.md: OK
docs/forward/rust-20260922/source_subset/atomic_parent_A6/CURRENT_STATE.json: OK
docs/forward/rust-20260922/source_subset/atomic_parent_A6/schemas/SOURCE_COVERAGE.json: OK
docs/forward/rust-20260922/source_subset/atomic_parent_A7/00_READ_FIRST_KO.md: OK
docs/forward/rust-20260922/source_subset/atomic_parent_A7/CURRENT_STATE.json: OK
docs/forward/rust-20260922/source_subset/atomic_parent_A7/SOURCE_PROVENANCE.json: OK
docs/forward/rust-20260922/source_subset/atomic_parent_A7/schemas/PRODUCTION_FIREWALL.json: OK
docs/forward/rust-20260922/source_subset/python/monolithic_model_b2a.py: OK
docs/forward/rust-20260922/source_subset/python/node_lift_operator.py: OK
rust/rei_microphysics/Cargo.lock: OK
rust/rei_microphysics/Cargo.toml: OK
rust/rei_microphysics/examples/eval_fixture.rs: OK
rust/rei_microphysics/src/coverage.rs: OK
rust/rei_microphysics/src/group_rates.rs: OK
rust/rei_microphysics/src/lib.rs: OK
rust/rei_microphysics/src/lift.rs: OK
rust/rei_microphysics/tests/fixtures/forward_inputs.json: OK
rust/rei_microphysics/tests/forward.rs: OK
scripts/check_rust_forward_parity.py: OK
docs/forward/rust-20260922/evidence/test_checker_receipts.py: OK
docs/forward/rust-20260922/evidence/source_closeout_toy.py: OK
