   Compiling rei_microphysics v0.1.0 (/home/cosmosapjw/Dropbox/bianchi/rei_bianchi/rust/rei_microphysics)
    Finished `test` profile [unoptimized + debuginfo] target(s) in 1.06s
     Running unittests src/lib.rs (rust/rei_microphysics/target/debug/deps/rei_microphysics-4319075100ca6a71)

running 0 tests

test result: ok. 0 passed; 0 failed; 0 ignored; 0 measured; 0 filtered out; finished in 0.00s

     Running tests/atomic_provider.rs (rust/rei_microphysics/target/debug/deps/atomic_provider-e41cb5e7b862434f)

running 3 tests
test domain_and_authority ... ok
test verner_values_and_thresholds ... ok
test original_c_values ... ok

test result: ok. 3 passed; 0 failed; 0 ignored; 0 measured; 0 filtered out; finished in 0.00s

     Running tests/bianchi_i.rs (rust/rei_microphysics/target/debug/deps/bianchi_i-40fcc94560de867c)

running 4 tests
test differential_r1_and_background ... ok
test domain_errors ... ok
test independent_exact_characteristic_points ... ok
test identity_inverse_and_temperature_coordinates ... ok

test result: ok. 4 passed; 0 failed; 0 ignored; 0 measured; 0 filtered out; finished in 0.01s

     Running tests/flrw_three_equations.rs (rust/rei_microphysics/target/debug/deps/flrw_three_equations-8c0b6cde24a63dc5)

running 21 tests
test actual_event_rate_reduces_to_local_fraction_equation ... ok
test combined_inventory_cancels_actual_absorption ... ok
test correlated_cells_separate_volume_and_mass_averages ... ok
test forged_cell_result_cannot_hide_invalid_inputs_in_positive_aggregate ... ok
test omitting_photon_storage_is_detected ... ok
test photon_storage_can_grow_without_instantaneous_h_ionization ... ok
test recombination_average_does_not_factor_into_means ... ok
test shared_edges_telescope_and_keep_upper_inflow ... ok
test externally_modified_ensemble_cannot_bypass_finite_domain_gate ... ok
test case_b_recycling_changes_sink_without_adding_tracked_photons ... ok
test photon_domain_errors_are_explicit ... ok
test connected_cell_rejects_wrong_domains ... ok
test fraction_has_no_expansion_dilution_term ... ok
test sharp_phase_rejects_missing_closure_and_endpoints ... ok
test sharp_density_drift_is_not_silently_omitted ... ok
test full_filling_defect_needs_external_geometry_derivative ... ok
test comoving_no_three_h_and_proper_dilution ... ok
test c_mpc_photo_bridge_is_same_actual_event_count ... ok
test edge_energy_not_bin_center_enters_threshold_flux ... ok
test ensemble_weight_normalization_and_background_guard ... ok
test conditional_sharp_uniform_density_recovers_standard_q_equation ... ok

test result: ok. 21 passed; 0 failed; 0 ignored; 0 measured; 0 filtered out; finished in 0.01s

     Running tests/forward.rs (rust/rei_microphysics/target/debug/deps/forward-4a3342178daaaea8)

running 26 tests
test error_precedence_and_nonfinite_inputs ... ok
test full_cubic_on_nonuniform_knots_preserves_coefficient_layout ... ok
test gamma_group_species_have_separate_atomic_accumulations ... ok
test gamma_has_one_comoving_factor_and_no_table_dependency ... ok
test four_site_calls_do_not_share_state ... ok
test gamma_ignores_all_unused_state_and_thermochemistry_fields ... ok
test isolated_groups_and_no_emissivity ... ok
test lift_zero_entries_and_signed_decomposition_preserve_locked_totals ... ok
test finite_projection_totals_and_signed_reconstruction ... ok
test high_group_atomic_owners_remain_explicit ... ok
test opacity_ownership_and_proper_units ... ok
test overflow_is_not_silently_renormalized ... ok
test pchip_knots_interior_and_domain ... ok
test redshift_internal_transfer_telescopes ... ok
test specified_mass_and_signed_examples ... ok
test photon_emission_is_affine_and_not_renormalized ... ok
test transform_finite_invariants_and_nonfinite_contract ... ok
test transform_preserves_extreme_classifications_without_floor ... ok
test transform_uses_rust_binary64_underflow ... ok
test opacity_ignores_photon_count_and_thermal_energy ... ok
test minimal_table_and_each_invalid_constructor_branch ... ok
test table_errors_propagate_to_opacity_and_photon_rates ... ok
test zero_support_is_function_specific ... ok
test registry_does_not_admit_missing_physical_sources ... ok
test pchip_uses_right_interval_at_interior_knot ... ok
test transform_is_max_shifted_without_floors ... ok

test result: ok. 26 passed; 0 failed; 0 ignored; 0 measured; 0 filtered out; finished in 0.00s

     Running tests/ft03_controlled.rs (rust/rei_microphysics/target/debug/deps/ft03_controlled-e87a461eef4a6e31)

running 8 tests
test all_event_owners_and_energy_rhs ... ok
test physical_domain_and_helium_zero_boundary ... ok
test controlled_initial_and_verner_binding ... ok
test actual_temperature_feedback_and_implicit_residual ... ok
test guard_refuses_extrapolation ... ok
test zero_step_and_transactional_reject ... ok
test published_fit_and_moment_point_reference ... ok
test finite_nonlinear_controlled_reference_and_refinement ... ok

test result: ok. 8 passed; 0 failed; 0 ignored; 0 measured; 0 filtered out; finished in 2.18s

     Running tests/he_rct.rs (rust/rei_microphysics/target/debug/deps/he_rct-a4795b82d79a018f)

running 24 tests
test absent_species_policy_is_zero_rct_fraction_derivative ... ok
test complete_composed_energy_balance_uses_actual_baseline ... ok
test composed_rhs_adds_event_and_energy_but_preserves_old_event_arrays ... ok
test disabled_default_is_bit_identical_to_actual_baseline ... ok
test disabled_has_no_rct_temperature_constraint ... ok
test event_rate_and_density_normalizations_follow_reactant_pair ... ok
test exact_source_endpoints_and_seventeen_fold_alternatives ... ok
test explicit_mean_energy_allows_signed_heat_and_conserves_energy ... ok
test ft03_disabled_preserves_actual_successor_bit_identity ... ok
test ft03_domain_intersection_accepts_kf96_and_rejects_gm25 ... ok
test ft03_gas_legacy_rhs_is_a_wrong_adapter_negative_control ... ok
test ft03_wrapper_preserves_nonzero_rr_ci_dr_and_adds_only_rct ... ok
test missing_reactants_produce_no_rct_events ... ok
test missing_zero_negative_and_nonfinite_photon_moments_are_not_closed ... ok
test nuclei_and_free_charge_conserved_event_by_event ... ok
test overflowing_energy_moment_product_is_rejected ... ok
test overflowing_event_is_rejected ... ok
test reaction_q_uses_model_thresholds_and_rejects_nonpositive_release ... ok
test scalar_only_ledger_does_not_claim_energy_closure ... ok
test source_conflict_ack_is_mandatory ... ok
test source_metadata_keeps_provenance_and_missing_moments ... ok
test state_and_model_validation_are_reused ... ok
test temperature_window_is_strict_without_switch_clamp_or_extrapolation ... ok
test zero_event_does_not_bypass_selected_source_temperature_domain ... ok

test result: ok. 24 passed; 0 failed; 0 ignored; 0 measured; 0 filtered out; finished in 0.00s

     Running tests/hhe_events.rs (rust/rei_microphysics/target/debug/deps/hhe_events-720ea6f97b613b50)

running 7 tests
test malformed_domains_reject ... ok
test implicit_residual_and_integrated_event_ledger ... ok
test equation_of_state_charge_and_rhs_energy ... ok
test pure_event_limits_have_expected_owners ... ok
test pure_h_and_pure_he_density_limits ... ok
test zero_duration_identity ... ok
test rejected_candidate_writes_nothing ... ok

test result: ok. 7 passed; 0 failed; 0 ignored; 0 measured; 0 filtered out; finished in 0.00s

     Running tests/hhe_fixture.rs (rust/rei_microphysics/target/debug/deps/hhe_fixture-5bf8d6668056b20b)

running 1 test
test finite_mixed_fixture_converges_to_independent_reference ... ok

test result: ok. 1 passed; 0 failed; 0 ignored; 0 measured; 0 filtered out; finished in 0.34s

     Running tests/homogeneous_rates.rs (rust/rei_microphysics/target/debug/deps/homogeneous_rates-a1c567046a7c7660)

running 3 tests
test invalid_and_overflow ... ok
test species_and_energy_owners ... ok
test zero_opacity_and_quadrature_linearity ... ok

test result: ok. 3 passed; 0 failed; 0 ignored; 0 measured; 0 filtered out; finished in 0.00s

     Running tests/hydrogen_step.rs (rust/rei_microphysics/target/debug/deps/hydrogen_step-b8f0b79844be5d82)

running 6 tests
test identity_zero_time_and_zero_rates ... ok
test invalid_inputs_and_finite_overflow_reject ... ok
test separate_channels_and_equilibrium_balance ... ok
test limiting_cases ... ok
test ledger_and_semigroup ... ok
test tiny_depth_retains_creation_from_initially_ionized_gas ... ok

test result: ok. 6 passed; 0 failed; 0 ignored; 0 measured; 0 filtered out; finished in 0.00s

     Running tests/interval_math.rs (rust/rei_microphysics/target/debug/deps/interval_math-114de2024b0db5ff)

running 5 tests
test domain_rejections ... ok
test elementary_limits ... ok
test mixed_partial_product ... ok
test outward_basics ... ok
test nonlinear_chain_and_constants ... ok

test result: ok. 5 passed; 0 failed; 0 ignored; 0 measured; 0 filtered out; finished in 0.00s

     Running tests/joint_affine_bound.rs (rust/rei_microphysics/target/debug/deps/joint_affine_bound-1c88dbcfad6e7501)

running 7 tests
test dyadic_grid_reference_stays_inside_rounded_joint_bound ... ok
test multiple_coordinates_cancel_before_parent_width_is_applied ... ok
test rejects_invalid_identity_shape_domains_and_overflow ... ok
test shared_parent_cancels_identical_affine_paths_despite_wide_separate_boxes ... ok
test strict_failure_preserves_absence_of_candidate_state ... ok
test independently_bounded_remainders_are_not_cancelled ... ok
test tiny_nonzero_product_remains_enclosed_when_binary64_underflows ... ok

test result: ok. 7 passed; 0 failed; 0 ignored; 0 measured; 0 filtered out; finished in 0.00s

     Running tests/joint_parent_affine.rs (rust/rei_microphysics/target/debug/deps/joint_parent_affine-bffdf48be7553fd3)

running 5 tests
test claimed_range_must_enclose_both_shared_parent_endpoints ... ok
test coincident_maps_cancel_on_shared_parent_despite_independent_box_separation ... ok
test nonzero_joint_difference_rejects_strict_gate_without_candidate_state ... ok
test invalid_parent_identity_and_intervals_fail_closed ... ok
test overflow_and_out_of_domain_exponents_fail_closed ... ok

test result: ok. 5 passed; 0 failed; 0 ignored; 0 measured; 0 filtered out; finished in 0.00s

     Running tests/radiation_conservation.rs (rust/rei_microphysics/target/debug/deps/radiation_conservation-bc1ea80a039e02d8)

running 4 tests
test collisionless_number_volume_and_energy_work ... ok
test invalid_grid_and_transaction ... ok
test guard_ownership_and_positive_histogram ... ok
test declared_midpoint_refinement ... ok

test result: ok. 4 passed; 0 failed; 0 ignored; 0 measured; 0 filtered out; finished in 0.00s

     Running unittests examples/eval_fixture.rs (rust/rei_microphysics/target/debug/examples/eval_fixture-ae328e6600219e59)

running 5 tests
test tests::blank_input_produces_no_record ... ok
test tests::malformed_payload_and_trailing_tokens_are_rejected ... ok
test tests::malformed_record_does_not_consume_the_next_record ... ok
test tests::missing_operation_is_a_per_record_error ... ok
test tests::nonfinite_tokens_reach_the_library_error_branch ... ok

test result: ok. 5 passed; 0 failed; 0 ignored; 0 measured; 0 filtered out; finished in 0.00s

   Doc-tests rei_microphysics

running 0 tests

test result: ok. 0 passed; 0 failed; 0 ignored; 0 measured; 0 filtered out; finished in 0.00s

