{
  "results": [
    {
      "argv": [
        "/home/cosmosapjw/.cargo/bin/rustc",
        "--edition=2021",
        "--crate-name",
        "rei_microphysics",
        "--crate-type",
        "rlib",
        "rust/rei_microphysics/src/lib.rs",
        "-o",
        "/tmp/librei_interval_repaired.rlib"
      ],
      "exit_code": 0,
      "stdout": "",
      "stderr": ""
    },
    {
      "argv": [
        "/home/cosmosapjw/.cargo/bin/rustc",
        "--edition=2021",
        ".cuh/fastest-track/REI-F04-INTERVAL/repair_probe.rs",
        "--extern",
        "rei_microphysics=/tmp/librei_interval_repaired.rlib",
        "-o",
        "/tmp/rei_interval_repaired_probe"
      ],
      "exit_code": 0,
      "stdout": "",
      "stderr": ""
    },
    {
      "argv": [
        "/tmp/rei_interval_repaired_probe"
      ],
      "exit_code": 0,
      "stdout": "pow x=2.00000000000000000e0 p=0 scalar=Ok(Interval { lo: 1.0, hi: 1.0 })\njet=OK value=Interval { lo: 1.0, hi: 1.0 } d0=Interval { lo: 0.0, hi: 0.0 } h00=Interval { lo: 0.0, hi: 0.0 }\npow x=2.00000000000000000e0 p=1 scalar=Ok(Interval { lo: 2.0, hi: 2.0 })\njet=OK value=Interval { lo: 2.0, hi: 2.0 } d0=Interval { lo: 1.0, hi: 1.0 } h00=Interval { lo: 0.0, hi: 0.0 }\npow x=9.99999999999999982e-201 p=0 scalar=Ok(Interval { lo: 1.0, hi: 1.0 })\njet=OK value=Interval { lo: 1.0, hi: 1.0 } d0=Interval { lo: 0.0, hi: 0.0 } h00=Interval { lo: 0.0, hi: 0.0 }\npow x=9.99999999999999982e-201 p=1 scalar=Ok(Interval { lo: 1e-200, hi: 1e-200 })\njet=OK value=Interval { lo: 1e-200, hi: 1e-200 } d0=Interval { lo: 1.0, hi: 1.0 } h00=Interval { lo: 0.0, hi: 0.0 }\npow x=9.99999999999999970e199 p=0 scalar=Ok(Interval { lo: 1.0, hi: 1.0 })\njet=OK value=Interval { lo: 1.0, hi: 1.0 } d0=Interval { lo: 0.0, hi: 0.0 } h00=Interval { lo: 0.0, hi: 0.0 }\npow x=9.99999999999999970e199 p=1 scalar=Ok(Interval { lo: 1e200, hi: 1e200 })\njet=OK value=Interval { lo: 1e200, hi: 1e200 } d0=Interval { lo: 1.0, hi: 1.0 } h00=Interval { lo: 0.0, hi: 0.0 }\npow x=4.94065645841246544e-324 p=0 scalar=Ok(Interval { lo: 1.0, hi: 1.0 })\njet=OK value=Interval { lo: 1.0, hi: 1.0 } d0=Interval { lo: 0.0, hi: 0.0 } h00=Interval { lo: 0.0, hi: 0.0 }\npow x=4.94065645841246544e-324 p=1 scalar=Ok(Interval { lo: 5e-324, hi: 5e-324 })\njet=OK value=Interval { lo: 5e-324, hi: 5e-324 } d0=Interval { lo: 1.0, hi: 1.0 } h00=Interval { lo: 0.0, hi: 0.0 }\npow x=1.79769313486231571e308 p=0 scalar=Ok(Interval { lo: 1.0, hi: 1.0 })\njet=OK value=Interval { lo: 1.0, hi: 1.0 } d0=Interval { lo: 0.0, hi: 0.0 } h00=Interval { lo: 0.0, hi: 0.0 }\npow x=1.79769313486231571e308 p=1 scalar=Ok(Interval { lo: 1.7976931348623157e308, hi: 1.7976931348623157e308 })\njet=OK value=Interval { lo: 1.7976931348623157e308, hi: 1.7976931348623157e308 } d0=Interval { lo: 1.0, hi: 1.0 } h00=Interval { lo: 0.0, hi: 0.0 }\nquotient_mixed_partials=PASS\nexp_product_mixed_partials_signed_zero=PASS\nmalformed_public_hessian=PASS\nnegative_exp x=-1.00000000000000000e3 value=Interval { lo: 0.0, hi: 5e-324 }\nnegative_exp x=-1.79769313486231571e308 value=Interval { lo: 0.0, hi: 5e-324 }\nsubnormal_overflow_zero_division=PASS\n",
      "stderr": ""
    }
  ]
}
