{
  "classification": "R2C_R1B_EXACT_SYMBOLIC_AND_100_DPS_FALLBACK",
  "generated_utc": "2026-08-06T05:59:20.782616+00:00",
  "symbolic": {
    "column_sums": [
      "0",
      "0"
    ],
    "boundary_HI_derivative": "n_hii*r",
    "boundary_HII_derivative": "n_hi*u",
    "temporal_null_endpoints_and_integral": [
      "0",
      "0",
      "0"
    ],
    "spatial_partition_endpoints_and_integral": [
      "0",
      "0",
      "1/6"
    ],
    "temporal_K8_rank": 3,
    "temporal_K8_nullity": 5,
    "spatial_N3_K4_rank": 8,
    "spatial_N3_K4_nullity": 4
  },
  "high_precision": {
    "dps": 100,
    "semigroup_min_entry": "0.296558221704365343105611311774225719687496733322513390082968727565270642131246931143270294",
    "semigroup_column_sum_residual_max": "0.0",
    "blackbody_mean_energy_ratio_fallback": "2.70117803291906389613472623055714548665947017126242209627210315041788953484258097055950173",
    "blackbody_mean_energy_ratio_plugin": "2.7011780329190638961347262305571454866594701712624220962721031504178895348425808",
    "blackbody_ratio_relative_residual": "6.31426361578298892623102578291058713074512761410120163181773612204316616704878171086363639e-80"
  },
  "pass": true
}
