{
  "KKT_zero_dual_certificate_pass": true,
  "backend": "SymPy exact identities + Decimal(80) imported-data audit",
  "numeric_all_pass": true,
  "numeric_case_count": 30,
  "numeric_max_relative_residuals": {
    "J_G1": "2.8034504439131502863137283410572677461550898146200202929616936839055741544470935E-16",
    "J_G2a": "2.0783688910889751462502895294300386687148042086923631446190792607879731348570781E-16",
    "current_Gamma": "2.8840951908722917264529461738956306854461851182186472025635518860178236302038805E-16",
    "kappa_G1": "9.6046E-18",
    "kappa_G2a": "2.6551E-18",
    "mass": "2.0134932207100057128765724958208458578216135609908952466248278407531983747337449E-16",
    "mass_transfer": "2.4727428108148180133168504510460992059378875617897558634370303115570351331931543E-16"
  },
  "overall_pass": true,
  "source_and_output_exact_zero_pass": true,
  "stage": "P0.5-B2C2B0C-R2A-GLOBAL-MOMENT-CONSTRAINED-MACRO-SINK-DISTRIBUTION-LOCK",
  "symbolic_identities": {
    "G1_opacity_moment_closure": "0",
    "G2a_opacity_moment_closure": "0",
    "G3_HeII_exact_zero": "0",
    "capacity_slack_identity": "(rho - 1)*(p1*q1 + p2*q2)",
    "current_Gamma_G1": "0",
    "current_Gamma_G2a": "0",
    "generalized_KL_gradient_at_prior": "0",
    "generalized_KL_value_at_prior": "0",
    "mass_moment_closure": "0",
    "zero_dual_complementarity": "0"
  },
  "symbolic_pass": true
}
