{"lane": "SCRIPT_SELF_SHIELDING_AUDITOR", "policy_id": "CELL_LOWER_STRICT__F_0P1", "hard_gates_pass": true, "elapsed_s": 1.9253709879994858}
{"lane": "SCRIPT_SELF_SHIELDING_AUDITOR", "policy_id": "CELL_LOWER_STRICT__F_1P0", "hard_gates_pass": true, "elapsed_s": 2.1021079389993247}
{"lane": "SCRIPT_SELF_SHIELDING_AUDITOR", "policy_id": "CELL_UPPER_STRICT__F_0P1", "hard_gates_pass": true, "elapsed_s": 1.8828393519997917}
{"lane": "SCRIPT_SELF_SHIELDING_AUDITOR", "policy_id": "CELL_UPPER_STRICT__F_1P0", "hard_gates_pass": true, "elapsed_s": 1.9488314510008422}
{"lane": "SCRIPT_SELF_SHIELDING_AUDITOR", "policy_id": "ADAPTER_TABLE_LOW_STRICT__F_0P1", "hard_gates_pass": true, "elapsed_s": 1.8744571220004218}
{"lane": "SCRIPT_SELF_SHIELDING_AUDITOR", "policy_id": "ADAPTER_TABLE_LOW_STRICT__F_1P0", "hard_gates_pass": true, "elapsed_s": 2.052610289999393}
{"lane": "SCRIPT_SELF_SHIELDING_AUDITOR", "policy_id": "ADAPTER_TABLE_HIGH_STRICT__F_0P1", "hard_gates_pass": true, "elapsed_s": 1.8161711559996547}
{"lane": "SCRIPT_SELF_SHIELDING_AUDITOR", "policy_id": "ADAPTER_TABLE_HIGH_STRICT__F_1P0", "hard_gates_pass": true, "elapsed_s": 2.0752767770009086}
{"artifact_sha256": {"json": "6e75c06fd46c16d47866de6329967f4ecc1b0ddee35bcc8753eb98aa5796cd3f", "npz": "d6f39b6baa636b6c05f3330e9387d3b91a83a36eacadfb6b607687ce000d6772"}, "lane": "SCRIPT_SELF_SHIELDING_AUDITOR"}
	Command being timed: "python -u stages/Bianchi_Reionization_Stage_P0_5_B2C2B0C_R2C_R1B_R2B_R2A_R2_R1A_FOUR_CORNER_BRANCH_AND_UNRESOLVED_OTS_ENERGY_PROPAGATION_PREFLIGHT/analysis/run_four_corner_preflight.py --lane-worker SCRIPT_SELF_SHIELDING_AUDITOR --worker-output stages/Bianchi_Reionization_Stage_P0_5_B2C2B0C_R2C_R1B_R2B_R2A_R2_R1A_FOUR_CORNER_BRANCH_AND_UNRESOLVED_OTS_ENERGY_PROPAGATION_PREFLIGHT/data/lane_workers"
	User time (seconds): 17.39
	System time (seconds): 0.61
	Percent of CPU this job got: 104%
	Elapsed (wall clock) time (h:mm:ss or m:ss): 0:17.26
	Average shared text size (kbytes): 0
	Average unshared data size (kbytes): 0
	Average stack size (kbytes): 0
	Average total size (kbytes): 0
	Maximum resident set size (kbytes): 505904
	Average resident set size (kbytes): 0
	Major (requiring I/O) page faults: 0
	Minor (reclaiming a frame) page faults: 141209
	Voluntary context switches: 16
	Involuntary context switches: 90
	Swaps: 0
	File system inputs: 0
	File system outputs: 1640
	Socket messages sent: 0
	Socket messages received: 0
	Signals delivered: 0
	Page size (bytes): 4096
	Exit status: 0
