00_READ_FIRST.md: OK
02_EVIDENCE_ACQUISITION.md: OK
03_CLAIM_SOURCE_AUDIT.md: OK
04_HYPOTHESIS_SPACE.md: OK
05_ADVERSARIAL_REVIEW.md: OK
06_VALIDATION_AND_DIMENSIONAL_CLOSURE.md: OK
07_VERIFICATION_DESIGN_AND_RESULTS.md: OK
08_EXTERNAL_GATE.md: OK
09_FORMALIZATION.md: OK
10_CLOSEOUT_AND_HANDOFF.md: OK
FORMALISM.md: OK
INDEPENDENT_REVIEW.md: OK
INPUT_LOCK.json: OK
LITERATURE_EVIDENCE_LEDGER.md: OK
NEXT_STAGE_PROMPT.md: OK
RESEARCH_CONTRACT.md: OK
RESULTS_AND_VERDICT.md: OK
SCIENTIFIC_CONTRACT.md: OK
STAGE_STATE.json: OK
analysis/__pycache__/branch_rank.cpython-313.pyc: OK
analysis/__pycache__/decision.cpython-313.pyc: OK
analysis/__pycache__/field_trial.cpython-313.pyc: OK
analysis/__pycache__/independent_validate.cpython-313.pyc: OK
analysis/__pycache__/quadratic_fit.cpython-313.pyc: OK
analysis/branch_rank.py: OK
analysis/coherent_auditor.py: OK
analysis/decision.py: OK
analysis/field_trial.py: OK
analysis/independent_validate.py: OK
analysis/quadratic_fit.py: OK
analysis/run_stage.py: OK
attempts/ATTEMPT_0_TWO_GLOBAL_PARAMETER_SOURCE_SAFE_CERTIFICATE.md: OK
attempts/ATTEMPT_1_LONG_LIVED_ENDPOINT_WORKER_RUNTIME_STALL.md: OK
attempts/ATTEMPT_2_SCALAR_ONLY_QUADRATIC_FIT.md: OK
attempts/ATTEMPT_3_GRID_SAMPLED_QUADRATIC_RANGE.md: OK
attempts/ATTEMPT_4_EIGHT_CHUNK_RUNTIME_STATE_STALL.md: OK
data/SOURCE_SAFE_RANK_AUDIT.json: OK
data/coherent_primary_endpoint_evidence.npz: OK
data/local_neutral_hazard_primary_coherent_audit.json: OK
data/recombination_weighted_auditor_coherent_audit.json: OK
data/script_self_shielding_auditor_coherent_audit.json: OK
receipts/FILE_ISOLATED_FULL_PYTEST_RECEIPT.json: OK
receipts/FILE_ISOLATED_PART_034_045.json: OK
receipts/FILE_ISOLATED_PART_056_061.json: OK
receipts/INDEPENDENT_VALIDATION.log: OK
receipts/INDEPENDENT_VALIDATION_FRESH.log: OK
receipts/PRECISE_SPECIAL_FUNCTIONS_RECEIPT.json: OK
receipts/PRESEAL_VERIFICATION_RECEIPT.json: OK
receipts/REMOTE_READ_ONLY_RECEIPT.json: OK
receipts/REPOSITORY_VERIFIER_PRESEAL.log: OK
receipts/RESEARCH_HARNESS_SHA256.txt: OK
receipts/RESEARCH_HARNESS_VALIDATION.log: OK
receipts/SCIENCE_COMMIT_RECEIPT.json: OK
receipts/SCIENCE_RUN.log: OK
receipts/STAGE_SHA256_PRESEAL.log: OK
receipts/STAGE_TESTS_FRESH.log: OK
receipts/STAGE_TESTS_POSTSCIENCE.log: OK
receipts/STAGE_TESTS_PRESEAL.log: OK
receipts/TOOL_STATUS.json: OK
receipts/WOLFRAM_SYMBOLIC_RECEIPT.json: OK
receipts/chunked_pytest/chunk-1.log: OK
receipts/chunked_pytest/collection.log: OK
receipts/file_isolated_pytest/001_2d3ff2613265_test_exact_symbolic_fallback.log: OK
receipts/file_isolated_pytest/002_1787522129ca_test_node_lift_operator.log: OK
receipts/file_isolated_pytest/003_26b19bd22aa1_test_run_node_lift.log: OK
receipts/file_isolated_pytest/004_45ffb0cd6629_test_validate_stage.log: OK
receipts/file_isolated_pytest/005_5bd37f9c10cf_test_relaxation_audit_core.log: OK
receipts/file_isolated_pytest/006_145a1f921e11_test_relaxation_operator.log: OK
receipts/file_isolated_pytest/007_9ef6b4a4cd77_test_relaxation_projection.log: OK
receipts/file_isolated_pytest/008_24881aff4169_test_r1b_identifiability_evidence.log: OK
receipts/file_isolated_pytest/009_320a491f7280_test_atomic_moment_lock.log: OK
receipts/file_isolated_pytest/010_9fba92317a5c_test_dynamic_opacity_partition.log: OK
receipts/file_isolated_pytest/011_886978fbd2fe_test_r1b_r1_helpers.log: OK
receipts/file_isolated_pytest/012_383b9331197b_test_upload_recovery.log: OK
receipts/file_isolated_pytest/013_e8c754011eec_test_owner_split_operator.log: OK
receipts/file_isolated_pytest/014_e38f650f05e2_test_owner_split_upstream_regression.log: OK
receipts/file_isolated_pytest/015_6bb0c7de807e_test_preflight_builder.log: OK
receipts/file_isolated_pytest/016_921e50ebc308_test_preflight_results.log: OK
receipts/file_isolated_pytest/017_26526f68cd54_test_initial_material_state.log: OK
receipts/file_isolated_pytest/018_3b04611a19e8_test_state_derived_owner_law.log: OK
receipts/file_isolated_pytest/019_0ab8ade8636d_test_adaptive_controller.log: OK
receipts/file_isolated_pytest/020_90394a55fb27_test_backend_parity.log: OK
receipts/file_isolated_pytest/021_1d664a5d86d2_test_benchmark_contract.log: OK
receipts/file_isolated_pytest/022_401c0cabd6ff_test_continuous_forcing.log: OK
receipts/file_isolated_pytest/023_5856f5f1211c_test_globalized_picard.log: OK
receipts/file_isolated_pytest/024_941c16508df9_test_owner_kernel_parity.log: OK
receipts/file_isolated_pytest/025_4fae5ed933e2_test_physical_trial.log: OK
receipts/file_isolated_pytest/026_b1e27057aaf9_test_result_schema.log: OK
receipts/file_isolated_pytest/027_c575ea012772_test_stage_scaffold.log: OK
receipts/file_isolated_pytest/028_607ce1dfd7d6_test_tensorized_inputs.log: OK
receipts/file_isolated_pytest/029_6d0257d1b644_test_mprk22.log: OK
receipts/file_isolated_pytest/030_ca7da384c293_test_pds_decomposition.log: OK
receipts/file_isolated_pytest/031_3c735edb582d_test_preflight_contract.log: OK
receipts/file_isolated_pytest/032_801681240551_test_sdirk_fast_preflight_contract.log: OK
receipts/file_isolated_pytest/033_fbada53bd114_test_sdirk_preflight_contract.log: OK
receipts/file_isolated_pytest/034_462b1e6512f8_test_second_order_sdirk_fast_trial.log: OK
receipts/file_isolated_pytest/035_61d2178fe9ae_test_second_order_sdirk_trial.log: OK
receipts/file_isolated_pytest/036_a7426cf0f21e_test_second_order_trial.log: OK
receipts/file_isolated_pytest/037_709c3c4ec9d1_test_thermal_fast_root.log: OK
receipts/file_isolated_pytest/038_bf2e02caaae6_test_thermal_sdirk2.log: OK
receipts/file_isolated_pytest/039_8a399ecb7fc7_test_thermal_trapezoid.log: OK
receipts/file_isolated_pytest/040_6df73f06f1bf_test_event_theory_lock.log: OK
receipts/file_isolated_pytest/041_74cc97858e84_test_event_uncertainty_operator.log: OK
receipts/file_isolated_pytest/042_3b8948503d6a_test_propagation_runner.log: OK
receipts/file_isolated_pytest/043_8cf1ea1f5545_test_uncertainty_policy.log: OK
receipts/file_isolated_pytest/044_393119a3d000_test_uncertainty_trial.log: OK
receipts/file_isolated_pytest/045_57edbfeef7b9_test_branch_rank.log: OK
receipts/file_isolated_pytest/046_d6202c676883_test_claim_gate.log: OK
receipts/file_isolated_pytest/047_6f65361d0d38_test_field_trial.log: OK
receipts/file_isolated_pytest/048_06ebbff66855_test_quadratic_fit.log: OK
receipts/file_isolated_pytest/049_4c99c2bd4833_test_stage_result.log: OK
receipts/file_isolated_pytest/050_4dbe50aecd32_test_interval_arithmetic.log: OK
receipts/file_isolated_pytest/051_5a985701ae05_test_monotonicity_audit.log: OK
receipts/file_isolated_pytest/052_cc19087b2bdb_test_pchip_bounds.log: OK
receipts/file_isolated_pytest/053_920ae8514e51_test_reduced_interval_rhs.log: OK
receipts/file_isolated_pytest/054_522ac0b91587_test_stage_decision.log: OK
receipts/file_isolated_pytest/055_676f0c9d9fe9_test_validated_enclosure.log: OK
receipts/file_isolated_pytest/056_3e5bcd0a8c27_test_branch_energy_lock.log: OK
receipts/file_isolated_pytest/057_cdd5d7c10fb3_test_forcing_owner.log: OK
receipts/file_isolated_pytest/058_e4e7a60c6b4f_test_implicit_microphysics.log: OK
receipts/file_isolated_pytest/059_d7072a126f69_test_transaction_fixed_point.log: OK
receipts/file_isolated_pytest/060_67307bf9342a_test_positive_multirate_cone.log: OK
receipts/file_isolated_pytest/061_5ea3fa410ea0_test_rate_interval_model.log: OK
receipts/file_isolated_pytest/collection.log: OK
receipts/file_probe/test_dynamic_opacity_partition.log: OK
receipts/file_probe/test_implicit_microphysics.log: OK
receipts/file_probe/test_interval_arithmetic.log: OK
receipts/file_probe/test_node_lift_operator.log: OK
receipts/file_probe/test_propagation_runner.log: OK
receipts/file_probe/test_result_schema.log: OK
receipts/file_probe/test_second_order_sdirk_fast_trial.log: OK
receipts/file_probe/test_state_derived_owner_law.log: OK
receipts/local_neutral_hazard_primary_worker.log: OK
receipts/recombination_weighted_auditor_worker.log: OK
receipts/script_self_shielding_auditor_worker.log: OK
results.json: OK
state/POST_EXACT_BOX_TESTS.log: OK
state/POST_SUBPROCESS_REFACTOR_TESTS.log: OK
state/PRE_SCIENCE_TESTS.log: OK
state/TDD_GREEN_EXACT_BOX.log: OK
state/TDD_GREEN_FIELD.log: OK
state/TDD_GREEN_TENSOR_FIT.log: OK
state/TDD_GREEN_UNIT.log: OK
state/TDD_RED.log: OK
state/TDD_RED_EXACT_BOX.log: OK
state/TDD_RED_EXACT_BOX_EXIT_CODE.txt: OK
state/TDD_RED_EXIT_CODE.txt: OK
state/TDD_RED_FIELD.log: OK
state/TDD_RED_FIELD_EXIT_CODE.txt: OK
state/TDD_RED_TENSOR_FIT.log: OK
state/TDD_RED_TENSOR_FIT_EXIT_CODE.txt: OK
tests/__pycache__/test_branch_rank.cpython-313-pytest-9.0.2.pyc: OK
tests/__pycache__/test_claim_gate.cpython-313-pytest-9.0.2.pyc: OK
tests/__pycache__/test_field_trial.cpython-313-pytest-9.0.2.pyc: OK
tests/__pycache__/test_quadratic_fit.cpython-313-pytest-9.0.2.pyc: OK
tests/__pycache__/test_stage_result.cpython-313-pytest-9.0.2.pyc: OK
tests/test_branch_rank.py: OK
tests/test_claim_gate.py: OK
tests/test_field_trial.py: OK
tests/test_quadratic_fit.py: OK
tests/test_stage_result.py: OK
MANIFEST.json: OK
