1020_1 1.00000000000000008e-15 OK 3 2.41278677262130570e-16 -2.29025425388506434e-16
1020_1 2.99999999999999994e-16 OK 3 2.41278677262130570e-16 -2.29025425388506434e-16
1020_1 1.99999999999999996e-16 FAIL InvalidInput("PRIMARY_NONCONVERGENCE")
1020_1 9.99999999999999979e-17 FAIL InvalidInput("PRIMARY_NONCONVERGENCE")
12158_2 1.00000000000000008e-15 OK 3 1.71212698161023760e-16 -1.17072019285445605e-16
12158_2 2.99999999999999994e-16 OK 3 1.71212698161023760e-16 -1.17072019285445605e-16
12158_2 1.99999999999999996e-16 OK 3 1.71212698161023760e-16 -1.17072019285445605e-16
12158_2 9.99999999999999979e-17 FAIL InvalidInput("PRIMARY_NONCONVERGENCE")
10324_1 1.00000000000000008e-15 OK 3 1.77411156080827148e-16 -2.33320945421814615e-16
10324_1 2.99999999999999994e-16 OK 3 1.77411156080827148e-16 -2.33320945421814615e-16
10324_1 1.99999999999999996e-16 OK 3 1.77411156080827148e-16 -2.33320945421814615e-16
10324_1 9.99999999999999979e-17 FAIL InvalidInput("PRIMARY_NONCONVERGENCE")
12202_2 1.00000000000000008e-15 OK 3 1.42955445442532150e-16 -2.34163689790045626e-16
12202_2 2.99999999999999994e-16 OK 3 1.42955445442532150e-16 -2.34163689790045626e-16
12202_2 1.99999999999999996e-16 OK 3 1.42955445442532150e-16 -2.34163689790045626e-16
12202_2 9.99999999999999979e-17 FAIL InvalidInput("PRIMARY_NONCONVERGENCE")
14190_1 1.00000000000000008e-15 OK 3 1.90371783631304906e-16 -1.17523490819815164e-16
14190_1 2.99999999999999994e-16 OK 3 1.90371783631304906e-16 -1.17523490819815164e-16
14190_1 1.99999999999999996e-16 OK 3 1.90371783631304906e-16 -1.17523490819815164e-16
14190_1 9.99999999999999979e-17 FAIL InvalidInput("PRIMARY_NONCONVERGENCE")
11026_1 1.00000000000000008e-15 OK 3 1.32744903202819889e-16 -2.33636788359055792e-16
11026_1 2.99999999999999994e-16 OK 3 1.32744903202819889e-16 -2.33636788359055792e-16
11026_1 1.99999999999999996e-16 OK 3 1.32744903202819889e-16 -2.33636788359055792e-16
11026_1 9.99999999999999979e-17 FAIL InvalidInput("PRIMARY_NONCONVERGENCE")
14883_0 1.00000000000000008e-15 OK 3 1.36583427470045489e-16 -2.35352898857074101e-16
14883_0 2.99999999999999994e-16 OK 3 1.36583427470045489e-16 -2.35352898857074101e-16
14883_0 1.99999999999999996e-16 OK 3 1.36583427470045489e-16 -2.35352898857074101e-16
14883_0 9.99999999999999979e-17 FAIL InvalidInput("PRIMARY_NONCONVERGENCE")
3434_1 1.00000000000000008e-15 OK 3 1.31691830029202119e-16 -1.15080773101245620e-16
3434_1 2.99999999999999994e-16 OK 3 1.31691830029202119e-16 -1.15080773101245620e-16
3434_1 1.99999999999999996e-16 OK 3 1.31691830029202119e-16 -1.15080773101245620e-16
3434_1 9.99999999999999979e-17 FAIL InvalidInput("PRIMARY_NONCONVERGENCE")
7458_0 1.00000000000000008e-15 OK 3 1.49667274930239499e-16 3.48029959833275840e-16
7458_0 2.99999999999999994e-16 OK 3 1.49667274930239499e-16 3.48029959833275840e-16
7458_0 1.99999999999999996e-16 OK 3 1.49667274930239499e-16 3.48029959833275840e-16
7458_0 9.99999999999999979e-17 FAIL InvalidInput("PRIMARY_NONCONVERGENCE")
16354_2 1.00000000000000008e-15 OK 3 1.57748790645163798e-16 -1.17999676505579301e-16
16354_2 2.99999999999999994e-16 OK 3 1.57748790645163798e-16 -1.17999676505579301e-16
16354_2 1.99999999999999996e-16 OK 3 1.57748790645163798e-16 -1.17999676505579301e-16
16354_2 9.99999999999999979e-17 FAIL InvalidInput("PRIMARY_NONCONVERGENCE")
3249_2 1.00000000000000008e-15 OK 3 1.50842734326030130e-16 -1.15037698630432759e-16
3249_2 2.99999999999999994e-16 OK 3 1.50842734326030130e-16 -1.15037698630432759e-16
3249_2 1.99999999999999996e-16 OK 3 1.50842734326030130e-16 -1.15037698630432759e-16
3249_2 9.99999999999999979e-17 FAIL InvalidInput("PRIMARY_NONCONVERGENCE")
2121_1 1.00000000000000008e-15 OK 3 1.87504254233609391e-16 -1.14773181666316347e-16
2121_1 2.99999999999999994e-16 OK 3 1.87504254233609391e-16 -1.14773181666316347e-16
2121_1 1.99999999999999996e-16 OK 3 1.87504254233609391e-16 -1.14773181666316347e-16
2121_1 9.99999999999999979e-17 FAIL InvalidInput("PRIMARY_NONCONVERGENCE")
14628_2 1.00000000000000008e-15 OK 3 1.28953928875725163e-16 -2.35240720913986789e-16
14628_2 2.99999999999999994e-16 OK 3 1.28953928875725163e-16 -2.35240720913986789e-16
14628_2 1.99999999999999996e-16 OK 3 1.28953928875725163e-16 -2.35240720913986789e-16
14628_2 9.99999999999999979e-17 FAIL InvalidInput("PRIMARY_NONCONVERGENCE")
389_2 1.00000000000000008e-15 OK 3 1.34548203144955657e-16 -1.14361857697066018e-16
389_2 2.99999999999999994e-16 OK 3 1.34548203144955657e-16 -1.14361857697066018e-16
389_2 1.99999999999999996e-16 OK 3 1.34548203144955657e-16 -1.14361857697066018e-16
389_2 9.99999999999999979e-17 FAIL InvalidInput("PRIMARY_NONCONVERGENCE")
4517_1 1.00000000000000008e-15 OK 3 1.84284636700883866e-16 -2.30665519825962668e-16
4517_1 2.99999999999999994e-16 OK 3 1.84284636700883866e-16 -2.30665519825962668e-16
4517_1 1.99999999999999996e-16 OK 3 1.84284636700883866e-16 -2.30665519825962668e-16
4517_1 9.99999999999999979e-17 FAIL InvalidInput("PRIMARY_NONCONVERGENCE")
4218_2 1.00000000000000008e-15 OK 3 1.73644729701441252e-16 -1.15263449467187314e-16
4218_2 2.99999999999999994e-16 OK 3 1.73644729701441252e-16 -1.15263449467187314e-16
4218_2 1.99999999999999996e-16 OK 3 1.73644729701441252e-16 -1.15263449467187314e-16
4218_2 9.99999999999999979e-17 FAIL InvalidInput("PRIMARY_NONCONVERGENCE")
6808_2 1.00000000000000008e-15 OK 3 1.58807162852246194e-16 -2.31722644672923294e-16
6808_2 2.99999999999999994e-16 OK 3 1.58807162852246194e-16 -2.31722644672923294e-16
6808_2 1.99999999999999996e-16 OK 3 1.58807162852246194e-16 -2.31722644672923294e-16
6808_2 9.99999999999999979e-17 FAIL InvalidInput("PRIMARY_NONCONVERGENCE")
7821_0 1.00000000000000008e-15 OK 3 1.45124782149438675e-16 2.32185768953186563e-16
7821_0 2.99999999999999994e-16 OK 3 1.45124782149438675e-16 2.32185768953186563e-16
7821_0 1.99999999999999996e-16 OK 3 1.45124782149438675e-16 2.32185768953186563e-16
7821_0 9.99999999999999979e-17 FAIL InvalidInput("PRIMARY_NONCONVERGENCE")
7919_0 1.00000000000000008e-15 OK 3 1.38722671592441907e-16 1.16115238817309627e-16
7919_0 2.99999999999999994e-16 OK 3 1.38722671592441907e-16 1.16115238817309627e-16
7919_0 1.99999999999999996e-16 OK 3 1.38722671592441907e-16 1.16115238817309627e-16
7919_0 9.99999999999999979e-17 FAIL InvalidInput("PRIMARY_NONCONVERGENCE")
8896_2 1.00000000000000008e-15 OK 3 2.06999235942635288e-16 -1.16337653821446379e-16
8896_2 2.99999999999999994e-16 OK 3 2.06999235942635288e-16 -1.16337653821446379e-16
8896_2 1.99999999999999996e-16 FAIL InvalidInput("PRIMARY_NONCONVERGENCE")
8896_2 9.99999999999999979e-17 FAIL InvalidInput("PRIMARY_NONCONVERGENCE")
4230_2 1.00000000000000008e-15 OK 3 1.10399247377890967e-16 -2.30532475780341275e-16
4230_2 2.99999999999999994e-16 OK 3 1.10399247377890967e-16 -2.30532475780341275e-16
4230_2 1.99999999999999996e-16 OK 3 1.10399247377890967e-16 -2.30532475780341275e-16
4230_2 9.99999999999999979e-17 FAIL InvalidInput("PRIMARY_NONCONVERGENCE")
5772_2 1.00000000000000008e-15 OK 3 1.74826435642985115e-16 -1.15623119648448450e-16
5772_2 2.99999999999999994e-16 OK 3 1.74826435642985115e-16 -1.15623119648448450e-16
5772_2 1.99999999999999996e-16 OK 3 1.74826435642985115e-16 -1.15623119648448450e-16
5772_2 9.99999999999999979e-17 FAIL InvalidInput("PRIMARY_NONCONVERGENCE")
5749_2 1.00000000000000008e-15 OK 3 1.42643025555054400e-16 -1.15617817157828813e-16
5749_2 2.99999999999999994e-16 OK 3 1.42643025555054400e-16 -1.15617817157828813e-16
5749_2 1.99999999999999996e-16 OK 3 1.42643025555054400e-16 -1.15617817157828813e-16
5749_2 9.99999999999999979e-17 FAIL InvalidInput("PRIMARY_NONCONVERGENCE")
8773_2 1.00000000000000008e-15 OK 3 1.32467040174551451e-16 -1.16309731381252043e-16
8773_2 2.99999999999999994e-16 OK 3 1.32467040174551451e-16 -1.16309731381252043e-16
8773_2 1.99999999999999996e-16 OK 3 1.32467040174551451e-16 -1.16309731381252043e-16
8773_2 9.99999999999999979e-17 FAIL InvalidInput("PRIMARY_NONCONVERGENCE")
500_0 1.00000000000000008e-15 OK 3 2.78245135073706059e-16 1.14388375172083787e-16
500_0 2.99999999999999994e-16 OK 3 2.78245135073706059e-16 1.14388375172083787e-16
500_0 1.99999999999999996e-16 OK 4 1.31165980191175292e-16 0.00000000000000000e0
500_0 9.99999999999999979e-17 FAIL InvalidInput("PRIMARY_NONCONVERGENCE")
500_1 1.00000000000000008e-15 OK 3 1.17375091686309222e-16 0.00000000000000000e0
500_1 2.99999999999999994e-16 OK 3 1.17375091686309222e-16 0.00000000000000000e0
500_1 1.99999999999999996e-16 OK 3 1.17375091686309222e-16 0.00000000000000000e0
500_1 9.99999999999999979e-17 FAIL InvalidInput("PRIMARY_NONCONVERGENCE")
500_2 1.00000000000000008e-15 OK 3 1.57691545309141891e-16 1.14388531567554098e-16
500_2 2.99999999999999994e-16 OK 3 1.57691545309141891e-16 1.14388531567554098e-16
500_2 1.99999999999999996e-16 OK 3 1.57691545309141891e-16 1.14388531567554098e-16
500_2 9.99999999999999979e-17 FAIL InvalidInput("PRIMARY_NONCONVERGENCE")
1000_0 1.00000000000000008e-15 OK 3 1.95407243152728665e-16 0.00000000000000000e0
1000_0 2.99999999999999994e-16 OK 3 1.95407243152728665e-16 0.00000000000000000e0
1000_0 1.99999999999999996e-16 OK 3 1.95407243152728665e-16 0.00000000000000000e0
1000_0 9.99999999999999979e-17 FAIL InvalidInput("PRIMARY_NONCONVERGENCE")
1000_1 1.00000000000000008e-15 OK 3 1.47165542900038536e-16 0.00000000000000000e0
1000_1 2.99999999999999994e-16 OK 3 1.47165542900038536e-16 0.00000000000000000e0
1000_1 1.99999999999999996e-16 OK 3 1.47165542900038536e-16 0.00000000000000000e0
1000_1 9.99999999999999979e-17 FAIL InvalidInput("PRIMARY_NONCONVERGENCE")
1000_2 1.00000000000000008e-15 OK 3 1.52848245532296670e-16 -1.14508069080234223e-16
1000_2 2.99999999999999994e-16 OK 3 1.52848245532296670e-16 -1.14508069080234223e-16
1000_2 1.99999999999999996e-16 OK 3 1.52848245532296670e-16 -1.14508069080234223e-16
1000_2 9.99999999999999979e-17 FAIL InvalidInput("PRIMARY_NONCONVERGENCE")
1500_0 1.00000000000000008e-15 OK 3 2.08710050439201079e-16 0.00000000000000000e0
1500_0 2.99999999999999994e-16 OK 3 2.08710050439201079e-16 0.00000000000000000e0
1500_0 1.99999999999999996e-16 OK 4 1.88590498538557995e-16 0.00000000000000000e0
1500_0 9.99999999999999979e-17 FAIL InvalidInput("PRIMARY_NONCONVERGENCE")
1500_1 1.00000000000000008e-15 OK 3 1.33866276565700087e-16 0.00000000000000000e0
1500_1 2.99999999999999994e-16 OK 3 1.33866276565700087e-16 0.00000000000000000e0
1500_1 1.99999999999999996e-16 OK 3 1.33866276565700087e-16 0.00000000000000000e0
1500_1 9.99999999999999979e-17 FAIL InvalidInput("PRIMARY_NONCONVERGENCE")
1500_2 1.00000000000000008e-15 OK 3 1.65433862717486366e-16 -1.14626766839970376e-16
1500_2 2.99999999999999994e-16 OK 3 1.65433862717486366e-16 -1.14626766839970376e-16
1500_2 1.99999999999999996e-16 OK 3 1.65433862717486366e-16 -1.14626766839970376e-16
1500_2 9.99999999999999979e-17 FAIL InvalidInput("PRIMARY_NONCONVERGENCE")
2000_0 1.00000000000000008e-15 OK 3 1.71178259050801928e-16 1.14744656968545016e-16
2000_0 2.99999999999999994e-16 OK 3 1.71178259050801928e-16 1.14744656968545016e-16
2000_0 1.99999999999999996e-16 OK 3 1.71178259050801928e-16 1.14744656968545016e-16
2000_0 9.99999999999999979e-17 FAIL InvalidInput("PRIMARY_NONCONVERGENCE")
2000_1 1.00000000000000008e-15 OK 3 1.67662435031945146e-16 0.00000000000000000e0
2000_1 2.99999999999999994e-16 OK 3 1.67662435031945146e-16 0.00000000000000000e0
2000_1 1.99999999999999996e-16 OK 3 1.67662435031945146e-16 0.00000000000000000e0
2000_1 9.99999999999999979e-17 FAIL InvalidInput("PRIMARY_NONCONVERGENCE")
2000_2 1.00000000000000008e-15 OK 3 1.05210176502619275e-16 1.14744812561164516e-16
2000_2 2.99999999999999994e-16 OK 3 1.05210176502619275e-16 1.14744812561164516e-16
2000_2 1.99999999999999996e-16 OK 3 1.05210176502619275e-16 1.14744812561164516e-16
2000_2 9.99999999999999979e-17 FAIL InvalidInput("PRIMARY_NONCONVERGENCE")
2500_0 1.00000000000000008e-15 OK 3 1.22795155642274874e-16 2.29724399140702750e-16
2500_0 2.99999999999999994e-16 OK 3 1.22795155642274874e-16 2.29724399140702750e-16
2500_0 1.99999999999999996e-16 OK 3 1.22795155642274874e-16 2.29724399140702750e-16
2500_0 9.99999999999999979e-17 FAIL InvalidInput("PRIMARY_NONCONVERGENCE")
2500_1 1.00000000000000008e-15 OK 3 1.52156189205223956e-16 1.14862237576614786e-16
2500_1 2.99999999999999994e-16 OK 3 1.52156189205223956e-16 1.14862237576614786e-16
2500_1 1.99999999999999996e-16 OK 3 1.52156189205223956e-16 1.14862237576614786e-16
2500_1 9.99999999999999979e-17 FAIL InvalidInput("PRIMARY_NONCONVERGENCE")
2500_2 1.00000000000000008e-15 OK 3 1.13783821402314126e-16 2.29724709810176453e-16
2500_2 2.99999999999999994e-16 OK 3 1.13783821402314126e-16 2.29724709810176453e-16
2500_2 1.99999999999999996e-16 OK 3 1.13783821402314126e-16 2.29724709810176453e-16
2500_2 9.99999999999999979e-17 FAIL InvalidInput("PRIMARY_NONCONVERGENCE")
3000_0 1.00000000000000008e-15 OK 3 1.69606565025957701e-16 1.14979339387088127e-16
3000_0 2.99999999999999994e-16 OK 3 1.69606565025957701e-16 1.14979339387088127e-16
3000_0 1.99999999999999996e-16 OK 3 1.69606565025957701e-16 1.14979339387088127e-16
3000_0 9.99999999999999979e-17 FAIL InvalidInput("PRIMARY_NONCONVERGENCE")
3000_1 1.00000000000000008e-15 OK 3 1.73067666258854171e-16 0.00000000000000000e0
3000_1 2.99999999999999994e-16 OK 3 1.73067666258854171e-16 0.00000000000000000e0
3000_1 1.99999999999999996e-16 OK 3 1.73067666258854171e-16 0.00000000000000000e0
3000_1 9.99999999999999979e-17 FAIL InvalidInput("PRIMARY_NONCONVERGENCE")
3000_2 1.00000000000000008e-15 OK 3 1.44810850251052592e-16 0.00000000000000000e0
3000_2 2.99999999999999994e-16 OK 3 1.44810850251052592e-16 0.00000000000000000e0
3000_2 1.99999999999999996e-16 OK 3 1.44810850251052592e-16 0.00000000000000000e0
3000_2 9.99999999999999979e-17 FAIL InvalidInput("PRIMARY_NONCONVERGENCE")
3500_0 1.00000000000000008e-15 OK 3 1.11937945078497553e-16 -1.15096133030467438e-16
3500_0 2.99999999999999994e-16 OK 3 1.11937945078497553e-16 -1.15096133030467438e-16
3500_0 1.99999999999999996e-16 OK 3 1.11937945078497553e-16 -1.15096133030467438e-16
3500_0 9.99999999999999979e-17 FAIL InvalidInput("PRIMARY_NONCONVERGENCE")
3500_1 1.00000000000000008e-15 OK 3 1.35504519253480324e-16 0.00000000000000000e0
3500_1 2.99999999999999994e-16 OK 3 1.35504519253480324e-16 0.00000000000000000e0
3500_1 1.99999999999999996e-16 OK 3 1.35504519253480324e-16 0.00000000000000000e0
3500_1 9.99999999999999979e-17 FAIL InvalidInput("PRIMARY_NONCONVERGENCE")
3500_2 1.00000000000000008e-15 OK 3 1.70923750933968580e-16 0.00000000000000000e0
3500_2 2.99999999999999994e-16 OK 3 1.70923750933968580e-16 0.00000000000000000e0
3500_2 1.99999999999999996e-16 OK 3 1.70923750933968580e-16 0.00000000000000000e0
3500_2 9.99999999999999979e-17 FAIL InvalidInput("PRIMARY_NONCONVERGENCE")
4000_0 1.00000000000000008e-15 OK 3 1.57052258079151745e-16 -1.15212608109370793e-16
4000_0 2.99999999999999994e-16 OK 3 1.57052258079151745e-16 -1.15212608109370793e-16
4000_0 1.99999999999999996e-16 OK 3 1.57052258079151745e-16 -1.15212608109370793e-16
4000_0 9.99999999999999979e-17 FAIL InvalidInput("PRIMARY_NONCONVERGENCE")
4000_1 1.00000000000000008e-15 OK 3 1.22121391508576226e-16 -1.15212646364066298e-16
4000_1 2.99999999999999994e-16 OK 3 1.22121391508576226e-16 -1.15212646364066298e-16
4000_1 1.99999999999999996e-16 OK 3 1.22121391508576226e-16 -1.15212646364066298e-16
4000_1 9.99999999999999979e-17 FAIL InvalidInput("PRIMARY_NONCONVERGENCE")
4000_2 1.00000000000000008e-15 OK 3 2.15139052157003652e-16 0.00000000000000000e0
4000_2 2.99999999999999994e-16 OK 3 2.15139052157003652e-16 0.00000000000000000e0
4000_2 1.99999999999999996e-16 FAIL InvalidInput("PRIMARY_NONCONVERGENCE")
4000_2 9.99999999999999979e-17 FAIL InvalidInput("PRIMARY_NONCONVERGENCE")
4500_0 1.00000000000000008e-15 OK 3 1.37009657307358855e-16 0.00000000000000000e0
4500_0 2.99999999999999994e-16 OK 3 1.37009657307358855e-16 0.00000000000000000e0
4500_0 1.99999999999999996e-16 OK 3 1.37009657307358855e-16 0.00000000000000000e0
4500_0 9.99999999999999979e-17 FAIL InvalidInput("PRIMARY_NONCONVERGENCE")
4500_1 1.00000000000000008e-15 OK 3 1.84522927440408835e-16 0.00000000000000000e0
4500_1 2.99999999999999994e-16 OK 3 1.84522927440408835e-16 0.00000000000000000e0
4500_1 1.99999999999999996e-16 OK 3 1.84522927440408835e-16 0.00000000000000000e0
4500_1 9.99999999999999979e-17 FAIL InvalidInput("PRIMARY_NONCONVERGENCE")
4500_2 1.00000000000000008e-15 OK 3 1.21837503855421576e-16 1.15328931480498192e-16
4500_2 2.99999999999999994e-16 OK 3 1.21837503855421576e-16 1.15328931480498192e-16
4500_2 1.99999999999999996e-16 OK 3 1.21837503855421576e-16 1.15328931480498192e-16
4500_2 9.99999999999999979e-17 FAIL InvalidInput("PRIMARY_NONCONVERGENCE")
5000_0 1.00000000000000008e-15 OK 3 1.40042785166563415e-16 -1.15444646104857024e-16
5000_0 2.99999999999999994e-16 OK 3 1.40042785166563415e-16 -1.15444646104857024e-16
5000_0 1.99999999999999996e-16 OK 3 1.40042785166563415e-16 -1.15444646104857024e-16
5000_0 9.99999999999999979e-17 FAIL InvalidInput("PRIMARY_NONCONVERGENCE")
5000_1 1.00000000000000008e-15 OK 3 1.48563304827903104e-16 -1.15444684462957821e-16
5000_1 2.99999999999999994e-16 OK 3 1.48563304827903104e-16 -1.15444684462957821e-16
5000_1 1.99999999999999996e-16 OK 3 1.48563304827903104e-16 -1.15444684462957821e-16
5000_1 9.99999999999999979e-17 FAIL InvalidInput("PRIMARY_NONCONVERGENCE")
5000_2 1.00000000000000008e-15 OK 3 1.76556370271447818e-16 0.00000000000000000e0
5000_2 2.99999999999999994e-16 OK 3 1.76556370271447818e-16 0.00000000000000000e0
5000_2 1.99999999999999996e-16 OK 3 1.76556370271447818e-16 0.00000000000000000e0
5000_2 9.99999999999999979e-17 FAIL InvalidInput("PRIMARY_NONCONVERGENCE")
5500_0 1.00000000000000008e-15 OK 3 1.38526178270124968e-16 0.00000000000000000e0
5500_0 2.99999999999999994e-16 OK 3 1.38526178270124968e-16 0.00000000000000000e0
5500_0 1.99999999999999996e-16 OK 3 1.38526178270124968e-16 0.00000000000000000e0
5500_0 9.99999999999999979e-17 FAIL InvalidInput("PRIMARY_NONCONVERGENCE")
5500_1 1.00000000000000008e-15 OK 3 1.22627607635136354e-16 -1.15560256760421135e-16
5500_1 2.99999999999999994e-16 OK 3 1.22627607635136354e-16 -1.15560256760421135e-16
5500_1 1.99999999999999996e-16 OK 3 1.22627607635136354e-16 -1.15560256760421135e-16
5500_1 9.99999999999999979e-17 FAIL InvalidInput("PRIMARY_NONCONVERGENCE")
5500_2 1.00000000000000008e-15 OK 3 1.38170217898679844e-16 0.00000000000000000e0
5500_2 2.99999999999999994e-16 OK 3 1.38170217898679844e-16 0.00000000000000000e0
5500_2 1.99999999999999996e-16 OK 3 1.38170217898679844e-16 0.00000000000000000e0
5500_2 9.99999999999999979e-17 FAIL InvalidInput("PRIMARY_NONCONVERGENCE")
6000_0 1.00000000000000008e-15 OK 3 1.08243711570805591e-16 1.15675496376186817e-16
6000_0 2.99999999999999994e-16 OK 3 1.08243711570805591e-16 1.15675496376186817e-16
6000_0 1.99999999999999996e-16 OK 3 1.08243711570805591e-16 1.15675496376186817e-16
6000_0 9.99999999999999979e-17 FAIL InvalidInput("PRIMARY_NONCONVERGENCE")
6000_1 1.00000000000000008e-15 OK 3 8.37215075716312399e-17 0.00000000000000000e0
6000_1 2.99999999999999994e-16 OK 3 8.37215075716312399e-17 0.00000000000000000e0
6000_1 1.99999999999999996e-16 OK 3 8.37215075716312399e-17 0.00000000000000000e0
6000_1 9.99999999999999979e-17 OK 3 8.37215075716312399e-17 0.00000000000000000e0
6000_2 1.00000000000000008e-15 OK 3 1.00319882355279959e-16 0.00000000000000000e0
6000_2 2.99999999999999994e-16 OK 3 1.00319882355279959e-16 0.00000000000000000e0
6000_2 1.99999999999999996e-16 OK 3 1.00319882355279959e-16 0.00000000000000000e0
6000_2 9.99999999999999979e-17 FAIL InvalidInput("PRIMARY_NONCONVERGENCE")
6500_0 1.00000000000000008e-15 OK 3 1.63667839028921371e-16 1.15790482314198350e-16
6500_0 2.99999999999999994e-16 OK 3 1.63667839028921371e-16 1.15790482314198350e-16
6500_0 1.99999999999999996e-16 OK 3 1.63667839028921371e-16 1.15790482314198350e-16
6500_0 9.99999999999999979e-17 FAIL InvalidInput("PRIMARY_NONCONVERGENCE")
6500_1 1.00000000000000008e-15 OK 3 1.54421035514035782e-16 2.31581041635425672e-16
6500_1 2.99999999999999994e-16 OK 3 1.54421035514035782e-16 2.31581041635425672e-16
6500_1 1.99999999999999996e-16 OK 3 1.54421035514035782e-16 2.31581041635425672e-16
6500_1 9.99999999999999979e-17 FAIL InvalidInput("PRIMARY_NONCONVERGENCE")
6500_2 1.00000000000000008e-15 OK 3 1.55429227996599609e-16 -2.31581271316366351e-16
6500_2 2.99999999999999994e-16 OK 3 1.55429227996599609e-16 -2.31581271316366351e-16
6500_2 1.99999999999999996e-16 OK 3 1.55429227996599609e-16 -2.31581271316366351e-16
6500_2 9.99999999999999979e-17 FAIL InvalidInput("PRIMARY_NONCONVERGENCE")
7000_0 1.00000000000000008e-15 OK 3 1.29300713497701620e-16 0.00000000000000000e0
7000_0 2.99999999999999994e-16 OK 3 1.29300713497701620e-16 0.00000000000000000e0
7000_0 1.99999999999999996e-16 OK 3 1.29300713497701620e-16 0.00000000000000000e0
7000_0 9.99999999999999979e-17 FAIL InvalidInput("PRIMARY_NONCONVERGENCE")
7000_1 1.00000000000000008e-15 OK 3 1.45323915833715781e-16 1.15905216709710731e-16
7000_1 2.99999999999999994e-16 OK 3 1.45323915833715781e-16 1.15905216709710731e-16
7000_1 1.99999999999999996e-16 OK 3 1.45323915833715781e-16 1.15905216709710731e-16
7000_1 9.99999999999999979e-17 FAIL InvalidInput("PRIMARY_NONCONVERGENCE")
7000_2 1.00000000000000008e-15 OK 3 1.24207229250713837e-16 0.00000000000000000e0
7000_2 2.99999999999999994e-16 OK 3 1.24207229250713837e-16 0.00000000000000000e0
7000_2 1.99999999999999996e-16 OK 3 1.24207229250713837e-16 0.00000000000000000e0
7000_2 9.99999999999999979e-17 FAIL InvalidInput("PRIMARY_NONCONVERGENCE")
7500_0 1.00000000000000008e-15 OK 3 1.02398077147807057e-16 -1.16019585812033286e-16
7500_0 2.99999999999999994e-16 OK 3 1.02398077147807057e-16 -1.16019585812033286e-16
7500_0 1.99999999999999996e-16 OK 3 1.02398077147807057e-16 -1.16019585812033286e-16
7500_0 9.99999999999999979e-17 FAIL InvalidInput("PRIMARY_NONCONVERGENCE")
7500_1 1.00000000000000008e-15 OK 3 1.48249692310879965e-16 0.00000000000000000e0
7500_1 2.99999999999999994e-16 OK 3 1.48249692310879965e-16 0.00000000000000000e0
7500_1 1.99999999999999996e-16 OK 3 1.48249692310879965e-16 0.00000000000000000e0
7500_1 9.99999999999999979e-17 FAIL InvalidInput("PRIMARY_NONCONVERGENCE")
7500_2 1.00000000000000008e-15 OK 3 1.31811851861054421e-16 1.16019738673469579e-16
7500_2 2.99999999999999994e-16 OK 3 1.31811851861054421e-16 1.16019738673469579e-16
7500_2 1.99999999999999996e-16 OK 3 1.31811851861054421e-16 1.16019738673469579e-16
7500_2 9.99999999999999979e-17 FAIL InvalidInput("PRIMARY_NONCONVERGENCE")
8000_0 1.00000000000000008e-15 OK 3 1.06106903141856457e-16 0.00000000000000000e0
8000_0 2.99999999999999994e-16 OK 3 1.06106903141856457e-16 0.00000000000000000e0
8000_0 1.99999999999999996e-16 OK 3 1.06106903141856457e-16 0.00000000000000000e0
8000_0 9.99999999999999979e-17 FAIL InvalidInput("PRIMARY_NONCONVERGENCE")
8000_1 1.00000000000000008e-15 OK 3 9.63812402996023942e-17 -1.16133745746301161e-16
8000_1 2.99999999999999994e-16 OK 3 9.63812402996023942e-17 -1.16133745746301161e-16
8000_1 1.99999999999999996e-16 OK 3 9.63812402996023942e-17 -1.16133745746301161e-16
8000_1 9.99999999999999979e-17 OK 3 9.63812402996023942e-17 -1.16133745746301161e-16
8000_2 1.00000000000000008e-15 OK 3 1.40198812243110609e-16 0.00000000000000000e0
8000_2 2.99999999999999994e-16 OK 3 1.40198812243110609e-16 0.00000000000000000e0
8000_2 1.99999999999999996e-16 OK 3 1.40198812243110609e-16 0.00000000000000000e0
8000_2 9.99999999999999979e-17 FAIL InvalidInput("PRIMARY_NONCONVERGENCE")
8500_0 1.00000000000000008e-15 OK 3 1.01110455117952292e-16 -1.16247543796280215e-16
8500_0 2.99999999999999994e-16 OK 3 1.01110455117952292e-16 -1.16247543796280215e-16
8500_0 1.99999999999999996e-16 OK 3 1.01110455117952292e-16 -1.16247543796280215e-16
8500_0 9.99999999999999979e-17 FAIL InvalidInput("PRIMARY_NONCONVERGENCE")
8500_1 1.00000000000000008e-15 OK 3 1.39205206996220753e-16 -1.16247582485211158e-16
8500_1 2.99999999999999994e-16 OK 3 1.39205206996220753e-16 -1.16247582485211158e-16
8500_1 1.99999999999999996e-16 OK 3 1.39205206996220753e-16 -1.16247582485211158e-16
8500_1 9.99999999999999979e-17 FAIL InvalidInput("PRIMARY_NONCONVERGENCE")
8500_2 1.00000000000000008e-15 OK 3 1.04573702356618765e-16 0.00000000000000000e0
8500_2 2.99999999999999994e-16 OK 3 1.04573702356618765e-16 0.00000000000000000e0
8500_2 1.99999999999999996e-16 OK 3 1.04573702356618765e-16 0.00000000000000000e0
8500_2 9.99999999999999979e-17 FAIL InvalidInput("PRIMARY_NONCONVERGENCE")
9000_0 1.00000000000000008e-15 OK 3 1.78490823035781278e-16 -2.32722195192980830e-16
9000_0 2.99999999999999994e-16 OK 3 1.78490823035781278e-16 -2.32722195192980830e-16
9000_0 1.99999999999999996e-16 OK 3 1.78490823035781278e-16 -2.32722195192980830e-16
9000_0 9.99999999999999979e-17 FAIL InvalidInput("PRIMARY_NONCONVERGENCE")
9000_1 1.00000000000000008e-15 OK 3 1.50782673420028598e-16 0.00000000000000000e0
9000_1 2.99999999999999994e-16 OK 3 1.50782673420028598e-16 0.00000000000000000e0
9000_1 1.99999999999999996e-16 OK 3 1.50782673420028598e-16 0.00000000000000000e0
9000_1 9.99999999999999979e-17 FAIL InvalidInput("PRIMARY_NONCONVERGENCE")
9000_2 1.00000000000000008e-15 OK 3 1.02237682044353087e-16 0.00000000000000000e0
9000_2 2.99999999999999994e-16 OK 3 1.02237682044353087e-16 0.00000000000000000e0
9000_2 1.99999999999999996e-16 OK 3 1.02237682044353087e-16 0.00000000000000000e0
9000_2 9.99999999999999979e-17 FAIL InvalidInput("PRIMARY_NONCONVERGENCE")
9500_0 1.00000000000000008e-15 OK 3 1.72554760635768833e-16 1.16474370150686237e-16
9500_0 2.99999999999999994e-16 OK 3 1.72554760635768833e-16 1.16474370150686237e-16
9500_0 1.99999999999999996e-16 OK 3 1.72554760635768833e-16 1.16474370150686237e-16
9500_0 9.99999999999999979e-17 FAIL InvalidInput("PRIMARY_NONCONVERGENCE")
9500_1 1.00000000000000008e-15 OK 3 1.23200166006942420e-16 0.00000000000000000e0
9500_1 2.99999999999999994e-16 OK 3 1.23200166006942420e-16 0.00000000000000000e0
9500_1 1.99999999999999996e-16 OK 3 1.23200166006942420e-16 0.00000000000000000e0
9500_1 9.99999999999999979e-17 FAIL InvalidInput("PRIMARY_NONCONVERGENCE")
9500_2 1.00000000000000008e-15 OK 3 1.38611956237004469e-16 0.00000000000000000e0
9500_2 2.99999999999999994e-16 OK 3 1.38611956237004469e-16 0.00000000000000000e0
9500_2 1.99999999999999996e-16 OK 3 1.38611956237004469e-16 0.00000000000000000e0
9500_2 9.99999999999999979e-17 FAIL InvalidInput("PRIMARY_NONCONVERGENCE")
10000_0 1.00000000000000008e-15 OK 3 1.05919184359128343e-16 -2.33174726104611345e-16
10000_0 2.99999999999999994e-16 OK 3 1.05919184359128343e-16 -2.33174726104611345e-16
10000_0 1.99999999999999996e-16 OK 3 1.05919184359128343e-16 -2.33174726104611345e-16
10000_0 9.99999999999999979e-17 FAIL InvalidInput("PRIMARY_NONCONVERGENCE")
10000_1 1.00000000000000008e-15 OK 3 1.70471332438789244e-16 -2.33174803748799475e-16
10000_1 2.99999999999999994e-16 OK 3 1.70471332438789244e-16 -2.33174803748799475e-16
10000_1 1.99999999999999996e-16 OK 3 1.70471332438789244e-16 -2.33174803748799475e-16
10000_1 9.99999999999999979e-17 FAIL InvalidInput("PRIMARY_NONCONVERGENCE")
10000_2 1.00000000000000008e-15 OK 3 1.76569510975446642e-16 2.33175029455795905e-16
10000_2 2.99999999999999994e-16 OK 3 1.76569510975446642e-16 2.33175029455795905e-16
10000_2 1.99999999999999996e-16 OK 3 1.76569510975446642e-16 2.33175029455795905e-16
10000_2 9.99999999999999979e-17 FAIL InvalidInput("PRIMARY_NONCONVERGENCE")
10500_0 1.00000000000000008e-15 OK 3 1.78832870695177549e-16 -1.16700077844321726e-16
10500_0 2.99999999999999994e-16 OK 3 1.78832870695177549e-16 -1.16700077844321726e-16
10500_0 1.99999999999999996e-16 OK 3 1.78832870695177549e-16 -1.16700077844321726e-16
10500_0 9.99999999999999979e-17 FAIL InvalidInput("PRIMARY_NONCONVERGENCE")
10500_1 1.00000000000000008e-15 OK 3 1.62074142099822333e-16 -1.16700116709700885e-16
10500_1 2.99999999999999994e-16 OK 3 1.62074142099822333e-16 -1.16700116709700885e-16
10500_1 1.99999999999999996e-16 OK 3 1.62074142099822333e-16 -1.16700116709700885e-16
10500_1 9.99999999999999979e-17 FAIL InvalidInput("PRIMARY_NONCONVERGENCE")
10500_2 1.00000000000000008e-15 OK 3 1.40400770052667443e-16 2.33400458571690340e-16
10500_2 2.99999999999999994e-16 OK 3 1.40400770052667443e-16 2.33400458571690340e-16
10500_2 1.99999999999999996e-16 OK 3 1.40400770052667443e-16 2.33400458571690340e-16
10500_2 9.99999999999999979e-17 FAIL InvalidInput("PRIMARY_NONCONVERGENCE")
11000_0 1.00000000000000008e-15 OK 3 1.72149314538693294e-16 -1.16812516022526174e-16
11000_0 2.99999999999999994e-16 OK 3 1.72149314538693294e-16 -1.16812516022526174e-16
11000_0 1.99999999999999996e-16 OK 3 1.72149314538693294e-16 -1.16812516022526174e-16
11000_0 9.99999999999999979e-17 FAIL InvalidInput("PRIMARY_NONCONVERGENCE")
11000_1 1.00000000000000008e-15 OK 3 1.65849143104109168e-16 -1.16812554930645570e-16
11000_1 2.99999999999999994e-16 OK 3 1.65849143104109168e-16 -1.16812554930645570e-16
11000_1 1.99999999999999996e-16 OK 3 1.65849143104109168e-16 -1.16812554930645570e-16
11000_1 9.99999999999999979e-17 FAIL InvalidInput("PRIMARY_NONCONVERGENCE")
11000_2 1.00000000000000008e-15 OK 3 1.21033922108272456e-16 1.16812667230909223e-16
11000_2 2.99999999999999994e-16 OK 3 1.21033922108272456e-16 1.16812667230909223e-16
11000_2 1.99999999999999996e-16 OK 3 1.21033922108272456e-16 1.16812667230909223e-16
11000_2 9.99999999999999979e-17 FAIL InvalidInput("PRIMARY_NONCONVERGENCE")
11500_0 1.00000000000000008e-15 OK 3 1.84417388477815155e-16 -1.16924679038826388e-16
11500_0 2.99999999999999994e-16 OK 3 1.84417388477815155e-16 -1.16924679038826388e-16
11500_0 1.99999999999999996e-16 OK 3 1.84417388477815155e-16 -1.16924679038826388e-16
11500_0 9.99999999999999979e-17 FAIL InvalidInput("PRIMARY_NONCONVERGENCE")
11500_1 1.00000000000000008e-15 OK 3 1.15306829621619068e-16 0.00000000000000000e0
11500_1 2.99999999999999994e-16 OK 3 1.15306829621619068e-16 0.00000000000000000e0
11500_1 1.99999999999999996e-16 OK 3 1.15306829621619068e-16 0.00000000000000000e0
11500_1 9.99999999999999979e-17 FAIL InvalidInput("PRIMARY_NONCONVERGENCE")
11500_2 1.00000000000000008e-15 OK 3 1.62347452470459063e-16 -1.16924830014959074e-16
11500_2 2.99999999999999994e-16 OK 3 1.62347452470459063e-16 -1.16924830014959074e-16
11500_2 1.99999999999999996e-16 OK 3 1.62347452470459063e-16 -1.16924830014959074e-16
11500_2 9.99999999999999979e-17 FAIL InvalidInput("PRIMARY_NONCONVERGENCE")
12000_0 1.00000000000000008e-15 OK 3 1.44998596099113165e-16 -1.17036568304560027e-16
12000_0 2.99999999999999994e-16 OK 3 1.44998596099113165e-16 -1.17036568304560027e-16
12000_0 1.99999999999999996e-16 OK 3 1.44998596099113165e-16 -1.17036568304560027e-16
12000_0 9.99999999999999979e-17 FAIL InvalidInput("PRIMARY_NONCONVERGENCE")
12000_1 1.00000000000000008e-15 OK 3 1.28652495765772326e-16 -1.17036607296540786e-16
12000_1 2.99999999999999994e-16 OK 3 1.28652495765772326e-16 -1.17036607296540786e-16
12000_1 1.99999999999999996e-16 OK 3 1.28652495765772326e-16 -1.17036607296540786e-16
12000_1 9.99999999999999979e-17 FAIL InvalidInput("PRIMARY_NONCONVERGENCE")
12000_2 1.00000000000000008e-15 OK 3 1.72159098878062285e-16 0.00000000000000000e0
12000_2 2.99999999999999994e-16 OK 3 1.72159098878062285e-16 0.00000000000000000e0
12000_2 1.99999999999999996e-16 OK 3 1.72159098878062285e-16 0.00000000000000000e0
12000_2 9.99999999999999979e-17 FAIL InvalidInput("PRIMARY_NONCONVERGENCE")
12500_0 1.00000000000000008e-15 OK 3 1.46624567913728623e-16 1.17148185193828150e-16
12500_0 2.99999999999999994e-16 OK 3 1.46624567913728623e-16 1.17148185193828150e-16
12500_0 1.99999999999999996e-16 OK 3 1.46624567913728623e-16 1.17148185193828150e-16
12500_0 9.99999999999999979e-17 FAIL InvalidInput("PRIMARY_NONCONVERGENCE")
12500_1 1.00000000000000008e-15 OK 3 1.80541334239641825e-16 0.00000000000000000e0
12500_1 2.99999999999999994e-16 OK 3 1.80541334239641825e-16 0.00000000000000000e0
12500_1 1.99999999999999996e-16 OK 3 1.80541334239641825e-16 0.00000000000000000e0
12500_1 9.99999999999999979e-17 FAIL InvalidInput("PRIMARY_NONCONVERGENCE")
12500_2 1.00000000000000008e-15 OK 3 1.25714368236349889e-16 -1.17148335707993585e-16
12500_2 2.99999999999999994e-16 OK 3 1.25714368236349889e-16 -1.17148335707993585e-16
12500_2 1.99999999999999996e-16 OK 3 1.25714368236349889e-16 -1.17148335707993585e-16
12500_2 9.99999999999999979e-17 FAIL InvalidInput("PRIMARY_NONCONVERGENCE")
13000_0 1.00000000000000008e-15 OK 3 1.34623024801676009e-16 -1.17259531046844249e-16
13000_0 2.99999999999999994e-16 OK 3 1.34623024801676009e-16 -1.17259531046844249e-16
13000_0 1.99999999999999996e-16 OK 3 1.34623024801676009e-16 -1.17259531046844249e-16
13000_0 9.99999999999999979e-17 FAIL InvalidInput("PRIMARY_NONCONVERGENCE")
13000_1 1.00000000000000008e-15 OK 3 1.33169037485056562e-16 -1.17259570120553561e-16
13000_1 2.99999999999999994e-16 OK 3 1.33169037485056562e-16 -1.17259570120553561e-16
13000_1 1.99999999999999996e-16 OK 3 1.33169037485056562e-16 -1.17259570120553561e-16
13000_1 9.99999999999999979e-17 FAIL InvalidInput("PRIMARY_NONCONVERGENCE")
13000_2 1.00000000000000008e-15 OK 3 1.05626533418684433e-16 1.17259681331232867e-16
13000_2 2.99999999999999994e-16 OK 3 1.05626533418684433e-16 1.17259681331232867e-16
13000_2 1.99999999999999996e-16 OK 3 1.05626533418684433e-16 1.17259681331232867e-16
13000_2 9.99999999999999979e-17 FAIL InvalidInput("PRIMARY_NONCONVERGENCE")
13500_0 1.00000000000000008e-15 OK 3 1.81918195588086250e-16 0.00000000000000000e0
13500_0 2.99999999999999994e-16 OK 3 1.81918195588086250e-16 0.00000000000000000e0
13500_0 1.99999999999999996e-16 OK 3 1.81918195588086250e-16 0.00000000000000000e0
13500_0 9.99999999999999979e-17 FAIL InvalidInput("PRIMARY_NONCONVERGENCE")
13500_1 1.00000000000000008e-15 OK 3 1.94633347890327866e-16 -1.17370646287084478e-16
13500_1 2.99999999999999994e-16 OK 3 1.94633347890327866e-16 -1.17370646287084478e-16
13500_1 1.99999999999999996e-16 OK 3 1.94633347890327866e-16 -1.17370646287084478e-16
13500_1 9.99999999999999979e-17 FAIL InvalidInput("PRIMARY_NONCONVERGENCE")
13500_2 1.00000000000000008e-15 OK 3 1.69878956935098606e-16 -1.17370757228682862e-16
13500_2 2.99999999999999994e-16 OK 3 1.69878956935098606e-16 -1.17370757228682862e-16
13500_2 1.99999999999999996e-16 OK 3 1.69878956935098606e-16 -1.17370757228682862e-16
13500_2 9.99999999999999979e-17 FAIL InvalidInput("PRIMARY_NONCONVERGENCE")
14000_0 1.00000000000000008e-15 OK 3 9.63463519989903407e-17 -1.17481414855743131e-16
14000_0 2.99999999999999994e-16 OK 3 9.63463519989903407e-17 -1.17481414855743131e-16
14000_0 1.99999999999999996e-16 OK 3 9.63463519989903407e-17 -1.17481414855743131e-16
14000_0 9.99999999999999979e-17 OK 3 9.63463519989903407e-17 -1.17481414855743131e-16
14000_1 1.00000000000000008e-15 OK 3 1.58212094767655100e-16 1.17481454009079594e-16
14000_1 2.99999999999999994e-16 OK 3 1.58212094767655100e-16 1.17481454009079594e-16
14000_1 1.99999999999999996e-16 OK 3 1.58212094767655100e-16 1.17481454009079594e-16
14000_1 9.99999999999999979e-17 FAIL InvalidInput("PRIMARY_NONCONVERGENCE")
14000_2 1.00000000000000008e-15 OK 3 1.46339511859347537e-16 1.17481564682867096e-16
14000_2 2.99999999999999994e-16 OK 3 1.46339511859347537e-16 1.17481564682867096e-16
14000_2 1.99999999999999996e-16 OK 3 1.46339511859347537e-16 1.17481564682867096e-16
14000_2 9.99999999999999979e-17 FAIL InvalidInput("PRIMARY_NONCONVERGENCE")
14500_0 1.00000000000000008e-15 OK 3 1.67453980036433406e-16 0.00000000000000000e0
14500_0 2.99999999999999994e-16 OK 3 1.67453980036433406e-16 0.00000000000000000e0
14500_0 1.99999999999999996e-16 OK 3 1.67453980036433406e-16 0.00000000000000000e0
14500_0 9.99999999999999979e-17 FAIL InvalidInput("PRIMARY_NONCONVERGENCE")
14500_1 1.00000000000000008e-15 OK 3 1.66969945189952642e-16 -2.35183989090645698e-16
14500_1 2.99999999999999994e-16 OK 3 1.66969945189952642e-16 -2.35183989090645698e-16
14500_1 1.99999999999999996e-16 OK 3 1.66969945189952642e-16 -2.35183989090645698e-16
14500_1 9.99999999999999979e-17 FAIL InvalidInput("PRIMARY_NONCONVERGENCE")
14500_2 1.00000000000000008e-15 OK 3 1.41904377424776393e-16 -1.17592104952547595e-16
14500_2 2.99999999999999994e-16 OK 3 1.41904377424776393e-16 -1.17592104952547595e-16
14500_2 1.99999999999999996e-16 OK 3 1.41904377424776393e-16 -1.17592104952547595e-16
14500_2 9.99999999999999979e-17 FAIL InvalidInput("PRIMARY_NONCONVERGENCE")
15000_0 1.00000000000000008e-15 OK 3 1.71690807781332735e-16 0.00000000000000000e0
15000_0 2.99999999999999994e-16 OK 3 1.71690807781332735e-16 0.00000000000000000e0
15000_0 1.99999999999999996e-16 OK 3 1.71690807781332735e-16 0.00000000000000000e0
15000_0 9.99999999999999979e-17 FAIL InvalidInput("PRIMARY_NONCONVERGENCE")
15000_1 1.00000000000000008e-15 OK 3 1.46628859656666002e-16 1.17702269134213279e-16
15000_1 2.99999999999999994e-16 OK 3 1.46628859656666002e-16 1.17702269134213279e-16
15000_1 1.99999999999999996e-16 OK 3 1.46628859656666002e-16 1.17702269134213279e-16
15000_1 9.99999999999999979e-17 FAIL InvalidInput("PRIMARY_NONCONVERGENCE")
15000_2 1.00000000000000008e-15 OK 3 1.17279761735476339e-16 -1.17702379276104512e-16
15000_2 2.99999999999999994e-16 OK 3 1.17279761735476339e-16 -1.17702379276104512e-16
15000_2 1.99999999999999996e-16 OK 3 1.17279761735476339e-16 -1.17702379276104512e-16
15000_2 9.99999999999999979e-17 FAIL InvalidInput("PRIMARY_NONCONVERGENCE")
15500_0 1.00000000000000008e-15 OK 3 1.21026468654352697e-16 0.00000000000000000e0
15500_0 2.99999999999999994e-16 OK 3 1.21026468654352697e-16 0.00000000000000000e0
15500_0 1.99999999999999996e-16 OK 3 1.21026468654352697e-16 0.00000000000000000e0
15500_0 9.99999999999999979e-17 FAIL InvalidInput("PRIMARY_NONCONVERGENCE")
15500_1 1.00000000000000008e-15 OK 3 1.52090814139995253e-16 1.17812278997137691e-16
15500_1 2.99999999999999994e-16 OK 3 1.52090814139995253e-16 1.17812278997137691e-16
15500_1 1.99999999999999996e-16 OK 3 1.52090814139995253e-16 1.17812278997137691e-16
15500_1 9.99999999999999979e-17 FAIL InvalidInput("PRIMARY_NONCONVERGENCE")
15500_2 1.00000000000000008e-15 OK 3 7.03711994728667531e-17 1.17812388874909443e-16
15500_2 2.99999999999999994e-16 OK 3 7.03711994728667531e-17 1.17812388874909443e-16
15500_2 1.99999999999999996e-16 OK 3 7.03711994728667531e-17 1.17812388874909443e-16
15500_2 9.99999999999999979e-17 OK 3 7.03711994728667531e-17 1.17812388874909443e-16
16000_0 1.00000000000000008e-15 OK 3 1.96928363396089044e-16 0.00000000000000000e0
16000_0 2.99999999999999994e-16 OK 3 1.96928363396089044e-16 0.00000000000000000e0
16000_0 1.99999999999999996e-16 OK 3 1.96928363396089044e-16 0.00000000000000000e0
16000_0 9.99999999999999979e-17 FAIL InvalidInput("PRIMARY_NONCONVERGENCE")
16000_1 1.00000000000000008e-15 OK 3 1.00808635855961344e-16 0.00000000000000000e0
16000_1 2.99999999999999994e-16 OK 3 1.00808635855961344e-16 0.00000000000000000e0
16000_1 1.99999999999999996e-16 OK 3 1.00808635855961344e-16 0.00000000000000000e0
16000_1 9.99999999999999979e-17 FAIL InvalidInput("PRIMARY_NONCONVERGENCE")
16000_2 1.00000000000000008e-15 OK 3 1.89493058914055202e-16 0.00000000000000000e0
16000_2 2.99999999999999994e-16 OK 3 1.89493058914055202e-16 0.00000000000000000e0
16000_2 1.99999999999999996e-16 OK 3 1.89493058914055202e-16 0.00000000000000000e0
16000_2 9.99999999999999979e-17 FAIL InvalidInput("PRIMARY_NONCONVERGENCE")
16500_0 1.00000000000000008e-15 OK 3 1.81832802401047878e-16 0.00000000000000000e0
16500_0 2.99999999999999994e-16 OK 3 1.81832802401047878e-16 0.00000000000000000e0
16500_0 1.99999999999999996e-16 OK 3 1.81832802401047878e-16 0.00000000000000000e0
16500_0 9.99999999999999979e-17 FAIL InvalidInput("PRIMARY_NONCONVERGENCE")
16500_1 1.00000000000000008e-15 OK 3 1.46795179039503836e-16 1.18031509365693701e-16
16500_1 2.99999999999999994e-16 OK 3 1.46795179039503836e-16 1.18031509365693701e-16
16500_1 1.99999999999999996e-16 OK 3 1.46795179039503836e-16 1.18031509365693701e-16
16500_1 9.99999999999999979e-17 FAIL InvalidInput("PRIMARY_NONCONVERGENCE")
16500_2 1.00000000000000008e-15 OK 3 1.56890316543767648e-16 -1.18031618718823794e-16
16500_2 2.99999999999999994e-16 OK 3 1.56890316543767648e-16 -1.18031618718823794e-16
16500_2 1.99999999999999996e-16 OK 3 1.56890316543767648e-16 -1.18031618718823794e-16
16500_2 9.99999999999999979e-17 FAIL InvalidInput("PRIMARY_NONCONVERGENCE")
17000_0 1.00000000000000008e-15 OK 3 1.45408912921015143e-16 0.00000000000000000e0
17000_0 2.99999999999999994e-16 OK 3 1.45408912921015143e-16 0.00000000000000000e0
17000_0 1.99999999999999996e-16 OK 3 1.45408912921015143e-16 0.00000000000000000e0
17000_0 9.99999999999999979e-17 FAIL InvalidInput("PRIMARY_NONCONVERGENCE")
17000_1 1.00000000000000008e-15 OK 3 1.31154487330248278e-16 -1.18140732259123984e-16
17000_1 2.99999999999999994e-16 OK 3 1.31154487330248278e-16 -1.18140732259123984e-16
17000_1 1.99999999999999996e-16 OK 3 1.31154487330248278e-16 -1.18140732259123984e-16
17000_1 9.99999999999999979e-17 FAIL InvalidInput("PRIMARY_NONCONVERGENCE")
17000_2 1.00000000000000008e-15 OK 3 1.54859374102488991e-16 0.00000000000000000e0
17000_2 2.99999999999999994e-16 OK 3 1.54859374102488991e-16 0.00000000000000000e0
17000_2 1.99999999999999996e-16 OK 3 1.54859374102488991e-16 0.00000000000000000e0
17000_2 9.99999999999999979e-17 FAIL InvalidInput("PRIMARY_NONCONVERGENCE")
17500_0 1.00000000000000008e-15 OK 3 1.59269717557472337e-16 -1.18249655792800143e-16
17500_0 2.99999999999999994e-16 OK 3 1.59269717557472337e-16 -1.18249655792800143e-16
17500_0 1.99999999999999996e-16 OK 3 1.59269717557472337e-16 -1.18249655792800143e-16
17500_0 9.99999999999999979e-17 FAIL InvalidInput("PRIMARY_NONCONVERGENCE")
17500_1 1.00000000000000008e-15 OK 3 2.10610482598026145e-16 -1.18249695208745443e-16
17500_1 2.99999999999999994e-16 OK 3 2.10610482598026145e-16 -1.18249695208745443e-16
17500_1 1.99999999999999996e-16 FAIL InvalidInput("PRIMARY_NONCONVERGENCE")
17500_1 9.99999999999999979e-17 FAIL InvalidInput("PRIMARY_NONCONVERGENCE")
17500_2 1.00000000000000008e-15 OK 3 1.73724239770645413e-16 1.18249804041989034e-16
17500_2 2.99999999999999994e-16 OK 3 1.73724239770645413e-16 1.18249804041989034e-16
17500_2 1.99999999999999996e-16 OK 3 1.73724239770645413e-16 1.18249804041989034e-16
17500_2 9.99999999999999979e-17 FAIL InvalidInput("PRIMARY_NONCONVERGENCE")
18000_0 1.00000000000000008e-15 OK 3 2.05713905929468046e-16 0.00000000000000000e0
18000_0 2.99999999999999994e-16 OK 3 2.05713905929468046e-16 0.00000000000000000e0
18000_0 1.99999999999999996e-16 FAIL InvalidInput("PRIMARY_NONCONVERGENCE")
18000_0 9.99999999999999979e-17 FAIL InvalidInput("PRIMARY_NONCONVERGENCE")
18000_1 1.00000000000000008e-15 OK 3 1.61626765694125456e-16 0.00000000000000000e0
18000_1 2.99999999999999994e-16 OK 3 1.61626765694125456e-16 0.00000000000000000e0
18000_1 1.99999999999999996e-16 OK 3 1.61626765694125456e-16 0.00000000000000000e0
18000_1 9.99999999999999979e-17 FAIL InvalidInput("PRIMARY_NONCONVERGENCE")
18000_2 1.00000000000000008e-15 OK 3 1.65702932044488935e-16 0.00000000000000000e0
18000_2 2.99999999999999994e-16 OK 3 1.65702932044488935e-16 0.00000000000000000e0
18000_2 1.99999999999999996e-16 OK 3 1.65702932044488935e-16 0.00000000000000000e0
18000_2 9.99999999999999979e-17 FAIL InvalidInput("PRIMARY_NONCONVERGENCE")
18500_0 1.00000000000000008e-15 OK 3 1.22237283669945075e-16 0.00000000000000000e0
18500_0 2.99999999999999994e-16 OK 3 1.22237283669945075e-16 0.00000000000000000e0
18500_0 1.99999999999999996e-16 OK 3 1.22237283669945075e-16 0.00000000000000000e0
18500_0 9.99999999999999979e-17 FAIL InvalidInput("PRIMARY_NONCONVERGENCE")
18500_1 1.00000000000000008e-15 OK 3 1.54519296286460187e-16 -1.18466846023443222e-16
18500_1 2.99999999999999994e-16 OK 3 1.54519296286460187e-16 -1.18466846023443222e-16
18500_1 1.99999999999999996e-16 OK 3 1.54519296286460187e-16 -1.18466846023443222e-16
18500_1 9.99999999999999979e-17 FAIL InvalidInput("PRIMARY_NONCONVERGENCE")
18500_2 1.00000000000000008e-15 OK 3 1.40518177904712068e-16 -1.18466954341550805e-16
18500_2 2.99999999999999994e-16 OK 3 1.40518177904712068e-16 -1.18466954341550805e-16
18500_2 1.99999999999999996e-16 OK 3 1.40518177904712068e-16 -1.18466954341550805e-16
18500_2 9.99999999999999979e-17 FAIL InvalidInput("PRIMARY_NONCONVERGENCE")
19000_0 1.00000000000000008e-15 OK 3 9.96661549479118743e-17 -1.18574996750439242e-16
19000_0 2.99999999999999994e-16 OK 3 9.96661549479118743e-17 -1.18574996750439242e-16
19000_0 1.99999999999999996e-16 OK 3 9.96661549479118743e-17 -1.18574996750439242e-16
19000_0 9.99999999999999979e-17 OK 3 9.96661549479118743e-17 -1.18574996750439242e-16
19000_1 1.00000000000000008e-15 OK 3 1.13125200325942390e-16 -1.18575036271517958e-16
19000_1 2.99999999999999994e-16 OK 3 1.13125200325942390e-16 -1.18575036271517958e-16
19000_1 1.99999999999999996e-16 OK 3 1.13125200325942390e-16 -1.18575036271517958e-16
19000_1 9.99999999999999979e-17 FAIL InvalidInput("PRIMARY_NONCONVERGENCE")
19000_2 1.00000000000000008e-15 OK 3 1.52923169091968219e-16 0.00000000000000000e0
19000_2 2.99999999999999994e-16 OK 3 1.52923169091968219e-16 0.00000000000000000e0
19000_2 1.99999999999999996e-16 OK 3 1.52923169091968219e-16 0.00000000000000000e0
19000_2 9.99999999999999979e-17 FAIL InvalidInput("PRIMARY_NONCONVERGENCE")
19500_0 1.00000000000000008e-15 OK 3 1.20605676241142661e-16 2.37365863585386378e-16
19500_0 2.99999999999999994e-16 OK 3 1.20605676241142661e-16 2.37365863585386378e-16
19500_0 1.99999999999999996e-16 OK 3 1.20605676241142661e-16 2.37365863585386378e-16
19500_0 9.99999999999999979e-17 FAIL InvalidInput("PRIMARY_NONCONVERGENCE")
19500_1 1.00000000000000008e-15 OK 3 1.63510736652501100e-16 1.18682971347859103e-16
19500_1 2.99999999999999994e-16 OK 3 1.63510736652501100e-16 1.18682971347859103e-16
19500_1 1.99999999999999996e-16 OK 3 1.63510736652501100e-16 1.18682971347859103e-16
19500_1 9.99999999999999979e-17 FAIL InvalidInput("PRIMARY_NONCONVERGENCE")
19500_2 1.00000000000000008e-15 OK 3 1.55922076279516215e-16 1.18683079155626362e-16
19500_2 2.99999999999999994e-16 OK 3 1.55922076279516215e-16 1.18683079155626362e-16
19500_2 1.99999999999999996e-16 OK 3 1.55922076279516215e-16 1.18683079155626362e-16
19500_2 9.99999999999999979e-17 FAIL InvalidInput("PRIMARY_NONCONVERGENCE")
20000_0 1.00000000000000008e-15 OK 3 1.65392329258964513e-16 -1.18790612878268090e-16
20000_0 2.99999999999999994e-16 OK 3 1.65392329258964513e-16 -1.18790612878268090e-16
20000_0 1.99999999999999996e-16 OK 3 1.65392329258964513e-16 -1.18790612878268090e-16
20000_0 9.99999999999999979e-17 FAIL InvalidInput("PRIMARY_NONCONVERGENCE")
20000_1 1.00000000000000008e-15 OK 3 2.20629825433788010e-16 0.00000000000000000e0
20000_1 2.99999999999999994e-16 OK 3 2.20629825433788010e-16 0.00000000000000000e0
20000_1 1.99999999999999996e-16 FAIL InvalidInput("PRIMARY_NONCONVERGENCE")
20000_1 9.99999999999999979e-17 FAIL InvalidInput("PRIMARY_NONCONVERGENCE")
20000_2 1.00000000000000008e-15 OK 3 1.17745246939142781e-16 -1.18790760021472513e-16
20000_2 2.99999999999999994e-16 OK 3 1.17745246939142781e-16 -1.18790760021472513e-16
20000_2 1.99999999999999996e-16 OK 3 1.17745246939142781e-16 -1.18790760021472513e-16
20000_2 9.99999999999999979e-17 FAIL InvalidInput("PRIMARY_NONCONVERGENCE")
20500_0 1.00000000000000008e-15 OK 3 1.27644386356544898e-16 2.37796082472278594e-16
20500_0 2.99999999999999994e-16 OK 3 1.27644386356544898e-16 2.37796082472278594e-16
20500_0 1.99999999999999996e-16 OK 3 1.27644386356544898e-16 2.37796082472278594e-16
20500_0 9.99999999999999979e-17 FAIL InvalidInput("PRIMARY_NONCONVERGENCE")
20500_1 1.00000000000000008e-15 OK 3 1.30711841959136154e-16 2.37796161716140512e-16
20500_1 2.99999999999999994e-16 OK 3 1.30711841959136154e-16 2.37796161716140512e-16
20500_1 1.99999999999999996e-16 OK 3 1.30711841959136154e-16 2.37796161716140512e-16
20500_1 9.99999999999999979e-17 FAIL InvalidInput("PRIMARY_NONCONVERGENCE")
20500_2 1.00000000000000008e-15 OK 3 1.30197149335592597e-16 0.00000000000000000e0
20500_2 2.99999999999999994e-16 OK 3 1.30197149335592597e-16 0.00000000000000000e0
20500_2 1.99999999999999996e-16 OK 3 1.30197149335592597e-16 0.00000000000000000e0
20500_2 9.99999999999999979e-17 FAIL InvalidInput("PRIMARY_NONCONVERGENCE")
21000_0 1.00000000000000008e-15 OK 3 8.54683578826046376e-17 -2.38010436224776830e-16
21000_0 2.99999999999999994e-16 OK 3 8.54683578826046376e-17 -2.38010436224776830e-16
21000_0 1.99999999999999996e-16 OK 3 8.54683578826046376e-17 -2.38010436224776830e-16
21000_0 9.99999999999999979e-17 OK 3 8.54683578826046376e-17 -2.38010436224776830e-16
21000_1 1.00000000000000008e-15 OK 3 1.37877460013303077e-16 -2.38010515534012489e-16
21000_1 2.99999999999999994e-16 OK 3 1.37877460013303077e-16 -2.38010515534012489e-16
21000_1 1.99999999999999996e-16 OK 3 1.37877460013303077e-16 -2.38010515534012489e-16
21000_1 9.99999999999999979e-17 FAIL InvalidInput("PRIMARY_NONCONVERGENCE")
21000_2 1.00000000000000008e-15 OK 3 1.62865986582897803e-16 0.00000000000000000e0
21000_2 2.99999999999999994e-16 OK 3 1.62865986582897803e-16 0.00000000000000000e0
21000_2 1.99999999999999996e-16 OK 3 1.62865986582897803e-16 0.00000000000000000e0
21000_2 9.99999999999999979e-17 FAIL InvalidInput("PRIMARY_NONCONVERGENCE")
21500_0 1.00000000000000008e-15 OK 3 1.36887716546803378e-16 0.00000000000000000e0
21500_0 2.99999999999999994e-16 OK 3 1.36887716546803378e-16 0.00000000000000000e0
21500_0 1.99999999999999996e-16 OK 3 1.36887716546803378e-16 0.00000000000000000e0
21500_0 9.99999999999999979e-17 FAIL InvalidInput("PRIMARY_NONCONVERGENCE")
21500_1 1.00000000000000008e-15 OK 3 1.65463777303086331e-16 1.19112184459648377e-16
21500_1 2.99999999999999994e-16 OK 3 1.65463777303086331e-16 1.19112184459648377e-16
21500_1 1.99999999999999996e-16 OK 3 1.65463777303086331e-16 1.19112184459648377e-16
21500_1 9.99999999999999979e-17 FAIL InvalidInput("PRIMARY_NONCONVERGENCE")
21500_2 1.00000000000000008e-15 OK 3 1.77770205195081767e-16 -1.19112291261535743e-16
21500_2 2.99999999999999994e-16 OK 3 1.77770205195081767e-16 -1.19112291261535743e-16
21500_2 1.99999999999999996e-16 OK 3 1.77770205195081767e-16 -1.19112291261535743e-16
21500_2 9.99999999999999979e-17 FAIL InvalidInput("PRIMARY_NONCONVERGENCE")
22000_0 1.00000000000000008e-15 OK 3 1.73146136479384795e-16 1.19218822505350703e-16
22000_0 2.99999999999999994e-16 OK 3 1.73146136479384795e-16 1.19218822505350703e-16
22000_0 1.99999999999999996e-16 OK 3 1.73146136479384795e-16 1.19218822505350703e-16
22000_0 9.99999999999999979e-17 FAIL InvalidInput("PRIMARY_NONCONVERGENCE")
22000_1 1.00000000000000008e-15 OK 3 1.58152128855141183e-16 0.00000000000000000e0
22000_1 2.99999999999999994e-16 OK 3 1.58152128855141183e-16 0.00000000000000000e0
22000_1 1.99999999999999996e-16 OK 3 1.58152128855141183e-16 0.00000000000000000e0
22000_1 9.99999999999999979e-17 FAIL InvalidInput("PRIMARY_NONCONVERGENCE")
22000_2 1.00000000000000008e-15 OK 3 1.42470303628344849e-16 1.19218968777585855e-16
22000_2 2.99999999999999994e-16 OK 3 1.42470303628344849e-16 1.19218968777585855e-16
22000_2 1.99999999999999996e-16 OK 3 1.42470303628344849e-16 1.19218968777585855e-16
22000_2 9.99999999999999979e-17 FAIL InvalidInput("PRIMARY_NONCONVERGENCE")
22500_0 1.00000000000000008e-15 OK 3 1.48328130186395213e-16 1.19325252622548975e-16
22500_0 2.99999999999999994e-16 OK 3 1.48328130186395213e-16 1.19325252622548975e-16
22500_0 1.99999999999999996e-16 OK 3 1.48328130186395213e-16 1.19325252622548975e-16
22500_0 9.99999999999999979e-17 FAIL InvalidInput("PRIMARY_NONCONVERGENCE")
22500_1 1.00000000000000008e-15 OK 3 1.56497199887568798e-16 0.00000000000000000e0
22500_1 2.99999999999999994e-16 OK 3 1.56497199887568798e-16 0.00000000000000000e0
22500_1 1.99999999999999996e-16 OK 3 1.56497199887568798e-16 0.00000000000000000e0
22500_1 9.99999999999999979e-17 FAIL InvalidInput("PRIMARY_NONCONVERGENCE")
22500_2 1.00000000000000008e-15 OK 3 1.43761479601217030e-16 0.00000000000000000e0
22500_2 2.99999999999999994e-16 OK 3 1.43761479601217030e-16 0.00000000000000000e0
22500_2 1.99999999999999996e-16 OK 3 1.43761479601217030e-16 0.00000000000000000e0
22500_2 9.99999999999999979e-17 FAIL InvalidInput("PRIMARY_NONCONVERGENCE")
23000_0 1.00000000000000008e-15 OK 3 1.44827910841285653e-16 -1.19431436463672184e-16
23000_0 2.99999999999999994e-16 OK 3 1.44827910841285653e-16 -1.19431436463672184e-16
23000_0 1.99999999999999996e-16 OK 3 1.44827910841285653e-16 -1.19431436463672184e-16
23000_0 9.99999999999999979e-17 FAIL InvalidInput("PRIMARY_NONCONVERGENCE")
23000_1 1.00000000000000008e-15 OK 3 1.05742030150467660e-16 0.00000000000000000e0
23000_1 2.99999999999999994e-16 OK 3 1.05742030150467660e-16 0.00000000000000000e0
23000_1 1.99999999999999996e-16 OK 3 1.05742030150467660e-16 0.00000000000000000e0
23000_1 9.99999999999999979e-17 FAIL InvalidInput("PRIMARY_NONCONVERGENCE")
23000_2 1.00000000000000008e-15 OK 3 1.15121174399247756e-16 1.19431582305573556e-16
23000_2 2.99999999999999994e-16 OK 3 1.15121174399247756e-16 1.19431582305573556e-16
23000_2 1.99999999999999996e-16 OK 3 1.15121174399247756e-16 1.19431582305573556e-16
23000_2 9.99999999999999979e-17 FAIL InvalidInput("PRIMARY_NONCONVERGENCE")
23500_0 1.00000000000000008e-15 OK 3 1.67107135062943819e-16 2.39074750793690598e-16
23500_0 2.99999999999999994e-16 OK 3 1.67107135062943819e-16 2.39074750793690598e-16
23500_0 1.99999999999999996e-16 OK 3 1.67107135062943819e-16 2.39074750793690598e-16
23500_0 9.99999999999999979e-17 FAIL InvalidInput("PRIMARY_NONCONVERGENCE")
23500_1 1.00000000000000008e-15 OK 3 1.41810367761168859e-16 1.19537415208128365e-16
23500_1 2.99999999999999994e-16 OK 3 1.41810367761168859e-16 1.19537415208128365e-16
23500_1 1.99999999999999996e-16 OK 3 1.41810367761168859e-16 1.19537415208128365e-16
23500_1 9.99999999999999979e-17 FAIL InvalidInput("PRIMARY_NONCONVERGENCE")
23500_2 1.00000000000000008e-15 OK 3 1.37814130356310954e-16 -1.19537521024979664e-16
23500_2 2.99999999999999994e-16 OK 3 1.37814130356310954e-16 -1.19537521024979664e-16
23500_2 1.99999999999999996e-16 OK 3 1.37814130356310954e-16 -1.19537521024979664e-16
23500_2 9.99999999999999979e-17 FAIL InvalidInput("PRIMARY_NONCONVERGENCE")
24000_0 1.00000000000000008e-15 OK 3 1.46469535550283928e-16 0.00000000000000000e0
24000_0 2.99999999999999994e-16 OK 3 1.46469535550283928e-16 0.00000000000000000e0
24000_0 1.99999999999999996e-16 OK 3 1.46469535550283928e-16 0.00000000000000000e0
24000_0 9.99999999999999979e-17 FAIL InvalidInput("PRIMARY_NONCONVERGENCE")
24000_1 1.00000000000000008e-15 OK 3 1.25882484481218575e-16 -1.19643110662283898e-16
24000_1 2.99999999999999994e-16 OK 3 1.25882484481218575e-16 -1.19643110662283898e-16
24000_1 1.99999999999999996e-16 OK 3 1.25882484481218575e-16 -1.19643110662283898e-16
24000_1 9.99999999999999979e-17 FAIL InvalidInput("PRIMARY_NONCONVERGENCE")
24000_2 1.00000000000000008e-15 OK 3 1.75156546225105153e-16 1.19643216236336653e-16
24000_2 2.99999999999999994e-16 OK 3 1.75156546225105153e-16 1.19643216236336653e-16
24000_2 1.99999999999999996e-16 OK 3 1.75156546225105153e-16 1.19643216236336653e-16
24000_2 9.99999999999999979e-17 FAIL InvalidInput("PRIMARY_NONCONVERGENCE")
24500_0 1.00000000000000008e-15 OK 3 1.48650857391036175e-16 -2.39497048335223282e-16
24500_0 2.99999999999999994e-16 OK 3 1.48650857391036175e-16 -2.39497048335223282e-16
24500_0 1.99999999999999996e-16 OK 3 1.48650857391036175e-16 -2.39497048335223282e-16
24500_0 9.99999999999999979e-17 FAIL InvalidInput("PRIMARY_NONCONVERGENCE")
24500_1 1.00000000000000008e-15 OK 3 1.03663257702177664e-16 0.00000000000000000e0
24500_1 2.99999999999999994e-16 OK 3 1.03663257702177664e-16 0.00000000000000000e0
24500_1 1.99999999999999996e-16 OK 3 1.03663257702177664e-16 0.00000000000000000e0
24500_1 9.99999999999999979e-17 FAIL InvalidInput("PRIMARY_NONCONVERGENCE")
24500_2 1.00000000000000008e-15 OK 3 7.90563625349827995e-17 -1.19748669371195389e-16
24500_2 2.99999999999999994e-16 OK 3 7.90563625349827995e-17 -1.19748669371195389e-16
24500_2 1.99999999999999996e-16 OK 3 7.90563625349827995e-17 -1.19748669371195389e-16
24500_2 9.99999999999999979e-17 OK 3 7.90563625349827995e-17 -1.19748669371195389e-16
25000_0 1.00000000000000008e-15 OK 3 1.22979261317255927e-16 0.00000000000000000e0
25000_0 2.99999999999999994e-16 OK 3 1.22979261317255927e-16 0.00000000000000000e0
25000_0 1.99999999999999996e-16 OK 3 1.22979261317255927e-16 0.00000000000000000e0
25000_0 9.99999999999999979e-17 FAIL InvalidInput("PRIMARY_NONCONVERGENCE")
25000_1 1.00000000000000008e-15 OK 3 2.05057071421497900e-16 -1.19853776802514629e-16
25000_1 2.99999999999999994e-16 OK 3 2.05057071421497900e-16 -1.19853776802514629e-16
25000_1 1.99999999999999996e-16 FAIL InvalidInput("PRIMARY_NONCONVERGENCE")
25000_1 9.99999999999999979e-17 FAIL InvalidInput("PRIMARY_NONCONVERGENCE")
25000_2 1.00000000000000008e-15 OK 3 1.34121296520413789e-16 0.00000000000000000e0
25000_2 2.99999999999999994e-16 OK 3 1.34121296520413789e-16 0.00000000000000000e0
25000_2 1.99999999999999996e-16 OK 3 1.34121296520413789e-16 0.00000000000000000e0
25000_2 9.99999999999999979e-17 FAIL InvalidInput("PRIMARY_NONCONVERGENCE")
25500_0 1.00000000000000008e-15 OK 3 1.42155969654843883e-16 -1.19958710527062442e-16
25500_0 2.99999999999999994e-16 OK 3 1.42155969654843883e-16 -1.19958710527062442e-16
25500_0 1.99999999999999996e-16 OK 3 1.42155969654843883e-16 -1.19958710527062442e-16
25500_0 9.99999999999999979e-17 FAIL InvalidInput("PRIMARY_NONCONVERGENCE")
25500_1 1.00000000000000008e-15 OK 3 1.27622398869872496e-16 1.19958750455849520e-16
25500_1 2.99999999999999994e-16 OK 3 1.27622398869872496e-16 1.19958750455849520e-16
25500_1 1.99999999999999996e-16 OK 3 1.27622398869872496e-16 1.19958750455849520e-16
25500_1 9.99999999999999979e-17 FAIL InvalidInput("PRIMARY_NONCONVERGENCE")
25500_2 1.00000000000000008e-15 OK 3 1.23927887074437778e-16 0.00000000000000000e0
25500_2 2.99999999999999994e-16 OK 3 1.23927887074437778e-16 0.00000000000000000e0
25500_2 1.99999999999999996e-16 OK 3 1.23927887074437778e-16 0.00000000000000000e0
25500_2 9.99999999999999979e-17 FAIL InvalidInput("PRIMARY_NONCONVERGENCE")
26000_0 1.00000000000000008e-15 OK 3 1.20739611946564191e-16 -1.20063446579963130e-16
26000_0 2.99999999999999994e-16 OK 3 1.20739611946564191e-16 -1.20063446579963130e-16
26000_0 1.99999999999999996e-16 OK 3 1.20739611946564191e-16 -1.20063446579963130e-16
26000_0 9.99999999999999979e-17 FAIL InvalidInput("PRIMARY_NONCONVERGENCE")
26000_1 1.00000000000000008e-15 OK 3 6.23044911258577744e-17 0.00000000000000000e0
26000_1 2.99999999999999994e-16 OK 3 6.23044911258577744e-17 0.00000000000000000e0
26000_1 1.99999999999999996e-16 OK 3 6.23044911258577744e-17 0.00000000000000000e0
26000_1 9.99999999999999979e-17 OK 3 6.23044911258577744e-17 0.00000000000000000e0
26000_2 1.00000000000000008e-15 OK 3 1.13313251398039233e-16 0.00000000000000000e0
26000_2 2.99999999999999994e-16 OK 3 1.13313251398039233e-16 0.00000000000000000e0
26000_2 1.99999999999999996e-16 OK 3 1.13313251398039233e-16 0.00000000000000000e0
26000_2 9.99999999999999979e-17 FAIL InvalidInput("PRIMARY_NONCONVERGENCE")
26500_0 1.00000000000000008e-15 OK 3 1.67696698607310047e-16 -1.20167946638023707e-16
26500_0 2.99999999999999994e-16 OK 3 1.67696698607310047e-16 -1.20167946638023707e-16
26500_0 1.99999999999999996e-16 OK 3 1.67696698607310047e-16 -1.20167946638023707e-16
26500_0 9.99999999999999979e-17 FAIL InvalidInput("PRIMARY_NONCONVERGENCE")
26500_1 1.00000000000000008e-15 OK 3 1.19637315337402907e-16 1.20167986623066971e-16
26500_1 2.99999999999999994e-16 OK 3 1.19637315337402907e-16 1.20167986623066971e-16
26500_1 1.99999999999999996e-16 OK 3 1.19637315337402907e-16 1.20167986623066971e-16
26500_1 9.99999999999999979e-17 FAIL InvalidInput("PRIMARY_NONCONVERGENCE")
26500_2 1.00000000000000008e-15 OK 3 2.30538130039628611e-16 1.20168091005573556e-16
26500_2 2.99999999999999994e-16 OK 3 2.30538130039628611e-16 1.20168091005573556e-16
26500_2 1.99999999999999996e-16 FAIL InvalidInput("PRIMARY_NONCONVERGENCE")
26500_2 9.99999999999999979e-17 FAIL InvalidInput("PRIMARY_NONCONVERGENCE")
27000_0 1.00000000000000008e-15 OK 3 9.73288896405430532e-17 0.00000000000000000e0
27000_0 2.99999999999999994e-16 OK 3 9.73288896405430532e-17 0.00000000000000000e0
27000_0 1.99999999999999996e-16 OK 3 9.73288896405430532e-17 0.00000000000000000e0
27000_0 9.99999999999999979e-17 OK 3 9.73288896405430532e-17 0.00000000000000000e0
27000_1 1.00000000000000008e-15 OK 3 1.44121264803604801e-16 0.00000000000000000e0
27000_1 2.99999999999999994e-16 OK 3 1.44121264803604801e-16 0.00000000000000000e0
27000_1 1.99999999999999996e-16 OK 3 1.44121264803604801e-16 0.00000000000000000e0
27000_1 9.99999999999999979e-17 FAIL InvalidInput("PRIMARY_NONCONVERGENCE")
27000_2 1.00000000000000008e-15 OK 3 1.44985441784073424e-16 1.20272356478914640e-16
27000_2 2.99999999999999994e-16 OK 3 1.44985441784073424e-16 1.20272356478914640e-16
27000_2 1.99999999999999996e-16 OK 3 1.44985441784073424e-16 1.20272356478914640e-16
27000_2 9.99999999999999979e-17 FAIL InvalidInput("PRIMARY_NONCONVERGENCE")
27500_0 1.00000000000000008e-15 OK 3 1.18372748499670066e-16 -1.20376245274420778e-16
27500_0 2.99999999999999994e-16 OK 3 1.18372748499670066e-16 -1.20376245274420778e-16
27500_0 1.99999999999999996e-16 OK 3 1.18372748499670066e-16 -1.20376245274420778e-16
27500_0 9.99999999999999979e-17 FAIL InvalidInput("PRIMARY_NONCONVERGENCE")
27500_1 1.00000000000000008e-15 OK 3 8.03772870072043924e-17 0.00000000000000000e0
27500_1 2.99999999999999994e-16 OK 3 8.03772870072043924e-17 0.00000000000000000e0
27500_1 1.99999999999999996e-16 OK 3 8.03772870072043924e-17 0.00000000000000000e0
27500_1 9.99999999999999979e-17 OK 3 8.03772870072043924e-17 0.00000000000000000e0
27500_2 1.00000000000000008e-15 OK 3 1.47346992768161104e-16 0.00000000000000000e0
27500_2 2.99999999999999994e-16 OK 3 1.47346992768161104e-16 0.00000000000000000e0
27500_2 1.99999999999999996e-16 OK 3 1.47346992768161104e-16 0.00000000000000000e0
27500_2 9.99999999999999979e-17 FAIL InvalidInput("PRIMARY_NONCONVERGENCE")
28000_0 1.00000000000000008e-15 OK 3 1.28163286450383485e-16 0.00000000000000000e0
28000_0 2.99999999999999994e-16 OK 3 1.28163286450383485e-16 0.00000000000000000e0
28000_0 1.99999999999999996e-16 OK 3 1.28163286450383485e-16 0.00000000000000000e0
28000_0 9.99999999999999979e-17 FAIL InvalidInput("PRIMARY_NONCONVERGENCE")
28000_1 1.00000000000000008e-15 OK 3 1.46292778976740145e-16 0.00000000000000000e0
28000_1 2.99999999999999994e-16 OK 3 1.46292778976740145e-16 0.00000000000000000e0
28000_1 1.99999999999999996e-16 OK 3 1.46292778976740145e-16 0.00000000000000000e0
28000_1 9.99999999999999979e-17 FAIL InvalidInput("PRIMARY_NONCONVERGENCE")
28000_2 1.00000000000000008e-15 OK 3 1.75552501683804060e-16 0.00000000000000000e0
28000_2 2.99999999999999994e-16 OK 3 1.75552501683804060e-16 0.00000000000000000e0
28000_2 1.99999999999999996e-16 OK 3 1.75552501683804060e-16 0.00000000000000000e0
28000_2 9.99999999999999979e-17 FAIL InvalidInput("PRIMARY_NONCONVERGENCE")
28500_0 1.00000000000000008e-15 OK 3 1.66508953160925474e-16 1.20583619851791469e-16
28500_0 2.99999999999999994e-16 OK 3 1.66508953160925474e-16 1.20583619851791469e-16
28500_0 1.99999999999999996e-16 OK 3 1.66508953160925474e-16 1.20583619851791469e-16
28500_0 9.99999999999999979e-17 FAIL InvalidInput("PRIMARY_NONCONVERGENCE")
28500_1 1.00000000000000008e-15 OK 3 1.43655575199274360e-16 0.00000000000000000e0
28500_1 2.99999999999999994e-16 OK 3 1.43655575199274360e-16 0.00000000000000000e0
28500_1 1.99999999999999996e-16 OK 3 1.43655575199274360e-16 0.00000000000000000e0
28500_1 9.99999999999999979e-17 FAIL InvalidInput("PRIMARY_NONCONVERGENCE")
28500_2 1.00000000000000008e-15 OK 3 1.12889537562965724e-16 -2.41167526806159692e-16
28500_2 2.99999999999999994e-16 OK 3 1.12889537562965724e-16 -2.41167526806159692e-16
28500_2 1.99999999999999996e-16 OK 3 1.12889537562965724e-16 -2.41167526806159692e-16
28500_2 9.99999999999999979e-17 FAIL InvalidInput("PRIMARY_NONCONVERGENCE")
29000_0 1.00000000000000008e-15 OK 3 1.32980316064711227e-16 0.00000000000000000e0
29000_0 2.99999999999999994e-16 OK 3 1.32980316064711227e-16 0.00000000000000000e0
29000_0 1.99999999999999996e-16 OK 3 1.32980316064711227e-16 0.00000000000000000e0
29000_0 9.99999999999999979e-17 FAIL InvalidInput("PRIMARY_NONCONVERGENCE")
29000_1 1.00000000000000008e-15 OK 3 1.40829478730358801e-16 0.00000000000000000e0
29000_1 2.99999999999999994e-16 OK 3 1.40829478730358801e-16 0.00000000000000000e0
29000_1 1.99999999999999996e-16 OK 3 1.40829478730358801e-16 0.00000000000000000e0
29000_1 9.99999999999999979e-17 FAIL InvalidInput("PRIMARY_NONCONVERGENCE")
29000_2 1.00000000000000008e-15 OK 3 1.60623963174196631e-16 1.20687108342057171e-16
29000_2 2.99999999999999994e-16 OK 3 1.60623963174196631e-16 1.20687108342057171e-16
29000_2 1.99999999999999996e-16 OK 3 1.60623963174196631e-16 1.20687108342057171e-16
29000_2 9.99999999999999979e-17 FAIL InvalidInput("PRIMARY_NONCONVERGENCE")
29500_0 1.00000000000000008e-15 OK 3 1.38174942161321560e-16 1.20790084447824479e-16
29500_0 2.99999999999999994e-16 OK 3 1.38174942161321560e-16 1.20790084447824479e-16
29500_0 1.99999999999999996e-16 OK 3 1.38174942161321560e-16 1.20790084447824479e-16
29500_0 9.99999999999999979e-17 FAIL InvalidInput("PRIMARY_NONCONVERGENCE")
29500_1 1.00000000000000008e-15 OK 3 1.04344107646588720e-16 0.00000000000000000e0
29500_1 2.99999999999999994e-16 OK 3 1.04344107646588720e-16 0.00000000000000000e0
29500_1 1.99999999999999996e-16 OK 3 1.04344107646588720e-16 0.00000000000000000e0
29500_1 9.99999999999999979e-17 FAIL InvalidInput("PRIMARY_NONCONVERGENCE")
29500_2 1.00000000000000008e-15 OK 3 1.72770480029084175e-16 -1.20790227599331191e-16
29500_2 2.99999999999999994e-16 OK 3 1.72770480029084175e-16 -1.20790227599331191e-16
29500_2 1.99999999999999996e-16 OK 3 1.72770480029084175e-16 -1.20790227599331191e-16
29500_2 9.99999999999999979e-17 FAIL InvalidInput("PRIMARY_NONCONVERGENCE")
30000_0 1.00000000000000008e-15 OK 3 1.25184810016403270e-16 1.20892980086009932e-16
30000_0 2.99999999999999994e-16 OK 3 1.25184810016403270e-16 1.20892980086009932e-16
30000_0 1.99999999999999996e-16 OK 3 1.25184810016403270e-16 1.20892980086009932e-16
30000_0 9.99999999999999979e-17 FAIL InvalidInput("PRIMARY_NONCONVERGENCE")
30000_1 1.00000000000000008e-15 OK 3 9.61754023559226971e-17 1.20893020255605899e-16
30000_1 2.99999999999999994e-16 OK 3 9.61754023559226971e-17 1.20893020255605899e-16
30000_1 1.99999999999999996e-16 OK 3 9.61754023559226971e-17 1.20893020255605899e-16
30000_1 9.99999999999999979e-17 OK 3 9.61754023559226971e-17 1.20893020255605899e-16
30000_2 1.00000000000000008e-15 OK 3 1.46084492825289239e-16 -2.41786246079762452e-16
30000_2 2.99999999999999994e-16 OK 3 1.46084492825289239e-16 -2.41786246079762452e-16
30000_2 1.99999999999999996e-16 OK 3 1.46084492825289239e-16 -2.41786246079762452e-16
30000_2 9.99999999999999979e-17 FAIL InvalidInput("PRIMARY_NONCONVERGENCE")
30500_0 1.00000000000000008e-15 OK 3 1.44049363113510054e-16 1.20995653813081866e-16
30500_0 2.99999999999999994e-16 OK 3 1.44049363113510054e-16 1.20995653813081866e-16
30500_0 1.99999999999999996e-16 OK 3 1.44049363113510054e-16 1.20995653813081866e-16
30500_0 9.99999999999999979e-17 FAIL InvalidInput("PRIMARY_NONCONVERGENCE")
30500_1 1.00000000000000008e-15 OK 3 1.12994053490753360e-16 0.00000000000000000e0
30500_1 2.99999999999999994e-16 OK 3 1.12994053490753360e-16 0.00000000000000000e0
30500_1 1.99999999999999996e-16 OK 3 1.12994053490753360e-16 0.00000000000000000e0
30500_1 9.99999999999999979e-17 FAIL InvalidInput("PRIMARY_NONCONVERGENCE")
30500_2 1.00000000000000008e-15 OK 3 1.44887312503024236e-16 1.20995796570885874e-16
30500_2 2.99999999999999994e-16 OK 3 1.44887312503024236e-16 1.20995796570885874e-16
30500_2 1.99999999999999996e-16 OK 3 1.44887312503024236e-16 1.20995796570885874e-16
30500_2 9.99999999999999979e-17 FAIL InvalidInput("PRIMARY_NONCONVERGENCE")
31000_0 1.00000000000000008e-15 OK 3 1.44340043584856862e-16 1.21098107578191332e-16
31000_0 2.99999999999999994e-16 OK 3 1.44340043584856862e-16 1.21098107578191332e-16
31000_0 1.99999999999999996e-16 OK 3 1.44340043584856862e-16 1.21098107578191332e-16
31000_0 9.99999999999999979e-17 FAIL InvalidInput("PRIMARY_NONCONVERGENCE")
31000_1 1.00000000000000008e-15 OK 3 1.15072905073667735e-16 1.21098147797184585e-16
31000_1 2.99999999999999994e-16 OK 3 1.15072905073667735e-16 1.21098147797184585e-16
31000_1 1.99999999999999996e-16 OK 3 1.15072905073667735e-16 1.21098147797184585e-16
31000_1 9.99999999999999979e-17 FAIL InvalidInput("PRIMARY_NONCONVERGENCE")
31000_2 1.00000000000000008e-15 OK 3 1.45874970112133037e-16 -2.42196500283088416e-16
31000_2 2.99999999999999994e-16 OK 3 1.45874970112133037e-16 -2.42196500283088416e-16
31000_2 1.99999999999999996e-16 OK 3 1.45874970112133037e-16 -2.42196500283088416e-16
31000_2 9.99999999999999979e-17 FAIL InvalidInput("PRIMARY_NONCONVERGENCE")
31500_0 1.00000000000000008e-15 OK 3 1.36365260298524122e-16 0.00000000000000000e0
31500_0 2.99999999999999994e-16 OK 3 1.36365260298524122e-16 0.00000000000000000e0
31500_0 1.99999999999999996e-16 OK 3 1.36365260298524122e-16 0.00000000000000000e0
31500_0 9.99999999999999979e-17 FAIL InvalidInput("PRIMARY_NONCONVERGENCE")
31500_1 1.00000000000000008e-15 OK 3 1.06552025842906179e-16 0.00000000000000000e0
31500_1 2.99999999999999994e-16 OK 3 1.06552025842906179e-16 0.00000000000000000e0
31500_1 1.99999999999999996e-16 OK 3 1.06552025842906179e-16 0.00000000000000000e0
31500_1 9.99999999999999979e-17 FAIL InvalidInput("PRIMARY_NONCONVERGENCE")
31500_2 1.00000000000000008e-15 OK 3 1.26794502058268820e-16 -1.21200485742755450e-16
31500_2 2.99999999999999994e-16 OK 3 1.26794502058268820e-16 -1.21200485742755450e-16
31500_2 1.99999999999999996e-16 OK 3 1.26794502058268820e-16 -1.21200485742755450e-16
31500_2 9.99999999999999979e-17 FAIL InvalidInput("PRIMARY_NONCONVERGENCE")
32000_0 1.00000000000000008e-15 OK 3 1.52644714533841448e-16 -1.21302363227173794e-16
32000_0 2.99999999999999994e-16 OK 3 1.52644714533841448e-16 -1.21302363227173794e-16
32000_0 1.99999999999999996e-16 OK 3 1.52644714533841448e-16 -1.21302363227173794e-16
32000_0 9.99999999999999979e-17 FAIL InvalidInput("PRIMARY_NONCONVERGENCE")
32000_1 1.00000000000000008e-15 OK 3 1.52236278058129754e-16 0.00000000000000000e0
32000_1 2.99999999999999994e-16 OK 3 1.52236278058129754e-16 0.00000000000000000e0
32000_1 1.99999999999999996e-16 OK 3 1.52236278058129754e-16 0.00000000000000000e0
32000_1 9.99999999999999979e-17 FAIL InvalidInput("PRIMARY_NONCONVERGENCE")
32000_2 1.00000000000000008e-15 OK 3 1.43921580770010843e-16 -1.21302505406663996e-16
32000_2 2.99999999999999994e-16 OK 3 1.43921580770010843e-16 -1.21302505406663996e-16
32000_2 1.99999999999999996e-16 OK 3 1.43921580770010843e-16 -1.21302505406663996e-16
32000_2 9.99999999999999979e-17 FAIL InvalidInput("PRIMARY_NONCONVERGENCE")
