1020_1 1.00000000000000008e-15 OK 3 1.55973493940354119e-16 -4.58050850777012868e-16
1020_1 2.99999999999999994e-16 OK 3 1.55973493940354119e-16 -4.58050850777012868e-16
1020_1 1.99999999999999996e-16 OK 3 1.55973493940354119e-16 -4.58050850777012868e-16
1020_1 9.99999999999999979e-17 FAIL InvalidInput("PRIMARY_NONCONVERGENCE")
12158_2 1.00000000000000008e-15 OK 3 1.64955960708630753e-16 -3.51216057856336789e-16
12158_2 2.99999999999999994e-16 OK 3 1.64955960708630753e-16 -3.51216057856336789e-16
12158_2 1.99999999999999996e-16 OK 3 1.64955960708630753e-16 -3.51216057856336789e-16
12158_2 9.99999999999999979e-17 FAIL InvalidInput("PRIMARY_NONCONVERGENCE")
10324_1 1.00000000000000008e-15 OK 3 1.77411156080827148e-16 -4.66641890843629231e-16
10324_1 2.99999999999999994e-16 OK 3 1.77411156080827148e-16 -4.66641890843629231e-16
10324_1 1.99999999999999996e-16 OK 3 1.77411156080827148e-16 -4.66641890843629231e-16
10324_1 9.99999999999999979e-17 FAIL InvalidInput("PRIMARY_NONCONVERGENCE")
12202_2 1.00000000000000008e-15 OK 3 1.77725058763680409e-16 -3.51245534685068438e-16
12202_2 2.99999999999999994e-16 OK 3 1.77725058763680409e-16 -3.51245534685068438e-16
12202_2 1.99999999999999996e-16 OK 3 1.77725058763680409e-16 -3.51245534685068438e-16
12202_2 9.99999999999999979e-17 FAIL InvalidInput("PRIMARY_NONCONVERGENCE")
14190_1 1.00000000000000008e-15 OK 3 1.56704695132071394e-16 -3.52570472459445540e-16
14190_1 2.99999999999999994e-16 OK 3 1.56704695132071394e-16 -3.52570472459445540e-16
14190_1 1.99999999999999996e-16 OK 3 1.56704695132071394e-16 -3.52570472459445540e-16
14190_1 9.99999999999999979e-17 FAIL InvalidInput("PRIMARY_NONCONVERGENCE")
11026_1 1.00000000000000008e-15 OK 3 1.71365571244562920e-16 -3.50455182538583689e-16
11026_1 2.99999999999999994e-16 OK 3 1.71365571244562920e-16 -3.50455182538583689e-16
11026_1 1.99999999999999996e-16 OK 3 1.71365571244562920e-16 -3.50455182538583689e-16
11026_1 9.99999999999999979e-17 FAIL InvalidInput("PRIMARY_NONCONVERGENCE")
14883_0 1.00000000000000008e-15 OK 3 1.36583215711808675e-16 -4.70705797714148203e-16
14883_0 2.99999999999999994e-16 OK 3 1.36583215711808675e-16 -4.70705797714148203e-16
14883_0 1.99999999999999996e-16 OK 3 1.36583215711808675e-16 -4.70705797714148203e-16
14883_0 9.99999999999999979e-17 FAIL InvalidInput("PRIMARY_NONCONVERGENCE")
3434_1 1.00000000000000008e-15 OK 3 2.04207732577374641e-16 -3.45242319303736812e-16
3434_1 2.99999999999999994e-16 OK 3 2.04207732577374641e-16 -3.45242319303736812e-16
3434_1 1.99999999999999996e-16 FAIL InvalidInput("PRIMARY_NONCONVERGENCE")
3434_1 9.99999999999999979e-17 FAIL InvalidInput("PRIMARY_NONCONVERGENCE")
7458_0 1.00000000000000008e-15 OK 3 1.49667274930239499e-16 4.64039946444367786e-16
7458_0 2.99999999999999994e-16 OK 3 1.49667274930239499e-16 4.64039946444367786e-16
7458_0 1.99999999999999996e-16 OK 3 1.49667274930239499e-16 4.64039946444367786e-16
7458_0 9.99999999999999979e-17 FAIL InvalidInput("PRIMARY_NONCONVERGENCE")
16354_2 1.00000000000000008e-15 OK 3 2.20932858360725222e-16 -3.53999029516737854e-16
16354_2 2.99999999999999994e-16 OK 3 2.20932858360725222e-16 -3.53999029516737854e-16
16354_2 1.99999999999999996e-16 FAIL InvalidInput("PRIMARY_NONCONVERGENCE")
16354_2 9.99999999999999979e-17 FAIL InvalidInput("PRIMARY_NONCONVERGENCE")
3249_2 1.00000000000000008e-15 OK 3 1.99061626652046956e-16 -3.45113095891298276e-16
3249_2 2.99999999999999994e-16 OK 3 1.99061626652046956e-16 -3.45113095891298276e-16
3249_2 1.99999999999999996e-16 OK 3 1.99061626652046956e-16 -3.45113095891298276e-16
3249_2 9.99999999999999979e-17 FAIL InvalidInput("PRIMARY_NONCONVERGENCE")
2121_1 1.00000000000000008e-15 OK 3 1.98339552539169228e-16 -3.44319544998949015e-16
2121_1 2.99999999999999994e-16 OK 3 1.98339552539169228e-16 -3.44319544998949015e-16
2121_1 1.99999999999999996e-16 OK 3 1.98339552539169228e-16 -3.44319544998949015e-16
2121_1 9.99999999999999979e-17 FAIL InvalidInput("PRIMARY_NONCONVERGENCE")
14628_2 1.00000000000000008e-15 OK 3 1.63567402352362254e-16 -4.70481441827973577e-16
14628_2 2.99999999999999994e-16 OK 3 1.63567402352362254e-16 -4.70481441827973577e-16
14628_2 1.99999999999999996e-16 OK 3 1.63567402352362254e-16 -4.70481441827973577e-16
14628_2 9.99999999999999979e-17 FAIL InvalidInput("PRIMARY_NONCONVERGENCE")
389_2 1.00000000000000008e-15 OK 3 1.30447360188520561e-16 -3.43085573091198077e-16
389_2 2.99999999999999994e-16 OK 3 1.30447360188520561e-16 -3.43085573091198077e-16
389_2 1.99999999999999996e-16 OK 3 1.30447360188520561e-16 -3.43085573091198077e-16
389_2 9.99999999999999979e-17 FAIL InvalidInput("PRIMARY_NONCONVERGENCE")
4517_1 1.00000000000000008e-15 OK 3 1.84284636700883866e-16 -4.61331039651925336e-16
4517_1 2.99999999999999994e-16 OK 3 1.84284636700883866e-16 -4.61331039651925336e-16
4517_1 1.99999999999999996e-16 OK 3 1.84284636700883866e-16 -4.61331039651925336e-16
4517_1 9.99999999999999979e-17 FAIL InvalidInput("PRIMARY_NONCONVERGENCE")
4218_2 1.00000000000000008e-15 OK 3 1.83958738247466332e-16 -3.45790348401561894e-16
4218_2 2.99999999999999994e-16 OK 3 1.83958738247466332e-16 -3.45790348401561894e-16
4218_2 1.99999999999999996e-16 OK 3 1.83958738247466332e-16 -3.45790348401561894e-16
4218_2 9.99999999999999979e-17 FAIL InvalidInput("PRIMARY_NONCONVERGENCE")
6808_2 1.00000000000000008e-15 OK 3 2.11737743138020078e-16 -4.63445289345846587e-16
6808_2 2.99999999999999994e-16 OK 3 2.11737743138020078e-16 -4.63445289345846587e-16
6808_2 1.99999999999999996e-16 FAIL InvalidInput("PRIMARY_NONCONVERGENCE")
6808_2 9.99999999999999979e-17 FAIL InvalidInput("PRIMARY_NONCONVERGENCE")
7821_0 1.00000000000000008e-15 OK 3 1.45124782149438675e-16 3.48278653429779869e-16
7821_0 2.99999999999999994e-16 OK 3 1.45124782149438675e-16 3.48278653429779869e-16
7821_0 1.99999999999999996e-16 OK 3 1.45124782149438675e-16 3.48278653429779869e-16
7821_0 9.99999999999999979e-17 FAIL InvalidInput("PRIMARY_NONCONVERGENCE")
7919_0 1.00000000000000008e-15 OK 3 1.41699699818525403e-16 3.48345716451928880e-16
7919_0 2.99999999999999994e-16 OK 3 1.41699699818525403e-16 3.48345716451928880e-16
7919_0 1.99999999999999996e-16 OK 3 1.41699699818525403e-16 3.48345716451928880e-16
7919_0 9.99999999999999979e-17 FAIL InvalidInput("PRIMARY_NONCONVERGENCE")
8896_2 1.00000000000000008e-15 OK 3 1.32718955361422768e-16 -3.49012961464339163e-16
8896_2 2.99999999999999994e-16 OK 3 1.32718955361422768e-16 -3.49012961464339163e-16
8896_2 1.99999999999999996e-16 OK 3 1.32718955361422768e-16 -3.49012961464339163e-16
8896_2 9.99999999999999979e-17 FAIL InvalidInput("PRIMARY_NONCONVERGENCE")
4230_2 1.00000000000000008e-15 OK 3 1.37289577209145762e-16 -4.61064951560682551e-16
4230_2 2.99999999999999994e-16 OK 3 1.37289577209145762e-16 -4.61064951560682551e-16
4230_2 1.99999999999999996e-16 OK 3 1.37289577209145762e-16 -4.61064951560682551e-16
4230_2 9.99999999999999979e-17 FAIL InvalidInput("PRIMARY_NONCONVERGENCE")
5772_2 1.00000000000000008e-15 OK 3 2.13659994045273231e-16 -3.46869358945345351e-16
5772_2 2.99999999999999994e-16 OK 3 2.13659994045273231e-16 -3.46869358945345351e-16
5772_2 1.99999999999999996e-16 FAIL InvalidInput("PRIMARY_NONCONVERGENCE")
5772_2 9.99999999999999979e-17 FAIL InvalidInput("PRIMARY_NONCONVERGENCE")
5749_2 1.00000000000000008e-15 OK 3 1.52939784947964704e-16 -3.46853451473486489e-16
5749_2 2.99999999999999994e-16 OK 3 1.52939784947964704e-16 -3.46853451473486489e-16
5749_2 1.99999999999999996e-16 OK 3 1.52939784947964704e-16 -3.46853451473486489e-16
5749_2 9.99999999999999979e-17 FAIL InvalidInput("PRIMARY_NONCONVERGENCE")
8773_2 1.00000000000000008e-15 OK 3 1.45671834315459588e-16 -3.48929194143756104e-16
8773_2 2.99999999999999994e-16 OK 3 1.45671834315459588e-16 -3.48929194143756104e-16
8773_2 1.99999999999999996e-16 OK 3 1.45671834315459588e-16 -3.48929194143756104e-16
8773_2 9.99999999999999979e-17 FAIL InvalidInput("PRIMARY_NONCONVERGENCE")
500_0 1.00000000000000008e-15 OK 3 1.31165980191175292e-16 0.00000000000000000e0
500_0 2.99999999999999994e-16 OK 3 1.31165980191175292e-16 0.00000000000000000e0
500_0 1.99999999999999996e-16 OK 3 1.31165980191175292e-16 0.00000000000000000e0
500_0 9.99999999999999979e-17 FAIL InvalidInput("PRIMARY_NONCONVERGENCE")
500_1 1.00000000000000008e-15 OK 3 1.27430178544485660e-16 0.00000000000000000e0
500_1 2.99999999999999994e-16 OK 3 1.27430178544485660e-16 0.00000000000000000e0
500_1 1.99999999999999996e-16 OK 3 1.27430178544485660e-16 0.00000000000000000e0
500_1 9.99999999999999979e-17 FAIL InvalidInput("PRIMARY_NONCONVERGENCE")
500_2 1.00000000000000008e-15 OK 3 1.57691545309141891e-16 -1.14388531567554098e-16
500_2 2.99999999999999994e-16 OK 3 1.57691545309141891e-16 -1.14388531567554098e-16
500_2 1.99999999999999996e-16 OK 3 1.57691545309141891e-16 -1.14388531567554098e-16
500_2 9.99999999999999979e-17 FAIL InvalidInput("PRIMARY_NONCONVERGENCE")
1000_0 1.00000000000000008e-15 OK 3 1.53602940534905561e-16 0.00000000000000000e0
1000_0 2.99999999999999994e-16 OK 3 1.53602940534905561e-16 0.00000000000000000e0
1000_0 1.99999999999999996e-16 OK 3 1.53602940534905561e-16 0.00000000000000000e0
1000_0 9.99999999999999979e-17 FAIL InvalidInput("PRIMARY_NONCONVERGENCE")
1000_1 1.00000000000000008e-15 OK 3 1.76267687278954346e-16 -1.14507949996539968e-16
1000_1 2.99999999999999994e-16 OK 3 1.76267687278954346e-16 -1.14507949996539968e-16
1000_1 1.99999999999999996e-16 OK 3 1.76267687278954346e-16 -1.14507949996539968e-16
1000_1 9.99999999999999979e-17 FAIL InvalidInput("PRIMARY_NONCONVERGENCE")
1000_2 1.00000000000000008e-15 OK 3 1.52848245532296670e-16 -1.14508069080234223e-16
1000_2 2.99999999999999994e-16 OK 3 1.52848245532296670e-16 -1.14508069080234223e-16
1000_2 1.99999999999999996e-16 OK 3 1.52848245532296670e-16 -1.14508069080234223e-16
1000_2 9.99999999999999979e-17 FAIL InvalidInput("PRIMARY_NONCONVERGENCE")
1500_0 1.00000000000000008e-15 OK 3 1.88590498538557995e-16 1.14626610985759152e-16
1500_0 2.99999999999999994e-16 OK 3 1.88590498538557995e-16 1.14626610985759152e-16
1500_0 1.99999999999999996e-16 OK 3 1.88590498538557995e-16 1.14626610985759152e-16
1500_0 9.99999999999999979e-17 FAIL InvalidInput("PRIMARY_NONCONVERGENCE")
1500_1 1.00000000000000008e-15 OK 3 1.90324910750278687e-16 0.00000000000000000e0
1500_1 2.99999999999999994e-16 OK 3 1.90324910750278687e-16 0.00000000000000000e0
1500_1 1.99999999999999996e-16 OK 3 1.90324910750278687e-16 0.00000000000000000e0
1500_1 9.99999999999999979e-17 FAIL InvalidInput("PRIMARY_NONCONVERGENCE")
1500_2 1.00000000000000008e-15 OK 3 1.65433862717486366e-16 -1.14626766839970376e-16
1500_2 2.99999999999999994e-16 OK 3 1.65433862717486366e-16 -1.14626766839970376e-16
1500_2 1.99999999999999996e-16 OK 3 1.65433862717486366e-16 -1.14626766839970376e-16
1500_2 9.99999999999999979e-17 FAIL InvalidInput("PRIMARY_NONCONVERGENCE")
2000_0 1.00000000000000008e-15 OK 3 1.71178259050801928e-16 1.14744656968545016e-16
2000_0 2.99999999999999994e-16 OK 3 1.71178259050801928e-16 1.14744656968545016e-16
2000_0 1.99999999999999996e-16 OK 3 1.71178259050801928e-16 1.14744656968545016e-16
2000_0 9.99999999999999979e-17 FAIL InvalidInput("PRIMARY_NONCONVERGENCE")
2000_1 1.00000000000000008e-15 OK 3 1.67662435031945146e-16 0.00000000000000000e0
2000_1 2.99999999999999994e-16 OK 3 1.67662435031945146e-16 0.00000000000000000e0
2000_1 1.99999999999999996e-16 OK 3 1.67662435031945146e-16 0.00000000000000000e0
2000_1 9.99999999999999979e-17 FAIL InvalidInput("PRIMARY_NONCONVERGENCE")
2000_2 1.00000000000000008e-15 OK 3 1.05210176502619275e-16 1.14744812561164516e-16
2000_2 2.99999999999999994e-16 OK 3 1.05210176502619275e-16 1.14744812561164516e-16
2000_2 1.99999999999999996e-16 OK 3 1.05210176502619275e-16 1.14744812561164516e-16
2000_2 9.99999999999999979e-17 FAIL InvalidInput("PRIMARY_NONCONVERGENCE")
2500_0 1.00000000000000008e-15 OK 3 1.22795155642274874e-16 2.29724399140702750e-16
2500_0 2.99999999999999994e-16 OK 3 1.22795155642274874e-16 2.29724399140702750e-16
2500_0 1.99999999999999996e-16 OK 3 1.22795155642274874e-16 2.29724399140702750e-16
2500_0 9.99999999999999979e-17 FAIL InvalidInput("PRIMARY_NONCONVERGENCE")
2500_1 1.00000000000000008e-15 OK 3 1.67705445873722789e-16 0.00000000000000000e0
2500_1 2.99999999999999994e-16 OK 3 1.67705445873722789e-16 0.00000000000000000e0
2500_1 1.99999999999999996e-16 OK 3 1.67705445873722789e-16 0.00000000000000000e0
2500_1 9.99999999999999979e-17 FAIL InvalidInput("PRIMARY_NONCONVERGENCE")
2500_2 1.00000000000000008e-15 OK 3 2.03875945142300239e-16 2.29724709810176453e-16
2500_2 2.99999999999999994e-16 OK 3 2.03875945142300239e-16 2.29724709810176453e-16
2500_2 1.99999999999999996e-16 FAIL InvalidInput("PRIMARY_NONCONVERGENCE")
2500_2 9.99999999999999979e-17 FAIL InvalidInput("PRIMARY_NONCONVERGENCE")
3000_0 1.00000000000000008e-15 OK 3 1.32935399846173244e-16 1.14979339387088127e-16
3000_0 2.99999999999999994e-16 OK 3 1.32935399846173244e-16 1.14979339387088127e-16
3000_0 1.99999999999999996e-16 OK 3 1.32935399846173244e-16 1.14979339387088127e-16
3000_0 9.99999999999999979e-17 FAIL InvalidInput("PRIMARY_NONCONVERGENCE")
3000_1 1.00000000000000008e-15 OK 3 1.73067666258854171e-16 0.00000000000000000e0
3000_1 2.99999999999999994e-16 OK 3 1.73067666258854171e-16 0.00000000000000000e0
3000_1 1.99999999999999996e-16 OK 3 1.73067666258854171e-16 0.00000000000000000e0
3000_1 9.99999999999999979e-17 FAIL InvalidInput("PRIMARY_NONCONVERGENCE")
3000_2 1.00000000000000008e-15 OK 3 1.44810850251052592e-16 -1.14979494466620932e-16
3000_2 2.99999999999999994e-16 OK 3 1.44810850251052592e-16 -1.14979494466620932e-16
3000_2 1.99999999999999996e-16 OK 3 1.44810850251052592e-16 -1.14979494466620932e-16
3000_2 9.99999999999999979e-17 FAIL InvalidInput("PRIMARY_NONCONVERGENCE")
3500_0 1.00000000000000008e-15 OK 3 1.11937945078497553e-16 0.00000000000000000e0
3500_0 2.99999999999999994e-16 OK 3 1.11937945078497553e-16 0.00000000000000000e0
3500_0 1.99999999999999996e-16 OK 3 1.11937945078497553e-16 0.00000000000000000e0
3500_0 9.99999999999999979e-17 FAIL InvalidInput("PRIMARY_NONCONVERGENCE")
3500_1 1.00000000000000008e-15 OK 3 1.35504519253480324e-16 0.00000000000000000e0
3500_1 2.99999999999999994e-16 OK 3 1.35504519253480324e-16 0.00000000000000000e0
3500_1 1.99999999999999996e-16 OK 3 1.35504519253480324e-16 0.00000000000000000e0
3500_1 9.99999999999999979e-17 FAIL InvalidInput("PRIMARY_NONCONVERGENCE")
3500_2 1.00000000000000008e-15 OK 3 1.70923750933968580e-16 -1.15096287856945128e-16
3500_2 2.99999999999999994e-16 OK 3 1.70923750933968580e-16 -1.15096287856945128e-16
3500_2 1.99999999999999996e-16 OK 3 1.70923750933968580e-16 -1.15096287856945128e-16
3500_2 9.99999999999999979e-17 FAIL InvalidInput("PRIMARY_NONCONVERGENCE")
4000_0 1.00000000000000008e-15 OK 3 1.57052258079151745e-16 -1.15212608109370793e-16
4000_0 2.99999999999999994e-16 OK 3 1.57052258079151745e-16 -1.15212608109370793e-16
4000_0 1.99999999999999996e-16 OK 3 1.57052258079151745e-16 -1.15212608109370793e-16
4000_0 9.99999999999999979e-17 FAIL InvalidInput("PRIMARY_NONCONVERGENCE")
4000_1 1.00000000000000008e-15 OK 3 1.22121391508576226e-16 -1.15212646364066298e-16
4000_1 2.99999999999999994e-16 OK 3 1.22121391508576226e-16 -1.15212646364066298e-16
4000_1 1.99999999999999996e-16 OK 3 1.22121391508576226e-16 -1.15212646364066298e-16
4000_1 9.99999999999999979e-17 FAIL InvalidInput("PRIMARY_NONCONVERGENCE")
4000_2 1.00000000000000008e-15 OK 3 2.15139052157003652e-16 0.00000000000000000e0
4000_2 2.99999999999999994e-16 OK 3 2.15139052157003652e-16 0.00000000000000000e0
4000_2 1.99999999999999996e-16 FAIL InvalidInput("PRIMARY_NONCONVERGENCE")
4000_2 9.99999999999999979e-17 FAIL InvalidInput("PRIMARY_NONCONVERGENCE")
4500_0 1.00000000000000008e-15 OK 3 1.37009657307358855e-16 0.00000000000000000e0
4500_0 2.99999999999999994e-16 OK 3 1.37009657307358855e-16 0.00000000000000000e0
4500_0 1.99999999999999996e-16 OK 3 1.37009657307358855e-16 0.00000000000000000e0
4500_0 9.99999999999999979e-17 FAIL InvalidInput("PRIMARY_NONCONVERGENCE")
4500_1 1.00000000000000008e-15 OK 3 1.84522927440408835e-16 -1.15328815462294957e-16
4500_1 2.99999999999999994e-16 OK 3 1.84522927440408835e-16 -1.15328815462294957e-16
4500_1 1.99999999999999996e-16 OK 3 1.84522927440408835e-16 -1.15328815462294957e-16
4500_1 9.99999999999999979e-17 FAIL InvalidInput("PRIMARY_NONCONVERGENCE")
4500_2 1.00000000000000008e-15 OK 3 1.21837503855421576e-16 1.15328931480498192e-16
4500_2 2.99999999999999994e-16 OK 3 1.21837503855421576e-16 1.15328931480498192e-16
4500_2 1.99999999999999996e-16 OK 3 1.21837503855421576e-16 1.15328931480498192e-16
4500_2 9.99999999999999979e-17 FAIL InvalidInput("PRIMARY_NONCONVERGENCE")
5000_0 1.00000000000000008e-15 OK 3 1.05262162438192416e-16 -2.30889292209714047e-16
5000_0 2.99999999999999994e-16 OK 3 1.05262162438192416e-16 -2.30889292209714047e-16
5000_0 1.99999999999999996e-16 OK 3 1.05262162438192416e-16 -2.30889292209714047e-16
5000_0 9.99999999999999979e-17 FAIL InvalidInput("PRIMARY_NONCONVERGENCE")
5000_1 1.00000000000000008e-15 OK 3 1.48563304827903104e-16 -1.15444684462957821e-16
5000_1 2.99999999999999994e-16 OK 3 1.48563304827903104e-16 -1.15444684462957821e-16
5000_1 1.99999999999999996e-16 OK 3 1.48563304827903104e-16 -1.15444684462957821e-16
5000_1 9.99999999999999979e-17 FAIL InvalidInput("PRIMARY_NONCONVERGENCE")
5000_2 1.00000000000000008e-15 OK 3 1.76556370271447818e-16 0.00000000000000000e0
5000_2 2.99999999999999994e-16 OK 3 1.76556370271447818e-16 0.00000000000000000e0
5000_2 1.99999999999999996e-16 OK 3 1.76556370271447818e-16 0.00000000000000000e0
5000_2 9.99999999999999979e-17 FAIL InvalidInput("PRIMARY_NONCONVERGENCE")
5500_0 1.00000000000000008e-15 OK 3 1.38526178270124968e-16 0.00000000000000000e0
5500_0 2.99999999999999994e-16 OK 3 1.38526178270124968e-16 0.00000000000000000e0
5500_0 1.99999999999999996e-16 OK 3 1.38526178270124968e-16 0.00000000000000000e0
5500_0 9.99999999999999979e-17 FAIL InvalidInput("PRIMARY_NONCONVERGENCE")
5500_1 1.00000000000000008e-15 OK 3 1.22627607635136354e-16 -1.15560256760421135e-16
5500_1 2.99999999999999994e-16 OK 3 1.22627607635136354e-16 -1.15560256760421135e-16
5500_1 1.99999999999999996e-16 OK 3 1.22627607635136354e-16 -1.15560256760421135e-16
5500_1 9.99999999999999979e-17 FAIL InvalidInput("PRIMARY_NONCONVERGENCE")
5500_2 1.00000000000000008e-15 OK 3 1.38170217898679844e-16 0.00000000000000000e0
5500_2 2.99999999999999994e-16 OK 3 1.38170217898679844e-16 0.00000000000000000e0
5500_2 1.99999999999999996e-16 OK 3 1.38170217898679844e-16 0.00000000000000000e0
5500_2 9.99999999999999979e-17 FAIL InvalidInput("PRIMARY_NONCONVERGENCE")
6000_0 1.00000000000000008e-15 OK 3 1.08243711570805591e-16 1.15675496376186817e-16
6000_0 2.99999999999999994e-16 OK 3 1.08243711570805591e-16 1.15675496376186817e-16
6000_0 1.99999999999999996e-16 OK 3 1.08243711570805591e-16 1.15675496376186817e-16
6000_0 9.99999999999999979e-17 FAIL InvalidInput("PRIMARY_NONCONVERGENCE")
6000_1 1.00000000000000008e-15 OK 3 1.72094363853003570e-16 0.00000000000000000e0
6000_1 2.99999999999999994e-16 OK 3 1.72094363853003570e-16 0.00000000000000000e0
6000_1 1.99999999999999996e-16 OK 3 1.72094363853003570e-16 0.00000000000000000e0
6000_1 9.99999999999999979e-17 FAIL InvalidInput("PRIMARY_NONCONVERGENCE")
6000_2 1.00000000000000008e-15 OK 3 1.67144526774180755e-16 -1.15675649963444612e-16
6000_2 2.99999999999999994e-16 OK 3 1.67144526774180755e-16 -1.15675649963444612e-16
6000_2 1.99999999999999996e-16 OK 3 1.67144526774180755e-16 -1.15675649963444612e-16
6000_2 9.99999999999999979e-17 FAIL InvalidInput("PRIMARY_NONCONVERGENCE")
6500_0 1.00000000000000008e-15 OK 3 1.63667839028921371e-16 1.15790482314198350e-16
6500_0 2.99999999999999994e-16 OK 3 1.63667839028921371e-16 1.15790482314198350e-16
6500_0 1.99999999999999996e-16 OK 3 1.63667839028921371e-16 1.15790482314198350e-16
6500_0 9.99999999999999979e-17 FAIL InvalidInput("PRIMARY_NONCONVERGENCE")
6500_1 1.00000000000000008e-15 OK 3 1.72943814616505856e-16 1.15790520817712836e-16
6500_1 2.99999999999999994e-16 OK 3 1.72943814616505856e-16 1.15790520817712836e-16
6500_1 1.99999999999999996e-16 OK 3 1.72943814616505856e-16 1.15790520817712836e-16
6500_1 9.99999999999999979e-17 FAIL InvalidInput("PRIMARY_NONCONVERGENCE")
6500_2 1.00000000000000008e-15 OK 3 1.55429227996599609e-16 -2.31581271316366351e-16
6500_2 2.99999999999999994e-16 OK 3 1.55429227996599609e-16 -2.31581271316366351e-16
6500_2 1.99999999999999996e-16 OK 3 1.55429227996599609e-16 -2.31581271316366351e-16
6500_2 9.99999999999999979e-17 FAIL InvalidInput("PRIMARY_NONCONVERGENCE")
7000_0 1.00000000000000008e-15 OK 3 1.29300713497701620e-16 0.00000000000000000e0
7000_0 2.99999999999999994e-16 OK 3 1.29300713497701620e-16 0.00000000000000000e0
7000_0 1.99999999999999996e-16 OK 3 1.29300713497701620e-16 0.00000000000000000e0
7000_0 9.99999999999999979e-17 FAIL InvalidInput("PRIMARY_NONCONVERGENCE")
7000_1 1.00000000000000008e-15 OK 3 1.45323915833715781e-16 1.15905216709710731e-16
7000_1 2.99999999999999994e-16 OK 3 1.45323915833715781e-16 1.15905216709710731e-16
7000_1 1.99999999999999996e-16 OK 3 1.45323915833715781e-16 1.15905216709710731e-16
7000_1 9.99999999999999979e-17 FAIL InvalidInput("PRIMARY_NONCONVERGENCE")
7000_2 1.00000000000000008e-15 OK 3 1.24207229250713837e-16 0.00000000000000000e0
7000_2 2.99999999999999994e-16 OK 3 1.24207229250713837e-16 0.00000000000000000e0
7000_2 1.99999999999999996e-16 OK 3 1.24207229250713837e-16 0.00000000000000000e0
7000_2 9.99999999999999979e-17 FAIL InvalidInput("PRIMARY_NONCONVERGENCE")
7500_0 1.00000000000000008e-15 OK 3 1.02398077147807057e-16 -1.16019585812033286e-16
7500_0 2.99999999999999994e-16 OK 3 1.02398077147807057e-16 -1.16019585812033286e-16
7500_0 1.99999999999999996e-16 OK 3 1.02398077147807057e-16 -1.16019585812033286e-16
7500_0 9.99999999999999979e-17 FAIL InvalidInput("PRIMARY_NONCONVERGENCE")
7500_1 1.00000000000000008e-15 OK 3 1.48249692310879965e-16 0.00000000000000000e0
7500_1 2.99999999999999994e-16 OK 3 1.48249692310879965e-16 0.00000000000000000e0
7500_1 1.99999999999999996e-16 OK 3 1.48249692310879965e-16 0.00000000000000000e0
7500_1 9.99999999999999979e-17 FAIL InvalidInput("PRIMARY_NONCONVERGENCE")
7500_2 1.00000000000000008e-15 OK 3 1.31811851861054421e-16 1.16019738673469579e-16
7500_2 2.99999999999999994e-16 OK 3 1.31811851861054421e-16 1.16019738673469579e-16
7500_2 1.99999999999999996e-16 OK 3 1.31811851861054421e-16 1.16019738673469579e-16
7500_2 9.99999999999999979e-17 FAIL InvalidInput("PRIMARY_NONCONVERGENCE")
8000_0 1.00000000000000008e-15 OK 3 1.06106903141856457e-16 0.00000000000000000e0
8000_0 2.99999999999999994e-16 OK 3 1.06106903141856457e-16 0.00000000000000000e0
8000_0 1.99999999999999996e-16 OK 3 1.06106903141856457e-16 0.00000000000000000e0
8000_0 9.99999999999999979e-17 FAIL InvalidInput("PRIMARY_NONCONVERGENCE")
8000_1 1.00000000000000008e-15 OK 3 1.31214757365226218e-16 -1.16133745746301161e-16
8000_1 2.99999999999999994e-16 OK 3 1.31214757365226218e-16 -1.16133745746301161e-16
8000_1 1.99999999999999996e-16 OK 3 1.31214757365226218e-16 -1.16133745746301161e-16
8000_1 9.99999999999999979e-17 FAIL InvalidInput("PRIMARY_NONCONVERGENCE")
8000_2 1.00000000000000008e-15 OK 3 1.40198812243110609e-16 0.00000000000000000e0
8000_2 2.99999999999999994e-16 OK 3 1.40198812243110609e-16 0.00000000000000000e0
8000_2 1.99999999999999996e-16 OK 3 1.40198812243110609e-16 0.00000000000000000e0
8000_2 9.99999999999999979e-17 FAIL InvalidInput("PRIMARY_NONCONVERGENCE")
8500_0 1.00000000000000008e-15 OK 3 1.01110455117952292e-16 -1.16247543796280215e-16
8500_0 2.99999999999999994e-16 OK 3 1.01110455117952292e-16 -1.16247543796280215e-16
8500_0 1.99999999999999996e-16 OK 3 1.01110455117952292e-16 -1.16247543796280215e-16
8500_0 9.99999999999999979e-17 FAIL InvalidInput("PRIMARY_NONCONVERGENCE")
8500_1 1.00000000000000008e-15 OK 3 1.39205206996220753e-16 -1.16247582485211158e-16
8500_1 2.99999999999999994e-16 OK 3 1.39205206996220753e-16 -1.16247582485211158e-16
8500_1 1.99999999999999996e-16 OK 3 1.39205206996220753e-16 -1.16247582485211158e-16
8500_1 9.99999999999999979e-17 FAIL InvalidInput("PRIMARY_NONCONVERGENCE")
8500_2 1.00000000000000008e-15 OK 3 1.04573702356618765e-16 0.00000000000000000e0
8500_2 2.99999999999999994e-16 OK 3 1.04573702356618765e-16 0.00000000000000000e0
8500_2 1.99999999999999996e-16 OK 3 1.04573702356618765e-16 0.00000000000000000e0
8500_2 9.99999999999999979e-17 FAIL InvalidInput("PRIMARY_NONCONVERGENCE")
9000_0 1.00000000000000008e-15 OK 3 1.63419996380868673e-16 -2.32722195192980830e-16
9000_0 2.99999999999999994e-16 OK 3 1.63419996380868673e-16 -2.32722195192980830e-16
9000_0 1.99999999999999996e-16 OK 3 1.63419996380868673e-16 -2.32722195192980830e-16
9000_0 9.99999999999999979e-17 FAIL InvalidInput("PRIMARY_NONCONVERGENCE")
9000_1 1.00000000000000008e-15 OK 3 1.50782673420028598e-16 0.00000000000000000e0
9000_1 2.99999999999999994e-16 OK 3 1.50782673420028598e-16 0.00000000000000000e0
9000_1 1.99999999999999996e-16 OK 3 1.50782673420028598e-16 0.00000000000000000e0
9000_1 9.99999999999999979e-17 FAIL InvalidInput("PRIMARY_NONCONVERGENCE")
9000_2 1.00000000000000008e-15 OK 3 1.02237682044353087e-16 0.00000000000000000e0
9000_2 2.99999999999999994e-16 OK 3 1.02237682044353087e-16 0.00000000000000000e0
9000_2 1.99999999999999996e-16 OK 3 1.02237682044353087e-16 0.00000000000000000e0
9000_2 9.99999999999999979e-17 FAIL InvalidInput("PRIMARY_NONCONVERGENCE")
9500_0 1.00000000000000008e-15 OK 3 1.72554760635768833e-16 1.16474370150686237e-16
9500_0 2.99999999999999994e-16 OK 3 1.72554760635768833e-16 1.16474370150686237e-16
9500_0 1.99999999999999996e-16 OK 3 1.72554760635768833e-16 1.16474370150686237e-16
9500_0 9.99999999999999979e-17 FAIL InvalidInput("PRIMARY_NONCONVERGENCE")
9500_1 1.00000000000000008e-15 OK 3 1.23200166006942420e-16 1.16474408928946457e-16
9500_1 2.99999999999999994e-16 OK 3 1.23200166006942420e-16 1.16474408928946457e-16
9500_1 1.99999999999999996e-16 OK 3 1.23200166006942420e-16 1.16474408928946457e-16
9500_1 9.99999999999999979e-17 FAIL InvalidInput("PRIMARY_NONCONVERGENCE")
9500_2 1.00000000000000008e-15 OK 3 1.38611956237004469e-16 -1.16474522061317381e-16
9500_2 2.99999999999999994e-16 OK 3 1.38611956237004469e-16 -1.16474522061317381e-16
9500_2 1.99999999999999996e-16 OK 3 1.38611956237004469e-16 -1.16474522061317381e-16
9500_2 9.99999999999999979e-17 FAIL InvalidInput("PRIMARY_NONCONVERGENCE")
10000_0 1.00000000000000008e-15 OK 3 1.05919184359128343e-16 -2.33174726104611345e-16
10000_0 2.99999999999999994e-16 OK 3 1.05919184359128343e-16 -2.33174726104611345e-16
10000_0 1.99999999999999996e-16 OK 3 1.05919184359128343e-16 -2.33174726104611345e-16
10000_0 9.99999999999999979e-17 FAIL InvalidInput("PRIMARY_NONCONVERGENCE")
10000_1 1.00000000000000008e-15 OK 3 1.70471332438789244e-16 -2.33174803748799475e-16
10000_1 2.99999999999999994e-16 OK 3 1.70471332438789244e-16 -2.33174803748799475e-16
10000_1 1.99999999999999996e-16 OK 3 1.70471332438789244e-16 -2.33174803748799475e-16
10000_1 9.99999999999999979e-17 FAIL InvalidInput("PRIMARY_NONCONVERGENCE")
10000_2 1.00000000000000008e-15 OK 3 1.76569510975446642e-16 2.33175029455795905e-16
10000_2 2.99999999999999994e-16 OK 3 1.76569510975446642e-16 2.33175029455795905e-16
10000_2 1.99999999999999996e-16 OK 3 1.76569510975446642e-16 2.33175029455795905e-16
10000_2 9.99999999999999979e-17 FAIL InvalidInput("PRIMARY_NONCONVERGENCE")
10500_0 1.00000000000000008e-15 OK 3 1.78832870695177549e-16 -1.16700077844321726e-16
10500_0 2.99999999999999994e-16 OK 3 1.78832870695177549e-16 -1.16700077844321726e-16
10500_0 1.99999999999999996e-16 OK 3 1.78832870695177549e-16 -1.16700077844321726e-16
10500_0 9.99999999999999979e-17 FAIL InvalidInput("PRIMARY_NONCONVERGENCE")
10500_1 1.00000000000000008e-15 OK 3 1.62074142099822333e-16 0.00000000000000000e0
10500_1 2.99999999999999994e-16 OK 3 1.62074142099822333e-16 0.00000000000000000e0
10500_1 1.99999999999999996e-16 OK 3 1.62074142099822333e-16 0.00000000000000000e0
10500_1 9.99999999999999979e-17 FAIL InvalidInput("PRIMARY_NONCONVERGENCE")
10500_2 1.00000000000000008e-15 OK 3 1.53825070374695743e-16 0.00000000000000000e0
10500_2 2.99999999999999994e-16 OK 3 1.53825070374695743e-16 0.00000000000000000e0
10500_2 1.99999999999999996e-16 OK 3 1.53825070374695743e-16 0.00000000000000000e0
10500_2 9.99999999999999979e-17 FAIL InvalidInput("PRIMARY_NONCONVERGENCE")
11000_0 1.00000000000000008e-15 OK 3 1.72149314538693294e-16 -1.16812516022526174e-16
11000_0 2.99999999999999994e-16 OK 3 1.72149314538693294e-16 -1.16812516022526174e-16
11000_0 1.99999999999999996e-16 OK 3 1.72149314538693294e-16 -1.16812516022526174e-16
11000_0 9.99999999999999979e-17 FAIL InvalidInput("PRIMARY_NONCONVERGENCE")
11000_1 1.00000000000000008e-15 OK 3 1.65849143104109168e-16 -1.16812554930645570e-16
11000_1 2.99999999999999994e-16 OK 3 1.65849143104109168e-16 -1.16812554930645570e-16
11000_1 1.99999999999999996e-16 OK 3 1.65849143104109168e-16 -1.16812554930645570e-16
11000_1 9.99999999999999979e-17 FAIL InvalidInput("PRIMARY_NONCONVERGENCE")
11000_2 1.00000000000000008e-15 OK 3 1.21033922108272456e-16 0.00000000000000000e0
11000_2 2.99999999999999994e-16 OK 3 1.21033922108272456e-16 0.00000000000000000e0
11000_2 1.99999999999999996e-16 OK 3 1.21033922108272456e-16 0.00000000000000000e0
11000_2 9.99999999999999979e-17 FAIL InvalidInput("PRIMARY_NONCONVERGENCE")
11500_0 1.00000000000000008e-15 OK 3 1.75402262310942446e-16 -3.50774037116479189e-16
11500_0 2.99999999999999994e-16 OK 3 1.75402262310942446e-16 -3.50774037116479189e-16
11500_0 1.99999999999999996e-16 OK 3 1.75402262310942446e-16 -3.50774037116479189e-16
11500_0 9.99999999999999979e-17 FAIL InvalidInput("PRIMARY_NONCONVERGENCE")
11500_1 1.00000000000000008e-15 OK 3 1.15306829621619068e-16 0.00000000000000000e0
11500_1 2.99999999999999994e-16 OK 3 1.15306829621619068e-16 0.00000000000000000e0
11500_1 1.99999999999999996e-16 OK 3 1.15306829621619068e-16 0.00000000000000000e0
11500_1 9.99999999999999979e-17 FAIL InvalidInput("PRIMARY_NONCONVERGENCE")
11500_2 1.00000000000000008e-15 OK 3 1.66699872289000736e-16 -2.33849660029918147e-16
11500_2 2.99999999999999994e-16 OK 3 1.66699872289000736e-16 -2.33849660029918147e-16
11500_2 1.99999999999999996e-16 OK 3 1.66699872289000736e-16 -2.33849660029918147e-16
11500_2 9.99999999999999979e-17 FAIL InvalidInput("PRIMARY_NONCONVERGENCE")
12000_0 1.00000000000000008e-15 OK 3 1.21068558531989982e-16 -2.34073136609120055e-16
12000_0 2.99999999999999994e-16 OK 3 1.21068558531989982e-16 -2.34073136609120055e-16
12000_0 1.99999999999999996e-16 OK 3 1.21068558531989982e-16 -2.34073136609120055e-16
12000_0 9.99999999999999979e-17 FAIL InvalidInput("PRIMARY_NONCONVERGENCE")
12000_1 1.00000000000000008e-15 OK 3 1.28652495765772326e-16 -1.17036607296540786e-16
12000_1 2.99999999999999994e-16 OK 3 1.28652495765772326e-16 -1.17036607296540786e-16
12000_1 1.99999999999999996e-16 OK 3 1.28652495765772326e-16 -1.17036607296540786e-16
12000_1 9.99999999999999979e-17 FAIL InvalidInput("PRIMARY_NONCONVERGENCE")
12000_2 1.00000000000000008e-15 OK 3 1.80151016650853376e-16 0.00000000000000000e0
12000_2 2.99999999999999994e-16 OK 3 1.80151016650853376e-16 0.00000000000000000e0
12000_2 1.99999999999999996e-16 OK 3 1.80151016650853376e-16 0.00000000000000000e0
12000_2 9.99999999999999979e-17 FAIL InvalidInput("PRIMARY_NONCONVERGENCE")
12500_0 1.00000000000000008e-15 OK 3 1.46624567913728623e-16 1.17148185193828150e-16
12500_0 2.99999999999999994e-16 OK 3 1.46624567913728623e-16 1.17148185193828150e-16
12500_0 1.99999999999999996e-16 OK 3 1.46624567913728623e-16 1.17148185193828150e-16
12500_0 9.99999999999999979e-17 FAIL InvalidInput("PRIMARY_NONCONVERGENCE")
12500_1 1.00000000000000008e-15 OK 3 1.38650689629334099e-16 0.00000000000000000e0
12500_1 2.99999999999999994e-16 OK 3 1.38650689629334099e-16 0.00000000000000000e0
12500_1 1.99999999999999996e-16 OK 3 1.38650689629334099e-16 0.00000000000000000e0
12500_1 9.99999999999999979e-17 FAIL InvalidInput("PRIMARY_NONCONVERGENCE")
12500_2 1.00000000000000008e-15 OK 3 1.25714368236349889e-16 -1.17148335707993585e-16
12500_2 2.99999999999999994e-16 OK 3 1.25714368236349889e-16 -1.17148335707993585e-16
12500_2 1.99999999999999996e-16 OK 3 1.25714368236349889e-16 -1.17148335707993585e-16
12500_2 9.99999999999999979e-17 FAIL InvalidInput("PRIMARY_NONCONVERGENCE")
13000_0 1.00000000000000008e-15 OK 3 1.19391774415616258e-16 -2.34519062093688497e-16
13000_0 2.99999999999999994e-16 OK 3 1.19391774415616258e-16 -2.34519062093688497e-16
13000_0 1.99999999999999996e-16 OK 3 1.19391774415616258e-16 -2.34519062093688497e-16
13000_0 9.99999999999999979e-17 FAIL InvalidInput("PRIMARY_NONCONVERGENCE")
13000_1 1.00000000000000008e-15 OK 3 1.33169037485056562e-16 -1.17259570120553561e-16
13000_1 2.99999999999999994e-16 OK 3 1.33169037485056562e-16 -1.17259570120553561e-16
13000_1 1.99999999999999996e-16 OK 3 1.33169037485056562e-16 -1.17259570120553561e-16
13000_1 9.99999999999999979e-17 FAIL InvalidInput("PRIMARY_NONCONVERGENCE")
13000_2 1.00000000000000008e-15 OK 3 1.05626533418684433e-16 1.17259681331232867e-16
13000_2 2.99999999999999994e-16 OK 3 1.05626533418684433e-16 1.17259681331232867e-16
13000_2 1.99999999999999996e-16 OK 3 1.05626533418684433e-16 1.17259681331232867e-16
13000_2 9.99999999999999979e-17 FAIL InvalidInput("PRIMARY_NONCONVERGENCE")
13500_0 1.00000000000000008e-15 OK 3 1.81918195588086250e-16 0.00000000000000000e0
13500_0 2.99999999999999994e-16 OK 3 1.81918195588086250e-16 0.00000000000000000e0
13500_0 1.99999999999999996e-16 OK 3 1.81918195588086250e-16 0.00000000000000000e0
13500_0 9.99999999999999979e-17 FAIL InvalidInput("PRIMARY_NONCONVERGENCE")
13500_1 1.00000000000000008e-15 OK 3 2.05344025451983072e-16 -1.17370646287084478e-16
13500_1 2.99999999999999994e-16 OK 3 2.05344025451983072e-16 -1.17370646287084478e-16
13500_1 1.99999999999999996e-16 FAIL InvalidInput("PRIMARY_NONCONVERGENCE")
13500_1 9.99999999999999979e-17 FAIL InvalidInput("PRIMARY_NONCONVERGENCE")
13500_2 1.00000000000000008e-15 OK 3 1.69878956935098606e-16 -1.17370757228682862e-16
13500_2 2.99999999999999994e-16 OK 3 1.69878956935098606e-16 -1.17370757228682862e-16
13500_2 1.99999999999999996e-16 OK 3 1.69878956935098606e-16 -1.17370757228682862e-16
13500_2 9.99999999999999979e-17 FAIL InvalidInput("PRIMARY_NONCONVERGENCE")
14000_0 1.00000000000000008e-15 OK 3 9.63463519989903407e-17 -1.17481414855743131e-16
14000_0 2.99999999999999994e-16 OK 3 9.63463519989903407e-17 -1.17481414855743131e-16
14000_0 1.99999999999999996e-16 OK 3 9.63463519989903407e-17 -1.17481414855743131e-16
14000_0 9.99999999999999979e-17 OK 3 9.63463519989903407e-17 -1.17481414855743131e-16
14000_1 1.00000000000000008e-15 OK 3 1.58212094767655100e-16 2.34962908018159188e-16
14000_1 2.99999999999999994e-16 OK 3 1.58212094767655100e-16 2.34962908018159188e-16
14000_1 1.99999999999999996e-16 OK 3 1.58212094767655100e-16 2.34962908018159188e-16
14000_1 9.99999999999999979e-17 FAIL InvalidInput("PRIMARY_NONCONVERGENCE")
14000_2 1.00000000000000008e-15 OK 3 1.42044209291748790e-16 -1.17481564682867096e-16
14000_2 2.99999999999999994e-16 OK 3 1.42044209291748790e-16 -1.17481564682867096e-16
14000_2 1.99999999999999996e-16 OK 3 1.42044209291748790e-16 -1.17481564682867096e-16
14000_2 9.99999999999999979e-17 FAIL InvalidInput("PRIMARY_NONCONVERGENCE")
14500_0 1.00000000000000008e-15 OK 3 1.48528642829007030e-16 0.00000000000000000e0
14500_0 2.99999999999999994e-16 OK 3 1.48528642829007030e-16 0.00000000000000000e0
14500_0 1.99999999999999996e-16 OK 3 1.48528642829007030e-16 0.00000000000000000e0
14500_0 9.99999999999999979e-17 FAIL InvalidInput("PRIMARY_NONCONVERGENCE")
14500_1 1.00000000000000008e-15 OK 3 1.58904468389451308e-16 -2.35183989090645698e-16
14500_1 2.99999999999999994e-16 OK 3 1.58904468389451308e-16 -2.35183989090645698e-16
14500_1 1.99999999999999996e-16 OK 3 1.58904468389451308e-16 -2.35183989090645698e-16
14500_1 9.99999999999999979e-17 FAIL InvalidInput("PRIMARY_NONCONVERGENCE")
14500_2 1.00000000000000008e-15 OK 3 1.19398882593154347e-16 0.00000000000000000e0
14500_2 2.99999999999999994e-16 OK 3 1.19398882593154347e-16 0.00000000000000000e0
14500_2 1.99999999999999996e-16 OK 3 1.19398882593154347e-16 0.00000000000000000e0
14500_2 9.99999999999999979e-17 FAIL InvalidInput("PRIMARY_NONCONVERGENCE")
15000_0 1.00000000000000008e-15 OK 3 1.71690807781332735e-16 0.00000000000000000e0
15000_0 2.99999999999999994e-16 OK 3 1.71690807781332735e-16 0.00000000000000000e0
15000_0 1.99999999999999996e-16 OK 3 1.71690807781332735e-16 0.00000000000000000e0
15000_0 9.99999999999999979e-17 FAIL InvalidInput("PRIMARY_NONCONVERGENCE")
15000_1 1.00000000000000008e-15 OK 3 1.60360296698788124e-16 0.00000000000000000e0
15000_1 2.99999999999999994e-16 OK 3 1.60360296698788124e-16 0.00000000000000000e0
15000_1 1.99999999999999996e-16 OK 3 1.60360296698788124e-16 0.00000000000000000e0
15000_1 9.99999999999999979e-17 FAIL InvalidInput("PRIMARY_NONCONVERGENCE")
15000_2 1.00000000000000008e-15 OK 3 1.17279761735476339e-16 -2.35404758552209024e-16
15000_2 2.99999999999999994e-16 OK 3 1.17279761735476339e-16 -2.35404758552209024e-16
15000_2 1.99999999999999996e-16 OK 3 1.17279761735476339e-16 -2.35404758552209024e-16
15000_2 9.99999999999999979e-17 FAIL InvalidInput("PRIMARY_NONCONVERGENCE")
15500_0 1.00000000000000008e-15 OK 3 1.21026468654352697e-16 0.00000000000000000e0
15500_0 2.99999999999999994e-16 OK 3 1.21026468654352697e-16 0.00000000000000000e0
15500_0 1.99999999999999996e-16 OK 3 1.21026468654352697e-16 0.00000000000000000e0
15500_0 9.99999999999999979e-17 FAIL InvalidInput("PRIMARY_NONCONVERGENCE")
15500_1 1.00000000000000008e-15 OK 3 1.52090814139995253e-16 0.00000000000000000e0
15500_1 2.99999999999999994e-16 OK 3 1.52090814139995253e-16 0.00000000000000000e0
15500_1 1.99999999999999996e-16 OK 3 1.52090814139995253e-16 0.00000000000000000e0
15500_1 9.99999999999999979e-17 FAIL InvalidInput("PRIMARY_NONCONVERGENCE")
15500_2 1.00000000000000008e-15 OK 3 1.35397653635331174e-16 1.17812388874909443e-16
15500_2 2.99999999999999994e-16 OK 3 1.35397653635331174e-16 1.17812388874909443e-16
15500_2 1.99999999999999996e-16 OK 3 1.35397653635331174e-16 1.17812388874909443e-16
15500_2 9.99999999999999979e-17 FAIL InvalidInput("PRIMARY_NONCONVERGENCE")
16000_0 1.00000000000000008e-15 OK 3 1.15287536868414683e-16 0.00000000000000000e0
16000_0 2.99999999999999994e-16 OK 3 1.15287536868414683e-16 0.00000000000000000e0
16000_0 1.99999999999999996e-16 OK 3 1.15287536868414683e-16 0.00000000000000000e0
16000_0 9.99999999999999979e-17 FAIL InvalidInput("PRIMARY_NONCONVERGENCE")
16000_1 1.00000000000000008e-15 OK 3 1.00808635855961344e-16 0.00000000000000000e0
16000_1 2.99999999999999994e-16 OK 3 1.00808635855961344e-16 0.00000000000000000e0
16000_1 1.99999999999999996e-16 OK 3 1.00808635855961344e-16 0.00000000000000000e0
16000_1 9.99999999999999979e-17 FAIL InvalidInput("PRIMARY_NONCONVERGENCE")
16000_2 1.00000000000000008e-15 OK 3 1.89493058914055202e-16 -2.35844269913364064e-16
16000_2 2.99999999999999994e-16 OK 3 1.89493058914055202e-16 -2.35844269913364064e-16
16000_2 1.99999999999999996e-16 OK 3 1.89493058914055202e-16 -2.35844269913364064e-16
16000_2 9.99999999999999979e-17 FAIL InvalidInput("PRIMARY_NONCONVERGENCE")
16500_0 1.00000000000000008e-15 OK 3 1.81832802401047878e-16 0.00000000000000000e0
16500_0 2.99999999999999994e-16 OK 3 1.81832802401047878e-16 0.00000000000000000e0
16500_0 1.99999999999999996e-16 OK 3 1.81832802401047878e-16 0.00000000000000000e0
16500_0 9.99999999999999979e-17 FAIL InvalidInput("PRIMARY_NONCONVERGENCE")
16500_1 1.00000000000000008e-15 OK 3 1.46795179039503836e-16 1.18031509365693701e-16
16500_1 2.99999999999999994e-16 OK 3 1.46795179039503836e-16 1.18031509365693701e-16
16500_1 1.99999999999999996e-16 OK 3 1.46795179039503836e-16 1.18031509365693701e-16
16500_1 9.99999999999999979e-17 FAIL InvalidInput("PRIMARY_NONCONVERGENCE")
16500_2 1.00000000000000008e-15 OK 3 1.56890316543767648e-16 -1.18031618718823794e-16
16500_2 2.99999999999999994e-16 OK 3 1.56890316543767648e-16 -1.18031618718823794e-16
16500_2 1.99999999999999996e-16 OK 3 1.56890316543767648e-16 -1.18031618718823794e-16
16500_2 9.99999999999999979e-17 FAIL InvalidInput("PRIMARY_NONCONVERGENCE")
17000_0 1.00000000000000008e-15 OK 3 1.45408912921015143e-16 0.00000000000000000e0
17000_0 2.99999999999999994e-16 OK 3 1.45408912921015143e-16 0.00000000000000000e0
17000_0 1.99999999999999996e-16 OK 3 1.45408912921015143e-16 0.00000000000000000e0
17000_0 9.99999999999999979e-17 FAIL InvalidInput("PRIMARY_NONCONVERGENCE")
17000_1 1.00000000000000008e-15 OK 3 1.31154487330248278e-16 -1.18140732259123984e-16
17000_1 2.99999999999999994e-16 OK 3 1.31154487330248278e-16 -1.18140732259123984e-16
17000_1 1.99999999999999996e-16 OK 3 1.31154487330248278e-16 -1.18140732259123984e-16
17000_1 9.99999999999999979e-17 FAIL InvalidInput("PRIMARY_NONCONVERGENCE")
17000_2 1.00000000000000008e-15 OK 3 1.54859374102488991e-16 0.00000000000000000e0
17000_2 2.99999999999999994e-16 OK 3 1.54859374102488991e-16 0.00000000000000000e0
17000_2 1.99999999999999996e-16 OK 3 1.54859374102488991e-16 0.00000000000000000e0
17000_2 9.99999999999999979e-17 FAIL InvalidInput("PRIMARY_NONCONVERGENCE")
17500_0 1.00000000000000008e-15 OK 3 1.59269717557472337e-16 0.00000000000000000e0
17500_0 2.99999999999999994e-16 OK 3 1.59269717557472337e-16 0.00000000000000000e0
17500_0 1.99999999999999996e-16 OK 3 1.59269717557472337e-16 0.00000000000000000e0
17500_0 9.99999999999999979e-17 FAIL InvalidInput("PRIMARY_NONCONVERGENCE")
17500_1 1.00000000000000008e-15 OK 3 1.97145091513092586e-16 0.00000000000000000e0
17500_1 2.99999999999999994e-16 OK 3 1.97145091513092586e-16 0.00000000000000000e0
17500_1 1.99999999999999996e-16 OK 3 1.97145091513092586e-16 0.00000000000000000e0
17500_1 9.99999999999999979e-17 FAIL InvalidInput("PRIMARY_NONCONVERGENCE")
17500_2 1.00000000000000008e-15 OK 3 1.64457407649684495e-16 0.00000000000000000e0
17500_2 2.99999999999999994e-16 OK 3 1.64457407649684495e-16 0.00000000000000000e0
17500_2 1.99999999999999996e-16 OK 3 1.64457407649684495e-16 0.00000000000000000e0
17500_2 9.99999999999999979e-17 FAIL InvalidInput("PRIMARY_NONCONVERGENCE")
18000_0 1.00000000000000008e-15 OK 3 1.14653842086596282e-16 0.00000000000000000e0
18000_0 2.99999999999999994e-16 OK 3 1.14653842086596282e-16 0.00000000000000000e0
18000_0 1.99999999999999996e-16 OK 3 1.14653842086596282e-16 0.00000000000000000e0
18000_0 9.99999999999999979e-17 FAIL InvalidInput("PRIMARY_NONCONVERGENCE")
18000_1 1.00000000000000008e-15 OK 3 1.61626765694125456e-16 0.00000000000000000e0
18000_1 2.99999999999999994e-16 OK 3 1.61626765694125456e-16 0.00000000000000000e0
18000_1 1.99999999999999996e-16 OK 3 1.61626765694125456e-16 0.00000000000000000e0
18000_1 9.99999999999999979e-17 FAIL InvalidInput("PRIMARY_NONCONVERGENCE")
18000_2 1.00000000000000008e-15 OK 3 1.65702932044488935e-16 -1.18358507975710501e-16
18000_2 2.99999999999999994e-16 OK 3 1.65702932044488935e-16 -1.18358507975710501e-16
18000_2 1.99999999999999996e-16 OK 3 1.65702932044488935e-16 -1.18358507975710501e-16
18000_2 9.99999999999999979e-17 FAIL InvalidInput("PRIMARY_NONCONVERGENCE")
18500_0 1.00000000000000008e-15 OK 3 1.22237283669945075e-16 -1.18466806536927435e-16
18500_0 2.99999999999999994e-16 OK 3 1.22237283669945075e-16 -1.18466806536927435e-16
18500_0 1.99999999999999996e-16 OK 3 1.22237283669945075e-16 -1.18466806536927435e-16
18500_0 9.99999999999999979e-17 FAIL InvalidInput("PRIMARY_NONCONVERGENCE")
18500_1 1.00000000000000008e-15 OK 3 1.54519296286460187e-16 -1.18466846023443222e-16
18500_1 2.99999999999999994e-16 OK 3 1.54519296286460187e-16 -1.18466846023443222e-16
18500_1 1.99999999999999996e-16 OK 3 1.54519296286460187e-16 -1.18466846023443222e-16
18500_1 9.99999999999999979e-17 FAIL InvalidInput("PRIMARY_NONCONVERGENCE")
18500_2 1.00000000000000008e-15 OK 3 1.56769782920255733e-16 -1.18466954341550805e-16
18500_2 2.99999999999999994e-16 OK 3 1.56769782920255733e-16 -1.18466954341550805e-16
18500_2 1.99999999999999996e-16 OK 3 1.56769782920255733e-16 -1.18466954341550805e-16
18500_2 9.99999999999999979e-17 FAIL InvalidInput("PRIMARY_NONCONVERGENCE")
19000_0 1.00000000000000008e-15 OK 3 9.96661549479118743e-17 -1.18574996750439242e-16
19000_0 2.99999999999999994e-16 OK 3 9.96661549479118743e-17 -1.18574996750439242e-16
19000_0 1.99999999999999996e-16 OK 3 9.96661549479118743e-17 -1.18574996750439242e-16
19000_0 9.99999999999999979e-17 OK 3 9.96661549479118743e-17 -1.18574996750439242e-16
19000_1 1.00000000000000008e-15 OK 3 1.66190311599248112e-16 -1.18575036271517958e-16
19000_1 2.99999999999999994e-16 OK 3 1.66190311599248112e-16 -1.18575036271517958e-16
19000_1 1.99999999999999996e-16 OK 3 1.66190311599248112e-16 -1.18575036271517958e-16
19000_1 9.99999999999999979e-17 FAIL InvalidInput("PRIMARY_NONCONVERGENCE")
19000_2 1.00000000000000008e-15 OK 3 2.21435539517386306e-16 -1.18575144333851223e-16
19000_2 2.99999999999999994e-16 OK 3 2.21435539517386306e-16 -1.18575144333851223e-16
19000_2 1.99999999999999996e-16 FAIL InvalidInput("PRIMARY_NONCONVERGENCE")
19000_2 9.99999999999999979e-17 FAIL InvalidInput("PRIMARY_NONCONVERGENCE")
19500_0 1.00000000000000008e-15 OK 3 1.20605676241142661e-16 2.37365863585386378e-16
19500_0 2.99999999999999994e-16 OK 3 1.20605676241142661e-16 2.37365863585386378e-16
19500_0 1.99999999999999996e-16 OK 3 1.20605676241142661e-16 2.37365863585386378e-16
19500_0 9.99999999999999979e-17 FAIL InvalidInput("PRIMARY_NONCONVERGENCE")
19500_1 1.00000000000000008e-15 OK 3 1.35769555898712416e-16 0.00000000000000000e0
19500_1 2.99999999999999994e-16 OK 3 1.35769555898712416e-16 0.00000000000000000e0
19500_1 1.99999999999999996e-16 OK 3 1.35769555898712416e-16 0.00000000000000000e0
19500_1 9.99999999999999979e-17 FAIL InvalidInput("PRIMARY_NONCONVERGENCE")
19500_2 1.00000000000000008e-15 OK 3 1.55922076279516215e-16 1.18683079155626362e-16
19500_2 2.99999999999999994e-16 OK 3 1.55922076279516215e-16 1.18683079155626362e-16
19500_2 1.99999999999999996e-16 OK 3 1.55922076279516215e-16 1.18683079155626362e-16
19500_2 9.99999999999999979e-17 FAIL InvalidInput("PRIMARY_NONCONVERGENCE")
20000_0 1.00000000000000008e-15 OK 3 1.55495956342687016e-16 -1.18790612878268090e-16
20000_0 2.99999999999999994e-16 OK 3 1.55495956342687016e-16 -1.18790612878268090e-16
20000_0 1.99999999999999996e-16 OK 3 1.55495956342687016e-16 -1.18790612878268090e-16
20000_0 9.99999999999999979e-17 FAIL InvalidInput("PRIMARY_NONCONVERGENCE")
20000_1 1.00000000000000008e-15 OK 3 2.03107965779299746e-16 0.00000000000000000e0
20000_1 2.99999999999999994e-16 OK 3 2.03107965779299746e-16 0.00000000000000000e0
20000_1 1.99999999999999996e-16 FAIL InvalidInput("PRIMARY_NONCONVERGENCE")
20000_1 9.99999999999999979e-17 FAIL InvalidInput("PRIMARY_NONCONVERGENCE")
20000_2 1.00000000000000008e-15 OK 3 1.92588753465626902e-16 -3.56372280064417538e-16
20000_2 2.99999999999999994e-16 OK 3 1.92588753465626902e-16 -3.56372280064417538e-16
20000_2 1.99999999999999996e-16 OK 3 1.92588753465626902e-16 -3.56372280064417538e-16
20000_2 9.99999999999999979e-17 FAIL InvalidInput("PRIMARY_NONCONVERGENCE")
20500_0 1.00000000000000008e-15 OK 3 1.27644386356544898e-16 2.37796082472278594e-16
20500_0 2.99999999999999994e-16 OK 3 1.27644386356544898e-16 2.37796082472278594e-16
20500_0 1.99999999999999996e-16 OK 3 1.27644386356544898e-16 2.37796082472278594e-16
20500_0 9.99999999999999979e-17 FAIL InvalidInput("PRIMARY_NONCONVERGENCE")
20500_1 1.00000000000000008e-15 OK 3 1.62174554845996625e-16 1.18898080858070256e-16
20500_1 2.99999999999999994e-16 OK 3 1.62174554845996625e-16 1.18898080858070256e-16
20500_1 1.99999999999999996e-16 OK 3 1.62174554845996625e-16 1.18898080858070256e-16
20500_1 9.99999999999999979e-17 FAIL InvalidInput("PRIMARY_NONCONVERGENCE")
20500_2 1.00000000000000008e-15 OK 3 1.15684245429624139e-16 1.18898188160385244e-16
20500_2 2.99999999999999994e-16 OK 3 1.15684245429624139e-16 1.18898188160385244e-16
20500_2 1.99999999999999996e-16 OK 3 1.15684245429624139e-16 1.18898188160385244e-16
20500_2 9.99999999999999979e-17 FAIL InvalidInput("PRIMARY_NONCONVERGENCE")
21000_0 1.00000000000000008e-15 OK 3 8.54683578826046376e-17 -2.38010436224776830e-16
21000_0 2.99999999999999994e-16 OK 3 8.54683578826046376e-17 -2.38010436224776830e-16
21000_0 1.99999999999999996e-16 OK 3 8.54683578826046376e-17 -2.38010436224776830e-16
21000_0 9.99999999999999979e-17 OK 3 8.54683578826046376e-17 -2.38010436224776830e-16
21000_1 1.00000000000000008e-15 OK 3 1.37877460013303077e-16 -2.38010515534012489e-16
21000_1 2.99999999999999994e-16 OK 3 1.37877460013303077e-16 -2.38010515534012489e-16
21000_1 1.99999999999999996e-16 OK 3 1.37877460013303077e-16 -2.38010515534012489e-16
21000_1 9.99999999999999979e-17 FAIL InvalidInput("PRIMARY_NONCONVERGENCE")
21000_2 1.00000000000000008e-15 OK 3 1.62865986582897803e-16 0.00000000000000000e0
21000_2 2.99999999999999994e-16 OK 3 1.62865986582897803e-16 0.00000000000000000e0
21000_2 1.99999999999999996e-16 OK 3 1.62865986582897803e-16 0.00000000000000000e0
21000_2 9.99999999999999979e-17 FAIL InvalidInput("PRIMARY_NONCONVERGENCE")
21500_0 1.00000000000000008e-15 OK 3 1.36887716546803378e-16 0.00000000000000000e0
21500_0 2.99999999999999994e-16 OK 3 1.36887716546803378e-16 0.00000000000000000e0
21500_0 1.99999999999999996e-16 OK 3 1.36887716546803378e-16 0.00000000000000000e0
21500_0 9.99999999999999979e-17 FAIL InvalidInput("PRIMARY_NONCONVERGENCE")
21500_1 1.00000000000000008e-15 OK 3 1.65463777303086331e-16 1.19112184459648377e-16
21500_1 2.99999999999999994e-16 OK 3 1.65463777303086331e-16 1.19112184459648377e-16
21500_1 1.99999999999999996e-16 OK 3 1.65463777303086331e-16 1.19112184459648377e-16
21500_1 9.99999999999999979e-17 FAIL InvalidInput("PRIMARY_NONCONVERGENCE")
21500_2 1.00000000000000008e-15 OK 3 1.77770205195081767e-16 -3.57336873784607254e-16
21500_2 2.99999999999999994e-16 OK 3 1.77770205195081767e-16 -3.57336873784607254e-16
21500_2 1.99999999999999996e-16 OK 3 1.77770205195081767e-16 -3.57336873784607254e-16
21500_2 9.99999999999999979e-17 FAIL InvalidInput("PRIMARY_NONCONVERGENCE")
22000_0 1.00000000000000008e-15 OK 3 1.73146136479384795e-16 1.19218822505350703e-16
22000_0 2.99999999999999994e-16 OK 3 1.73146136479384795e-16 1.19218822505350703e-16
22000_0 1.99999999999999996e-16 OK 3 1.73146136479384795e-16 1.19218822505350703e-16
22000_0 9.99999999999999979e-17 FAIL InvalidInput("PRIMARY_NONCONVERGENCE")
22000_1 1.00000000000000008e-15 OK 3 1.72771088192782426e-16 -2.38437724447948237e-16
22000_1 2.99999999999999994e-16 OK 3 1.72771088192782426e-16 -2.38437724447948237e-16
22000_1 1.99999999999999996e-16 OK 3 1.72771088192782426e-16 -2.38437724447948237e-16
22000_1 9.99999999999999979e-17 FAIL InvalidInput("PRIMARY_NONCONVERGENCE")
22000_2 1.00000000000000008e-15 OK 3 1.42470303628344849e-16 1.19218968777585855e-16
22000_2 2.99999999999999994e-16 OK 3 1.42470303628344849e-16 1.19218968777585855e-16
22000_2 1.99999999999999996e-16 OK 3 1.42470303628344849e-16 1.19218968777585855e-16
22000_2 9.99999999999999979e-17 FAIL InvalidInput("PRIMARY_NONCONVERGENCE")
22500_0 1.00000000000000008e-15 OK 3 1.48328130186395213e-16 1.19325252622548975e-16
22500_0 2.99999999999999994e-16 OK 3 1.48328130186395213e-16 1.19325252622548975e-16
22500_0 1.99999999999999996e-16 OK 3 1.48328130186395213e-16 1.19325252622548975e-16
22500_0 9.99999999999999979e-17 FAIL InvalidInput("PRIMARY_NONCONVERGENCE")
22500_1 1.00000000000000008e-15 OK 3 1.56497199887568798e-16 0.00000000000000000e0
22500_1 2.99999999999999994e-16 OK 3 1.56497199887568798e-16 0.00000000000000000e0
22500_1 1.99999999999999996e-16 OK 3 1.56497199887568798e-16 0.00000000000000000e0
22500_1 9.99999999999999979e-17 FAIL InvalidInput("PRIMARY_NONCONVERGENCE")
22500_2 1.00000000000000008e-15 OK 3 1.43761479601217030e-16 0.00000000000000000e0
22500_2 2.99999999999999994e-16 OK 3 1.43761479601217030e-16 0.00000000000000000e0
22500_2 1.99999999999999996e-16 OK 3 1.43761479601217030e-16 0.00000000000000000e0
22500_2 9.99999999999999979e-17 FAIL InvalidInput("PRIMARY_NONCONVERGENCE")
23000_0 1.00000000000000008e-15 OK 3 1.44827910841285653e-16 -1.19431436463672184e-16
23000_0 2.99999999999999994e-16 OK 3 1.44827910841285653e-16 -1.19431436463672184e-16
23000_0 1.99999999999999996e-16 OK 3 1.44827910841285653e-16 -1.19431436463672184e-16
23000_0 9.99999999999999979e-17 FAIL InvalidInput("PRIMARY_NONCONVERGENCE")
23000_1 1.00000000000000008e-15 OK 3 1.05742030150467660e-16 0.00000000000000000e0
23000_1 2.99999999999999994e-16 OK 3 1.05742030150467660e-16 0.00000000000000000e0
23000_1 1.99999999999999996e-16 OK 3 1.05742030150467660e-16 0.00000000000000000e0
23000_1 9.99999999999999979e-17 FAIL InvalidInput("PRIMARY_NONCONVERGENCE")
23000_2 1.00000000000000008e-15 OK 3 1.15121174399247756e-16 -1.19431582305573556e-16
23000_2 2.99999999999999994e-16 OK 3 1.15121174399247756e-16 -1.19431582305573556e-16
23000_2 1.99999999999999996e-16 OK 3 1.15121174399247756e-16 -1.19431582305573556e-16
23000_2 9.99999999999999979e-17 FAIL InvalidInput("PRIMARY_NONCONVERGENCE")
23500_0 1.00000000000000008e-15 OK 3 1.67107135062943819e-16 2.39074750793690598e-16
23500_0 2.99999999999999994e-16 OK 3 1.67107135062943819e-16 2.39074750793690598e-16
23500_0 1.99999999999999996e-16 OK 3 1.67107135062943819e-16 2.39074750793690598e-16
23500_0 9.99999999999999979e-17 FAIL InvalidInput("PRIMARY_NONCONVERGENCE")
23500_1 1.00000000000000008e-15 OK 3 1.41810367761168859e-16 1.19537415208128365e-16
23500_1 2.99999999999999994e-16 OK 3 1.41810367761168859e-16 1.19537415208128365e-16
23500_1 1.99999999999999996e-16 OK 3 1.41810367761168859e-16 1.19537415208128365e-16
23500_1 9.99999999999999979e-17 FAIL InvalidInput("PRIMARY_NONCONVERGENCE")
23500_2 1.00000000000000008e-15 OK 3 1.37814130356310954e-16 -1.19537521024979664e-16
23500_2 2.99999999999999994e-16 OK 3 1.37814130356310954e-16 -1.19537521024979664e-16
23500_2 1.99999999999999996e-16 OK 3 1.37814130356310954e-16 -1.19537521024979664e-16
23500_2 9.99999999999999979e-17 FAIL InvalidInput("PRIMARY_NONCONVERGENCE")
24000_0 1.00000000000000008e-15 OK 3 1.09072086856440207e-16 -1.19643070820987657e-16
24000_0 2.99999999999999994e-16 OK 3 1.09072086856440207e-16 -1.19643070820987657e-16
24000_0 1.99999999999999996e-16 OK 3 1.09072086856440207e-16 -1.19643070820987657e-16
24000_0 9.99999999999999979e-17 FAIL InvalidInput("PRIMARY_NONCONVERGENCE")
24000_1 1.00000000000000008e-15 OK 3 2.28346484639162789e-16 -1.19643110662283898e-16
24000_1 2.99999999999999994e-16 OK 3 2.28346484639162789e-16 -1.19643110662283898e-16
24000_1 1.99999999999999996e-16 FAIL InvalidInput("PRIMARY_NONCONVERGENCE")
24000_1 9.99999999999999979e-17 FAIL InvalidInput("PRIMARY_NONCONVERGENCE")
24000_2 1.00000000000000008e-15 OK 3 1.75156546225105153e-16 1.19643216236336653e-16
24000_2 2.99999999999999994e-16 OK 3 1.75156546225105153e-16 1.19643216236336653e-16
24000_2 1.99999999999999996e-16 OK 3 1.75156546225105153e-16 1.19643216236336653e-16
24000_2 9.99999999999999979e-17 FAIL InvalidInput("PRIMARY_NONCONVERGENCE")
24500_0 1.00000000000000008e-15 OK 3 1.48650857391036175e-16 -2.39497048335223282e-16
24500_0 2.99999999999999994e-16 OK 3 1.48650857391036175e-16 -2.39497048335223282e-16
24500_0 1.99999999999999996e-16 OK 3 1.48650857391036175e-16 -2.39497048335223282e-16
24500_0 9.99999999999999979e-17 FAIL InvalidInput("PRIMARY_NONCONVERGENCE")
24500_1 1.00000000000000008e-15 OK 3 1.03663257702177664e-16 0.00000000000000000e0
24500_1 2.99999999999999994e-16 OK 3 1.03663257702177664e-16 0.00000000000000000e0
24500_1 1.99999999999999996e-16 OK 3 1.03663257702177664e-16 0.00000000000000000e0
24500_1 9.99999999999999979e-17 FAIL InvalidInput("PRIMARY_NONCONVERGENCE")
24500_2 1.00000000000000008e-15 OK 3 2.25607489677484316e-16 -1.19748669371195389e-16
24500_2 2.99999999999999994e-16 OK 3 2.25607489677484316e-16 -1.19748669371195389e-16
24500_2 1.99999999999999996e-16 FAIL InvalidInput("PRIMARY_NONCONVERGENCE")
24500_2 9.99999999999999979e-17 FAIL InvalidInput("PRIMARY_NONCONVERGENCE")
25000_0 1.00000000000000008e-15 OK 3 1.22979261317255927e-16 0.00000000000000000e0
25000_0 2.99999999999999994e-16 OK 3 1.22979261317255927e-16 0.00000000000000000e0
25000_0 1.99999999999999996e-16 OK 3 1.22979261317255927e-16 0.00000000000000000e0
25000_0 9.99999999999999979e-17 FAIL InvalidInput("PRIMARY_NONCONVERGENCE")
25000_1 1.00000000000000008e-15 OK 3 1.36302593906918232e-16 0.00000000000000000e0
25000_1 2.99999999999999994e-16 OK 3 1.36302593906918232e-16 0.00000000000000000e0
25000_1 1.99999999999999996e-16 OK 3 1.36302593906918232e-16 0.00000000000000000e0
25000_1 9.99999999999999979e-17 FAIL InvalidInput("PRIMARY_NONCONVERGENCE")
25000_2 1.00000000000000008e-15 OK 3 1.34121296520413789e-16 0.00000000000000000e0
25000_2 2.99999999999999994e-16 OK 3 1.34121296520413789e-16 0.00000000000000000e0
25000_2 1.99999999999999996e-16 OK 3 1.34121296520413789e-16 0.00000000000000000e0
25000_2 9.99999999999999979e-17 FAIL InvalidInput("PRIMARY_NONCONVERGENCE")
25500_0 1.00000000000000008e-15 OK 3 1.42155969654843883e-16 0.00000000000000000e0
25500_0 2.99999999999999994e-16 OK 3 1.42155969654843883e-16 0.00000000000000000e0
25500_0 1.99999999999999996e-16 OK 3 1.42155969654843883e-16 0.00000000000000000e0
25500_0 9.99999999999999979e-17 FAIL InvalidInput("PRIMARY_NONCONVERGENCE")
25500_1 1.00000000000000008e-15 OK 3 1.27622398869872496e-16 1.19958750455849520e-16
25500_1 2.99999999999999994e-16 OK 3 1.27622398869872496e-16 1.19958750455849520e-16
25500_1 1.99999999999999996e-16 OK 3 1.27622398869872496e-16 1.19958750455849520e-16
25500_1 9.99999999999999979e-17 FAIL InvalidInput("PRIMARY_NONCONVERGENCE")
25500_2 1.00000000000000008e-15 OK 3 1.41426200175344557e-16 -1.19958855310338437e-16
25500_2 2.99999999999999994e-16 OK 3 1.41426200175344557e-16 -1.19958855310338437e-16
25500_2 1.99999999999999996e-16 OK 3 1.41426200175344557e-16 -1.19958855310338437e-16
25500_2 9.99999999999999979e-17 FAIL InvalidInput("PRIMARY_NONCONVERGENCE")
26000_0 1.00000000000000008e-15 OK 3 1.20739611946564191e-16 0.00000000000000000e0
26000_0 2.99999999999999994e-16 OK 3 1.20739611946564191e-16 0.00000000000000000e0
26000_0 1.99999999999999996e-16 OK 3 1.20739611946564191e-16 0.00000000000000000e0
26000_0 9.99999999999999979e-17 FAIL InvalidInput("PRIMARY_NONCONVERGENCE")
26000_1 1.00000000000000008e-15 OK 3 1.89107514231290235e-16 0.00000000000000000e0
26000_1 2.99999999999999994e-16 OK 3 1.89107514231290235e-16 0.00000000000000000e0
26000_1 1.99999999999999996e-16 OK 3 1.89107514231290235e-16 0.00000000000000000e0
26000_1 9.99999999999999979e-17 FAIL InvalidInput("PRIMARY_NONCONVERGENCE")
26000_2 1.00000000000000008e-15 OK 3 2.04793404656138489e-16 -1.20063591154781350e-16
26000_2 2.99999999999999994e-16 OK 3 2.04793404656138489e-16 -1.20063591154781350e-16
26000_2 1.99999999999999996e-16 FAIL InvalidInput("PRIMARY_NONCONVERGENCE")
26000_2 9.99999999999999979e-17 FAIL InvalidInput("PRIMARY_NONCONVERGENCE")
26500_0 1.00000000000000008e-15 OK 3 1.54580124742120795e-16 -2.40335893276047414e-16
26500_0 2.99999999999999994e-16 OK 3 1.54580124742120795e-16 -2.40335893276047414e-16
26500_0 1.99999999999999996e-16 OK 3 1.54580124742120795e-16 -2.40335893276047414e-16
26500_0 9.99999999999999979e-17 FAIL InvalidInput("PRIMARY_NONCONVERGENCE")
26500_1 1.00000000000000008e-15 OK 3 1.06746345947710585e-16 0.00000000000000000e0
26500_1 2.99999999999999994e-16 OK 3 1.06746345947710585e-16 0.00000000000000000e0
26500_1 1.99999999999999996e-16 OK 3 1.06746345947710585e-16 0.00000000000000000e0
26500_1 9.99999999999999979e-17 FAIL InvalidInput("PRIMARY_NONCONVERGENCE")
26500_2 1.00000000000000008e-15 OK 3 1.48960622094773562e-16 1.20168091005573556e-16
26500_2 2.99999999999999994e-16 OK 3 1.48960622094773562e-16 1.20168091005573556e-16
26500_2 1.99999999999999996e-16 OK 3 1.48960622094773562e-16 1.20168091005573556e-16
26500_2 9.99999999999999979e-17 FAIL InvalidInput("PRIMARY_NONCONVERGENCE")
27000_0 1.00000000000000008e-15 OK 3 9.73288896405430532e-17 0.00000000000000000e0
27000_0 2.99999999999999994e-16 OK 3 9.73288896405430532e-17 0.00000000000000000e0
27000_0 1.99999999999999996e-16 OK 3 9.73288896405430532e-17 0.00000000000000000e0
27000_0 9.99999999999999979e-17 OK 3 9.73288896405430532e-17 0.00000000000000000e0
27000_1 1.00000000000000008e-15 OK 3 1.58280199761546398e-16 -1.20272252329964921e-16
27000_1 2.99999999999999994e-16 OK 3 1.58280199761546398e-16 -1.20272252329964921e-16
27000_1 1.99999999999999996e-16 OK 3 1.58280199761546398e-16 -1.20272252329964921e-16
27000_1 9.99999999999999979e-17 FAIL InvalidInput("PRIMARY_NONCONVERGENCE")
27000_2 1.00000000000000008e-15 OK 3 1.44985441784073424e-16 1.20272356478914640e-16
27000_2 2.99999999999999994e-16 OK 3 1.44985441784073424e-16 1.20272356478914640e-16
27000_2 1.99999999999999996e-16 OK 3 1.44985441784073424e-16 1.20272356478914640e-16
27000_2 9.99999999999999979e-17 FAIL InvalidInput("PRIMARY_NONCONVERGENCE")
27500_0 1.00000000000000008e-15 OK 3 1.18372748499670066e-16 -1.20376245274420778e-16
27500_0 2.99999999999999994e-16 OK 3 1.18372748499670066e-16 -1.20376245274420778e-16
27500_0 1.99999999999999996e-16 OK 3 1.18372748499670066e-16 -1.20376245274420778e-16
27500_0 9.99999999999999979e-17 FAIL InvalidInput("PRIMARY_NONCONVERGENCE")
27500_1 1.00000000000000008e-15 OK 3 8.03772870072043924e-17 0.00000000000000000e0
27500_1 2.99999999999999994e-16 OK 3 8.03772870072043924e-17 0.00000000000000000e0
27500_1 1.99999999999999996e-16 OK 3 8.03772870072043924e-17 0.00000000000000000e0
27500_1 9.99999999999999979e-17 OK 3 8.03772870072043924e-17 0.00000000000000000e0
27500_2 1.00000000000000008e-15 OK 3 2.10448643044793623e-16 0.00000000000000000e0
27500_2 2.99999999999999994e-16 OK 3 2.10448643044793623e-16 0.00000000000000000e0
27500_2 1.99999999999999996e-16 FAIL InvalidInput("PRIMARY_NONCONVERGENCE")
27500_2 9.99999999999999979e-17 FAIL InvalidInput("PRIMARY_NONCONVERGENCE")
28000_0 1.00000000000000008e-15 OK 3 1.28163286450383485e-16 0.00000000000000000e0
28000_0 2.99999999999999994e-16 OK 3 1.28163286450383485e-16 0.00000000000000000e0
28000_0 1.99999999999999996e-16 OK 3 1.28163286450383485e-16 0.00000000000000000e0
28000_0 9.99999999999999979e-17 FAIL InvalidInput("PRIMARY_NONCONVERGENCE")
28000_1 1.00000000000000008e-15 OK 3 1.46292778976740145e-16 0.00000000000000000e0
28000_1 2.99999999999999994e-16 OK 3 1.46292778976740145e-16 0.00000000000000000e0
28000_1 1.99999999999999996e-16 OK 3 1.46292778976740145e-16 0.00000000000000000e0
28000_1 9.99999999999999979e-17 FAIL InvalidInput("PRIMARY_NONCONVERGENCE")
28000_2 1.00000000000000008e-15 OK 3 1.60903501938212408e-16 -2.40960381919317865e-16
28000_2 2.99999999999999994e-16 OK 3 1.60903501938212408e-16 -2.40960381919317865e-16
28000_2 1.99999999999999996e-16 OK 3 1.60903501938212408e-16 -2.40960381919317865e-16
28000_2 9.99999999999999979e-17 FAIL InvalidInput("PRIMARY_NONCONVERGENCE")
28500_0 1.00000000000000008e-15 OK 3 1.66508953160925474e-16 1.20583619851791469e-16
28500_0 2.99999999999999994e-16 OK 3 1.66508953160925474e-16 1.20583619851791469e-16
28500_0 1.99999999999999996e-16 OK 3 1.66508953160925474e-16 1.20583619851791469e-16
28500_0 9.99999999999999979e-17 FAIL InvalidInput("PRIMARY_NONCONVERGENCE")
28500_1 1.00000000000000008e-15 OK 3 1.43655575199274360e-16 0.00000000000000000e0
28500_1 2.99999999999999994e-16 OK 3 1.43655575199274360e-16 0.00000000000000000e0
28500_1 1.99999999999999996e-16 OK 3 1.43655575199274360e-16 0.00000000000000000e0
28500_1 9.99999999999999979e-17 FAIL InvalidInput("PRIMARY_NONCONVERGENCE")
28500_2 1.00000000000000008e-15 OK 3 1.12889537562965724e-16 -2.41167526806159692e-16
28500_2 2.99999999999999994e-16 OK 3 1.12889537562965724e-16 -2.41167526806159692e-16
28500_2 1.99999999999999996e-16 OK 3 1.12889537562965724e-16 -2.41167526806159692e-16
28500_2 9.99999999999999979e-17 FAIL InvalidInput("PRIMARY_NONCONVERGENCE")
29000_0 1.00000000000000008e-15 OK 3 1.32874856840112741e-16 0.00000000000000000e0
29000_0 2.99999999999999994e-16 OK 3 1.32874856840112741e-16 0.00000000000000000e0
29000_0 1.99999999999999996e-16 OK 3 1.32874856840112741e-16 0.00000000000000000e0
29000_0 9.99999999999999979e-17 FAIL InvalidInput("PRIMARY_NONCONVERGENCE")
29000_1 1.00000000000000008e-15 OK 3 1.40829476248816963e-16 -1.20687005110153496e-16
29000_1 2.99999999999999994e-16 OK 3 1.40829476248816963e-16 -1.20687005110153496e-16
29000_1 1.99999999999999996e-16 OK 3 1.40829476248816963e-16 -1.20687005110153496e-16
29000_1 9.99999999999999979e-17 FAIL InvalidInput("PRIMARY_NONCONVERGENCE")
29000_2 1.00000000000000008e-15 OK 3 2.17400025739232273e-16 1.20687108342057171e-16
29000_2 2.99999999999999994e-16 OK 3 2.17400025739232273e-16 1.20687108342057171e-16
29000_2 1.99999999999999996e-16 FAIL InvalidInput("PRIMARY_NONCONVERGENCE")
29000_2 9.99999999999999979e-17 FAIL InvalidInput("PRIMARY_NONCONVERGENCE")
29500_0 1.00000000000000008e-15 OK 3 1.38174942161321560e-16 1.20790084447824479e-16
29500_0 2.99999999999999994e-16 OK 3 1.38174942161321560e-16 1.20790084447824479e-16
29500_0 1.99999999999999996e-16 OK 3 1.38174942161321560e-16 1.20790084447824479e-16
29500_0 9.99999999999999979e-17 FAIL InvalidInput("PRIMARY_NONCONVERGENCE")
29500_1 1.00000000000000008e-15 OK 3 1.70556336528010186e-16 -1.20790124592184711e-16
29500_1 2.99999999999999994e-16 OK 3 1.70556336528010186e-16 -1.20790124592184711e-16
29500_1 1.99999999999999996e-16 OK 3 1.70556336528010186e-16 -1.20790124592184711e-16
29500_1 9.99999999999999979e-17 FAIL InvalidInput("PRIMARY_NONCONVERGENCE")
29500_2 1.00000000000000008e-15 OK 3 1.72770480029084175e-16 -1.20790227599331191e-16
29500_2 2.99999999999999994e-16 OK 3 1.72770480029084175e-16 -1.20790227599331191e-16
29500_2 1.99999999999999996e-16 OK 3 1.72770480029084175e-16 -1.20790227599331191e-16
29500_2 9.99999999999999979e-17 FAIL InvalidInput("PRIMARY_NONCONVERGENCE")
30000_0 1.00000000000000008e-15 OK 3 1.52452487927975715e-16 1.20892980086009932e-16
30000_0 2.99999999999999994e-16 OK 3 1.52452487927975715e-16 1.20892980086009932e-16
30000_0 1.99999999999999996e-16 OK 3 1.52452487927975715e-16 1.20892980086009932e-16
30000_0 9.99999999999999979e-17 FAIL InvalidInput("PRIMARY_NONCONVERGENCE")
30000_1 1.00000000000000008e-15 OK 3 9.61754023559226971e-17 1.20893020255605899e-16
30000_1 2.99999999999999994e-16 OK 3 9.61754023559226971e-17 1.20893020255605899e-16
30000_1 1.99999999999999996e-16 OK 3 9.61754023559226971e-17 1.20893020255605899e-16
30000_1 9.99999999999999979e-17 OK 3 9.61754023559226971e-17 1.20893020255605899e-16
30000_2 1.00000000000000008e-15 OK 3 1.52571636485710710e-16 -2.41786246079762452e-16
30000_2 2.99999999999999994e-16 OK 3 1.52571636485710710e-16 -2.41786246079762452e-16
30000_2 1.99999999999999996e-16 OK 3 1.52571636485710710e-16 -2.41786246079762452e-16
30000_2 9.99999999999999979e-17 FAIL InvalidInput("PRIMARY_NONCONVERGENCE")
30500_0 1.00000000000000008e-15 OK 3 1.43464779684833103e-16 1.20995653813081866e-16
30500_0 2.99999999999999994e-16 OK 3 1.43464779684833103e-16 1.20995653813081866e-16
30500_0 1.99999999999999996e-16 OK 3 1.43464779684833103e-16 1.20995653813081866e-16
30500_0 9.99999999999999979e-17 FAIL InvalidInput("PRIMARY_NONCONVERGENCE")
30500_1 1.00000000000000008e-15 OK 3 1.12994053490753360e-16 0.00000000000000000e0
30500_1 2.99999999999999994e-16 OK 3 1.12994053490753360e-16 0.00000000000000000e0
30500_1 1.99999999999999996e-16 OK 3 1.12994053490753360e-16 0.00000000000000000e0
30500_1 9.99999999999999979e-17 FAIL InvalidInput("PRIMARY_NONCONVERGENCE")
30500_2 1.00000000000000008e-15 OK 3 1.55975236752883091e-16 1.20995796570885874e-16
30500_2 2.99999999999999994e-16 OK 3 1.55975236752883091e-16 1.20995796570885874e-16
30500_2 1.99999999999999996e-16 OK 3 1.55975236752883091e-16 1.20995796570885874e-16
30500_2 9.99999999999999979e-17 FAIL InvalidInput("PRIMARY_NONCONVERGENCE")
31000_0 1.00000000000000008e-15 OK 3 1.44340043584856862e-16 1.21098107578191332e-16
31000_0 2.99999999999999994e-16 OK 3 1.44340043584856862e-16 1.21098107578191332e-16
31000_0 1.99999999999999996e-16 OK 3 1.44340043584856862e-16 1.21098107578191332e-16
31000_0 9.99999999999999979e-17 FAIL InvalidInput("PRIMARY_NONCONVERGENCE")
31000_1 1.00000000000000008e-15 OK 3 1.15072905073667735e-16 1.21098147797184585e-16
31000_1 2.99999999999999994e-16 OK 3 1.15072905073667735e-16 1.21098147797184585e-16
31000_1 1.99999999999999996e-16 OK 3 1.15072905073667735e-16 1.21098147797184585e-16
31000_1 9.99999999999999979e-17 FAIL InvalidInput("PRIMARY_NONCONVERGENCE")
31000_2 1.00000000000000008e-15 OK 3 1.56909382291723768e-16 -2.42196500283088416e-16
31000_2 2.99999999999999994e-16 OK 3 1.56909382291723768e-16 -2.42196500283088416e-16
31000_2 1.99999999999999996e-16 OK 3 1.56909382291723768e-16 -2.42196500283088416e-16
31000_2 9.99999999999999979e-17 FAIL InvalidInput("PRIMARY_NONCONVERGENCE")
31500_0 1.00000000000000008e-15 OK 3 1.36365260298524122e-16 0.00000000000000000e0
31500_0 2.99999999999999994e-16 OK 3 1.36365260298524122e-16 0.00000000000000000e0
31500_0 1.99999999999999996e-16 OK 3 1.36365260298524122e-16 0.00000000000000000e0
31500_0 9.99999999999999979e-17 FAIL InvalidInput("PRIMARY_NONCONVERGENCE")
31500_1 1.00000000000000008e-15 OK 3 1.06552025842906179e-16 -1.21200383615357006e-16
31500_1 2.99999999999999994e-16 OK 3 1.06552025842906179e-16 -1.21200383615357006e-16
31500_1 1.99999999999999996e-16 OK 3 1.06552025842906179e-16 -1.21200383615357006e-16
31500_1 9.99999999999999979e-17 FAIL InvalidInput("PRIMARY_NONCONVERGENCE")
31500_2 1.00000000000000008e-15 OK 3 1.26794502058268820e-16 -1.21200485742755450e-16
31500_2 2.99999999999999994e-16 OK 3 1.26794502058268820e-16 -1.21200485742755450e-16
31500_2 1.99999999999999996e-16 OK 3 1.26794502058268820e-16 -1.21200485742755450e-16
31500_2 9.99999999999999979e-17 FAIL InvalidInput("PRIMARY_NONCONVERGENCE")
32000_0 1.00000000000000008e-15 OK 3 1.52644714533841448e-16 -1.21302363227173794e-16
32000_0 2.99999999999999994e-16 OK 3 1.52644714533841448e-16 -1.21302363227173794e-16
32000_0 1.99999999999999996e-16 OK 3 1.52644714533841448e-16 -1.21302363227173794e-16
32000_0 9.99999999999999979e-17 FAIL InvalidInput("PRIMARY_NONCONVERGENCE")
32000_1 1.00000000000000008e-15 OK 3 1.52236278058129754e-16 0.00000000000000000e0
32000_1 2.99999999999999994e-16 OK 3 1.52236278058129754e-16 0.00000000000000000e0
32000_1 1.99999999999999996e-16 OK 3 1.52236278058129754e-16 0.00000000000000000e0
32000_1 9.99999999999999979e-17 FAIL InvalidInput("PRIMARY_NONCONVERGENCE")
32000_2 1.00000000000000008e-15 OK 3 1.43921580770010843e-16 -1.21302505406663996e-16
32000_2 2.99999999999999994e-16 OK 3 1.43921580770010843e-16 -1.21302505406663996e-16
32000_2 1.99999999999999996e-16 OK 3 1.43921580770010843e-16 -1.21302505406663996e-16
32000_2 9.99999999999999979e-17 FAIL InvalidInput("PRIMARY_NONCONVERGENCE")
