{"validated": 100, "run": "T0_BI", "time": 125000000000.0, "maxima": {"local": 9.312492025080537e-05, "width": 1.5501178118881853e-10, "q": 1.5802457698252516e-11, "point_ledger": 8.708853950489814e-16}}
{"validated": 200, "run": "T0_BI", "time": 250000000000.0, "maxima": {"local": 9.312492025080537e-05, "width": 5.792458143332556e-10, "q": 2.6124287453560865e-11, "point_ledger": 8.708853950489814e-16}}
{"validated": 300, "run": "T0_BI", "time": 375000000000.0, "maxima": {"local": 9.312492025080537e-05, "width": 1.3816421971673865e-09, "q": 3.1020202521862155e-11, "point_ledger": 8.708853950489814e-16}}
{"validated": 400, "run": "T0_BI", "time": 500000000000.0, "maxima": {"local": 9.312492025080537e-05, "width": 2.3008928454307664e-09, "q": 3.1290075853204465e-11, "point_ledger": 8.708853950489814e-16}}
{"validated": 500, "run": "T0_BI", "time": 625000000000.0, "maxima": {"local": 9.312492025080537e-05, "width": 3.1069549627635257e-09, "q": 3.1290075853204465e-11, "point_ledger": 8.708853950489814e-16}}
{"validated": 600, "run": "T0_BI", "time": 750000000000.0, "maxima": {"local": 9.312492025080537e-05, "width": 3.6891572561779552e-09, "q": 3.1290075853204465e-11, "point_ledger": 8.708853950489814e-16}}
{"validated": 700, "run": "T0_BI", "time": 875000000000.0, "maxima": {"local": 9.312492025080537e-05, "width": 4.068351440291903e-09, "q": 3.1290075853204465e-11, "point_ledger": 8.708853950489814e-16}}
{"validated": 800, "run": "T0_BI", "time": 1000000000000.0, "maxima": {"local": 9.312492025080537e-05, "width": 4.318940759735697e-09, "q": 3.1290075853204465e-11, "point_ledger": 8.708853950489814e-16}}
{"validated": 900, "run": "T0_BI", "time": 1125000000000.0, "maxima": {"local": 9.312492025080537e-05, "width": 4.506017418150672e-09, "q": 3.1290075853204465e-11, "point_ledger": 8.708853950489814e-16}}
{"validated": 1000, "run": "T0_BI", "time": 1250000000000.0, "maxima": {"local": 9.312492025080537e-05, "width": 4.667745067348954e-09, "q": 3.1290075853204465e-11, "point_ledger": 8.708853950489814e-16}}
{"validated": 1100, "run": "T0_BI", "time": 1375000000000.0, "maxima": {"local": 9.312492025080537e-05, "width": 4.82168310499037e-09, "q": 3.1290075853204465e-11, "point_ledger": 8.708853950489814e-16}}
{"validated": 1200, "run": "T0_BI", "time": 1500000000000.0, "maxima": {"local": 9.312492025080537e-05, "width": 4.974574262376e-09, "q": 3.1290075853204465e-11, "point_ledger": 8.708853950489814e-16}}
{"validated": 1300, "run": "T0_BI", "time": 1625000000000.0, "maxima": {"local": 9.312492025080537e-05, "width": 5.128646173786987e-09, "q": 3.1290075853204465e-11, "point_ledger": 8.708853950489814e-16}}
{"validated": 1400, "run": "T0_BI", "time": 1750000000000.0, "maxima": {"local": 9.312492025080537e-05, "width": 5.284540032416081e-09, "q": 3.1290075853204465e-11, "point_ledger": 8.708853950489814e-16}}
{"validated": 1500, "run": "T0_BI", "time": 1875000000000.0, "maxima": {"local": 9.312492025080537e-05, "width": 5.442420163764846e-09, "q": 3.1290075853204465e-11, "point_ledger": 8.708853950489814e-16}}
{"validated": 1600, "run": "T0_BI", "time": 2000000000000.0, "maxima": {"local": 9.312492025080537e-05, "width": 5.602322359700517e-09, "q": 3.1290075853204465e-11, "point_ledger": 8.708853950489814e-16}}
{"validated": 1700, "run": "T0_BI", "time": 2125000000000.0, "maxima": {"local": 9.312492025080537e-05, "width": 5.7642506953150525e-09, "q": 3.1290075853204465e-11, "point_ledger": 8.708853950489814e-16}}
{"validated": 1800, "run": "T0_BI", "time": 2250000000000.0, "maxima": {"local": 9.312492025080537e-05, "width": 5.928198869423539e-09, "q": 3.1290075853204465e-11, "point_ledger": 8.708853950489814e-16}}
{"validated": 1900, "run": "T0_BI", "time": 2375000000000.0, "maxima": {"local": 9.312492025080537e-05, "width": 6.094151154191363e-09, "q": 3.1290075853204465e-11, "point_ledger": 8.708853950489814e-16}}
{"validated": 2000, "run": "T0_BI", "time": 2500000000000.0, "maxima": {"local": 9.312492025080537e-05, "width": 6.262090383032723e-09, "q": 3.1290075853204465e-11, "point_ledger": 8.708853950489814e-16}}
{"validated": 2100, "run": "T0_BI", "time": 2625000000000.0, "maxima": {"local": 9.312492025080537e-05, "width": 6.431996361095215e-09, "q": 3.1290075853204465e-11, "point_ledger": 8.708853950489814e-16}}
{"validated": 2200, "run": "T0_BI", "time": 2750000000000.0, "maxima": {"local": 9.312492025080537e-05, "width": 6.603845524865731e-09, "q": 3.1290075853204465e-11, "point_ledger": 8.708853950489814e-16}}
{"validated": 2300, "run": "T0_BI", "time": 2875000000000.0, "maxima": {"local": 9.312492025080537e-05, "width": 6.777611957491153e-09, "q": 3.1290075853204465e-11, "point_ledger": 8.708853950489814e-16}}
{"validated": 2400, "run": "T0_BI", "time": 3000000000000.0, "maxima": {"local": 9.312492025080537e-05, "width": 6.953272753223801e-09, "q": 3.1290075853204465e-11, "point_ledger": 8.708853950489814e-16}}
{"validated": 2500, "run": "T0_BI", "time": 3125000000000.0, "maxima": {"local": 9.312492025080537e-05, "width": 7.1308031765705265e-09, "q": 3.1290075853204465e-11, "point_ledger": 8.708853950489814e-16}}
{"validated": 2600, "run": "T0_BI", "time": 3250000000000.0, "maxima": {"local": 9.312492025080537e-05, "width": 7.310177805572877e-09, "q": 3.1290075853204465e-11, "point_ledger": 8.708853950489814e-16}}
{"validated": 2700, "run": "T0_BI", "time": 3375000000000.0, "maxima": {"local": 9.312492025080537e-05, "width": 7.491368495122408e-09, "q": 3.1290075853204465e-11, "point_ledger": 8.708853950489814e-16}}
{"validated": 2800, "run": "T0_BI", "time": 3500000000000.0, "maxima": {"local": 9.312492025080537e-05, "width": 7.674350084314024e-09, "q": 3.1290075853204465e-11, "point_ledger": 8.708853950489814e-16}}
{"validated": 2900, "run": "T0_BI", "time": 3625000000000.0, "maxima": {"local": 9.312492025080537e-05, "width": 7.859094140607917e-09, "q": 3.1290075853204465e-11, "point_ledger": 8.708853950489814e-16}}
{"validated": 3000, "run": "T0_BI", "time": 3750000000000.0, "maxima": {"local": 9.312492025080537e-05, "width": 8.045576729380716e-09, "q": 3.1290075853204465e-11, "point_ledger": 8.708853950489814e-16}}
{"validated": 3100, "run": "T0_BI", "time": 3875000000000.0, "maxima": {"local": 9.312492025080537e-05, "width": 8.233772298270213e-09, "q": 3.1290075853204465e-11, "point_ledger": 8.708853950489814e-16}}
{"validated": 3200, "run": "T0_BI", "time": 4000000000000.0, "maxima": {"local": 9.312492025080537e-05, "width": 8.42365232728898e-09, "q": 3.1290075853204465e-11, "point_ledger": 8.708853950489814e-16}}
{"validated": 3300, "run": "T0_BI", "time": 4125000000000.0, "maxima": {"local": 9.312492025080537e-05, "width": 8.615189917646174e-09, "q": 3.1290075853204465e-11, "point_ledger": 8.708853950489814e-16}}
{"validated": 3400, "run": "T0_BI", "time": 4250000000000.0, "maxima": {"local": 9.312492025080537e-05, "width": 8.808355346428335e-09, "q": 3.1290075853204465e-11, "point_ledger": 8.708853950489814e-16}}
{"validated": 3500, "run": "T0_BI", "time": 4375000000000.0, "maxima": {"local": 9.312492025080537e-05, "width": 9.003122126321654e-09, "q": 3.1290075853204465e-11, "point_ledger": 8.708853950489814e-16}}
{"validated": 3600, "run": "T0_BI", "time": 4500000000000.0, "maxima": {"local": 9.312492025080537e-05, "width": 9.199461475819395e-09, "q": 3.1290075853204465e-11, "point_ledger": 8.708853950489814e-16}}
{"validated": 3700, "run": "T0_BI", "time": 4625000000000.0, "maxima": {"local": 9.312492025080537e-05, "width": 9.397345075506838e-09, "q": 3.1290075853204465e-11, "point_ledger": 8.708853950489814e-16}}
{"validated": 3800, "run": "T0_BI", "time": 4750000000000.0, "maxima": {"local": 9.312492025080537e-05, "width": 9.596746049796946e-09, "q": 3.1290075853204465e-11, "point_ledger": 8.708853950489814e-16}}
{"validated": 3900, "run": "T0_BI", "time": 4875000000000.0, "maxima": {"local": 9.312492025080537e-05, "width": 9.797634953713359e-09, "q": 3.1290075853204465e-11, "point_ledger": 8.708853950489814e-16}}
{"validated": 4000, "run": "T0_BI", "time": 5000000000000.0, "maxima": {"local": 9.312492025080537e-05, "width": 9.999985217757113e-09, "q": 3.1290075853204465e-11, "point_ledger": 8.708853950489814e-16}}
{"validated": 4100, "run": "T0_BI", "time": 5125000000000.0, "maxima": {"local": 9.312492025080537e-05, "width": 1.0203768383993045e-08, "q": 3.1290075853204465e-11, "point_ledger": 8.708853950489814e-16}}
{"validated": 4200, "run": "T0_BI", "time": 5250000000000.0, "maxima": {"local": 9.312492025080537e-05, "width": 1.0408955597118068e-08, "q": 3.1290075853204465e-11, "point_ledger": 8.708853950489814e-16}}
{"validated": 4300, "run": "T0_BI", "time": 5375000000000.0, "maxima": {"local": 9.312492025080537e-05, "width": 1.0615520928688475e-08, "q": 3.1290075853204465e-11, "point_ledger": 8.708853950489814e-16}}
{"validated": 4400, "run": "T0_BI", "time": 5500000000000.0, "maxima": {"local": 9.312492025080537e-05, "width": 1.0823435293575192e-08, "q": 3.1290075853204465e-11, "point_ledger": 8.708853950489814e-16}}
{"validated": 4500, "run": "T0_BI", "time": 5625000000000.0, "maxima": {"local": 9.312492025080537e-05, "width": 1.1032670898236042e-08, "q": 3.1290075853204465e-11, "point_ledger": 8.708853950489814e-16}}
{"validated": 4600, "run": "T0_BI", "time": 5750000000000.0, "maxima": {"local": 9.312492025080537e-05, "width": 1.1243201966401274e-08, "q": 3.1290075853204465e-11, "point_ledger": 8.708853950489814e-16}}
{"validated": 4700, "run": "T0_BI", "time": 5875000000000.0, "maxima": {"local": 9.312492025080537e-05, "width": 1.1454999297194037e-08, "q": 3.1290075853204465e-11, "point_ledger": 8.708853950489814e-16}}
{"validated": 4800, "run": "T0_BI", "time": 6000000000000.0, "maxima": {"local": 9.312492025080537e-05, "width": 1.166803578891658e-08, "q": 3.1290075853204465e-11, "point_ledger": 8.708853950489814e-16}}
{"validated": 4900, "run": "T0_BI", "time": 6125000000000.0, "maxima": {"local": 9.312492025080537e-05, "width": 1.1882285748620141e-08, "q": 3.1290075853204465e-11, "point_ledger": 8.708853950489814e-16}}
{"validated": 5000, "run": "T0_BI", "time": 6250000000000.0, "maxima": {"local": 9.312492025080537e-05, "width": 1.2097720711982794e-08, "q": 3.1290075853204465e-11, "point_ledger": 8.708853950489814e-16}}
{"validated": 5100, "run": "T0_BI", "time": 6375000000000.0, "maxima": {"local": 9.312492025080537e-05, "width": 1.2314314415960982e-08, "q": 3.1290075853204465e-11, "point_ledger": 8.708853950489814e-16}}
{"validated": 5200, "run": "T0_BI", "time": 6500000000000.0, "maxima": {"local": 9.312492025080537e-05, "width": 1.2532043353875754e-08, "q": 3.1290075853204465e-11, "point_ledger": 8.708853950489814e-16}}
{"validated": 5300, "run": "T0_BI", "time": 6625000000000.0, "maxima": {"local": 9.312492025080537e-05, "width": 1.2750880864342068e-08, "q": 3.1290075853204465e-11, "point_ledger": 8.708853950489814e-16}}
{"validated": 5400, "run": "T0_BI", "time": 6750000000000.0, "maxima": {"local": 9.312492025080537e-05, "width": 1.2970800935356937e-08, "q": 3.1290075853204465e-11, "point_ledger": 8.708853950489814e-16}}
{"validated": 5500, "run": "T0_BI", "time": 6875000000000.0, "maxima": {"local": 9.312492025080537e-05, "width": 1.3191780044630369e-08, "q": 3.1290075853204465e-11, "point_ledger": 8.708853950489814e-16}}
{"validated": 5600, "run": "T0_BI", "time": 7000000000000.0, "maxima": {"local": 9.312492025080537e-05, "width": 1.3413791595921697e-08, "q": 3.1290075853204465e-11, "point_ledger": 8.708853950489814e-16}}
{"validated": 5700, "run": "T0_BI", "time": 7125000000000.0, "maxima": {"local": 9.312492025080537e-05, "width": 1.3636808409108117e-08, "q": 3.1290075853204465e-11, "point_ledger": 8.708853950489814e-16}}
{"validated": 5800, "run": "T0_BI", "time": 7250000000000.0, "maxima": {"local": 9.312492025080537e-05, "width": 1.3860807589467958e-08, "q": 3.1290075853204465e-11, "point_ledger": 8.708853950489814e-16}}
{"validated": 5900, "run": "T0_BI", "time": 7375000000000.0, "maxima": {"local": 9.312492025080537e-05, "width": 1.4085763523421752e-08, "q": 3.1290075853204465e-11, "point_ledger": 8.708853950489814e-16}}
{"validated": 6000, "run": "T0_BI", "time": 7500000000000.0, "maxima": {"local": 9.312492025080537e-05, "width": 1.431165014772407e-08, "q": 3.1290075853204465e-11, "point_ledger": 8.708853950489814e-16}}
{"validated": 6100, "run": "T0_BI", "time": 7625000000000.0, "maxima": {"local": 9.312492025080537e-05, "width": 1.453844299018502e-08, "q": 3.1290075853204465e-11, "point_ledger": 8.708853950489814e-16}}
{"validated": 6200, "run": "T0_BI", "time": 7750000000000.0, "maxima": {"local": 9.312492025080537e-05, "width": 1.4766119504267087e-08, "q": 3.1290075853204465e-11, "point_ledger": 8.708853950489814e-16}}
{"validated": 6300, "run": "T0_BI", "time": 7875000000000.0, "maxima": {"local": 9.312492025080537e-05, "width": 1.499465143249372e-08, "q": 3.1290075853204465e-11, "point_ledger": 8.708853950489814e-16}}
{"validated": 6400, "run": "T0_BI", "time": 8000000000000.0, "maxima": {"local": 9.312492025080537e-05, "width": 1.522401157071589e-08, "q": 3.1290075853204465e-11, "point_ledger": 8.708853950489814e-16}}
{"validated": 6500, "run": "T0_BI", "time": 8125000000000.0, "maxima": {"local": 9.312492025080537e-05, "width": 1.5454178152057427e-08, "q": 3.1290075853204465e-11, "point_ledger": 8.708853950489814e-16}}
{"validated": 6600, "run": "T0_BI", "time": 8250000000000.0, "maxima": {"local": 9.312492025080537e-05, "width": 1.5685128522553878e-08, "q": 3.1290075853204465e-11, "point_ledger": 8.708853950489814e-16}}
{"validated": 6700, "run": "T0_BI", "time": 8375000000000.0, "maxima": {"local": 9.312492025080537e-05, "width": 1.5916838327340277e-08, "q": 3.1290075853204465e-11, "point_ledger": 8.708853950489814e-16}}
{"validated": 6800, "run": "T0_BI", "time": 8500000000000.0, "maxima": {"local": 9.312492025080537e-05, "width": 1.6149283675572676e-08, "q": 3.1290075853204465e-11, "point_ledger": 8.708853950489814e-16}}
{"validated": 6900, "run": "T0_BI", "time": 8625000000000.0, "maxima": {"local": 9.312492025080537e-05, "width": 1.6382444097576806e-08, "q": 3.1290075853204465e-11, "point_ledger": 8.708853950489814e-16}}
{"validated": 7000, "run": "T0_BI", "time": 8750000000000.0, "maxima": {"local": 9.312492025080537e-05, "width": 1.6616297537347885e-08, "q": 3.1290075853204465e-11, "point_ledger": 8.708853950489814e-16}}
{"validated": 7100, "run": "T0_BI", "time": 8875000000000.0, "maxima": {"local": 9.312492025080537e-05, "width": 1.6850820851600948e-08, "q": 3.1290075853204465e-11, "point_ledger": 8.708853950489814e-16}}
{"validated": 7200, "run": "T0_BI", "time": 9000000000000.0, "maxima": {"local": 9.312492025080537e-05, "width": 1.7085990991844147e-08, "q": 3.1290075853204465e-11, "point_ledger": 8.708853950489814e-16}}
{"validated": 7300, "run": "T0_BI", "time": 9125000000000.0, "maxima": {"local": 9.312492025080537e-05, "width": 1.7321788399046062e-08, "q": 3.1290075853204465e-11, "point_ledger": 8.708853950489814e-16}}
{"validated": 7400, "run": "T0_BI", "time": 9250000000000.0, "maxima": {"local": 9.312492025080537e-05, "width": 1.7558191786631976e-08, "q": 3.1290075853204465e-11, "point_ledger": 8.708853950489814e-16}}
{"validated": 7500, "run": "T0_BI", "time": 9375000000000.0, "maxima": {"local": 9.312492025080537e-05, "width": 1.7795175383991585e-08, "q": 3.1290075853204465e-11, "point_ledger": 8.708853950489814e-16}}
{"validated": 7600, "run": "T0_BI", "time": 9500000000000.0, "maxima": {"local": 9.312492025080537e-05, "width": 1.8032713651414355e-08, "q": 3.1290075853204465e-11, "point_ledger": 8.708853950489814e-16}}
{"validated": 7700, "run": "T0_BI", "time": 9625000000000.0, "maxima": {"local": 9.312492025080537e-05, "width": 1.8270785546084894e-08, "q": 3.1290075853204465e-11, "point_ledger": 8.708853950489814e-16}}
{"validated": 7800, "run": "T0_BI", "time": 9750000000000.0, "maxima": {"local": 9.312492025080537e-05, "width": 1.8509368953316152e-08, "q": 3.1290075853204465e-11, "point_ledger": 8.708853950489814e-16}}
{"validated": 7900, "run": "T0_BI", "time": 9875000000000.0, "maxima": {"local": 9.312492025080537e-05, "width": 1.8748424355370145e-08, "q": 3.1290075853204465e-11, "point_ledger": 8.708853950489814e-16}}
{"validated": 8000, "run": "T0_BI", "time": 10000000000000.0, "maxima": {"local": 9.312492025080537e-05, "width": 1.898790923999936e-08, "q": 3.1290075853204465e-11, "point_ledger": 8.708853950489814e-16}}
Traceback (most recent call last):
  File "/home/cosmosapjw/Dropbox/bianchi/rei_bianchi/.cuh/fastest-track/REI-F08-PAIRED/check_history.py", line 27, in <module>
    hasher.update(line.encode());row=json.loads(line);assert row['dt_s']==min(dt,1e13-s.time),'ADAPTIVE_SCHEDULE'
         ^^^^^^^^^^^^^^^^^^^^^^^^^^^^^^^^^^^^^^^^^^^^^^^^^^^^^^^^^^^^^^^^^^^^^^^
  File "/home/cosmosapjw/Dropbox/bianchi/rei_bianchi/.cuh/fastest-track/REI-F08-PAIRED/independent_reporting.py", line 135, in checkpoint
    x,u,nlo,nhi,ulo,uhi=map(f,raw.split());close(x,gn,1e-15,'CHECKPOINT_GUARD_N');close(u,gu,1e-15,'CHECKPOINT_GUARD_U');assert nlo<=x<=nhi and ulo<=u<=uhi
                                           ^^^^^^^^^^^^^^^^^^^^^^^^^^^^^^^^^^^^^^
  File "/home/cosmosapjw/Dropbox/bianchi/rei_bianchi/.cuh/fastest-track/REI-F08-PAIRED/independent_reporting.py", line 12, in close
    assert math.isfinite(float(a)) and math.isfinite(float(b)) and abs(float(a)-float(b))<=3e-14*max(abs(float(a)),abs(float(b)),scale),(label,a,b)
           ^^^^^^^^^^^^^^^^^^^^^^^^^^^^^^^^^^^^^^^^^^^^^^^^^^^^^^^^^^^^^^^^^^^^^^^^^^^^^^^^^^^^^^^^^^^^^^^^^^^^^^^^^^^^^^^^^^^^^^^^^^^^
AssertionError: ('CHECKPOINT_GUARD_N', 6.873108915792559e-07, 6.873108915791711e-07)
