{"validated": 100, "run": "T0_EPS_HALF", "time": 125000000000.0, "maxima": {"local": 9.312304913853609e-05, "width": 1.5502887862339776e-10, "q": 1.580503543515246e-11, "point_ledger": 1.024842103541923e-15}, "proven_prefix_saved": 100}
{"validated": 200, "run": "T0_EPS_HALF", "time": 250000000000.0, "maxima": {"local": 9.312304913853609e-05, "width": 5.793005738211828e-10, "q": 2.612509456107825e-11, "point_ledger": 1.024842103541923e-15}, "proven_prefix_saved": 200}
{"validated": 300, "run": "T0_EPS_HALF", "time": 375000000000.0, "maxima": {"local": 9.312304913853609e-05, "width": 1.381746038267855e-09, "q": 3.102085881568262e-11, "point_ledger": 1.024842103541923e-15}, "proven_prefix_saved": 300}
{"validated": 400, "run": "T0_EPS_HALF", "time": 500000000000.0, "maxima": {"local": 9.312304913853609e-05, "width": 2.3010388011928534e-09, "q": 3.129039019501298e-11, "point_ledger": 1.024842103541923e-15}, "proven_prefix_saved": 400}
{"validated": 500, "run": "T0_EPS_HALF", "time": 625000000000.0, "maxima": {"local": 9.312304913853609e-05, "width": 3.107123525700769e-09, "q": 3.129039019501298e-11, "point_ledger": 1.024842103541923e-15}, "proven_prefix_saved": 500}
{"validated": 600, "run": "T0_EPS_HALF", "time": 750000000000.0, "maxima": {"local": 9.312304913853609e-05, "width": 3.6893246204254535e-09, "q": 3.129039019501298e-11, "point_ledger": 1.024842103541923e-15}, "proven_prefix_saved": 600}
{"validated": 700, "run": "T0_EPS_HALF", "time": 875000000000.0, "maxima": {"local": 9.312304913853609e-05, "width": 4.068504583556588e-09, "q": 3.129039019501298e-11, "point_ledger": 1.024842103541923e-15}, "proven_prefix_saved": 700}
{"validated": 800, "run": "T0_EPS_HALF", "time": 1000000000000.0, "maxima": {"local": 9.312304913853609e-05, "width": 4.319076767371292e-09, "q": 3.129039019501298e-11, "point_ledger": 1.024842103541923e-15}, "proven_prefix_saved": 800}
{"validated": 900, "run": "T0_EPS_HALF", "time": 1125000000000.0, "maxima": {"local": 9.312304913853609e-05, "width": 4.50614105324488e-09, "q": 3.129039019501298e-11, "point_ledger": 1.024842103541923e-15}, "proven_prefix_saved": 900}
{"validated": 1000, "run": "T0_EPS_HALF", "time": 1250000000000.0, "maxima": {"local": 9.312304913853609e-05, "width": 4.667861607954131e-09, "q": 3.129039019501298e-11, "point_ledger": 1.024842103541923e-15}, "proven_prefix_saved": 1000}
{"validated": 1100, "run": "T0_EPS_HALF", "time": 1375000000000.0, "maxima": {"local": 9.312304913853609e-05, "width": 4.821796047031541e-09, "q": 3.129039019501298e-11, "point_ledger": 1.024842103541923e-15}, "proven_prefix_saved": 1100}
{"validated": 1200, "run": "T0_EPS_HALF", "time": 1500000000000.0, "maxima": {"local": 9.312304913853609e-05, "width": 4.974685296177198e-09, "q": 3.129039019501298e-11, "point_ledger": 1.024842103541923e-15}, "proven_prefix_saved": 1200}
{"validated": 1300, "run": "T0_EPS_HALF", "time": 1625000000000.0, "maxima": {"local": 9.312304913853609e-05, "width": 5.128755620907735e-09, "q": 3.129039019501298e-11, "point_ledger": 1.024842103541923e-15}, "proven_prefix_saved": 1300}
{"validated": 1400, "run": "T0_EPS_HALF", "time": 1750000000000.0, "maxima": {"local": 9.312304913853609e-05, "width": 5.284647875344053e-09, "q": 3.129039019501298e-11, "point_ledger": 1.024842103541923e-15}, "proven_prefix_saved": 1400}
{"validated": 1500, "run": "T0_EPS_HALF", "time": 1875000000000.0, "maxima": {"local": 9.312304913853609e-05, "width": 5.442526667309479e-09, "q": 3.129039019501298e-11, "point_ledger": 1.024842103541923e-15}, "proven_prefix_saved": 1500}
{"validated": 1600, "run": "T0_EPS_HALF", "time": 2000000000000.0, "maxima": {"local": 9.312304913853609e-05, "width": 5.6024279171690065e-09, "q": 3.129039019501298e-11, "point_ledger": 1.024842103541923e-15}, "proven_prefix_saved": 1600}
{"validated": 1700, "run": "T0_EPS_HALF", "time": 2125000000000.0, "maxima": {"local": 9.312304913853609e-05, "width": 5.764355085020305e-09, "q": 3.129039019501298e-11, "point_ledger": 1.024842103541923e-15}, "proven_prefix_saved": 1700}
{"validated": 1800, "run": "T0_EPS_HALF", "time": 2250000000000.0, "maxima": {"local": 9.312304913853609e-05, "width": 5.928302011226814e-09, "q": 3.129039019501298e-11, "point_ledger": 1.024842103541923e-15}, "proven_prefix_saved": 1800}
{"validated": 1900, "run": "T0_EPS_HALF", "time": 2375000000000.0, "maxima": {"local": 9.312304913853609e-05, "width": 6.094252977542876e-09, "q": 3.129039019501298e-11, "point_ledger": 1.024842103541923e-15}, "proven_prefix_saved": 1900}
{"validated": 2000, "run": "T0_EPS_HALF", "time": 2500000000000.0, "maxima": {"local": 9.312304913853609e-05, "width": 6.262190462140009e-09, "q": 3.129039019501298e-11, "point_ledger": 1.024842103541923e-15}, "proven_prefix_saved": 2000}
{"validated": 2100, "run": "T0_EPS_HALF", "time": 2625000000000.0, "maxima": {"local": 9.312304913853609e-05, "width": 6.432094638031985e-09, "q": 3.129039019501298e-11, "point_ledger": 1.024842103541923e-15}, "proven_prefix_saved": 2100}
{"validated": 2200, "run": "T0_EPS_HALF", "time": 2750000000000.0, "maxima": {"local": 9.312304913853609e-05, "width": 6.603942082529642e-09, "q": 3.129039019501298e-11, "point_ledger": 1.024842103541923e-15}, "proven_prefix_saved": 2200}
{"validated": 2300, "run": "T0_EPS_HALF", "time": 2875000000000.0, "maxima": {"local": 9.312304913853609e-05, "width": 6.7777067033591775e-09, "q": 3.129039019501298e-11, "point_ledger": 1.024842103541923e-15}, "proven_prefix_saved": 2300}
{"validated": 2400, "run": "T0_EPS_HALF", "time": 3000000000000.0, "maxima": {"local": 9.312304913853609e-05, "width": 6.953365575770015e-09, "q": 3.129039019501298e-11, "point_ledger": 1.024842103541923e-15}, "proven_prefix_saved": 2400}
{"validated": 2500, "run": "T0_EPS_HALF", "time": 3125000000000.0, "maxima": {"local": 9.312304913853609e-05, "width": 7.130893842213023e-09, "q": 3.129039019501298e-11, "point_ledger": 1.024842103541923e-15}, "proven_prefix_saved": 2500}
{"validated": 2600, "run": "T0_EPS_HALF", "time": 3250000000000.0, "maxima": {"local": 9.312304913853609e-05, "width": 7.310266189189522e-09, "q": 3.129039019501298e-11, "point_ledger": 1.024842103541923e-15}, "proven_prefix_saved": 2600}
{"validated": 2700, "run": "T0_EPS_HALF", "time": 3375000000000.0, "maxima": {"local": 9.312304913853609e-05, "width": 7.491454738640222e-09, "q": 3.129039019501298e-11, "point_ledger": 1.024842103541923e-15}, "proven_prefix_saved": 2700}
{"validated": 2800, "run": "T0_EPS_HALF", "time": 3500000000000.0, "maxima": {"local": 9.312304913853609e-05, "width": 7.674434047351515e-09, "q": 3.129039019501298e-11, "point_ledger": 1.024842103541923e-15}, "proven_prefix_saved": 2800}
{"validated": 2900, "run": "T0_EPS_HALF", "time": 3625000000000.0, "maxima": {"local": 9.312304913853609e-05, "width": 7.85917575171785e-09, "q": 3.129039019501298e-11, "point_ledger": 1.024842103541923e-15}, "proven_prefix_saved": 2900}
{"validated": 3000, "run": "T0_EPS_HALF", "time": 3750000000000.0, "maxima": {"local": 9.312304913853609e-05, "width": 8.045655790216843e-09, "q": 3.129039019501298e-11, "point_ledger": 1.024842103541923e-15}, "proven_prefix_saved": 3000}
{"validated": 3100, "run": "T0_EPS_HALF", "time": 3875000000000.0, "maxima": {"local": 9.312304913853609e-05, "width": 8.233848249080529e-09, "q": 3.129039019501298e-11, "point_ledger": 1.024842103541923e-15}, "proven_prefix_saved": 3100}
{"validated": 3200, "run": "T0_EPS_HALF", "time": 4000000000000.0, "maxima": {"local": 9.312304913853609e-05, "width": 8.423724737336372e-09, "q": 3.129039019501298e-11, "point_ledger": 1.024842103541923e-15}, "proven_prefix_saved": 3200}
{"validated": 3300, "run": "T0_EPS_HALF", "time": 4125000000000.0, "maxima": {"local": 9.312304913853609e-05, "width": 8.61525854693473e-09, "q": 3.129039019501298e-11, "point_ledger": 1.024842103541923e-15}, "proven_prefix_saved": 3300}
{"validated": 3400, "run": "T0_EPS_HALF", "time": 4250000000000.0, "maxima": {"local": 9.312304913853609e-05, "width": 8.808420433520264e-09, "q": 3.129039019501298e-11, "point_ledger": 1.024842103541923e-15}, "proven_prefix_saved": 3400}
{"validated": 3500, "run": "T0_EPS_HALF", "time": 4375000000000.0, "maxima": {"local": 9.312304913853609e-05, "width": 9.003183806883425e-09, "q": 3.129039019501298e-11, "point_ledger": 1.024842103541923e-15}, "proven_prefix_saved": 3500}
{"validated": 3600, "run": "T0_EPS_HALF", "time": 4500000000000.0, "maxima": {"local": 9.312304913853609e-05, "width": 9.199519309354533e-09, "q": 3.129039019501298e-11, "point_ledger": 1.024842103541923e-15}, "proven_prefix_saved": 3600}
{"validated": 3700, "run": "T0_EPS_HALF", "time": 4625000000000.0, "maxima": {"local": 9.312304913853609e-05, "width": 9.397398906125111e-09, "q": 3.129039019501298e-11, "point_ledger": 1.024842103541923e-15}, "proven_prefix_saved": 3700}
{"validated": 3800, "run": "T0_EPS_HALF", "time": 4750000000000.0, "maxima": {"local": 9.312304913853609e-05, "width": 9.596795854949045e-09, "q": 3.129039019501298e-11, "point_ledger": 1.024842103541923e-15}, "proven_prefix_saved": 3800}
{"validated": 3900, "run": "T0_EPS_HALF", "time": 4875000000000.0, "maxima": {"local": 9.312304913853609e-05, "width": 9.7976804203173e-09, "q": 3.129039019501298e-11, "point_ledger": 1.024842103541923e-15}, "proven_prefix_saved": 3900}
{"validated": 4000, "run": "T0_EPS_HALF", "time": 5000000000000.0, "maxima": {"local": 9.312304913853609e-05, "width": 1.0000026230744247e-08, "q": 3.129039019501298e-11, "point_ledger": 1.024842103541923e-15}, "proven_prefix_saved": 4000}
{"validated": 4100, "run": "T0_EPS_HALF", "time": 5125000000000.0, "maxima": {"local": 9.312304913853609e-05, "width": 1.0203804986277819e-08, "q": 3.129039019501298e-11, "point_ledger": 1.024842103541923e-15}, "proven_prefix_saved": 4100}
{"validated": 4200, "run": "T0_EPS_HALF", "time": 5250000000000.0, "maxima": {"local": 9.312304913853609e-05, "width": 1.0408987716112094e-08, "q": 3.129039019501298e-11, "point_ledger": 1.024842103541923e-15}, "proven_prefix_saved": 4200}
{"validated": 4300, "run": "T0_EPS_HALF", "time": 5375000000000.0, "maxima": {"local": 9.312304913853609e-05, "width": 1.0615548461806976e-08, "q": 3.129039019501298e-11, "point_ledger": 1.024842103541923e-15}, "proven_prefix_saved": 4300}
{"validated": 4400, "run": "T0_EPS_HALF", "time": 5500000000000.0, "maxima": {"local": 9.312304913853609e-05, "width": 1.0823458257945834e-08, "q": 3.129039019501298e-11, "point_ledger": 1.024842103541923e-15}, "proven_prefix_saved": 4400}
{"validated": 4500, "run": "T0_EPS_HALF", "time": 5625000000000.0, "maxima": {"local": 9.312304913853609e-05, "width": 1.1032689119035388e-08, "q": 3.129039019501298e-11, "point_ledger": 1.024842103541923e-15}, "proven_prefix_saved": 4500}
{"validated": 4600, "run": "T0_EPS_HALF", "time": 5750000000000.0, "maxima": {"local": 9.312304913853609e-05, "width": 1.1243215203432956e-08, "q": 3.129039019501298e-11, "point_ledger": 1.024842103541923e-15}, "proven_prefix_saved": 4600}
{"validated": 4700, "run": "T0_EPS_HALF", "time": 5875000000000.0, "maxima": {"local": 9.312304913853609e-05, "width": 1.1455007496560184e-08, "q": 3.129039019501298e-11, "point_ledger": 1.024842103541923e-15}, "proven_prefix_saved": 4700}
{"validated": 4800, "run": "T0_EPS_HALF", "time": 6000000000000.0, "maxima": {"local": 9.312304913853609e-05, "width": 1.1668038739450369e-08, "q": 3.129039019501298e-11, "point_ledger": 1.024842103541923e-15}, "proven_prefix_saved": 4800}
{"validated": 4900, "run": "T0_EPS_HALF", "time": 6125000000000.0, "maxima": {"local": 9.312304913853609e-05, "width": 1.1882283500188147e-08, "q": 3.129039019501298e-11, "point_ledger": 1.024842103541923e-15}, "proven_prefix_saved": 4900}
{"validated": 5000, "run": "T0_EPS_HALF", "time": 6250000000000.0, "maxima": {"local": 9.312304913853609e-05, "width": 1.2097713487353116e-08, "q": 3.129039019501298e-11, "point_ledger": 1.024842103541923e-15}, "proven_prefix_saved": 5000}
{"validated": 5100, "run": "T0_EPS_HALF", "time": 6375000000000.0, "maxima": {"local": 9.312304913853609e-05, "width": 1.2314302050113727e-08, "q": 3.129039019501298e-11, "point_ledger": 1.024842103541923e-15}, "proven_prefix_saved": 5100}
{"validated": 5200, "run": "T0_EPS_HALF", "time": 6500000000000.0, "maxima": {"local": 9.312304913853609e-05, "width": 1.2532025907904706e-08, "q": 3.129039019501298e-11, "point_ledger": 1.024842103541923e-15}, "proven_prefix_saved": 5200}
{"validated": 5300, "run": "T0_EPS_HALF", "time": 6625000000000.0, "maxima": {"local": 9.312304913853609e-05, "width": 1.2750858515259862e-08, "q": 3.129039019501298e-11, "point_ledger": 1.024842103541923e-15}, "proven_prefix_saved": 5300}
{"validated": 5400, "run": "T0_EPS_HALF", "time": 6750000000000.0, "maxima": {"local": 9.312304913853609e-05, "width": 1.2970773499972843e-08, "q": 3.129039019501298e-11, "point_ledger": 1.024842103541923e-15}, "proven_prefix_saved": 5400}
{"validated": 5500, "run": "T0_EPS_HALF", "time": 6875000000000.0, "maxima": {"local": 9.312304913853609e-05, "width": 1.3191747399608979e-08, "q": 3.129039019501298e-11, "point_ledger": 1.024842103541923e-15}, "proven_prefix_saved": 5500}
{"validated": 5600, "run": "T0_EPS_HALF", "time": 7000000000000.0, "maxima": {"local": 9.312304913853609e-05, "width": 1.3413753695856198e-08, "q": 3.129039019501298e-11, "point_ledger": 1.024842103541923e-15}, "proven_prefix_saved": 5600}
{"validated": 5700, "run": "T0_EPS_HALF", "time": 7125000000000.0, "maxima": {"local": 9.312304913853609e-05, "width": 1.3636765641869169e-08, "q": 3.129039019501298e-11, "point_ledger": 1.024842103541923e-15}, "proven_prefix_saved": 5700}
{"validated": 5800, "run": "T0_EPS_HALF", "time": 7250000000000.0, "maxima": {"local": 9.312304913853609e-05, "width": 1.386075981136109e-08, "q": 3.129039019501298e-11, "point_ledger": 1.024842103541923e-15}, "proven_prefix_saved": 5800}
{"validated": 5900, "run": "T0_EPS_HALF", "time": 7375000000000.0, "maxima": {"local": 9.312304913853609e-05, "width": 1.408571093419844e-08, "q": 3.129039019501298e-11, "point_ledger": 1.024842103541923e-15}, "proven_prefix_saved": 5900}
{"validated": 6000, "run": "T0_EPS_HALF", "time": 7500000000000.0, "maxima": {"local": 9.312304913853609e-05, "width": 1.431159245032896e-08, "q": 3.129039019501298e-11, "point_ledger": 1.024842103541923e-15}, "proven_prefix_saved": 6000}
{"validated": 6100, "run": "T0_EPS_HALF", "time": 7625000000000.0, "maxima": {"local": 9.312304913853609e-05, "width": 1.4538379864986462e-08, "q": 3.129039019501298e-11, "point_ledger": 1.024842103541923e-15}, "proven_prefix_saved": 6100}
{"validated": 6200, "run": "T0_EPS_HALF", "time": 7750000000000.0, "maxima": {"local": 9.312304913853609e-05, "width": 1.47660508090055e-08, "q": 3.129039019501298e-11, "point_ledger": 1.024842103541923e-15}, "proven_prefix_saved": 6200}
{"validated": 6300, "run": "T0_EPS_HALF", "time": 7875000000000.0, "maxima": {"local": 9.312304913853609e-05, "width": 1.499457733460196e-08, "q": 3.129039019501298e-11, "point_ledger": 1.024842103541923e-15}, "proven_prefix_saved": 6300}
{"validated": 6400, "run": "T0_EPS_HALF", "time": 8000000000000.0, "maxima": {"local": 9.312304913853609e-05, "width": 1.5223932039884018e-08, "q": 3.129039019501298e-11, "point_ledger": 1.024842103541923e-15}, "proven_prefix_saved": 6400}
{"validated": 6500, "run": "T0_EPS_HALF", "time": 8125000000000.0, "maxima": {"local": 9.312304913853609e-05, "width": 1.5454093199991553e-08, "q": 3.129039019501298e-11, "point_ledger": 1.024842103541923e-15}, "proven_prefix_saved": 6500}
{"validated": 6600, "run": "T0_EPS_HALF", "time": 8250000000000.0, "maxima": {"local": 9.312304913853609e-05, "width": 1.5685038075619022e-08, "q": 3.129039019501298e-11, "point_ledger": 1.024842103541923e-15}, "proven_prefix_saved": 6600}
{"validated": 6700, "run": "T0_EPS_HALF", "time": 8375000000000.0, "maxima": {"local": 9.312304913853609e-05, "width": 1.5916742277724167e-08, "q": 3.129039019501298e-11, "point_ledger": 1.024842103541923e-15}, "proven_prefix_saved": 6700}
{"validated": 6800, "run": "T0_EPS_HALF", "time": 8500000000000.0, "maxima": {"local": 9.312304913853609e-05, "width": 1.6149182029333115e-08, "q": 3.129039019501298e-11, "point_ledger": 1.024842103541923e-15}, "proven_prefix_saved": 6800}
{"validated": 6900, "run": "T0_EPS_HALF", "time": 8625000000000.0, "maxima": {"local": 9.312304913853609e-05, "width": 1.6382336826749657e-08, "q": 3.129039019501298e-11, "point_ledger": 1.024842103541923e-15}, "proven_prefix_saved": 6900}
{"validated": 7000, "run": "T0_EPS_HALF", "time": 8750000000000.0, "maxima": {"local": 9.312304913853609e-05, "width": 1.6616184551344483e-08, "q": 3.129039019501298e-11, "point_ledger": 1.024842103541923e-15}, "proven_prefix_saved": 7000}
{"validated": 7100, "run": "T0_EPS_HALF", "time": 8875000000000.0, "maxima": {"local": 9.312304913853609e-05, "width": 1.6850702151490943e-08, "q": 3.129039019501298e-11, "point_ledger": 1.024842103541923e-15}, "proven_prefix_saved": 7100}
{"validated": 7200, "run": "T0_EPS_HALF", "time": 9000000000000.0, "maxima": {"local": 9.312304913853609e-05, "width": 1.7085866498159524e-08, "q": 3.129039019501298e-11, "point_ledger": 1.024842103541923e-15}, "proven_prefix_saved": 7200}
{"validated": 7300, "run": "T0_EPS_HALF", "time": 9125000000000.0, "maxima": {"local": 9.312304913853609e-05, "width": 1.7321657898031697e-08, "q": 3.129039019501298e-11, "point_ledger": 1.024842103541923e-15}, "proven_prefix_saved": 7300}
{"validated": 7400, "run": "T0_EPS_HALF", "time": 9250000000000.0, "maxima": {"local": 9.312304913853609e-05, "width": 1.755805542614276e-08, "q": 3.129039019501298e-11, "point_ledger": 1.024842103541923e-15}, "proven_prefix_saved": 7400}
{"validated": 7500, "run": "T0_EPS_HALF", "time": 9375000000000.0, "maxima": {"local": 9.312304913853609e-05, "width": 1.779503324183783e-08, "q": 3.129039019501298e-11, "point_ledger": 1.024842103541923e-15}, "proven_prefix_saved": 7500}
{"validated": 7600, "run": "T0_EPS_HALF", "time": 9500000000000.0, "maxima": {"local": 9.312304913853609e-05, "width": 1.8032565472931407e-08, "q": 3.129039019501298e-11, "point_ledger": 1.024842103541923e-15}, "proven_prefix_saved": 7600}
{"validated": 7700, "run": "T0_EPS_HALF", "time": 9625000000000.0, "maxima": {"local": 9.312304913853609e-05, "width": 1.8270631079635527e-08, "q": 3.129039019501298e-11, "point_ledger": 1.024842103541923e-15}, "proven_prefix_saved": 7700}
{"validated": 7800, "run": "T0_EPS_HALF", "time": 9750000000000.0, "maxima": {"local": 9.312304913853609e-05, "width": 1.8509209282023654e-08, "q": 3.129039019501298e-11, "point_ledger": 1.024842103541923e-15}, "proven_prefix_saved": 7800}
{"validated": 7900, "run": "T0_EPS_HALF", "time": 9875000000000.0, "maxima": {"local": 9.312304913853609e-05, "width": 1.8748259572329578e-08, "q": 3.129039019501298e-11, "point_ledger": 1.024842103541923e-15}, "proven_prefix_saved": 7900}
{"validated": 8000, "run": "T0_EPS_HALF", "time": 10000000000000.0, "maxima": {"local": 9.312304913853609e-05, "width": 1.8987738722688034e-08, "q": 3.129039019501298e-11, "point_ledger": 1.024842103541923e-15}, "proven_prefix_saved": 8000}
Traceback (most recent call last):
  File "/home/cosmosapjw/Dropbox/bianchi/rei_bianchi/.cuh/fastest-track/REI-F08-PAIRED/checker_v4/check_history.py", line 38, in <module>
    offset=point.checkpoint(header,p,hp.parent/'checkpoint.dat',accepted,rejected);assert offset==(hp.parent/'trials.jsonl').stat().st_size,'CHECKPOINT_LOG_OFFSET'
           ^^^^^^^^^^^^^^^^^^^^^^^^^^^^^^^^^^^^^^^^^^^^^^^^^^^^^^^^^^^^^^^^^^^^^^^
  File "/home/cosmosapjw/Dropbox/bianchi/rei_bianchi/.cuh/fastest-track/REI-F08-PAIRED/checker_v4/independent_reporting.py", line 135, in checkpoint
    x,u,nlo,nhi,ulo,uhi=map(f,raw.split());close(x,gn,1e-15,'CHECKPOINT_GUARD_N');close(u,gu,1e-15,'CHECKPOINT_GUARD_U');assert nlo<=x<=nhi and ulo<=u<=uhi
                                           ^^^^^^^^^^^^^^^^^^^^^^^^^^^^^^^^^^^^^^
  File "/home/cosmosapjw/Dropbox/bianchi/rei_bianchi/.cuh/fastest-track/REI-F08-PAIRED/checker_v4/independent_reporting.py", line 12, in close
    assert math.isfinite(float(a)) and math.isfinite(float(b)) and abs(float(a)-float(b))<=3e-14*max(abs(float(a)),abs(float(b)),scale),(label,a,b)
           ^^^^^^^^^^^^^^^^^^^^^^^^^^^^^^^^^^^^^^^^^^^^^^^^^^^^^^^^^^^^^^^^^^^^^^^^^^^^^^^^^^^^^^^^^^^^^^^^^^^^^^^^^^^^^^^^^^^^^^^^^^^^
AssertionError: ('CHECKPOINT_GUARD_N', 6.882210652772865e-07, 6.882210652774887e-07)
