{"validated": 100, "run": "T0_FLRW", "time": 125000000000.0, "maxima": {"local": 9.312242543444628e-05, "width": 1.550088946089545e-10, "q": 1.579946026699088e-11, "point_ledger": 9.942133921692076e-16}}
{"validated": 200, "run": "T0_FLRW", "time": 250000000000.0, "maxima": {"local": 9.312242543444628e-05, "width": 5.792240189168152e-10, "q": 2.61232407779811e-11, "point_ledger": 9.942133921692076e-16}}
{"validated": 300, "run": "T0_FLRW", "time": 375000000000.0, "maxima": {"local": 9.312242543444628e-05, "width": 1.3815811311838538e-09, "q": 3.101712711567506e-11, "point_ledger": 9.942133921692076e-16}}
{"validated": 400, "run": "T0_FLRW", "time": 500000000000.0, "maxima": {"local": 9.312242543444628e-05, "width": 2.3007873934365554e-09, "q": 3.128808838585968e-11, "point_ledger": 9.942133921692076e-16}}
{"validated": 500, "run": "T0_FLRW", "time": 625000000000.0, "maxima": {"local": 9.312242543444628e-05, "width": 3.106809673322955e-09, "q": 3.128808838585968e-11, "point_ledger": 9.942133921692076e-16}}
{"validated": 600, "run": "T0_FLRW", "time": 750000000000.0, "maxima": {"local": 9.312242543444628e-05, "width": 3.688968476655933e-09, "q": 3.128808838585968e-11, "point_ledger": 9.942133921692076e-16}}
{"validated": 700, "run": "T0_FLRW", "time": 875000000000.0, "maxima": {"local": 9.312242543444628e-05, "width": 4.068120412681443e-09, "q": 3.128808838585968e-11, "point_ledger": 9.942133921692076e-16}}
{"validated": 800, "run": "T0_FLRW", "time": 1000000000000.0, "maxima": {"local": 9.312242543444628e-05, "width": 4.3186732917613545e-09, "q": 3.128808838585968e-11, "point_ledger": 9.942133921692076e-16}}
{"validated": 900, "run": "T0_FLRW", "time": 1125000000000.0, "maxima": {"local": 9.312242543444628e-05, "width": 4.505722784471542e-09, "q": 3.128808838585968e-11, "point_ledger": 9.942133921692076e-16}}
{"validated": 1000, "run": "T0_FLRW", "time": 1250000000000.0, "maxima": {"local": 9.312242543444628e-05, "width": 4.6674309045208164e-09, "q": 3.128808838585968e-11, "point_ledger": 9.942133921692076e-16}}
{"validated": 1100, "run": "T0_FLRW", "time": 1375000000000.0, "maxima": {"local": 9.312242543444628e-05, "width": 4.821354171233636e-09, "q": 3.128808838585968e-11, "point_ledger": 9.942133921692076e-16}}
{"validated": 1200, "run": "T0_FLRW", "time": 1500000000000.0, "maxima": {"local": 9.312242543444628e-05, "width": 4.974232696528542e-09, "q": 3.128808838585968e-11, "point_ledger": 9.942133921692076e-16}}
{"validated": 1300, "run": "T0_FLRW", "time": 1625000000000.0, "maxima": {"local": 9.312242543444628e-05, "width": 5.1282920940135576e-09, "q": 3.128808838585968e-11, "point_ledger": 9.942133921692076e-16}}
{"validated": 1400, "run": "T0_FLRW", "time": 1750000000000.0, "maxima": {"local": 9.312242543444628e-05, "width": 5.2841734569404385e-09, "q": 3.128808838585968e-11, "point_ledger": 9.942133921692076e-16}}
{"validated": 1500, "run": "T0_FLRW", "time": 1875000000000.0, "maxima": {"local": 9.312242543444628e-05, "width": 5.442041011442485e-09, "q": 3.128808838585968e-11, "point_ledger": 9.942133921692076e-16}}
{"validated": 1600, "run": "T0_FLRW", "time": 2000000000000.0, "maxima": {"local": 9.312242543444628e-05, "width": 5.601930745425811e-09, "q": 3.128808838585968e-11, "point_ledger": 9.942133921692076e-16}}
{"validated": 1700, "run": "T0_FLRW", "time": 2125000000000.0, "maxima": {"local": 9.312242543444628e-05, "width": 5.763846825552364e-09, "q": 3.128808838585968e-11, "point_ledger": 9.942133921692076e-16}}
{"validated": 1800, "run": "T0_FLRW", "time": 2250000000000.0, "maxima": {"local": 9.312242543444628e-05, "width": 5.927783252387783e-09, "q": 3.128808838585968e-11, "point_ledger": 9.942133921692076e-16}}
{"validated": 1900, "run": "T0_FLRW", "time": 2375000000000.0, "maxima": {"local": 9.312242543444628e-05, "width": 6.09372432777562e-09, "q": 3.128808838585968e-11, "point_ledger": 9.942133921692076e-16}}
{"validated": 2000, "run": "T0_FLRW", "time": 2500000000000.0, "maxima": {"local": 9.312242543444628e-05, "width": 6.261652172479785e-09, "q": 3.128808838585968e-11, "point_ledger": 9.942133921692076e-16}}
{"validated": 2100, "run": "T0_FLRW", "time": 2625000000000.0, "maxima": {"local": 9.312242543444628e-05, "width": 6.4315466024460015e-09, "q": 3.128808838585968e-11, "point_ledger": 9.942133921692076e-16}}
{"validated": 2200, "run": "T0_FLRW", "time": 2750000000000.0, "maxima": {"local": 9.312242543444628e-05, "width": 6.603384174570639e-09, "q": 3.128808838585968e-11, "point_ledger": 9.942133921692076e-16}}
{"validated": 2300, "run": "T0_FLRW", "time": 2875000000000.0, "maxima": {"local": 9.312242543444628e-05, "width": 6.777138671896087e-09, "q": 3.128808838585968e-11, "point_ledger": 9.942133921692076e-16}}
{"validated": 2400, "run": "T0_FLRW", "time": 3000000000000.0, "maxima": {"local": 9.312242543444628e-05, "width": 6.952787315429987e-09, "q": 3.128808838585968e-11, "point_ledger": 9.942133921692076e-16}}
{"validated": 2500, "run": "T0_FLRW", "time": 3125000000000.0, "maxima": {"local": 9.312242543444628e-05, "width": 7.130305290058358e-09, "q": 3.128808838585968e-11, "point_ledger": 9.942133921692076e-16}}
{"validated": 2600, "run": "T0_FLRW", "time": 3250000000000.0, "maxima": {"local": 9.312242543444628e-05, "width": 7.309667309654711e-09, "q": 3.128808838585968e-11, "point_ledger": 9.942133921692076e-16}}
{"validated": 2700, "run": "T0_FLRW", "time": 3375000000000.0, "maxima": {"local": 9.312242543444628e-05, "width": 7.490845086088241e-09, "q": 3.128808838585968e-11, "point_ledger": 9.942133921692076e-16}}
{"validated": 2800, "run": "T0_FLRW", "time": 3500000000000.0, "maxima": {"local": 9.312242543444628e-05, "width": 7.67381299143741e-09, "q": 3.128808838585968e-11, "point_ledger": 9.942133921692076e-16}}
{"validated": 2900, "run": "T0_FLRW", "time": 3625000000000.0, "maxima": {"local": 9.312242543444628e-05, "width": 7.858542849461853e-09, "q": 3.128808838585968e-11, "point_ledger": 9.942133921692076e-16}}
{"validated": 3000, "run": "T0_FLRW", "time": 3750000000000.0, "maxima": {"local": 9.312242543444628e-05, "width": 8.04501123154488e-09, "q": 3.128808838585968e-11, "point_ledger": 9.942133921692076e-16}}
{"validated": 3100, "run": "T0_FLRW", "time": 3875000000000.0, "maxima": {"local": 9.312242543444628e-05, "width": 8.233192444024938e-09, "q": 3.128808838585968e-11, "point_ledger": 9.942133921692076e-16}}
{"validated": 3200, "run": "T0_FLRW", "time": 4000000000000.0, "maxima": {"local": 9.312242543444628e-05, "width": 8.423057325783501e-09, "q": 3.128808838585968e-11, "point_ledger": 9.942133921692076e-16}}
{"validated": 3300, "run": "T0_FLRW", "time": 4125000000000.0, "maxima": {"local": 9.312242543444628e-05, "width": 8.614579167717035e-09, "q": 3.128808838585968e-11, "point_ledger": 9.942133921692076e-16}}
{"validated": 3400, "run": "T0_FLRW", "time": 4250000000000.0, "maxima": {"local": 9.312242543444628e-05, "width": 8.807728385048751e-09, "q": 3.128808838585968e-11, "point_ledger": 9.942133921692076e-16}}
{"validated": 3500, "run": "T0_FLRW", "time": 4375000000000.0, "maxima": {"local": 9.312242543444628e-05, "width": 9.002478815274718e-09, "q": 3.128808838585968e-11, "point_ledger": 9.942133921692076e-16}}
{"validated": 3600, "run": "T0_FLRW", "time": 4500000000000.0, "maxima": {"local": 9.312242543444628e-05, "width": 9.1988014545673e-09, "q": 3.128808838585968e-11, "point_ledger": 9.942133921692076e-16}}
{"validated": 3700, "run": "T0_FLRW", "time": 4625000000000.0, "maxima": {"local": 9.312242543444628e-05, "width": 9.396668080658224e-09, "q": 3.128808838585968e-11, "point_ledger": 9.942133921692076e-16}}
{"validated": 3800, "run": "T0_FLRW", "time": 4750000000000.0, "maxima": {"local": 9.312242543444628e-05, "width": 9.596052234662317e-09, "q": 3.128808838585968e-11, "point_ledger": 9.942133921692076e-16}}
{"validated": 3900, "run": "T0_FLRW", "time": 4875000000000.0, "maxima": {"local": 9.312242543444628e-05, "width": 9.796924392021172e-09, "q": 3.128808838585968e-11, "point_ledger": 9.942133921692076e-16}}
{"validated": 4000, "run": "T0_FLRW", "time": 5000000000000.0, "maxima": {"local": 9.312242543444628e-05, "width": 9.999258003053286e-09, "q": 3.128808838585968e-11, "point_ledger": 9.942133921692076e-16}}
{"validated": 4100, "run": "T0_FLRW", "time": 5125000000000.0, "maxima": {"local": 9.312242543444628e-05, "width": 1.0203024638326828e-08, "q": 3.128808838585968e-11, "point_ledger": 9.942133921692076e-16}}
{"validated": 4200, "run": "T0_FLRW", "time": 5250000000000.0, "maxima": {"local": 9.312242543444628e-05, "width": 1.0408195328636679e-08, "q": 3.128808838585968e-11, "point_ledger": 9.942133921692076e-16}}
{"validated": 4300, "run": "T0_FLRW", "time": 5375000000000.0, "maxima": {"local": 9.312242543444628e-05, "width": 1.0614744432146928e-08, "q": 3.128808838585968e-11, "point_ledger": 9.942133921692076e-16}}
{"validated": 4400, "run": "T0_FLRW", "time": 5500000000000.0, "maxima": {"local": 9.312242543444628e-05, "width": 1.0822643094794504e-08, "q": 3.128808838585968e-11, "point_ledger": 9.942133921692076e-16}}
{"validated": 4500, "run": "T0_FLRW", "time": 5625000000000.0, "maxima": {"local": 9.312242543444628e-05, "width": 1.103186309238422e-08, "q": 3.128808838585968e-11, "point_ledger": 9.942133921692076e-16}}
{"validated": 4600, "run": "T0_FLRW", "time": 5750000000000.0, "maxima": {"local": 9.312242543444628e-05, "width": 1.1242378472473117e-08, "q": 3.128808838585968e-11, "point_ledger": 9.942133921692076e-16}}
{"validated": 4700, "run": "T0_FLRW", "time": 5875000000000.0, "maxima": {"local": 9.312242543444628e-05, "width": 1.1454160190719235e-08, "q": 3.128808838585968e-11, "point_ledger": 9.942133921692076e-16}}
{"validated": 4800, "run": "T0_FLRW", "time": 6000000000000.0, "maxima": {"local": 9.312242543444628e-05, "width": 1.166718088101546e-08, "q": 3.128808838585968e-11, "point_ledger": 9.942133921692076e-16}}
{"validated": 4900, "run": "T0_FLRW", "time": 6125000000000.0, "maxima": {"local": 9.312242543444628e-05, "width": 1.1881414961917576e-08, "q": 3.128808838585968e-11, "point_ledger": 9.942133921692076e-16}}
{"validated": 5000, "run": "T0_FLRW", "time": 6250000000000.0, "maxima": {"local": 9.312242543444628e-05, "width": 1.2096833893779525e-08, "q": 3.128808838585968e-11, "point_ledger": 9.942133921692076e-16}}
{"validated": 5100, "run": "T0_FLRW", "time": 6375000000000.0, "maxima": {"local": 9.312242543444628e-05, "width": 1.2313411139407384e-08, "q": 3.128808838585968e-11, "point_ledger": 9.942133921692076e-16}}
{"validated": 5200, "run": "T0_FLRW", "time": 6500000000000.0, "maxima": {"local": 9.312242543444628e-05, "width": 1.2531123334461652e-08, "q": 3.128808838585968e-11, "point_ledger": 9.942133921692076e-16}}
{"validated": 5300, "run": "T0_FLRW", "time": 6625000000000.0, "maxima": {"local": 9.312242543444628e-05, "width": 1.2749943957910887e-08, "q": 3.128808838585968e-11, "point_ledger": 9.942133921692076e-16}}
{"validated": 5400, "run": "T0_FLRW", "time": 6750000000000.0, "maxima": {"local": 9.312242543444628e-05, "width": 1.2969847004243141e-08, "q": 3.128808838585968e-11, "point_ledger": 9.942133921692076e-16}}
{"validated": 5500, "run": "T0_FLRW", "time": 6875000000000.0, "maxima": {"local": 9.312242543444628e-05, "width": 1.319080897432199e-08, "q": 3.128808838585968e-11, "point_ledger": 9.942133921692076e-16}}
{"validated": 5600, "run": "T0_FLRW", "time": 7000000000000.0, "maxima": {"local": 9.312242543444628e-05, "width": 1.3412802916404992e-08, "q": 3.128808838585968e-11, "point_ledger": 9.942133921692076e-16}}
{"validated": 5700, "run": "T0_FLRW", "time": 7125000000000.0, "maxima": {"local": 9.312242543444628e-05, "width": 1.3635801976919783e-08, "q": 3.128808838585968e-11, "point_ledger": 9.942133921692076e-16}}
{"validated": 5800, "run": "T0_FLRW", "time": 7250000000000.0, "maxima": {"local": 9.312242543444628e-05, "width": 1.3859782754871663e-08, "q": 3.128808838585968e-11, "point_ledger": 9.942133921692076e-16}}
{"validated": 5900, "run": "T0_FLRW", "time": 7375000000000.0, "maxima": {"local": 9.312242543444628e-05, "width": 1.4084720305296036e-08, "q": 3.128808838585968e-11, "point_ledger": 9.942133921692076e-16}}
{"validated": 6000, "run": "T0_FLRW", "time": 7500000000000.0, "maxima": {"local": 9.312242543444628e-05, "width": 1.4310588430034724e-08, "q": 3.128808838585968e-11, "point_ledger": 9.942133921692076e-16}}
{"validated": 6100, "run": "T0_FLRW", "time": 7625000000000.0, "maxima": {"local": 9.312242543444628e-05, "width": 1.4537362485997815e-08, "q": 3.128808838585968e-11, "point_ledger": 9.942133921692076e-16}}
{"validated": 6200, "run": "T0_FLRW", "time": 7750000000000.0, "maxima": {"local": 9.312242543444628e-05, "width": 1.4765020042784155e-08, "q": 3.128808838585968e-11, "point_ledger": 9.942133921692076e-16}}
{"validated": 6300, "run": "T0_FLRW", "time": 7875000000000.0, "maxima": {"local": 9.312242543444628e-05, "width": 1.4993532744586054e-08, "q": 3.128808838585968e-11, "point_ledger": 9.942133921692076e-16}}
{"validated": 6400, "run": "T0_FLRW", "time": 8000000000000.0, "maxima": {"local": 9.312242543444628e-05, "width": 1.5222873566066632e-08, "q": 3.128808838585968e-11, "point_ledger": 9.942133921692076e-16}}
{"validated": 6500, "run": "T0_FLRW", "time": 8125000000000.0, "maxima": {"local": 9.312242543444628e-05, "width": 1.5453020449060144e-08, "q": 3.128808838585968e-11, "point_ledger": 9.942133921692076e-16}}
{"validated": 6600, "run": "T0_FLRW", "time": 8250000000000.0, "maxima": {"local": 9.312242543444628e-05, "width": 1.5683951002355073e-08, "q": 3.128808838585968e-11, "point_ledger": 9.942133921692076e-16}}
{"validated": 6700, "run": "T0_FLRW", "time": 8375000000000.0, "maxima": {"local": 9.312242543444628e-05, "width": 1.5915640933193787e-08, "q": 3.128808838585968e-11, "point_ledger": 9.942133921692076e-16}}
{"validated": 6800, "run": "T0_FLRW", "time": 8500000000000.0, "maxima": {"local": 9.312242543444628e-05, "width": 1.6148066127372786e-08, "q": 3.128808838585968e-11, "point_ledger": 9.942133921692076e-16}}
{"validated": 6900, "run": "T0_FLRW", "time": 8625000000000.0, "maxima": {"local": 9.312242543444628e-05, "width": 1.6381205988184995e-08, "q": 3.128808838585968e-11, "point_ledger": 9.942133921692076e-16}}
{"validated": 7000, "run": "T0_FLRW", "time": 8750000000000.0, "maxima": {"local": 9.312242543444628e-05, "width": 1.6615038654251093e-08, "q": 3.128808838585968e-11, "point_ledger": 9.942133921692076e-16}}
{"validated": 7100, "run": "T0_FLRW", "time": 8875000000000.0, "maxima": {"local": 9.312242543444628e-05, "width": 1.6849541224449975e-08, "q": 3.128808838585968e-11, "point_ledger": 9.942133921692076e-16}}
{"validated": 7200, "run": "T0_FLRW", "time": 9000000000000.0, "maxima": {"local": 9.312242543444628e-05, "width": 1.7084690603226283e-08, "q": 3.128808838585968e-11, "point_ledger": 9.942133921692076e-16}}
{"validated": 7300, "run": "T0_FLRW", "time": 9125000000000.0, "maxima": {"local": 9.312242543444628e-05, "width": 1.732046675564088e-08, "q": 3.128808838585968e-11, "point_ledger": 9.942133921692076e-16}}
{"validated": 7400, "run": "T0_FLRW", "time": 9250000000000.0, "maxima": {"local": 9.312242543444628e-05, "width": 1.755684837167372e-08, "q": 3.128808838585968e-11, "point_ledger": 9.942133921692076e-16}}
{"validated": 7500, "run": "T0_FLRW", "time": 9375000000000.0, "maxima": {"local": 9.312242543444628e-05, "width": 1.77938095634551e-08, "q": 3.128808838585968e-11, "point_ledger": 9.942133921692076e-16}}
{"validated": 7600, "run": "T0_FLRW", "time": 9500000000000.0, "maxima": {"local": 9.312242543444628e-05, "width": 1.803132459166322e-08, "q": 3.128808838585968e-11, "point_ledger": 9.942133921692076e-16}}
{"validated": 7700, "run": "T0_FLRW", "time": 9625000000000.0, "maxima": {"local": 9.312242543444628e-05, "width": 1.8269372716279303e-08, "q": 3.128808838585968e-11, "point_ledger": 9.942133921692076e-16}}
{"validated": 7800, "run": "T0_FLRW", "time": 9750000000000.0, "maxima": {"local": 9.312242543444628e-05, "width": 1.8507933733805736e-08, "q": 3.128808838585968e-11, "point_ledger": 9.942133921692076e-16}}
{"validated": 7900, "run": "T0_FLRW", "time": 9875000000000.0, "maxima": {"local": 9.312242543444628e-05, "width": 1.8746966983223237e-08, "q": 3.128808838585968e-11, "point_ledger": 9.942133921692076e-16}}
{"validated": 8000, "run": "T0_FLRW", "time": 10000000000000.0, "maxima": {"local": 9.312242543444628e-05, "width": 1.8986428996355396e-08, "q": 3.128808838585968e-11, "point_ledger": 9.942133921692076e-16}}
Traceback (most recent call last):
  File "/home/cosmosapjw/Dropbox/bianchi/rei_bianchi/.cuh/fastest-track/REI-F08-PAIRED/check_history.py", line 27, in <module>
    hasher.update(line.encode());row=json.loads(line);assert row['dt_s']==min(dt,1e13-s.time),'ADAPTIVE_SCHEDULE'
         ^^^^^^^^^^^^^^^^^^^^^^^^^^^^^^^^^^^^^^^^^^^^^^^^^^^^^^^^^^^^^^^^^^^^^^^
  File "/home/cosmosapjw/Dropbox/bianchi/rei_bianchi/.cuh/fastest-track/REI-F08-PAIRED/independent_reporting.py", line 124, in checkpoint
    return [abs(number(s)+s.absorbed-s.source_n-.05)/(.05+s.source_n),abs(energy(s.gas,s.escape)+photon_energy(s,nodes)+s.redshift+s.thermal-s.source_u-e0)/(e0+s.source_u)]
                                ^^^^^^^^^^^^^^^^^^^^^^^^^^^^^^^^^^^^^
  File "/home/cosmosapjw/Dropbox/bianchi/rei_bianchi/.cuh/fastest-track/REI-F08-PAIRED/independent_reporting.py", line 12, in close
    assert math.isfinite(float(a)) and math.isfinite(float(b)) and abs(float(a)-float(b))<=3e-14*max(abs(float(a)),abs(float(b)),scale),(label,a,b)
           ^^^^^^^^^^^^^^^^^^^^^^^^^^^^^^^^^^^^^^^^^^^^^^^^^^^^^^^^^^^^^^^^^^^^^^^^^^^^^^^^^^^^^^^^^^^^^^^^^^^^^^^^^^^^^^^^^^^^^^^^^^^^
AssertionError: ('CHECKPOINT_GAS_LEDGER', 0.6849999999999999, 0.6850000000001026)
