{
  "claim": "implementation-verified bounded N1 adapter; point probes NOT coupled trajectories",
  "binary_sha256": "3e3a3ef4d89019d791f4e2f4cf25108ac2c6d5e365c58a928d9ff8a85234a0ac",
  "source_domain_points": [
    {
      "source_ionizing_band_energy_erg_cm3_s": 1.9672622571549405e-30,
      "source_above50keV_energy_erg_cm3_s": 5.9192583125394735e-33,
      "omitted_high_energy_fraction": 0.0029998549378956155,
      "z": 15.9,
      "source_ionizing_band_per_cm3_s": 5.399911886651856e-20,
      "source_above50keV_per_cm3_s": 3.1624504943558374e-26,
      "omitted_high_photon_fraction": 5.856481936473324e-07,
      "initial_UVB_used": true
    },
    {
      "source_ionizing_band_energy_erg_cm3_s": 1.5728469562040734e-30,
      "source_above50keV_energy_erg_cm3_s": 6.368745224031953e-33,
      "omitted_high_energy_fraction": 0.004032853281709784,
      "z": 12.0,
      "source_ionizing_band_per_cm3_s": 4.374743575302225e-20,
      "source_above50keV_per_cm3_s": 3.4026866659095377e-26,
      "omitted_high_photon_fraction": 7.778019352958745e-07,
      "initial_UVB_used": false
    },
    {
      "source_ionizing_band_energy_erg_cm3_s": 4.2790290653190225e-31,
      "source_above50keV_energy_erg_cm3_s": 7.024422094978056e-33,
      "omitted_high_energy_fraction": 0.016150794932006295,
      "z": 8.0,
      "source_ionizing_band_per_cm3_s": 1.1747086981997913e-20,
      "source_above50keV_per_cm3_s": 3.752766140816373e-26,
      "omitted_high_photon_fraction": 3.1946253210567247e-06,
      "initial_UVB_used": false
    },
    {
      "source_ionizing_band_energy_erg_cm3_s": 9.955391551745448e-32,
      "source_above50keV_energy_erg_cm3_s": 8.267800222102144e-33,
      "omitted_high_energy_fraction": 0.07668028806064464,
      "z": 4.0,
      "source_ionizing_band_per_cm3_s": 2.0435379899613976e-21,
      "source_above50keV_per_cm3_s": 4.406266142684363e-26,
      "omitted_high_photon_fraction": 2.1561483851500674e-05,
      "initial_UVB_used": false
    }
  ],
  "all_pass": true,
  "max_local_scaled_ledger": 1.1716555455768401e-16,
  "checks_wall_s": 0.7217932530002145,
  "criteria_unchanged": true,
  "RUN002_replayed": false
}
