F                                                                        [100%]
=================================== FAILURES ===================================
__________ test_fast_backward_euler_root_matches_bisection_reference ___________

    def test_fast_backward_euler_root_matches_bisection_reference():
        fast = load('r2b_fast_be_solver', ANALYSIS / 'thermal_fast_root.py')
        reference = load('r2b_fast_be_reference', ANALYSIS / 'thermal_trapezoid.py')
        oracle = load('r2b_fast_be_rhs_oracle', R2A_ANALYSIS / 'thermal_backends.py')
        pop, temperature, volume, heat, hubble = fixture(32)
        parent_energy = reference.energy_from_temperature(pop, temperature)
        dt = np.full(32, 2.5e11)
        old = reference.solve_backward_euler(
            populations=pop,
            parent_energy=parent_energy,
            parent_temperature=temperature,
            volume=volume,
            photoheat=heat,
            hubble=hubble,
            dt=dt,
            rhs_function=oracle._thermal_rhs_numpy,
        )
>       new = fast.solve_backward_euler_fast(
              ^^^^^^^^^^^^^^^^^^^^^^^^^^^^^^
            populations=pop,
            parent_energy=parent_energy,
            parent_temperature=temperature,
            volume=volume,
            photoheat=heat,
            hubble=hubble,
            dt=dt,
        )
E       AttributeError: module 'r2b_fast_be_solver' has no attribute 'solve_backward_euler_fast'

stages/Bianchi_Reionization_Stage_P0_5_B2C2B0C_R2C_R1B_R2B_R2A_R1_POSITIVITY_CONSERVATIVE_SECOND_ORDER_THERMOCHEMISTRY_PREFLIGHT/tests/test_thermal_fast_root.py:134: AttributeError
=========================== short test summary info ============================
FAILED stages/Bianchi_Reionization_Stage_P0_5_B2C2B0C_R2C_R1B_R2B_R2A_R1_POSITIVITY_CONSERVATIVE_SECOND_ORDER_THERMOCHEMISTRY_PREFLIGHT/tests/test_thermal_fast_root.py::test_fast_backward_euler_root_matches_bisection_reference - AttributeError: module 'r2b_fast_be_solver' has no attribute 'solve_backward_euler_fast'
1 failed in 0.07s
