	Command being timed: "python stages/Bianchi_Reionization_Stage_P0_5_B2C2B0C_R2C_R1_RATE_DERIVED_POSITIVE_MULTIRATE_RELAXATION_CONE_LOCK/src/run_positive_multirate_cone.py --repo . --stage stages/Bianchi_Reionization_Stage_P0_5_B2C2B0C_R2C_R1_RATE_DERIVED_POSITIVE_MULTIRATE_RELAXATION_CONE_LOCK --state-input /mnt/data/rei_bianchi_recovery/r2c_r1_inputs/node_state_lift.csv.gz --group-input /mnt/data/rei_bianchi_recovery/r2c_r1_inputs/node_group_lift.csv.gz"
	User time (seconds): 87.68
	System time (seconds): 5.37
	Percent of CPU this job got: 102%
	Elapsed (wall clock) time (h:mm:ss or m:ss): 1:30.85
	Average shared text size (kbytes): 0
	Average unshared data size (kbytes): 0
	Average stack size (kbytes): 0
	Average total size (kbytes): 0
	Maximum resident set size (kbytes): 1051284
	Average resident set size (kbytes): 0
	Major (requiring I/O) page faults: 0
	Minor (reclaiming a frame) page faults: 556702
	Voluntary context switches: 40
	Involuntary context switches: 501
	Swaps: 0
	File system inputs: 0
	File system outputs: 3472
	Socket messages sent: 0
	Socket messages received: 0
	Signals delivered: 0
	Page size (bytes): 4096
	Exit status: 0
