{
  "elapsed_s": {
    "LOCAL_NEUTRAL_HAZARD_PRIMARY:1024": 0.7828481319997991,
    "LOCAL_NEUTRAL_HAZARD_PRIMARY:2048": 0.8474353339997833,
    "LOCAL_NEUTRAL_HAZARD_PRIMARY:512": 1.274000906999845,
    "RECOMBINATION_WEIGHTED_AUDITOR:1024": 0.7726569060000656,
    "RECOMBINATION_WEIGHTED_AUDITOR:2048": 0.7688992670000516,
    "RECOMBINATION_WEIGHTED_AUDITOR:512": 0.8136456669999461,
    "SCRIPT_SELF_SHIELDING_AUDITOR:1024": 0.7857807099999263,
    "SCRIPT_SELF_SHIELDING_AUDITOR:2048": 0.754399598999953,
    "SCRIPT_SELF_SHIELDING_AUDITOR:512": 0.7861226290001468
  },
  "lane_pass": {
    "LOCAL_NEUTRAL_HAZARD_PRIMARY": true,
    "RECOMBINATION_WEIGHTED_AUDITOR": true,
    "SCRIPT_SELF_SHIELDING_AUDITOR": true
  },
  "maximum_science_metric_difference": 8.79296635503124e-13,
  "science_parity_pass": true,
  "science_pass": true
}
