{
  "elapsed_s": {
    "LOCAL_NEUTRAL_HAZARD_PRIMARY:1024": 1.7900484969995887,
    "LOCAL_NEUTRAL_HAZARD_PRIMARY:2048": 1.7210450180000407,
    "LOCAL_NEUTRAL_HAZARD_PRIMARY:512": 2.2143056470004012,
    "RECOMBINATION_WEIGHTED_AUDITOR:1024": 1.6678882609999164,
    "RECOMBINATION_WEIGHTED_AUDITOR:2048": 1.6587364439997145,
    "RECOMBINATION_WEIGHTED_AUDITOR:512": 1.7182650310001009,
    "SCRIPT_SELF_SHIELDING_AUDITOR:1024": 1.659666745999857,
    "SCRIPT_SELF_SHIELDING_AUDITOR:2048": 1.6423965040003168,
    "SCRIPT_SELF_SHIELDING_AUDITOR:512": 1.6858239409998532
  },
  "lane_pass": {
    "LOCAL_NEUTRAL_HAZARD_PRIMARY": true,
    "RECOMBINATION_WEIGHTED_AUDITOR": true,
    "SCRIPT_SELF_SHIELDING_AUDITOR": true
  },
  "maximum_science_metric_difference": 8.757439218243235e-13,
  "science_parity_pass": true,
  "science_pass": true
}
