{
  "r": 0.0,
  "n_energy": 128,
  "n_mu": 1,
  "rtol": 1e-06,
  "elapsed_s": 5.073864563000825,
  "nfev": 13955,
  "njev": 661,
  "nlu": 2222,
  "min_scaled_photon": -1.804527427840361e-23,
  "accepted_mesh_trace": {
    "min_accepted_scaled": -1.8552083929520898e-23,
    "node": 125,
    "time_s": 2.4377997244990172e+16,
    "q_eV": 139736.79961724245,
    "energy_eV": 54002.93104666469,
    "source_ref": 0.0,
    "opacity_per_s": [
      0.0,
      0.0,
      0.0
    ],
    "accepted_negative_count": 13841
  },
  "scientific_scope": "prescribed_bath_diagnostic_not_reionization"
}
