{"elapsed_s": 30.001141651999205, "rhs_calls": 15543, "z": 14.253276868217927}
{"elapsed_s": 60.00124655499894, "rhs_calls": 29836, "z": 12.786338677561911}
{"elapsed_s": 90.00187152500075, "rhs_calls": 44041, "z": 11.449829753797736}
{"elapsed_s": 120.00202999300018, "rhs_calls": 58995, "z": 10.230828195397358}
{"elapsed_s": 150.00310513799923, "rhs_calls": 72669, "z": 9.244888254984213}
{"elapsed_s": 180.0037658129986, "rhs_calls": 85030, "z": 8.447662791031732}
{"elapsed_s": 210.00539885299804, "rhs_calls": 97958, "z": 7.671955453898141}
{"elapsed_s": 240.00592485599918, "rhs_calls": 114135, "z": 6.707653585204548}
{"elapsed_s": 270.0059324270005, "rhs_calls": 130869, "z": 5.339656546721284}
{"elapsed_s": 300.00618622600086, "rhs_calls": 145336, "z": 4.218106287751231}
{
  "status": "COMPUTED_NOT_REVIEWED",
  "checks": {
    "whole_interval": true,
    "sampled_positive": true,
    "accepted_positive": true,
    "energy_ledger": true,
    "number_ledger": true
  },
  "completed_segments": 122,
  "elapsed_s": 306.43174698499934,
  "rhs_calls": 148628,
  "jac_calls": 1285,
  "n_nodes": 256,
  "max_local_number": 3.582999633648137e-15,
  "max_local_energy": 1.217646386394764e-15,
  "max_endpoint_energy_ledger": 4.880038534883769e-11,
  "max_endpoint_number_ledger": 5.00953796604007e-10,
  "min_accepted_photon_energy": 0.0,
  "max_one_sided_relative_energy_shift": 3.919944939771982e-16
}
