{"elapsed_s": 30.0054078510002, "rhs_calls": 17163, "z": 12.414564522840886}
{"elapsed_s": 60.00620163599888, "rhs_calls": 33693, "z": 9.783396269189081}
{"elapsed_s": 90.00660863200028, "rhs_calls": 49575, "z": 7.885171233297582}
{"elapsed_s": 120.00832136199824, "rhs_calls": 64206, "z": 6.212937421728047}
{
  "status": "COMPUTED_NOT_REVIEWED",
  "checks": {
    "whole_interval": true,
    "sampled_positive": true,
    "accepted_positive": true,
    "energy_ledger": true,
    "number_ledger": false
  },
  "completed_segments": 122,
  "elapsed_s": 148.8220412260016,
  "rhs_calls": 77652,
  "jac_calls": 1569,
  "n_nodes": 256,
  "max_local_number": 3.30309492824368e-15,
  "max_local_energy": 1.3932420673793417e-15,
  "max_endpoint_energy_ledger": 4.673108249583302e-11,
  "max_endpoint_number_ledger": 4.063632220805425e-08,
  "min_accepted_photon_energy": 0.0,
  "max_one_sided_relative_energy_shift": 3.919944939771982e-16
}
