   Compiling rei_microphysics v0.1.0 (/workspace/scratch/a5a7937171cb/rei_accel02_20261011/repos/rei_n2/rust/rei_microphysics)
error: float literals must have an integer part
  --> tests/characteristic_source.rs:17:87
   |
17 |         let s = ContinuousPhotonStage {number:0.3,source_per_s:0.7,opacity_per_s:[tau*.1,tau*.15,tau*.25]};
   |                                                                                       ^^
   |
help: must have an integer part
   |
17 |         let s = ContinuousPhotonStage {number:0.3,source_per_s:0.7,opacity_per_s:[tau*0.1,tau*.15,tau*.25]};
   |                                                                                       +

error: float literals must have an integer part
  --> tests/characteristic_source.rs:17:94
   |
17 |         let s = ContinuousPhotonStage {number:0.3,source_per_s:0.7,opacity_per_s:[tau*.1,tau*.15,tau*.25]};
   |                                                                                              ^^^
   |
help: must have an integer part
   |
17 |         let s = ContinuousPhotonStage {number:0.3,source_per_s:0.7,opacity_per_s:[tau*.1,tau*0.15,tau*.25]};
   |                                                                                              +

error: float literals must have an integer part
  --> tests/characteristic_source.rs:17:102
   |
17 |         let s = ContinuousPhotonStage {number:0.3,source_per_s:0.7,opacity_per_s:[tau*.1,tau*.15,tau*.25]};
   |                                                                                                      ^^^
   |
help: must have an integer part
   |
17 |         let s = ContinuousPhotonStage {number:0.3,source_per_s:0.7,opacity_per_s:[tau*.1,tau*.15,tau*0.25]};
   |                                                                                                      +

error: float literals must have an integer part
  --> tests/characteristic_source.rs:23:62
   |
23 |             for (v,w) in got.absorbed_by_species.iter().zip([.2,.3,.5]) {
   |                                                              ^^
   |
help: must have an integer part
   |
23 |             for (v,w) in got.absorbed_by_species.iter().zip([0.2,.3,.5]) {
   |                                                              +

error: float literals must have an integer part
  --> tests/characteristic_source.rs:23:65
   |
23 |             for (v,w) in got.absorbed_by_species.iter().zip([.2,.3,.5]) {
   |                                                                 ^^
   |
help: must have an integer part
   |
23 |             for (v,w) in got.absorbed_by_species.iter().zip([.2,0.3,.5]) {
   |                                                                 +

error: float literals must have an integer part
  --> tests/characteristic_source.rs:23:68
   |
23 |             for (v,w) in got.absorbed_by_species.iter().zip([.2,.3,.5]) {
   |                                                                    ^^
   |
help: must have an integer part
   |
23 |             for (v,w) in got.absorbed_by_species.iter().zip([.2,.3,0.5]) {
   |                                                                    +

error: could not compile `rei_microphysics` (test "characteristic_source") due to 6 previous errors
warning: build failed, waiting for other jobs to finish...
