{"r": 0.0, "n_energy": 128, "n_mu": 1, "rtol": 1e-06, "elapsed_s": 5.20979561400236, "nfev": 13955, "njev": 661, "nlu": 2222, "min_scaled_photon": -1.804527427840361e-23, "scientific_scope": "prescribed_bath_diagnostic_not_reionization"}
{"r": 0.0, "n_energy": 128, "n_mu": 1, "rtol": 1e-08, "elapsed_s": 13.331662107000739, "nfev": 38507, "njev": 1522, "nlu": 5425, "min_scaled_photon": -2.253125269381739e-25, "scientific_scope": "prescribed_bath_diagnostic_not_reionization"}
{"r": 0.05, "n_energy": 128, "n_mu": 4, "rtol": 1e-06, "elapsed_s": 7.291477179998765, "nfev": 15106, "njev": 676, "nlu": 2397, "min_scaled_photon": -8.235055390829482e-24, "scientific_scope": "prescribed_bath_diagnostic_not_reionization"}
{"r": 0.05, "n_energy": 128, "n_mu": 4, "rtol": 1e-08, "elapsed_s": 20.91633167799955, "nfev": 44842, "njev": 1825, "nlu": 6419, "min_scaled_photon": -2.77711870214692e-26, "scientific_scope": "prescribed_bath_diagnostic_not_reionization"}
{
  "status": "FAIL",
  "results": [
    {
      "r": 0.0,
      "temporal": {
        "photon_reference": 2.917497538667885e-05,
        "energy_reference_eV": 2.8148992510641126e-05,
        "Gamma": 1.284419614411662e-05,
        "heat_per_target_eV_s": 5.106392460782964e-06,
        "active_number_reference": 7.203755325574986e-06,
        "source_reference": 2.725405364741873e-05,
        "absorbed_reference": 1.921181261870732e-06,
        "absorbed_species_reference": 1.9142399221688806e-05
      },
      "max_ledger": 2.3862609250372663e-15,
      "temporal_pass": false,
      "positivity_pass": false
    },
    {
      "r": 0.05,
      "temporal": {
        "photon_reference": 1.5990342031349265e-05,
        "energy_reference_eV": 1.4236814001013511e-05,
        "Gamma": 8.387585545815651e-05,
        "heat_per_target_eV_s": 7.087862687469048e-05,
        "active_number_reference": 9.241164514040289e-07,
        "source_reference": 1.4860063084131569e-05,
        "absorbed_reference": 4.269296010645965e-07,
        "absorbed_species_reference": 5.104824917239503e-06
      },
      "max_ledger": 3.785590349663002e-15,
      "temporal_pass": false,
      "positivity_pass": false
    }
  ],
  "spectral_status": "TRANSPORT001_FAILED_NOT_SUPERSEDED",
  "coupled_status": "ROOT_OWNED_NOT_EVALUATED_HERE"
}
