{
  "status": "FAIL_REFINEMENT",
  "results": [
    {
      "r": 0.0,
      "temporal": {
        "photon_reference": 0.0003021626159988894,
        "energy_reference_eV": 0.0003065907083861585,
        "Gamma": 0.0007178887292831641,
        "heat_per_target_eV_s": 0.0006155526748405642,
        "active_number_reference": 5.723045187977972e-05,
        "source_reference": 0.00027953141732362224,
        "absorbed_reference": 3.4481184835345614e-05,
        "absorbed_species_reference": 0.00011962095527055295
      },
      "spectral_angular": {
        "photon_reference": 9.790675593174874e-05,
        "energy_reference_eV": 9.686091593575247e-05,
        "Gamma": 0.022706200266263583,
        "heat_per_target_eV_s": 0.0037403216034762794,
        "active_number_reference": 0.00038845688106115613,
        "source_reference": 9.293310538709013e-05,
        "absorbed_reference": 2.6692366231589608e-05,
        "absorbed_species_reference": 0.00016769525879601122
      },
      "max_ledger": 3.0779083928991355e-15,
      "temporal_pass": false,
      "spectral_pass": false,
      "ledger_pass": true
    },
    {
      "r": 0.05,
      "temporal": {
        "photon_reference": 4.772049988051603e-05,
        "energy_reference_eV": 4.9686278377864154e-05,
        "Gamma": 0.0006572118186351714,
        "heat_per_target_eV_s": 0.0005799901109302503,
        "active_number_reference": 5.780630304960224e-05,
        "source_reference": 4.5114282465711115e-05,
        "absorbed_reference": 2.0260844636073084e-05,
        "absorbed_species_reference": 4.1122584810784045e-05
      },
      "spectral_angular": {
        "photon_reference": 0.00010759317170601937,
        "energy_reference_eV": 0.00010455326871560051,
        "Gamma": 0.015246488279306908,
        "heat_per_target_eV_s": 0.003176812752544279,
        "active_number_reference": 0.00010386569178964401,
        "source_reference": 0.00010292876295935044,
        "absorbed_reference": 2.98215675875477e-05,
        "absorbed_species_reference": 5.587335677932482e-05
      },
      "max_ledger": 3.3952311849077683e-15,
      "temporal_pass": false,
      "spectral_pass": false,
      "ledger_pass": true
    }
  ],
  "coupled_gas_status": "NOT_EVALUATED_BY_THIS_DIAGNOSTIC"
}
