FFFF                                                                     [100%]
=================================== FAILURES ===================================
____________ test_normalization_jvp_is_local_plus_one_rank_one_mode ____________

    def test_normalization_jvp_is_local_plus_one_rank_one_mode() -> None:
>       mod = _load("sparse_global_coupling", STAGE / "analysis/global_coupling.py")
              ^^^^^^^^^^^^^^^^^^^^^^^^^^^^^^^^^^^^^^^^^^^^^^^^^^^^^^^^^^^^^^^^^^^^^^

stages/Bianchi_Reionization_Stage_P0_5_B2C2B0C_R2C_R1B_R2B_R2A_R2_R1A_R1_R1_R1_SPARSE_LOCAL_GENERATOR_AFFINE_TAYLOR_MODEL_ENCLOSURE_LOCK/tests/test_global_coupling.py:25: 
_ _ _ _ _ _ _ _ _ _ _ _ _ _ _ _ _ _ _ _ _ _ _ _ _ _ _ _ _ _ _ _ _ _ _ _ _ _ _ _ 
stages/Bianchi_Reionization_Stage_P0_5_B2C2B0C_R2C_R1B_R2B_R2A_R2_R1A_R1_R1_R1_SPARSE_LOCAL_GENERATOR_AFFINE_TAYLOR_MODEL_ENCLOSURE_LOCK/tests/test_global_coupling.py:20: in _load
    spec.loader.exec_module(module)
<frozen importlib._bootstrap_external>:1022: in exec_module
    ???
<frozen importlib._bootstrap_external>:1159: in get_code
    ???
_ _ _ _ _ _ _ _ _ _ _ _ _ _ _ _ _ _ _ _ _ _ _ _ _ _ _ _ _ _ _ _ _ _ _ _ _ _ _ _ 

self = <_frozen_importlib_external.SourceFileLoader object at 0x7f837791f950>
path = '/mnt/data/bass_rei_sparse_work/rei_bianchi/stages/Bianchi_Reionization_Stage_P0_5_B2C2B0C_R2C_R1B_R2B_R2A_R2_R1A_R1_R1_R1_SPARSE_LOCAL_GENERATOR_AFFINE_TAYLOR_MODEL_ENCLOSURE_LOCK/analysis/global_coupling.py'

>   ???
E   FileNotFoundError: [Errno 2] No such file or directory: '/mnt/data/bass_rei_sparse_work/rei_bianchi/stages/Bianchi_Reionization_Stage_P0_5_B2C2B0C_R2C_R1B_R2B_R2A_R2_R1A_R1_R1_R1_SPARSE_LOCAL_GENERATOR_AFFINE_TAYLOR_MODEL_ENCLOSURE_LOCK/analysis/global_coupling.py'

<frozen importlib._bootstrap_external>:1217: FileNotFoundError
_____________ test_owner_amplitude_moment_jacobian_has_rank_three ______________

    def test_owner_amplitude_moment_jacobian_has_rank_three() -> None:
>       mod = _load("sparse_global_coupling_rank", STAGE / "analysis/global_coupling.py")
              ^^^^^^^^^^^^^^^^^^^^^^^^^^^^^^^^^^^^^^^^^^^^^^^^^^^^^^^^^^^^^^^^^^^^^^^^^^^

stages/Bianchi_Reionization_Stage_P0_5_B2C2B0C_R2C_R1B_R2B_R2A_R2_R1A_R1_R1_R1_SPARSE_LOCAL_GENERATOR_AFFINE_TAYLOR_MODEL_ENCLOSURE_LOCK/tests/test_global_coupling.py:44: 
_ _ _ _ _ _ _ _ _ _ _ _ _ _ _ _ _ _ _ _ _ _ _ _ _ _ _ _ _ _ _ _ _ _ _ _ _ _ _ _ 
stages/Bianchi_Reionization_Stage_P0_5_B2C2B0C_R2C_R1B_R2B_R2A_R2_R1A_R1_R1_R1_SPARSE_LOCAL_GENERATOR_AFFINE_TAYLOR_MODEL_ENCLOSURE_LOCK/tests/test_global_coupling.py:20: in _load
    spec.loader.exec_module(module)
<frozen importlib._bootstrap_external>:1022: in exec_module
    ???
<frozen importlib._bootstrap_external>:1159: in get_code
    ???
_ _ _ _ _ _ _ _ _ _ _ _ _ _ _ _ _ _ _ _ _ _ _ _ _ _ _ _ _ _ _ _ _ _ _ _ _ _ _ _ 

self = <_frozen_importlib_external.SourceFileLoader object at 0x7f837791f6b0>
path = '/mnt/data/bass_rei_sparse_work/rei_bianchi/stages/Bianchi_Reionization_Stage_P0_5_B2C2B0C_R2C_R1B_R2B_R2A_R2_R1A_R1_R1_R1_SPARSE_LOCAL_GENERATOR_AFFINE_TAYLOR_MODEL_ENCLOSURE_LOCK/analysis/global_coupling.py'

>   ???
E   FileNotFoundError: [Errno 2] No such file or directory: '/mnt/data/bass_rei_sparse_work/rei_bianchi/stages/Bianchi_Reionization_Stage_P0_5_B2C2B0C_R2C_R1B_R2B_R2A_R2_R1A_R1_R1_R1_SPARSE_LOCAL_GENERATOR_AFFINE_TAYLOR_MODEL_ENCLOSURE_LOCK/analysis/global_coupling.py'

<frozen importlib._bootstrap_external>:1217: FileNotFoundError
_____________ test_supported_allocation_channels_are_exactly_eight _____________

    def test_supported_allocation_channels_are_exactly_eight() -> None:
>       mod = _load("sparse_global_coupling_support", STAGE / "analysis/global_coupling.py")
              ^^^^^^^^^^^^^^^^^^^^^^^^^^^^^^^^^^^^^^^^^^^^^^^^^^^^^^^^^^^^^^^^^^^^^^^^^^^^^^

stages/Bianchi_Reionization_Stage_P0_5_B2C2B0C_R2C_R1B_R2B_R2A_R2_R1A_R1_R1_R1_SPARSE_LOCAL_GENERATOR_AFFINE_TAYLOR_MODEL_ENCLOSURE_LOCK/tests/test_global_coupling.py:53: 
_ _ _ _ _ _ _ _ _ _ _ _ _ _ _ _ _ _ _ _ _ _ _ _ _ _ _ _ _ _ _ _ _ _ _ _ _ _ _ _ 
stages/Bianchi_Reionization_Stage_P0_5_B2C2B0C_R2C_R1B_R2B_R2A_R2_R1A_R1_R1_R1_SPARSE_LOCAL_GENERATOR_AFFINE_TAYLOR_MODEL_ENCLOSURE_LOCK/tests/test_global_coupling.py:20: in _load
    spec.loader.exec_module(module)
<frozen importlib._bootstrap_external>:1022: in exec_module
    ???
<frozen importlib._bootstrap_external>:1159: in get_code
    ???
_ _ _ _ _ _ _ _ _ _ _ _ _ _ _ _ _ _ _ _ _ _ _ _ _ _ _ _ _ _ _ _ _ _ _ _ _ _ _ _ 

self = <_frozen_importlib_external.SourceFileLoader object at 0x7f83777b3ef0>
path = '/mnt/data/bass_rei_sparse_work/rei_bianchi/stages/Bianchi_Reionization_Stage_P0_5_B2C2B0C_R2C_R1B_R2B_R2A_R2_R1A_R1_R1_R1_SPARSE_LOCAL_GENERATOR_AFFINE_TAYLOR_MODEL_ENCLOSURE_LOCK/analysis/global_coupling.py'

>   ???
E   FileNotFoundError: [Errno 2] No such file or directory: '/mnt/data/bass_rei_sparse_work/rei_bianchi/stages/Bianchi_Reionization_Stage_P0_5_B2C2B0C_R2C_R1B_R2B_R2A_R2_R1A_R1_R1_R1_SPARSE_LOCAL_GENERATOR_AFFINE_TAYLOR_MODEL_ENCLOSURE_LOCK/analysis/global_coupling.py'

<frozen importlib._bootstrap_external>:1217: FileNotFoundError
________ test_global_coupling_contract_is_small_relative_to_local_rank _________

    def test_global_coupling_contract_is_small_relative_to_local_rank() -> None:
>       mod = _load("sparse_global_coupling_ratio", STAGE / "analysis/global_coupling.py")
              ^^^^^^^^^^^^^^^^^^^^^^^^^^^^^^^^^^^^^^^^^^^^^^^^^^^^^^^^^^^^^^^^^^^^^^^^^^^^

stages/Bianchi_Reionization_Stage_P0_5_B2C2B0C_R2C_R1B_R2B_R2A_R2_R1A_R1_R1_R1_SPARSE_LOCAL_GENERATOR_AFFINE_TAYLOR_MODEL_ENCLOSURE_LOCK/tests/test_global_coupling.py:71: 
_ _ _ _ _ _ _ _ _ _ _ _ _ _ _ _ _ _ _ _ _ _ _ _ _ _ _ _ _ _ _ _ _ _ _ _ _ _ _ _ 
stages/Bianchi_Reionization_Stage_P0_5_B2C2B0C_R2C_R1B_R2B_R2A_R2_R1A_R1_R1_R1_SPARSE_LOCAL_GENERATOR_AFFINE_TAYLOR_MODEL_ENCLOSURE_LOCK/tests/test_global_coupling.py:20: in _load
    spec.loader.exec_module(module)
<frozen importlib._bootstrap_external>:1022: in exec_module
    ???
<frozen importlib._bootstrap_external>:1159: in get_code
    ???
_ _ _ _ _ _ _ _ _ _ _ _ _ _ _ _ _ _ _ _ _ _ _ _ _ _ _ _ _ _ _ _ _ _ _ _ _ _ _ _ 

self = <_frozen_importlib_external.SourceFileLoader object at 0x7f8377690830>
path = '/mnt/data/bass_rei_sparse_work/rei_bianchi/stages/Bianchi_Reionization_Stage_P0_5_B2C2B0C_R2C_R1B_R2B_R2A_R2_R1A_R1_R1_R1_SPARSE_LOCAL_GENERATOR_AFFINE_TAYLOR_MODEL_ENCLOSURE_LOCK/analysis/global_coupling.py'

>   ???
E   FileNotFoundError: [Errno 2] No such file or directory: '/mnt/data/bass_rei_sparse_work/rei_bianchi/stages/Bianchi_Reionization_Stage_P0_5_B2C2B0C_R2C_R1B_R2B_R2A_R2_R1A_R1_R1_R1_SPARSE_LOCAL_GENERATOR_AFFINE_TAYLOR_MODEL_ENCLOSURE_LOCK/analysis/global_coupling.py'

<frozen importlib._bootstrap_external>:1217: FileNotFoundError
=========================== short test summary info ============================
FAILED stages/Bianchi_Reionization_Stage_P0_5_B2C2B0C_R2C_R1B_R2B_R2A_R2_R1A_R1_R1_R1_SPARSE_LOCAL_GENERATOR_AFFINE_TAYLOR_MODEL_ENCLOSURE_LOCK/tests/test_global_coupling.py::test_normalization_jvp_is_local_plus_one_rank_one_mode - FileNotFoundError: [Errno 2] No such file or directory: '/mnt/data/bass_rei_sparse_work/rei_bianchi/stages/Bianchi_Reionization_Stage_P0_5_B2C2B0C_R2C_R1B_R2B_R2A_R2_R1A_R1_R1_R1_SPARSE_LOCAL_GENERATOR_AFFINE_TAYLOR_MODEL_ENCLOSURE_LOCK/analysis/global_coupling.py'
FAILED stages/Bianchi_Reionization_Stage_P0_5_B2C2B0C_R2C_R1B_R2B_R2A_R2_R1A_R1_R1_R1_SPARSE_LOCAL_GENERATOR_AFFINE_TAYLOR_MODEL_ENCLOSURE_LOCK/tests/test_global_coupling.py::test_owner_amplitude_moment_jacobian_has_rank_three - FileNotFoundError: [Errno 2] No such file or directory: '/mnt/data/bass_rei_sparse_work/rei_bianchi/stages/Bianchi_Reionization_Stage_P0_5_B2C2B0C_R2C_R1B_R2B_R2A_R2_R1A_R1_R1_R1_SPARSE_LOCAL_GENERATOR_AFFINE_TAYLOR_MODEL_ENCLOSURE_LOCK/analysis/global_coupling.py'
FAILED stages/Bianchi_Reionization_Stage_P0_5_B2C2B0C_R2C_R1B_R2B_R2A_R2_R1A_R1_R1_R1_SPARSE_LOCAL_GENERATOR_AFFINE_TAYLOR_MODEL_ENCLOSURE_LOCK/tests/test_global_coupling.py::test_supported_allocation_channels_are_exactly_eight - FileNotFoundError: [Errno 2] No such file or directory: '/mnt/data/bass_rei_sparse_work/rei_bianchi/stages/Bianchi_Reionization_Stage_P0_5_B2C2B0C_R2C_R1B_R2B_R2A_R2_R1A_R1_R1_R1_SPARSE_LOCAL_GENERATOR_AFFINE_TAYLOR_MODEL_ENCLOSURE_LOCK/analysis/global_coupling.py'
FAILED stages/Bianchi_Reionization_Stage_P0_5_B2C2B0C_R2C_R1B_R2B_R2A_R2_R1A_R1_R1_R1_SPARSE_LOCAL_GENERATOR_AFFINE_TAYLOR_MODEL_ENCLOSURE_LOCK/tests/test_global_coupling.py::test_global_coupling_contract_is_small_relative_to_local_rank - FileNotFoundError: [Errno 2] No such file or directory: '/mnt/data/bass_rei_sparse_work/rei_bianchi/stages/Bianchi_Reionization_Stage_P0_5_B2C2B0C_R2C_R1B_R2B_R2A_R2_R1A_R1_R1_R1_SPARSE_LOCAL_GENERATOR_AFFINE_TAYLOR_MODEL_ENCLOSURE_LOCK/analysis/global_coupling.py'
4 failed in 0.14s
