FFFFFF                                                                   [100%]
=================================== FAILURES ===================================
________ test_local_bilinear_bounds_are_outward_and_contain_all_corners ________

    def test_local_bilinear_bounds_are_outward_and_contain_all_corners() -> None:
>       sparse = load_module("sparse_local_model_test", STAGE / "analysis/sparse_local_model.py")
                 ^^^^^^^^^^^^^^^^^^^^^^^^^^^^^^^^^^^^^^^^^^^^^^^^^^^^^^^^^^^^^^^^^^^^^^^^^^^^^^^^

stages/Bianchi_Reionization_Stage_P0_5_B2C2B0C_R2C_R1B_R2B_R2A_R2_R1A_R1_R1_R1_SPARSE_LOCAL_GENERATOR_AFFINE_TAYLOR_MODEL_ENCLOSURE_LOCK/tests/test_sparse_model.py:23: 
_ _ _ _ _ _ _ _ _ _ _ _ _ _ _ _ _ _ _ _ _ _ _ _ _ _ _ _ _ _ _ _ _ _ _ _ _ _ _ _ 
stages/Bianchi_Reionization_Stage_P0_5_B2C2B0C_R2C_R1B_R2B_R2A_R2_R1A_R1_R1_R1_SPARSE_LOCAL_GENERATOR_AFFINE_TAYLOR_MODEL_ENCLOSURE_LOCK/tests/test_sparse_model.py:18: in load_module
    spec.loader.exec_module(module)
<frozen importlib._bootstrap_external>:1022: in exec_module
    ???
<frozen importlib._bootstrap_external>:1159: in get_code
    ???
_ _ _ _ _ _ _ _ _ _ _ _ _ _ _ _ _ _ _ _ _ _ _ _ _ _ _ _ _ _ _ _ _ _ _ _ _ _ _ _ 

self = <_frozen_importlib_external.SourceFileLoader object at 0x7f4e21668a70>
path = '/mnt/data/bass_rei_sparse_work/rei_bianchi/stages/Bianchi_Reionization_Stage_P0_5_B2C2B0C_R2C_R1B_R2B_R2A_R2_R1A_R1_R1_R1_SPARSE_LOCAL_GENERATOR_AFFINE_TAYLOR_MODEL_ENCLOSURE_LOCK/analysis/sparse_local_model.py'

>   ???
E   FileNotFoundError: [Errno 2] No such file or directory: '/mnt/data/bass_rei_sparse_work/rei_bianchi/stages/Bianchi_Reionization_Stage_P0_5_B2C2B0C_R2C_R1B_R2B_R2A_R2_R1A_R1_R1_R1_SPARSE_LOCAL_GENERATOR_AFFINE_TAYLOR_MODEL_ENCLOSURE_LOCK/analysis/sparse_local_model.py'

<frozen importlib._bootstrap_external>:1217: FileNotFoundError
_____ test_bounds_use_exact_bilinear_corner_range_not_independent_abs_sum ______

    def test_bounds_use_exact_bilinear_corner_range_not_independent_abs_sum() -> None:
>       sparse = load_module("sparse_local_model_exact_test", STAGE / "analysis/sparse_local_model.py")
                 ^^^^^^^^^^^^^^^^^^^^^^^^^^^^^^^^^^^^^^^^^^^^^^^^^^^^^^^^^^^^^^^^^^^^^^^^^^^^^^^^^^^^^^

stages/Bianchi_Reionization_Stage_P0_5_B2C2B0C_R2C_R1B_R2B_R2A_R2_R1A_R1_R1_R1_SPARSE_LOCAL_GENERATOR_AFFINE_TAYLOR_MODEL_ENCLOSURE_LOCK/tests/test_sparse_model.py:60: 
_ _ _ _ _ _ _ _ _ _ _ _ _ _ _ _ _ _ _ _ _ _ _ _ _ _ _ _ _ _ _ _ _ _ _ _ _ _ _ _ 
stages/Bianchi_Reionization_Stage_P0_5_B2C2B0C_R2C_R1B_R2B_R2A_R2_R1A_R1_R1_R1_SPARSE_LOCAL_GENERATOR_AFFINE_TAYLOR_MODEL_ENCLOSURE_LOCK/tests/test_sparse_model.py:18: in load_module
    spec.loader.exec_module(module)
<frozen importlib._bootstrap_external>:1022: in exec_module
    ???
<frozen importlib._bootstrap_external>:1159: in get_code
    ???
_ _ _ _ _ _ _ _ _ _ _ _ _ _ _ _ _ _ _ _ _ _ _ _ _ _ _ _ _ _ _ _ _ _ _ _ _ _ _ _ 

self = <_frozen_importlib_external.SourceFileLoader object at 0x7f4e2166bef0>
path = '/mnt/data/bass_rei_sparse_work/rei_bianchi/stages/Bianchi_Reionization_Stage_P0_5_B2C2B0C_R2C_R1B_R2B_R2A_R2_R1A_R1_R1_R1_SPARSE_LOCAL_GENERATOR_AFFINE_TAYLOR_MODEL_ENCLOSURE_LOCK/analysis/sparse_local_model.py'

>   ???
E   FileNotFoundError: [Errno 2] No such file or directory: '/mnt/data/bass_rei_sparse_work/rei_bianchi/stages/Bianchi_Reionization_Stage_P0_5_B2C2B0C_R2C_R1B_R2B_R2A_R2_R1A_R1_R1_R1_SPARSE_LOCAL_GENERATOR_AFFINE_TAYLOR_MODEL_ENCLOSURE_LOCK/analysis/sparse_local_model.py'

<frozen importlib._bootstrap_external>:1217: FileNotFoundError
_____________________ test_point_degenerate_model_is_exact _____________________

    def test_point_degenerate_model_is_exact() -> None:
>       sparse = load_module("sparse_local_model_point_test", STAGE / "analysis/sparse_local_model.py")
                 ^^^^^^^^^^^^^^^^^^^^^^^^^^^^^^^^^^^^^^^^^^^^^^^^^^^^^^^^^^^^^^^^^^^^^^^^^^^^^^^^^^^^^^

stages/Bianchi_Reionization_Stage_P0_5_B2C2B0C_R2C_R1B_R2B_R2A_R2_R1A_R1_R1_R1_SPARSE_LOCAL_GENERATOR_AFFINE_TAYLOR_MODEL_ENCLOSURE_LOCK/tests/test_sparse_model.py:83: 
_ _ _ _ _ _ _ _ _ _ _ _ _ _ _ _ _ _ _ _ _ _ _ _ _ _ _ _ _ _ _ _ _ _ _ _ _ _ _ _ 
stages/Bianchi_Reionization_Stage_P0_5_B2C2B0C_R2C_R1B_R2B_R2A_R2_R1A_R1_R1_R1_SPARSE_LOCAL_GENERATOR_AFFINE_TAYLOR_MODEL_ENCLOSURE_LOCK/tests/test_sparse_model.py:18: in load_module
    spec.loader.exec_module(module)
<frozen importlib._bootstrap_external>:1022: in exec_module
    ???
<frozen importlib._bootstrap_external>:1159: in get_code
    ???
_ _ _ _ _ _ _ _ _ _ _ _ _ _ _ _ _ _ _ _ _ _ _ _ _ _ _ _ _ _ _ _ _ _ _ _ _ _ _ _ 

self = <_frozen_importlib_external.SourceFileLoader object at 0x7f4e2166b5f0>
path = '/mnt/data/bass_rei_sparse_work/rei_bianchi/stages/Bianchi_Reionization_Stage_P0_5_B2C2B0C_R2C_R1B_R2B_R2A_R2_R1A_R1_R1_R1_SPARSE_LOCAL_GENERATOR_AFFINE_TAYLOR_MODEL_ENCLOSURE_LOCK/analysis/sparse_local_model.py'

>   ???
E   FileNotFoundError: [Errno 2] No such file or directory: '/mnt/data/bass_rei_sparse_work/rei_bianchi/stages/Bianchi_Reionization_Stage_P0_5_B2C2B0C_R2C_R1B_R2B_R2A_R2_R1A_R1_R1_R1_SPARSE_LOCAL_GENERATOR_AFFINE_TAYLOR_MODEL_ENCLOSURE_LOCK/analysis/sparse_local_model.py'

<frozen importlib._bootstrap_external>:1217: FileNotFoundError
_____ test_source_rhs_generators_have_full_node_local_rank_and_invariants ______

    def test_source_rhs_generators_have_full_node_local_rank_and_invariants() -> None:
>       source = load_module("sparse_source_generator_test", STAGE / "analysis/source_generators.py")
                 ^^^^^^^^^^^^^^^^^^^^^^^^^^^^^^^^^^^^^^^^^^^^^^^^^^^^^^^^^^^^^^^^^^^^^^^^^^^^^^^^^^^^

stages/Bianchi_Reionization_Stage_P0_5_B2C2B0C_R2C_R1B_R2B_R2A_R2_R1A_R1_R1_R1_SPARSE_LOCAL_GENERATOR_AFFINE_TAYLOR_MODEL_ENCLOSURE_LOCK/tests/test_source_generators.py:23: 
_ _ _ _ _ _ _ _ _ _ _ _ _ _ _ _ _ _ _ _ _ _ _ _ _ _ _ _ _ _ _ _ _ _ _ _ _ _ _ _ 
stages/Bianchi_Reionization_Stage_P0_5_B2C2B0C_R2C_R1B_R2B_R2A_R2_R1A_R1_R1_R1_SPARSE_LOCAL_GENERATOR_AFFINE_TAYLOR_MODEL_ENCLOSURE_LOCK/tests/test_source_generators.py:18: in load_module
    spec.loader.exec_module(module)
<frozen importlib._bootstrap_external>:1022: in exec_module
    ???
<frozen importlib._bootstrap_external>:1159: in get_code
    ???
_ _ _ _ _ _ _ _ _ _ _ _ _ _ _ _ _ _ _ _ _ _ _ _ _ _ _ _ _ _ _ _ _ _ _ _ _ _ _ _ 

self = <_frozen_importlib_external.SourceFileLoader object at 0x7f4e214dc230>
path = '/mnt/data/bass_rei_sparse_work/rei_bianchi/stages/Bianchi_Reionization_Stage_P0_5_B2C2B0C_R2C_R1B_R2B_R2A_R2_R1A_R1_R1_R1_SPARSE_LOCAL_GENERATOR_AFFINE_TAYLOR_MODEL_ENCLOSURE_LOCK/analysis/source_generators.py'

>   ???
E   FileNotFoundError: [Errno 2] No such file or directory: '/mnt/data/bass_rei_sparse_work/rei_bianchi/stages/Bianchi_Reionization_Stage_P0_5_B2C2B0C_R2C_R1B_R2B_R2A_R2_R1A_R1_R1_R1_SPARSE_LOCAL_GENERATOR_AFFINE_TAYLOR_MODEL_ENCLOSURE_LOCK/analysis/source_generators.py'

<frozen importlib._bootstrap_external>:1217: FileNotFoundError
_______ test_source_rhs_polynomial_matches_all_four_local_branch_corners _______

    def test_source_rhs_polynomial_matches_all_four_local_branch_corners() -> None:
>       source = load_module("sparse_source_generator_corner_test", STAGE / "analysis/source_generators.py")
                 ^^^^^^^^^^^^^^^^^^^^^^^^^^^^^^^^^^^^^^^^^^^^^^^^^^^^^^^^^^^^^^^^^^^^^^^^^^^^^^^^^^^^^^^^^^^

stages/Bianchi_Reionization_Stage_P0_5_B2C2B0C_R2C_R1B_R2B_R2A_R2_R1A_R1_R1_R1_SPARSE_LOCAL_GENERATOR_AFFINE_TAYLOR_MODEL_ENCLOSURE_LOCK/tests/test_source_generators.py:43: 
_ _ _ _ _ _ _ _ _ _ _ _ _ _ _ _ _ _ _ _ _ _ _ _ _ _ _ _ _ _ _ _ _ _ _ _ _ _ _ _ 
stages/Bianchi_Reionization_Stage_P0_5_B2C2B0C_R2C_R1B_R2B_R2A_R2_R1A_R1_R1_R1_SPARSE_LOCAL_GENERATOR_AFFINE_TAYLOR_MODEL_ENCLOSURE_LOCK/tests/test_source_generators.py:18: in load_module
    spec.loader.exec_module(module)
<frozen importlib._bootstrap_external>:1022: in exec_module
    ???
<frozen importlib._bootstrap_external>:1159: in get_code
    ???
_ _ _ _ _ _ _ _ _ _ _ _ _ _ _ _ _ _ _ _ _ _ _ _ _ _ _ _ _ _ _ _ _ _ _ _ _ _ _ _ 

self = <_frozen_importlib_external.SourceFileLoader object at 0x7f4e214dc170>
path = '/mnt/data/bass_rei_sparse_work/rei_bianchi/stages/Bianchi_Reionization_Stage_P0_5_B2C2B0C_R2C_R1B_R2B_R2A_R2_R1A_R1_R1_R1_SPARSE_LOCAL_GENERATOR_AFFINE_TAYLOR_MODEL_ENCLOSURE_LOCK/analysis/source_generators.py'

>   ???
E   FileNotFoundError: [Errno 2] No such file or directory: '/mnt/data/bass_rei_sparse_work/rei_bianchi/stages/Bianchi_Reionization_Stage_P0_5_B2C2B0C_R2C_R1B_R2B_R2A_R2_R1A_R1_R1_R1_SPARSE_LOCAL_GENERATOR_AFFINE_TAYLOR_MODEL_ENCLOSURE_LOCK/analysis/source_generators.py'

<frozen importlib._bootstrap_external>:1217: FileNotFoundError
_______ test_hummer_seaton_event_distance_is_positive_or_exactly_on_knot _______

    def test_hummer_seaton_event_distance_is_positive_or_exactly_on_knot() -> None:
>       source = load_module("sparse_source_generator_event_test", STAGE / "analysis/source_generators.py")
                 ^^^^^^^^^^^^^^^^^^^^^^^^^^^^^^^^^^^^^^^^^^^^^^^^^^^^^^^^^^^^^^^^^^^^^^^^^^^^^^^^^^^^^^^^^^

stages/Bianchi_Reionization_Stage_P0_5_B2C2B0C_R2C_R1B_R2B_R2A_R2_R1A_R1_R1_R1_SPARSE_LOCAL_GENERATOR_AFFINE_TAYLOR_MODEL_ENCLOSURE_LOCK/tests/test_source_generators.py:56: 
_ _ _ _ _ _ _ _ _ _ _ _ _ _ _ _ _ _ _ _ _ _ _ _ _ _ _ _ _ _ _ _ _ _ _ _ _ _ _ _ 
stages/Bianchi_Reionization_Stage_P0_5_B2C2B0C_R2C_R1B_R2B_R2A_R2_R1A_R1_R1_R1_SPARSE_LOCAL_GENERATOR_AFFINE_TAYLOR_MODEL_ENCLOSURE_LOCK/tests/test_source_generators.py:18: in load_module
    spec.loader.exec_module(module)
<frozen importlib._bootstrap_external>:1022: in exec_module
    ???
<frozen importlib._bootstrap_external>:1159: in get_code
    ???
_ _ _ _ _ _ _ _ _ _ _ _ _ _ _ _ _ _ _ _ _ _ _ _ _ _ _ _ _ _ _ _ _ _ _ _ _ _ _ _ 

self = <_frozen_importlib_external.SourceFileLoader object at 0x7f4e214dce30>
path = '/mnt/data/bass_rei_sparse_work/rei_bianchi/stages/Bianchi_Reionization_Stage_P0_5_B2C2B0C_R2C_R1B_R2B_R2A_R2_R1A_R1_R1_R1_SPARSE_LOCAL_GENERATOR_AFFINE_TAYLOR_MODEL_ENCLOSURE_LOCK/analysis/source_generators.py'

>   ???
E   FileNotFoundError: [Errno 2] No such file or directory: '/mnt/data/bass_rei_sparse_work/rei_bianchi/stages/Bianchi_Reionization_Stage_P0_5_B2C2B0C_R2C_R1B_R2B_R2A_R2_R1A_R1_R1_R1_SPARSE_LOCAL_GENERATOR_AFFINE_TAYLOR_MODEL_ENCLOSURE_LOCK/analysis/source_generators.py'

<frozen importlib._bootstrap_external>:1217: FileNotFoundError
=========================== short test summary info ============================
FAILED stages/Bianchi_Reionization_Stage_P0_5_B2C2B0C_R2C_R1B_R2B_R2A_R2_R1A_R1_R1_R1_SPARSE_LOCAL_GENERATOR_AFFINE_TAYLOR_MODEL_ENCLOSURE_LOCK/tests/test_sparse_model.py::test_local_bilinear_bounds_are_outward_and_contain_all_corners - FileNotFoundError: [Errno 2] No such file or directory: '/mnt/data/bass_rei_sparse_work/rei_bianchi/stages/Bianchi_Reionization_Stage_P0_5_B2C2B0C_R2C_R1B_R2B_R2A_R2_R1A_R1_R1_R1_SPARSE_LOCAL_GENERATOR_AFFINE_TAYLOR_MODEL_ENCLOSURE_LOCK/analysis/sparse_local_model.py'
FAILED stages/Bianchi_Reionization_Stage_P0_5_B2C2B0C_R2C_R1B_R2B_R2A_R2_R1A_R1_R1_R1_SPARSE_LOCAL_GENERATOR_AFFINE_TAYLOR_MODEL_ENCLOSURE_LOCK/tests/test_sparse_model.py::test_bounds_use_exact_bilinear_corner_range_not_independent_abs_sum - FileNotFoundError: [Errno 2] No such file or directory: '/mnt/data/bass_rei_sparse_work/rei_bianchi/stages/Bianchi_Reionization_Stage_P0_5_B2C2B0C_R2C_R1B_R2B_R2A_R2_R1A_R1_R1_R1_SPARSE_LOCAL_GENERATOR_AFFINE_TAYLOR_MODEL_ENCLOSURE_LOCK/analysis/sparse_local_model.py'
FAILED stages/Bianchi_Reionization_Stage_P0_5_B2C2B0C_R2C_R1B_R2B_R2A_R2_R1A_R1_R1_R1_SPARSE_LOCAL_GENERATOR_AFFINE_TAYLOR_MODEL_ENCLOSURE_LOCK/tests/test_sparse_model.py::test_point_degenerate_model_is_exact - FileNotFoundError: [Errno 2] No such file or directory: '/mnt/data/bass_rei_sparse_work/rei_bianchi/stages/Bianchi_Reionization_Stage_P0_5_B2C2B0C_R2C_R1B_R2B_R2A_R2_R1A_R1_R1_R1_SPARSE_LOCAL_GENERATOR_AFFINE_TAYLOR_MODEL_ENCLOSURE_LOCK/analysis/sparse_local_model.py'
FAILED stages/Bianchi_Reionization_Stage_P0_5_B2C2B0C_R2C_R1B_R2B_R2A_R2_R1A_R1_R1_R1_SPARSE_LOCAL_GENERATOR_AFFINE_TAYLOR_MODEL_ENCLOSURE_LOCK/tests/test_source_generators.py::test_source_rhs_generators_have_full_node_local_rank_and_invariants - FileNotFoundError: [Errno 2] No such file or directory: '/mnt/data/bass_rei_sparse_work/rei_bianchi/stages/Bianchi_Reionization_Stage_P0_5_B2C2B0C_R2C_R1B_R2B_R2A_R2_R1A_R1_R1_R1_SPARSE_LOCAL_GENERATOR_AFFINE_TAYLOR_MODEL_ENCLOSURE_LOCK/analysis/source_generators.py'
FAILED stages/Bianchi_Reionization_Stage_P0_5_B2C2B0C_R2C_R1B_R2B_R2A_R2_R1A_R1_R1_R1_SPARSE_LOCAL_GENERATOR_AFFINE_TAYLOR_MODEL_ENCLOSURE_LOCK/tests/test_source_generators.py::test_source_rhs_polynomial_matches_all_four_local_branch_corners - FileNotFoundError: [Errno 2] No such file or directory: '/mnt/data/bass_rei_sparse_work/rei_bianchi/stages/Bianchi_Reionization_Stage_P0_5_B2C2B0C_R2C_R1B_R2B_R2A_R2_R1A_R1_R1_R1_SPARSE_LOCAL_GENERATOR_AFFINE_TAYLOR_MODEL_ENCLOSURE_LOCK/analysis/source_generators.py'
FAILED stages/Bianchi_Reionization_Stage_P0_5_B2C2B0C_R2C_R1B_R2B_R2A_R2_R1A_R1_R1_R1_SPARSE_LOCAL_GENERATOR_AFFINE_TAYLOR_MODEL_ENCLOSURE_LOCK/tests/test_source_generators.py::test_hummer_seaton_event_distance_is_positive_or_exactly_on_knot - FileNotFoundError: [Errno 2] No such file or directory: '/mnt/data/bass_rei_sparse_work/rei_bianchi/stages/Bianchi_Reionization_Stage_P0_5_B2C2B0C_R2C_R1B_R2B_R2A_R2_R1A_R1_R1_R1_SPARSE_LOCAL_GENERATOR_AFFINE_TAYLOR_MODEL_ENCLOSURE_LOCK/analysis/source_generators.py'
6 failed in 0.18s
