FFF                                                                      [100%]
=================================== FAILURES ===================================
_______ test_rust_bounds_contain_python_oracle_and_match_within_one_ulp ________

tmp_path = PosixPath('/tmp/pytest-of-root/pytest-0/test_rust_bounds_contain_pytho0')

    def test_rust_bounds_contain_python_oracle_and_match_within_one_ulp(tmp_path: Path) -> None:
        sparse = load_module("rust_sparse_model_oracle", STAGE / "analysis/sparse_local_model.py")
>       rust = load_module("rust_sparse_backend_test", STAGE / "analysis/rust_sparse_backend.py")
               ^^^^^^^^^^^^^^^^^^^^^^^^^^^^^^^^^^^^^^^^^^^^^^^^^^^^^^^^^^^^^^^^^^^^^^^^^^^^^^^^^^

stages/Bianchi_Reionization_Stage_P0_5_B2C2B0C_R2C_R1B_R2B_R2A_R2_R1A_R1_R1_R1_SPARSE_LOCAL_GENERATOR_AFFINE_TAYLOR_MODEL_ENCLOSURE_LOCK/tests/test_rust_sparse_backend.py:23: 
_ _ _ _ _ _ _ _ _ _ _ _ _ _ _ _ _ _ _ _ _ _ _ _ _ _ _ _ _ _ _ _ _ _ _ _ _ _ _ _ 
stages/Bianchi_Reionization_Stage_P0_5_B2C2B0C_R2C_R1B_R2B_R2A_R2_R1A_R1_R1_R1_SPARSE_LOCAL_GENERATOR_AFFINE_TAYLOR_MODEL_ENCLOSURE_LOCK/tests/test_rust_sparse_backend.py:17: in load_module
    spec.loader.exec_module(module)
<frozen importlib._bootstrap_external>:1022: in exec_module
    ???
<frozen importlib._bootstrap_external>:1159: in get_code
    ???
_ _ _ _ _ _ _ _ _ _ _ _ _ _ _ _ _ _ _ _ _ _ _ _ _ _ _ _ _ _ _ _ _ _ _ _ _ _ _ _ 

self = <_frozen_importlib_external.SourceFileLoader object at 0x7f42052a8b90>
path = '/mnt/data/bass_rei_sparse_work/rei_bianchi/stages/Bianchi_Reionization_Stage_P0_5_B2C2B0C_R2C_R1B_R2B_R2A_R2_R1A_R1_R1_R1_SPARSE_LOCAL_GENERATOR_AFFINE_TAYLOR_MODEL_ENCLOSURE_LOCK/analysis/rust_sparse_backend.py'

>   ???
E   FileNotFoundError: [Errno 2] No such file or directory: '/mnt/data/bass_rei_sparse_work/rei_bianchi/stages/Bianchi_Reionization_Stage_P0_5_B2C2B0C_R2C_R1B_R2B_R2A_R2_R1A_R1_R1_R1_SPARSE_LOCAL_GENERATOR_AFFINE_TAYLOR_MODEL_ENCLOSURE_LOCK/analysis/rust_sparse_backend.py'

<frozen importlib._bootstrap_external>:1217: FileNotFoundError
__________ test_rust_backend_rejects_noncontiguous_or_invalid_shapes ___________

tmp_path = PosixPath('/tmp/pytest-of-root/pytest-0/test_rust_backend_rejects_nonc0')

    def test_rust_backend_rejects_noncontiguous_or_invalid_shapes(tmp_path: Path) -> None:
        sparse = load_module("rust_sparse_model_invalid", STAGE / "analysis/sparse_local_model.py")
>       rust = load_module("rust_sparse_backend_invalid", STAGE / "analysis/rust_sparse_backend.py")
               ^^^^^^^^^^^^^^^^^^^^^^^^^^^^^^^^^^^^^^^^^^^^^^^^^^^^^^^^^^^^^^^^^^^^^^^^^^^^^^^^^^^^^

stages/Bianchi_Reionization_Stage_P0_5_B2C2B0C_R2C_R1B_R2B_R2A_R2_R1A_R1_R1_R1_SPARSE_LOCAL_GENERATOR_AFFINE_TAYLOR_MODEL_ENCLOSURE_LOCK/tests/test_rust_sparse_backend.py:45: 
_ _ _ _ _ _ _ _ _ _ _ _ _ _ _ _ _ _ _ _ _ _ _ _ _ _ _ _ _ _ _ _ _ _ _ _ _ _ _ _ 
stages/Bianchi_Reionization_Stage_P0_5_B2C2B0C_R2C_R1B_R2B_R2A_R2_R1A_R1_R1_R1_SPARSE_LOCAL_GENERATOR_AFFINE_TAYLOR_MODEL_ENCLOSURE_LOCK/tests/test_rust_sparse_backend.py:17: in load_module
    spec.loader.exec_module(module)
<frozen importlib._bootstrap_external>:1022: in exec_module
    ???
<frozen importlib._bootstrap_external>:1159: in get_code
    ???
_ _ _ _ _ _ _ _ _ _ _ _ _ _ _ _ _ _ _ _ _ _ _ _ _ _ _ _ _ _ _ _ _ _ _ _ _ _ _ _ 

self = <_frozen_importlib_external.SourceFileLoader object at 0x7f42052abbf0>
path = '/mnt/data/bass_rei_sparse_work/rei_bianchi/stages/Bianchi_Reionization_Stage_P0_5_B2C2B0C_R2C_R1B_R2B_R2A_R2_R1A_R1_R1_R1_SPARSE_LOCAL_GENERATOR_AFFINE_TAYLOR_MODEL_ENCLOSURE_LOCK/analysis/rust_sparse_backend.py'

>   ???
E   FileNotFoundError: [Errno 2] No such file or directory: '/mnt/data/bass_rei_sparse_work/rei_bianchi/stages/Bianchi_Reionization_Stage_P0_5_B2C2B0C_R2C_R1B_R2B_R2A_R2_R1A_R1_R1_R1_SPARSE_LOCAL_GENERATOR_AFFINE_TAYLOR_MODEL_ENCLOSURE_LOCK/analysis/rust_sparse_backend.py'

<frozen importlib._bootstrap_external>:1217: FileNotFoundError
_________________ test_rust_source_uses_next_up_and_next_down __________________

    def test_rust_source_uses_next_up_and_next_down() -> None:
>       text = (STAGE / "rust/sparse_bounds.rs").read_text(encoding="utf-8")
               ^^^^^^^^^^^^^^^^^^^^^^^^^^^^^^^^^^^^^^^^^^^^^^^^^^^^^^^^^^^^^

stages/Bianchi_Reionization_Stage_P0_5_B2C2B0C_R2C_R1B_R2B_R2A_R2_R1A_R1_R1_R1_SPARSE_LOCAL_GENERATOR_AFFINE_TAYLOR_MODEL_ENCLOSURE_LOCK/tests/test_rust_sparse_backend.py:54: 
_ _ _ _ _ _ _ _ _ _ _ _ _ _ _ _ _ _ _ _ _ _ _ _ _ _ _ _ _ _ _ _ _ _ _ _ _ _ _ _ 
/usr/lib/python3.13/pathlib/_local.py:548: in read_text
    return PathBase.read_text(self, encoding, errors, newline)
           ^^^^^^^^^^^^^^^^^^^^^^^^^^^^^^^^^^^^^^^^^^^^^^^^^^^
/usr/lib/python3.13/pathlib/_abc.py:632: in read_text
    with self.open(mode='r', encoding=encoding, errors=errors, newline=newline) as f:
         ^^^^^^^^^^^^^^^^^^^^^^^^^^^^^^^^^^^^^^^^^^^^^^^^^^^^^^^^^^^^^^^^^^^^^^
_ _ _ _ _ _ _ _ _ _ _ _ _ _ _ _ _ _ _ _ _ _ _ _ _ _ _ _ _ _ _ _ _ _ _ _ _ _ _ _ 

self = PosixPath('/mnt/data/bass_rei_sparse_work/rei_bianchi/stages/Bianchi_Reionization_Stage_P0_5_B2C2B0C_R2C_R1B_R2B_R2A_R2_R1A_R1_R1_R1_SPARSE_LOCAL_GENERATOR_AFFINE_TAYLOR_MODEL_ENCLOSURE_LOCK/rust/sparse_bounds.rs')
mode = 'r', buffering = -1, encoding = 'utf-8', errors = None, newline = None

    def open(self, mode='r', buffering=-1, encoding=None,
             errors=None, newline=None):
        """
        Open the file pointed to by this path and return a file object, as
        the built-in open() function does.
        """
        if "b" not in mode:
            encoding = io.text_encoding(encoding)
>       return io.open(self, mode, buffering, encoding, errors, newline)
               ^^^^^^^^^^^^^^^^^^^^^^^^^^^^^^^^^^^^^^^^^^^^^^^^^^^^^^^^^
E       FileNotFoundError: [Errno 2] No such file or directory: '/mnt/data/bass_rei_sparse_work/rei_bianchi/stages/Bianchi_Reionization_Stage_P0_5_B2C2B0C_R2C_R1B_R2B_R2A_R2_R1A_R1_R1_R1_SPARSE_LOCAL_GENERATOR_AFFINE_TAYLOR_MODEL_ENCLOSURE_LOCK/rust/sparse_bounds.rs'

/usr/lib/python3.13/pathlib/_local.py:539: FileNotFoundError
=========================== short test summary info ============================
FAILED stages/Bianchi_Reionization_Stage_P0_5_B2C2B0C_R2C_R1B_R2B_R2A_R2_R1A_R1_R1_R1_SPARSE_LOCAL_GENERATOR_AFFINE_TAYLOR_MODEL_ENCLOSURE_LOCK/tests/test_rust_sparse_backend.py::test_rust_bounds_contain_python_oracle_and_match_within_one_ulp - FileNotFoundError: [Errno 2] No such file or directory: '/mnt/data/bass_rei_sparse_work/rei_bianchi/stages/Bianchi_Reionization_Stage_P0_5_B2C2B0C_R2C_R1B_R2B_R2A_R2_R1A_R1_R1_R1_SPARSE_LOCAL_GENERATOR_AFFINE_TAYLOR_MODEL_ENCLOSURE_LOCK/analysis/rust_sparse_backend.py'
FAILED stages/Bianchi_Reionization_Stage_P0_5_B2C2B0C_R2C_R1B_R2B_R2A_R2_R1A_R1_R1_R1_SPARSE_LOCAL_GENERATOR_AFFINE_TAYLOR_MODEL_ENCLOSURE_LOCK/tests/test_rust_sparse_backend.py::test_rust_backend_rejects_noncontiguous_or_invalid_shapes - FileNotFoundError: [Errno 2] No such file or directory: '/mnt/data/bass_rei_sparse_work/rei_bianchi/stages/Bianchi_Reionization_Stage_P0_5_B2C2B0C_R2C_R1B_R2B_R2A_R2_R1A_R1_R1_R1_SPARSE_LOCAL_GENERATOR_AFFINE_TAYLOR_MODEL_ENCLOSURE_LOCK/analysis/rust_sparse_backend.py'
FAILED stages/Bianchi_Reionization_Stage_P0_5_B2C2B0C_R2C_R1B_R2B_R2A_R2_R1A_R1_R1_R1_SPARSE_LOCAL_GENERATOR_AFFINE_TAYLOR_MODEL_ENCLOSURE_LOCK/tests/test_rust_sparse_backend.py::test_rust_source_uses_next_up_and_next_down - FileNotFoundError: [Errno 2] No such file or directory: '/mnt/data/bass_rei_sparse_work/rei_bianchi/stages/Bianchi_Reionization_Stage_P0_5_B2C2B0C_R2C_R1B_R2B_R2A_R2_R1A_R1_R1_R1_SPARSE_LOCAL_GENERATOR_AFFINE_TAYLOR_MODEL_ENCLOSURE_LOCK/rust/sparse_bounds.rs'
3 failed in 0.18s
