FF                                                                       [100%]
=================================== FAILURES ===================================
_____ test_sparse_stage_result_is_fail_closed_at_discrete_map_control_gap ______

    def test_sparse_stage_result_is_fail_closed_at_discrete_map_control_gap() -> None:
>       data = json.loads((STAGE / "results.json").read_text(encoding="utf-8"))
                          ^^^^^^^^^^^^^^^^^^^^^^^^^^^^^^^^^^^^^^^^^^^^^^^^^^^^

stages/Bianchi_Reionization_Stage_P0_5_B2C2B0C_R2C_R1B_R2B_R2A_R2_R1A_R1_R1_R1_SPARSE_LOCAL_GENERATOR_AFFINE_TAYLOR_MODEL_ENCLOSURE_LOCK/tests/test_stage_audit_result.py:10: 
_ _ _ _ _ _ _ _ _ _ _ _ _ _ _ _ _ _ _ _ _ _ _ _ _ _ _ _ _ _ _ _ _ _ _ _ _ _ _ _ 
/usr/lib/python3.13/pathlib/_local.py:548: in read_text
    return PathBase.read_text(self, encoding, errors, newline)
           ^^^^^^^^^^^^^^^^^^^^^^^^^^^^^^^^^^^^^^^^^^^^^^^^^^^
/usr/lib/python3.13/pathlib/_abc.py:632: in read_text
    with self.open(mode='r', encoding=encoding, errors=errors, newline=newline) as f:
         ^^^^^^^^^^^^^^^^^^^^^^^^^^^^^^^^^^^^^^^^^^^^^^^^^^^^^^^^^^^^^^^^^^^^^^
_ _ _ _ _ _ _ _ _ _ _ _ _ _ _ _ _ _ _ _ _ _ _ _ _ _ _ _ _ _ _ _ _ _ _ _ _ _ _ _ 

self = PosixPath('/mnt/data/bass_rei_sparse_work/rei_bianchi/stages/Bianchi_Reionization_Stage_P0_5_B2C2B0C_R2C_R1B_R2B_R2A_R2_R1A_R1_R1_R1_SPARSE_LOCAL_GENERATOR_AFFINE_TAYLOR_MODEL_ENCLOSURE_LOCK/results.json')
mode = 'r', buffering = -1, encoding = 'utf-8', errors = None, newline = None

    def open(self, mode='r', buffering=-1, encoding=None,
             errors=None, newline=None):
        """
        Open the file pointed to by this path and return a file object, as
        the built-in open() function does.
        """
        if "b" not in mode:
            encoding = io.text_encoding(encoding)
>       return io.open(self, mode, buffering, encoding, errors, newline)
               ^^^^^^^^^^^^^^^^^^^^^^^^^^^^^^^^^^^^^^^^^^^^^^^^^^^^^^^^^
E       FileNotFoundError: [Errno 2] No such file or directory: '/mnt/data/bass_rei_sparse_work/rei_bianchi/stages/Bianchi_Reionization_Stage_P0_5_B2C2B0C_R2C_R1B_R2B_R2A_R2_R1A_R1_R1_R1_SPARSE_LOCAL_GENERATOR_AFFINE_TAYLOR_MODEL_ENCLOSURE_LOCK/results.json'

/usr/lib/python3.13/pathlib/_local.py:539: FileNotFoundError
________ test_all_three_lanes_have_identical_stagewise_witness_endpoint ________

    def test_all_three_lanes_have_identical_stagewise_witness_endpoint() -> None:
>       data = json.loads((STAGE / "results.json").read_text(encoding="utf-8"))
                          ^^^^^^^^^^^^^^^^^^^^^^^^^^^^^^^^^^^^^^^^^^^^^^^^^^^^

stages/Bianchi_Reionization_Stage_P0_5_B2C2B0C_R2C_R1B_R2B_R2A_R2_R1A_R1_R1_R1_SPARSE_LOCAL_GENERATOR_AFFINE_TAYLOR_MODEL_ENCLOSURE_LOCK/tests/test_stage_audit_result.py:32: 
_ _ _ _ _ _ _ _ _ _ _ _ _ _ _ _ _ _ _ _ _ _ _ _ _ _ _ _ _ _ _ _ _ _ _ _ _ _ _ _ 
/usr/lib/python3.13/pathlib/_local.py:548: in read_text
    return PathBase.read_text(self, encoding, errors, newline)
           ^^^^^^^^^^^^^^^^^^^^^^^^^^^^^^^^^^^^^^^^^^^^^^^^^^^
/usr/lib/python3.13/pathlib/_abc.py:632: in read_text
    with self.open(mode='r', encoding=encoding, errors=errors, newline=newline) as f:
         ^^^^^^^^^^^^^^^^^^^^^^^^^^^^^^^^^^^^^^^^^^^^^^^^^^^^^^^^^^^^^^^^^^^^^^
_ _ _ _ _ _ _ _ _ _ _ _ _ _ _ _ _ _ _ _ _ _ _ _ _ _ _ _ _ _ _ _ _ _ _ _ _ _ _ _ 

self = PosixPath('/mnt/data/bass_rei_sparse_work/rei_bianchi/stages/Bianchi_Reionization_Stage_P0_5_B2C2B0C_R2C_R1B_R2B_R2A_R2_R1A_R1_R1_R1_SPARSE_LOCAL_GENERATOR_AFFINE_TAYLOR_MODEL_ENCLOSURE_LOCK/results.json')
mode = 'r', buffering = -1, encoding = 'utf-8', errors = None, newline = None

    def open(self, mode='r', buffering=-1, encoding=None,
             errors=None, newline=None):
        """
        Open the file pointed to by this path and return a file object, as
        the built-in open() function does.
        """
        if "b" not in mode:
            encoding = io.text_encoding(encoding)
>       return io.open(self, mode, buffering, encoding, errors, newline)
               ^^^^^^^^^^^^^^^^^^^^^^^^^^^^^^^^^^^^^^^^^^^^^^^^^^^^^^^^^
E       FileNotFoundError: [Errno 2] No such file or directory: '/mnt/data/bass_rei_sparse_work/rei_bianchi/stages/Bianchi_Reionization_Stage_P0_5_B2C2B0C_R2C_R1B_R2B_R2A_R2_R1A_R1_R1_R1_SPARSE_LOCAL_GENERATOR_AFFINE_TAYLOR_MODEL_ENCLOSURE_LOCK/results.json'

/usr/lib/python3.13/pathlib/_local.py:539: FileNotFoundError
=========================== short test summary info ============================
FAILED stages/Bianchi_Reionization_Stage_P0_5_B2C2B0C_R2C_R1B_R2B_R2A_R2_R1A_R1_R1_R1_SPARSE_LOCAL_GENERATOR_AFFINE_TAYLOR_MODEL_ENCLOSURE_LOCK/tests/test_stage_audit_result.py::test_sparse_stage_result_is_fail_closed_at_discrete_map_control_gap - FileNotFoundError: [Errno 2] No such file or directory: '/mnt/data/bass_rei_sparse_work/rei_bianchi/stages/Bianchi_Reionization_Stage_P0_5_B2C2B0C_R2C_R1B_R2B_R2A_R2_R1A_R1_R1_R1_SPARSE_LOCAL_GENERATOR_AFFINE_TAYLOR_MODEL_ENCLOSURE_LOCK/results.json'
FAILED stages/Bianchi_Reionization_Stage_P0_5_B2C2B0C_R2C_R1B_R2B_R2A_R2_R1A_R1_R1_R1_SPARSE_LOCAL_GENERATOR_AFFINE_TAYLOR_MODEL_ENCLOSURE_LOCK/tests/test_stage_audit_result.py::test_all_three_lanes_have_identical_stagewise_witness_endpoint - FileNotFoundError: [Errno 2] No such file or directory: '/mnt/data/bass_rei_sparse_work/rei_bianchi/stages/Bianchi_Reionization_Stage_P0_5_B2C2B0C_R2C_R1B_R2B_R2A_R2_R1A_R1_R1_R1_SPARSE_LOCAL_GENERATOR_AFFINE_TAYLOR_MODEL_ENCLOSURE_LOCK/results.json'
2 failed in 0.17s
