test_authenticated_non_deb_payload_is_rejected (__main__.MemberCensusTests.test_authenticated_non_deb_payload_is_rejected) ... FAIL
test_consumer_cannot_bypass_signature_verification (__main__.MemberCensusTests.test_consumer_cannot_bypass_signature_verification) ... FAIL
test_control_identity_must_match_signed_index (__main__.MemberCensusTests.test_control_identity_must_match_signed_index) ... FAIL
test_member_hash_is_checked_after_package_authentication (__main__.MemberCensusTests.test_member_hash_is_checked_after_package_authentication) ... FAIL
test_normalized_duplicate_member_is_rejected (__main__.MemberCensusTests.test_normalized_duplicate_member_is_rejected) ... FAIL
test_symlink_is_not_a_regular_file_witness (__main__.MemberCensusTests.test_symlink_is_not_a_regular_file_witness) ... FAIL
test_valid_signed_deb_and_regular_member (__main__.MemberCensusTests.test_valid_signed_deb_and_regular_member) ... FAIL

======================================================================
FAIL: test_authenticated_non_deb_payload_is_rejected (__main__.MemberCensusTests.test_authenticated_non_deb_payload_is_rejected)
----------------------------------------------------------------------
Traceback (most recent call last):
  File "/mnt/data/rei_h1b1_threeway_20260905/donor/test_deb_member_census.py", line 114, in setUp
    self.assertIsNotNone(self.mod, MISSING)
    ~~~~~~~~~~~~~~~~~~~~^^^^^^^^^^^^^^^^^^^
AssertionError: unexpectedly None : MISSING_H1B1_DEB_MEMBER_CENSUS

======================================================================
FAIL: test_consumer_cannot_bypass_signature_verification (__main__.MemberCensusTests.test_consumer_cannot_bypass_signature_verification)
----------------------------------------------------------------------
Traceback (most recent call last):
  File "/mnt/data/rei_h1b1_threeway_20260905/donor/test_deb_member_census.py", line 114, in setUp
    self.assertIsNotNone(self.mod, MISSING)
    ~~~~~~~~~~~~~~~~~~~~^^^^^^^^^^^^^^^^^^^
AssertionError: unexpectedly None : MISSING_H1B1_DEB_MEMBER_CENSUS

======================================================================
FAIL: test_control_identity_must_match_signed_index (__main__.MemberCensusTests.test_control_identity_must_match_signed_index)
----------------------------------------------------------------------
Traceback (most recent call last):
  File "/mnt/data/rei_h1b1_threeway_20260905/donor/test_deb_member_census.py", line 114, in setUp
    self.assertIsNotNone(self.mod, MISSING)
    ~~~~~~~~~~~~~~~~~~~~^^^^^^^^^^^^^^^^^^^
AssertionError: unexpectedly None : MISSING_H1B1_DEB_MEMBER_CENSUS

======================================================================
FAIL: test_member_hash_is_checked_after_package_authentication (__main__.MemberCensusTests.test_member_hash_is_checked_after_package_authentication)
----------------------------------------------------------------------
Traceback (most recent call last):
  File "/mnt/data/rei_h1b1_threeway_20260905/donor/test_deb_member_census.py", line 114, in setUp
    self.assertIsNotNone(self.mod, MISSING)
    ~~~~~~~~~~~~~~~~~~~~^^^^^^^^^^^^^^^^^^^
AssertionError: unexpectedly None : MISSING_H1B1_DEB_MEMBER_CENSUS

======================================================================
FAIL: test_normalized_duplicate_member_is_rejected (__main__.MemberCensusTests.test_normalized_duplicate_member_is_rejected)
----------------------------------------------------------------------
Traceback (most recent call last):
  File "/mnt/data/rei_h1b1_threeway_20260905/donor/test_deb_member_census.py", line 114, in setUp
    self.assertIsNotNone(self.mod, MISSING)
    ~~~~~~~~~~~~~~~~~~~~^^^^^^^^^^^^^^^^^^^
AssertionError: unexpectedly None : MISSING_H1B1_DEB_MEMBER_CENSUS

======================================================================
FAIL: test_symlink_is_not_a_regular_file_witness (__main__.MemberCensusTests.test_symlink_is_not_a_regular_file_witness)
----------------------------------------------------------------------
Traceback (most recent call last):
  File "/mnt/data/rei_h1b1_threeway_20260905/donor/test_deb_member_census.py", line 114, in setUp
    self.assertIsNotNone(self.mod, MISSING)
    ~~~~~~~~~~~~~~~~~~~~^^^^^^^^^^^^^^^^^^^
AssertionError: unexpectedly None : MISSING_H1B1_DEB_MEMBER_CENSUS

======================================================================
FAIL: test_valid_signed_deb_and_regular_member (__main__.MemberCensusTests.test_valid_signed_deb_and_regular_member)
----------------------------------------------------------------------
Traceback (most recent call last):
  File "/mnt/data/rei_h1b1_threeway_20260905/donor/test_deb_member_census.py", line 114, in setUp
    self.assertIsNotNone(self.mod, MISSING)
    ~~~~~~~~~~~~~~~~~~~~^^^^^^^^^^^^^^^^^^^
AssertionError: unexpectedly None : MISSING_H1B1_DEB_MEMBER_CENSUS

----------------------------------------------------------------------
Ran 7 tests in 0.002s

FAILED (failures=7)
