{
  "canonical_component_average_comparison_max_relative_difference_auditor": 0.0008042497772949618,
  "classification": "R1B_R2A_OWNER_SPLIT_PREFLIGHT_SUMMARY",
  "group_cases": 340,
  "hard_pass": true,
  "invalid_unsplit_reachable_cases": 20,
  "invalid_unsplit_reachable_failures": 20,
  "invalid_unsplit_unreachable_after_failure_rows": 55,
  "max_conditioned_current_sum_relative_residual": 2.1988830676279693e-16,
  "max_conditioned_kappa_sum_relative_residual": 2.1362207401786884e-16,
  "max_node_allocation_sum_relative_residual": 1.9697631035994148e-16,
  "max_owner_correct_assigned_to_capacity_ratio": 0.21997424616431271,
  "max_raw_component_sum_vs_authoritative_relative_residual": 0.0011697853536868233,
  "max_refinement_total_relative_residual": 2.6884117717741755e-16,
  "midpoint_macro_disintegration_rows": 1800,
  "midpoint_node_disintegration_cases": 100,
  "min_owner_correct_slack_fraction": 0.7800257538356873,
  "negative_node_allocation_count": 0,
  "owner_component_rows": 1360,
  "owner_correct_capacity_cases": 225,
  "owner_correct_capacity_failures": 0,
  "scope": {
    "chemistry_integrated": false,
    "recombination_surrogate": false,
    "subgrid_absorption_added_to_resolved_thermal_state": false,
    "thermal_history_integrated": false
  },
  "stage": "P0.5-B2C2B0C-R2C-R1B-R2A-PHOTON-SINK-MATERIAL-REACTION-OWNER-SPLIT-PREFLIGHT",
  "subgrid_prior_TV_range": [
    0.2034692346855006,
    0.6126735449536352
  ],
  "subgrid_resolved_source_coefficients_exact_zero": true,
  "time_resolved_forcing_rows": 85,
  "verdict": "DURABLE_PASS_R2C_R1B_R2A_OWNER_SPLIT_REMOVES_FALSE_CAPACITY_BLOCKER_OWNER_CORRECT_R1B_R2B_AUTHORIZED",
  "zero_support_nonzero_node_allocation_count": 0
}
