F                                                                        [100%]
=================================== FAILURES ===================================
_____________ test_piecewise_pchip_integral_is_refinement_additive _____________

    def test_piecewise_pchip_integral_is_refinement_additive():
        x = 0.5 * (1.0 - np.cos(np.arange(17) * np.pi / 16.0))
        y = np.exp(5.0 * x) * (1.0 + 0.2 * np.sin(9.0 * x))
        whole = module.integrate_positive_pchip(x, y, 0.0, 1.0)
        for refinement in (2, 4, 8, 16):
            pieces = sum(
                module.integrate_positive_pchip(
                    x, y, i / refinement, (i + 1) / refinement
                )
                for i in range(refinement)
            )
>           assert pieces == pytest.approx(whole, rel=1e-13, abs=1e-15)
E           assert 32.38026548600638 == 32.38008969027481 ± 3.2e-12
E             
E             comparison failed
E             Obtained: 32.38026548600638
E             Expected: 32.38008969027481 ± 3.2e-12

stages/Bianchi_Reionization_Stage_P0_5_B2C2B0C_R2C_R1B_R2A_PHOTON_SINK_MATERIAL_REACTION_OWNER_SPLIT_PREFLIGHT/tests/test_preflight_builder.py:26: AssertionError
=========================== short test summary info ============================
FAILED stages/Bianchi_Reionization_Stage_P0_5_B2C2B0C_R2C_R1B_R2A_PHOTON_SINK_MATERIAL_REACTION_OWNER_SPLIT_PREFLIGHT/tests/test_preflight_builder.py::test_piecewise_pchip_integral_is_refinement_additive - assert 32.38026548600638 == 32.38008969027481 ± 3.2e-12
  
  comparison failed
  Obtained: 32.38026548600638
  Expected: 32.38008969027481 ± 3.2e-12
1 failed in 0.30s
