.....FF                                                                  [100%]
=================================== FAILURES ===================================
_ test_conditional_component_normalization_uses_authoritative_total_without_changing_ratios _

    def test_conditional_component_normalization_uses_authoritative_total_without_changing_ratios():
        raw = {
            "EFFECTIVE_HI_SUBGRID": 8.0,
            "EXPLICIT_HI_ATOMIC": 1.0,
            "EXPLICIT_HEI_ATOMIC": 1.0,
            "EXPLICIT_HEII_ATOMIC": 0.0,
        }
>       conditioned = module.condition_component_opacities(
                      ^^^^^^^^^^^^^^^^^^^^^^^^^^^^^^^^^^^^
            authoritative_total_kappa=12.0,
            raw_component_kappa=raw,
        )
E       AttributeError: module 'owner_split_operator' has no attribute 'condition_component_opacities'

stages/Bianchi_Reionization_Stage_P0_5_B2C2B0C_R2C_R1B_R2A_PHOTON_SINK_MATERIAL_REACTION_OWNER_SPLIT_PREFLIGHT/tests/test_owner_split_operator.py:89: AttributeError
_ test_conditional_component_normalization_rejects_nonzero_target_on_zero_support _

    def test_conditional_component_normalization_rejects_nonzero_target_on_zero_support():
        with pytest.raises(ValueError, match="zero raw component support"):
>           module.condition_component_opacities(
            ^^^^^^^^^^^^^^^^^^^^^^^^^^^^^^^^^^^^
                authoritative_total_kappa=1.0,
                raw_component_kappa={name: 0.0 for name in module.COMPONENT_OWNER},
            )
E           AttributeError: module 'owner_split_operator' has no attribute 'condition_component_opacities'

stages/Bianchi_Reionization_Stage_P0_5_B2C2B0C_R2C_R1B_R2A_PHOTON_SINK_MATERIAL_REACTION_OWNER_SPLIT_PREFLIGHT/tests/test_owner_split_operator.py:101: AttributeError
=========================== short test summary info ============================
FAILED stages/Bianchi_Reionization_Stage_P0_5_B2C2B0C_R2C_R1B_R2A_PHOTON_SINK_MATERIAL_REACTION_OWNER_SPLIT_PREFLIGHT/tests/test_owner_split_operator.py::test_conditional_component_normalization_uses_authoritative_total_without_changing_ratios - AttributeError: module 'owner_split_operator' has no attribute 'condition_component_opacities'
FAILED stages/Bianchi_Reionization_Stage_P0_5_B2C2B0C_R2C_R1B_R2A_PHOTON_SINK_MATERIAL_REACTION_OWNER_SPLIT_PREFLIGHT/tests/test_owner_split_operator.py::test_conditional_component_normalization_rejects_nonzero_target_on_zero_support - AttributeError: module 'owner_split_operator' has no attribute 'condition_component_opacities'
2 failed, 5 passed in 0.09s
