------------------------------------------------------------
Package xAct`xPerm`  version 1.2.4, {2025, 12, 29}
CopyRight (C) 2003-2026, Jose M. Martin-Garcia, under the General Public License.
Connecting to external linux executable...
Connection established.
------------------------------------------------------------
Package xAct`xTensor` version 1.3.0, {2025, 12, 29}
CopyRight (C) 2002-2026, Jose M. Martin-Garcia, under the General Public License.
------------------------------------------------------------
These packages come with ABSOLUTELY NO WARRANTY; for details type Disclaimer[]. This is free software, and you are welcome to redistribute it under certain conditions. See the General Public License for details.
------------------------------------------------------------
------------------------------------------------------------
Package xAct`xCoba`  version 0.8.6, {2021, 2, 28}
CopyRight (C) 2005-2026, David Yllanes and Jose M. Martin-Garcia, under the General Public License.
------------------------------------------------------------
These packages come with ABSOLUTELY NO WARRANTY; for details type Disclaimer[]. This is free software, and you are welcome to redistribute it under certain conditions. See the General Public License for details.
------------------------------------------------------------

Verbose::shdw: Symbol Verbose appears in multiple contexts {xAct`xCore`, System`}; definitions in context xAct`xCore` may shadow or be shadowed by other definitions.
** DefManifold: Defining manifold BASSN1M4. 
** DefVBundle: Defining vbundle TangentBASSN1M4. 
** DefTensor: Defining symmetric metric tensor BASSN1g[-BASSN1a, -BASSN1b]. 
** DefTensor: Defining antisymmetric tensor epsilonBASSN1g[-BASSN1a, -BASSN1b, -BASSN1c, -BASSN1d]. 
** DefTensor: Defining tetrametric TetraBASSN1g[-BASSN1a, -BASSN1b, -BASSN1c, -BASSN1d]. 
** DefTensor: Defining tetrametric TetraBASSN1g†[-BASSN1a, -BASSN1b, -BASSN1c, -BASSN1d]. 
** DefCovD: Defining covariant derivative BASSN1CD[-BASSN1a]. 
** DefTensor: Defining vanishing torsion tensor TorsionBASSN1CD[BASSN1a, -BASSN1b, -BASSN1c]. 
** DefTensor: Defining symmetric Christoffel tensor ChristoffelBASSN1CD[BASSN1a, -BASSN1b, -BASSN1c]. 
** DefTensor: Defining Riemann tensor RiemannBASSN1CD[-BASSN1a, -BASSN1b, -BASSN1c, -BASSN1d]. 
** DefTensor: Defining symmetric Ricci tensor RicciBASSN1CD[-BASSN1a, -BASSN1b]. 
** DefCovD: Contractions of Riemann automatically replaced by Ricci.
** DefTensor: Defining Ricci scalar RicciScalarBASSN1CD[]. 
** DefCovD: Contractions of Ricci automatically replaced by RicciScalar.
** DefTensor: Defining symmetric Einstein tensor EinsteinBASSN1CD[-BASSN1a, -BASSN1b]. 
** DefTensor: Defining Weyl tensor WeylBASSN1CD[-BASSN1a, -BASSN1b, -BASSN1c, -BASSN1d]. 
** DefTensor: Defining symmetric TFRicci tensor TFRicciBASSN1CD[-BASSN1a, -BASSN1b]. 
** DefTensor: Defining Kretschmann scalar KretschmannBASSN1CD[]. 
** DefCovD: Computing RiemannToWeylRules for dim 4
** DefCovD: Computing RicciToTFRicci for dim 4
** DefCovD: Computing RicciToEinsteinRules for dim 4
** DefTensor: Defining weight +2 density DetBASSN1g[].      Determinant.
** DefChart: Defining chart BASSN1ch. 
** DefTensor: Defining coordinate scalar BASSN1T[]. 
** DefTensor: Defining coordinate scalar BASSN1X[]. 
** DefTensor: Defining coordinate scalar BASSN1Y[]. 
** DefTensor: Defining coordinate scalar BASSN1Z[]. 
** DefMapping: Defining mapping BASSN1ch. 
** DefMapping: Defining inverse mapping iBASSN1ch. 
** DefTensor: Defining mapping differential tensor diBASSN1ch[-, iBASSN1chBASSN1a]. 
** DefTensor: Defining mapping differential tensor dBASSN1ch[-BASSN1a, BASSN1ch]. 
** DefBasis: Defining basis BASSN1ch. Coordinated basis.
** DefCovD: Defining parallel derivative PDBASSN1ch[-BASSN1a]. 
** DefTensor: Defining vanishing torsion tensor TorsionPDBASSN1ch[BASSN1a, -BASSN1b, -BASSN1c]. 
** DefTensor: Defining symmetric Christoffel tensor ChristoffelPDBASSN1ch[BASSN1a, -BASSN1b, -BASSN1c]. 
** DefTensor: Defining vanishing Riemann tensor RiemannPDBASSN1ch[-BASSN1a, -BASSN1b, -BASSN1c, BASSN1d]. 
** DefTensor: Defining vanishing Ricci tensor RicciPDBASSN1ch[-BASSN1a, -BASSN1b]. 
** DefTensor: Defining antisymmetric +1 density etaUpBASSN1ch[BASSN1a, BASSN1b, BASSN1c, BASSN1d]. 
** DefTensor: Defining antisymmetric -1 density etaDownBASSN1ch[-BASSN1a, -BASSN1b, -BASSN1c, -BASSN1d]. 
** DefConstantSymbol: Defining constant symbol BASSN1H1. 
** DefConstantSymbol: Defining constant symbol BASSN1H2. 
** DefConstantSymbol: Defining constant symbol BASSN1H3. 
** DefConstantSymbol: Defining constant symbol BASSN1A. 
Added independent rule BASSN1g[{0, -BASSN1ch}, {0, -BASSN1ch}] -> -1 for tensor BASSN1g
Added independent rule BASSN1g[{0, -BASSN1ch}, {1, -BASSN1ch}] -> 0 for tensor BASSN1g
Added independent rule BASSN1g[{0, -BASSN1ch}, {2, -BASSN1ch}] -> 0 for tensor BASSN1g
Added independent rule BASSN1g[{0, -BASSN1ch}, {3, -BASSN1ch}] -> 0 for tensor BASSN1g
Added dependent rule BASSN1g[{1, -BASSN1ch}, {0, -BASSN1ch}] -> BASSN1g[{0, -BASSN1ch}, {1, -BASSN1ch}] for tensor BASSN1g
Added independent rule BASSN1g[{1, -BASSN1ch}, {1, -BASSN1ch}] -> E^(2*BASSN1H1*BASSN1T[]) for tensor BASSN1g
Added independent rule BASSN1g[{1, -BASSN1ch}, {2, -BASSN1ch}] -> 0 for tensor BASSN1g
Added independent rule BASSN1g[{1, -BASSN1ch}, {3, -BASSN1ch}] -> 0 for tensor BASSN1g
Added dependent rule BASSN1g[{2, -BASSN1ch}, {0, -BASSN1ch}] -> BASSN1g[{0, -BASSN1ch}, {2, -BASSN1ch}] for tensor BASSN1g
Added dependent rule BASSN1g[{2, -BASSN1ch}, {1, -BASSN1ch}] -> BASSN1g[{1, -BASSN1ch}, {2, -BASSN1ch}] for tensor BASSN1g
Added independent rule BASSN1g[{2, -BASSN1ch}, {2, -BASSN1ch}] -> E^(2*BASSN1H2*BASSN1T[] - 2*BASSN1A*BASSN1X[]) for tensor BASSN1g
Added independent rule BASSN1g[{2, -BASSN1ch}, {3, -BASSN1ch}] -> 0 for tensor BASSN1g
Added dependent rule BASSN1g[{3, -BASSN1ch}, {0, -BASSN1ch}] -> BASSN1g[{0, -BASSN1ch}, {3, -BASSN1ch}] for tensor BASSN1g
Added dependent rule BASSN1g[{3, -BASSN1ch}, {1, -BASSN1ch}] -> BASSN1g[{1, -BASSN1ch}, {3, -BASSN1ch}] for tensor BASSN1g
Added dependent rule BASSN1g[{3, -BASSN1ch}, {2, -BASSN1ch}] -> BASSN1g[{2, -BASSN1ch}, {3, -BASSN1ch}] for tensor BASSN1g
Added independent rule BASSN1g[{3, -BASSN1ch}, {3, -BASSN1ch}] -> E^(2*BASSN1H3*BASSN1T[] - 2*BASSN1A*BASSN1X[]) for tensor BASSN1g
** DefTensor: Defining weight +2 density DetBASSN1gBASSN1ch[].      Determinant.
** DefTensor: Defining tensor ChristoffelBASSN1CDPDBASSN1ch[BASSN1a, -BASSN1b, -BASSN1c]. 
InputForm[<|schema_version -> 1.0.0, stage_id -> BG02_B0R1_NATIVE_TYPED_VIEW_CALIBRATION, native_xact_evaluated -> True, activation -> <|schema_version -> 1.0.0, status -> PASS, reason -> NONE, source -> /home/cosmosapjw/Downloads/xAct_1.3.0.tgz, wolfram_version -> 15.0.0 for Linux x86 (64-bit) (May 26, 2026), system_id -> Linux-x86-64, archive_sha256 -> 7a6c5f600868a3922668b020a15c0692f76574ff2a559808c62d460cef1b07be, expected_sha256 -> 7a6c5f600868a3922668b020a15c0692f76574ff2a559808c62d460cef1b07be, archive_path -> /tmp/bass-xact-4543dc59-2bef-4373-b460-7a9258744453/xAct_1.3.0.tgz, install_parent -> /tmp/bass-xact-4543dc59-2bef-4373-b460-7a9258744453, extracted_entry_count -> 693, path_prefix_matches -> True, xtensor_init_file -> /tmp/bass-xact-4543dc59-2bef-4373-b460-7a9258744453/xAct/xTensor/Kernel/init.m, xtensor_init_exists -> True, xact_xtensor_package_loaded -> True, xact_xtensor_version -> {1.3.0, {2025, 12, 29}}, claim_boundary -> HEADLESS_PACKAGE_CAPABILITY_ONLY_NO_TENSOR_OR_PHYSICS_AUDIT|>, production_modified -> False, abstract_bridge_admitted -> False, wolfram_version -> 15.0.0 for Linux x86 (64-bit) (May 26, 2026), status -> PASS_NATIVE_TYPED_VIEW_CALIBRATION_ONLY, required_ids -> {PACKAGE_DEFINITIONS, NORMAL_POSITIVE_K, RAW_TO_BASS_RIEMANN, PHYSICAL_RICCI_BASS, PHYSICAL_RICCI_XACT, GAUSS_POSITIVE_K, CODAZZI_POSITIVE_K, MIXED_RICCI, MOMENTUM_MATTER, HAMILTONIAN, NONZERO_BIANCHI_V, WRONG_RICCI_SIGN}, observed_ids -> {PACKAGE_DEFINITIONS, NORMAL_POSITIVE_K, RAW_TO_BASS_RIEMANN, PHYSICAL_RICCI_BASS, PHYSICAL_RICCI_XACT, GAUSS_POSITIVE_K, CODAZZI_POSITIVE_K, MIXED_RICCI, MOMENTUM_MATTER, HAMILTONIAN, NONZERO_BIANCHI_V, WRONG_RICCI_SIGN}, checks -> <|PACKAGE_DEFINITIONS -> True, NORMAL_POSITIVE_K -> True, RAW_TO_BASS_RIEMANN -> True, PHYSICAL_RICCI_BASS -> True, PHYSICAL_RICCI_XACT -> True, GAUSS_POSITIVE_K -> True, CODAZZI_POSITIVE_K -> True, MIXED_RICCI -> True, MOMENTUM_MATTER -> True, HAMILTONIAN -> True, NONZERO_BIANCHI_V -> True, WRONG_RICCI_SIGN -> True|>, failed_ids -> {}, residuals -> <|PACKAGE_DEFINITIONS -> 0, NORMAL_POSITIVE_K -> {0, 0, 0, 0, 0, 0, 0, 0, 0, 0}, RAW_TO_BASS_RIEMANN -> {{{{0, 0, 0, 0}, {0, 0, 0, 0}, {0, 0, 0, 0}, {0, 0, 0, 0}}, {{0, 0, 0, 0}, {0, 0, 0, 0}, {0, 0, 0, 0}, {0, 0, 0, 0}}, {{0, 0, 0, 0}, {0, 0, 0, 0}, {0, 0, 0, 0}, {0, 0, 0, 0}}, {{0, 0, 0, 0}, {0, 0, 0, 0}, {0, 0, 0, 0}, {0, 0, 0, 0}}}, {{{0, 0, 0, 0}, {0, 0, 0, 0}, {0, 0, 0, 0}, {0, 0, 0, 0}}, {{0, 0, 0, 0}, {0, 0, 0, 0}, {0, 0, 0, 0}, {0, 0, 0, 0}}, {{0, 0, 0, 0}, {0, 0, 0, 0}, {0, 0, 0, 0}, {0, 0, 0, 0}}, {{0, 0, 0, 0}, {0, 0, 0, 0}, {0, 0, 0, 0}, {0, 0, 0, 0}}}, {{{0, 0, 0, 0}, {0, 0, 0, 0}, {0, 0, 0, 0}, {0, 0, 0, 0}}, {{0, 0, 0, 0}, {0, 0, 0, 0}, {0, 0, 0, 0}, {0, 0, 0, 0}}, {{0, 0, 0, 0}, {0, 0, 0, 0}, {0, 0, 0, 0}, {0, 0, 0, 0}}, {{0, 0, 0, 0}, {0, 0, 0, 0}, {0, 0, 0, 0}, {0, 0, 0, 0}}}, {{{0, 0, 0, 0}, {0, 0, 0, 0}, {0, 0, 0, 0}, {0, 0, 0, 0}}, {{0, 0, 0, 0}, {0, 0, 0, 0}, {0, 0, 0, 0}, {0, 0, 0, 0}}, {{0, 0, 0, 0}, {0, 0, 0, 0}, {0, 0, 0, 0}, {0, 0, 0, 0}}, {{0, 0, 0, 0}, {0, 0, 0, 0}, {0, 0, 0, 0}, {0, 0, 0, 0}}}}, PHYSICAL_RICCI_BASS -> {{0, 0, 0, 0}, {0, 0, 0, 0}, {0, 0, 0, 0}, {0, 0, 0, 0}}, PHYSICAL_RICCI_XACT -> {{0, 0, 0, 0}, {0, 0, 0, 0}, {0, 0, 0, 0}, {0, 0, 0, 0}}, GAUSS_POSITIVE_K -> {{{{0, 0, 0}, {0, 0, 0}, {0, 0, 0}}, {{0, 0, 0}, {0, 0, 0}, {0, 0, 0}}, {{0, 0, 0}, {0, 0, 0}, {0, 0, 0}}}, {{{0, 0, 0}, {0, 0, 0}, {0, 0, 0}}, {{0, 0, 0}, {0, 0, 0}, {0, 0, 0}}, {{0, 0, 0}, {0, 0, 0}, {0, 0, 0}}}, {{{0, 0, 0}, {0, 0, 0}, {0, 0, 0}}, {{0, 0, 0}, {0, 0, 0}, {0, 0, 0}}, {{0, 0, 0}, {0, 0, 0}, {0, 0, 0}}}}, CODAZZI_POSITIVE_K -> {{{0, 0, 0}, {0, 0, 0}, {0, 0, 0}}, {{0, 0, 0}, {0, 0, 0}, {0, 0, 0}}, {{0, 0, 0}, {0, 0, 0}, {0, 0, 0}}}, MIXED_RICCI -> {0, 0, 0}, MOMENTUM_MATTER -> {0, 0, 0}, HAMILTONIAN -> 0, NONZERO_BIANCHI_V -> 0, WRONG_RICCI_SIGN -> 0|>, observed_momentum_discrepancy -> 4/rEll^2, xTensor_version -> {"1.3.0", {2025, 12, 29}}, xCoba_version -> {"0.8.6", {2021, 2, 28}}, xcoba_file -> /tmp/bass-xact-4543dc59-2bef-4373-b460-7a9258744453/xAct/xCoba/Kernel/init.m, comparison_scope -> GENERIC_EXPONENTIAL_BIANCHI_V_COMPONENTS_NOT_GENERAL_ABSTRACT_PROOF, messages -> {}|>]
