   Compiling rei_microphysics v0.1.0 (/home/cosmosapjw/rei_worktrees/igm-rate-export01-20261008/rust/rei_microphysics)
    Finished `test` profile [unoptimized + debuginfo] target(s) in 19.76s
     Running unittests src/lib.rs (rust/rei_microphysics/target/debug/deps/rei_microphysics-4319075100ca6a71)
     Running tests/adaptive_history.rs (rust/rei_microphysics/target/debug/deps/adaptive_history-09d6948c59c9c925)
     Running tests/atomic_provider.rs (rust/rei_microphysics/target/debug/deps/atomic_provider-e41cb5e7b862434f)
     Running tests/bianchi_i.rs (rust/rei_microphysics/target/debug/deps/bianchi_i-40fcc94560de867c)
     Running tests/coupled_primary.rs (rust/rei_microphysics/target/debug/deps/coupled_primary-3d8df3e361efb35a)
     Running tests/flrw_three_equations.rs (rust/rei_microphysics/target/debug/deps/flrw_three_equations-8c0b6cde24a63dc5)
     Running tests/forward.rs (rust/rei_microphysics/target/debug/deps/forward-4a3342178daaaea8)
     Running tests/ft03_controlled.rs (rust/rei_microphysics/target/debug/deps/ft03_controlled-e87a461eef4a6e31)
     Running tests/ft03_interval.rs (rust/rei_microphysics/target/debug/deps/ft03_interval-9118a6bb560bf5a3)
     Running tests/he_flrw02_absorption.rs (rust/rei_microphysics/target/debug/deps/he_flrw02_absorption-dd092c503e44b312)
     Running tests/he_rct.rs (rust/rei_microphysics/target/debug/deps/he_rct-a4795b82d79a018f)
     Running tests/hhe_events.rs (rust/rei_microphysics/target/debug/deps/hhe_events-720ea6f97b613b50)
     Running tests/hhe_fixture.rs (rust/rei_microphysics/target/debug/deps/hhe_fixture-5bf8d6668056b20b)
     Running tests/homogeneous_rates.rs (rust/rei_microphysics/target/debug/deps/homogeneous_rates-a1c567046a7c7660)
     Running tests/hydrogen_step.rs (rust/rei_microphysics/target/debug/deps/hydrogen_step-b8f0b79844be5d82)
     Running tests/igm_adaptive.rs (rust/rei_microphysics/target/debug/deps/igm_adaptive-87948161d8aaa04d)
     Running tests/igm_checkpoint.rs (rust/rei_microphysics/target/debug/deps/igm_checkpoint-4d9e57f74fa55767)
     Running tests/igm_config.rs (rust/rei_microphysics/target/debug/deps/igm_config-409898e60a0281ac)
     Running tests/igm_continuous.rs (rust/rei_microphysics/target/debug/deps/igm_continuous-c8e9050be556291f)
     Running tests/igm_foundation.rs (rust/rei_microphysics/target/debug/deps/igm_foundation-dceca1751d6feaa2)
     Running tests/igm_history.rs (rust/rei_microphysics/target/debug/deps/igm_history-6172bbeb999f5ba6)
     Running tests/igm_photo.rs (rust/rei_microphysics/target/debug/deps/igm_photo-fd771a3de43bbace)
     Running tests/igm_rates.rs (rust/rei_microphysics/target/debug/deps/igm_rates-436b1dc6e1e830e6)
     Running tests/igm_source.rs (rust/rei_microphysics/target/debug/deps/igm_source-449ba23857db0341)
     Running tests/igm_step.rs (rust/rei_microphysics/target/debug/deps/igm_step-1ca8349cf182b426)
     Running tests/igm_thermal.rs (rust/rei_microphysics/target/debug/deps/igm_thermal-c81039809a6792b5)
     Running tests/interval_math.rs (rust/rei_microphysics/target/debug/deps/interval_math-114de2024b0db5ff)
     Running tests/joint_affine_bound.rs (rust/rei_microphysics/target/debug/deps/joint_affine_bound-1c88dbcfad6e7501)
     Running tests/joint_parent_affine.rs (rust/rei_microphysics/target/debug/deps/joint_parent_affine-bffdf48be7553fd3)
     Running tests/radiation_conservation.rs (rust/rei_microphysics/target/debug/deps/radiation_conservation-bc1ea80a039e02d8)
     Running unittests examples/eval_fixture.rs (rust/rei_microphysics/target/debug/examples/eval_fixture-ae328e6600219e59)
   Doc-tests rei_microphysics
