FFFF                                                                     [100%]
=================================== FAILURES ===================================
____________ test_registry_has_exactly_sixteen_predeclared_policies ____________

    def test_registry_has_exactly_sixteen_predeclared_policies():
>       m=load_module(); policies=m.policy_registry()
          ^^^^^^^^^^^^^

mnt/data/rei_bianchi_r2b_r2a_r2_r1a_work/stages/Bianchi_Reionization_Stage_P0_5_B2C2B0C_R2C_R1B_R2B_R2A_R2_R1A_FOUR_CORNER_BRANCH_AND_UNRESOLVED_OTS_ENERGY_PROPAGATION_PREFLIGHT/tests/test_uncertainty_policy.py:25: 
_ _ _ _ _ _ _ _ _ _ _ _ _ _ _ _ _ _ _ _ _ _ _ _ _ _ _ _ _ _ _ _ _ _ _ _ _ _ _ _ 
mnt/data/rei_bianchi_r2b_r2a_r2_r1a_work/stages/Bianchi_Reionization_Stage_P0_5_B2C2B0C_R2C_R1B_R2B_R2A_R2_R1A_FOUR_CORNER_BRANCH_AND_UNRESOLVED_OTS_ENERGY_PROPAGATION_PREFLIGHT/tests/test_uncertainty_policy.py:12: in load_module
    mod=importlib.util.module_from_spec(spec); spec.loader.exec_module(mod); return mod
                                               ^^^^^^^^^^^^^^^^^^^^^^^^^^^^
<frozen importlib._bootstrap_external>:1022: in exec_module
    ???
<frozen importlib._bootstrap_external>:1159: in get_code
    ???
_ _ _ _ _ _ _ _ _ _ _ _ _ _ _ _ _ _ _ _ _ _ _ _ _ _ _ _ _ _ _ _ _ _ _ _ _ _ _ _ 

self = <_frozen_importlib_external.SourceFileLoader object at 0x7f6ba0d92b70>
path = '/mnt/data/rei_bianchi_r2b_r2a_r2_r1a_work/stages/Bianchi_Reionization_Stage_P0_5_B2C2B0C_R2C_R1B_R2B_R2A_R2_R1A_FOUR_CORNER_BRANCH_AND_UNRESOLVED_OTS_ENERGY_PROPAGATION_PREFLIGHT/analysis/uncertainty_policy.py'

>   ???
E   FileNotFoundError: [Errno 2] No such file or directory: '/mnt/data/rei_bianchi_r2b_r2a_r2_r1a_work/stages/Bianchi_Reionization_Stage_P0_5_B2C2B0C_R2C_R1B_R2B_R2A_R2_R1A_FOUR_CORNER_BRANCH_AND_UNRESOLVED_OTS_ENERGY_PROPAGATION_PREFLIGHT/analysis/uncertainty_policy.py'

<frozen importlib._bootstrap_external>:1217: FileNotFoundError
______________ test_strict_fields_do_not_extrapolate_below_table _______________

    def test_strict_fields_do_not_extrapolate_below_table():
>       m=load_module(); env=synthetic_envelope()
          ^^^^^^^^^^^^^

mnt/data/rei_bianchi_r2b_r2a_r2_r1a_work/stages/Bianchi_Reionization_Stage_P0_5_B2C2B0C_R2C_R1B_R2B_R2A_R2_R1A_FOUR_CORNER_BRANCH_AND_UNRESOLVED_OTS_ENERGY_PROPAGATION_PREFLIGHT/tests/test_uncertainty_policy.py:33: 
_ _ _ _ _ _ _ _ _ _ _ _ _ _ _ _ _ _ _ _ _ _ _ _ _ _ _ _ _ _ _ _ _ _ _ _ _ _ _ _ 
mnt/data/rei_bianchi_r2b_r2a_r2_r1a_work/stages/Bianchi_Reionization_Stage_P0_5_B2C2B0C_R2C_R1B_R2B_R2A_R2_R1A_FOUR_CORNER_BRANCH_AND_UNRESOLVED_OTS_ENERGY_PROPAGATION_PREFLIGHT/tests/test_uncertainty_policy.py:12: in load_module
    mod=importlib.util.module_from_spec(spec); spec.loader.exec_module(mod); return mod
                                               ^^^^^^^^^^^^^^^^^^^^^^^^^^^^
<frozen importlib._bootstrap_external>:1022: in exec_module
    ???
<frozen importlib._bootstrap_external>:1159: in get_code
    ???
_ _ _ _ _ _ _ _ _ _ _ _ _ _ _ _ _ _ _ _ _ _ _ _ _ _ _ _ _ _ _ _ _ _ _ _ _ _ _ _ 

self = <_frozen_importlib_external.SourceFileLoader object at 0x7f6ba0d92b10>
path = '/mnt/data/rei_bianchi_r2b_r2a_r2_r1a_work/stages/Bianchi_Reionization_Stage_P0_5_B2C2B0C_R2C_R1B_R2B_R2A_R2_R1A_FOUR_CORNER_BRANCH_AND_UNRESOLVED_OTS_ENERGY_PROPAGATION_PREFLIGHT/analysis/uncertainty_policy.py'

>   ???
E   FileNotFoundError: [Errno 2] No such file or directory: '/mnt/data/rei_bianchi_r2b_r2a_r2_r1a_work/stages/Bianchi_Reionization_Stage_P0_5_B2C2B0C_R2C_R1B_R2B_R2A_R2_R1A_FOUR_CORNER_BRANCH_AND_UNRESOLVED_OTS_ENERGY_PROPAGATION_PREFLIGHT/analysis/uncertainty_policy.py'

<frozen importlib._bootstrap_external>:1217: FileNotFoundError
_____________________ test_above_table_domain_fails_closed _____________________

    def test_above_table_domain_fails_closed():
>       m=load_module(); env=synthetic_envelope(); env['above_table'][2]=1
          ^^^^^^^^^^^^^

mnt/data/rei_bianchi_r2b_r2a_r2_r1a_work/stages/Bianchi_Reionization_Stage_P0_5_B2C2B0C_R2C_R1B_R2B_R2A_R2_R1A_FOUR_CORNER_BRANCH_AND_UNRESOLVED_OTS_ENERGY_PROPAGATION_PREFLIGHT/tests/test_uncertainty_policy.py:40: 
_ _ _ _ _ _ _ _ _ _ _ _ _ _ _ _ _ _ _ _ _ _ _ _ _ _ _ _ _ _ _ _ _ _ _ _ _ _ _ _ 
mnt/data/rei_bianchi_r2b_r2a_r2_r1a_work/stages/Bianchi_Reionization_Stage_P0_5_B2C2B0C_R2C_R1B_R2B_R2A_R2_R1A_FOUR_CORNER_BRANCH_AND_UNRESOLVED_OTS_ENERGY_PROPAGATION_PREFLIGHT/tests/test_uncertainty_policy.py:12: in load_module
    mod=importlib.util.module_from_spec(spec); spec.loader.exec_module(mod); return mod
                                               ^^^^^^^^^^^^^^^^^^^^^^^^^^^^
<frozen importlib._bootstrap_external>:1022: in exec_module
    ???
<frozen importlib._bootstrap_external>:1159: in get_code
    ???
_ _ _ _ _ _ _ _ _ _ _ _ _ _ _ _ _ _ _ _ _ _ _ _ _ _ _ _ _ _ _ _ _ _ _ _ _ _ _ _ 

self = <_frozen_importlib_external.SourceFileLoader object at 0x7f6ba0c96330>
path = '/mnt/data/rei_bianchi_r2b_r2a_r2_r1a_work/stages/Bianchi_Reionization_Stage_P0_5_B2C2B0C_R2C_R1B_R2B_R2A_R2_R1A_FOUR_CORNER_BRANCH_AND_UNRESOLVED_OTS_ENERGY_PROPAGATION_PREFLIGHT/analysis/uncertainty_policy.py'

>   ???
E   FileNotFoundError: [Errno 2] No such file or directory: '/mnt/data/rei_bianchi_r2b_r2a_r2_r1a_work/stages/Bianchi_Reionization_Stage_P0_5_B2C2B0C_R2C_R1B_R2B_R2A_R2_R1A_FOUR_CORNER_BRANCH_AND_UNRESOLVED_OTS_ENERGY_PROPAGATION_PREFLIGHT/analysis/uncertainty_policy.py'

<frozen importlib._bootstrap_external>:1217: FileNotFoundError
_______________ test_fields_are_bounded_and_f_is_exact_endpoint ________________

    def test_fields_are_bounded_and_f_is_exact_endpoint():
>       m=load_module(); env=synthetic_envelope()
          ^^^^^^^^^^^^^

mnt/data/rei_bianchi_r2b_r2a_r2_r1a_work/stages/Bianchi_Reionization_Stage_P0_5_B2C2B0C_R2C_R1B_R2B_R2A_R2_R1A_FOUR_CORNER_BRANCH_AND_UNRESOLVED_OTS_ENERGY_PROPAGATION_PREFLIGHT/tests/test_uncertainty_policy.py:46: 
_ _ _ _ _ _ _ _ _ _ _ _ _ _ _ _ _ _ _ _ _ _ _ _ _ _ _ _ _ _ _ _ _ _ _ _ _ _ _ _ 
mnt/data/rei_bianchi_r2b_r2a_r2_r1a_work/stages/Bianchi_Reionization_Stage_P0_5_B2C2B0C_R2C_R1B_R2B_R2A_R2_R1A_FOUR_CORNER_BRANCH_AND_UNRESOLVED_OTS_ENERGY_PROPAGATION_PREFLIGHT/tests/test_uncertainty_policy.py:12: in load_module
    mod=importlib.util.module_from_spec(spec); spec.loader.exec_module(mod); return mod
                                               ^^^^^^^^^^^^^^^^^^^^^^^^^^^^
<frozen importlib._bootstrap_external>:1022: in exec_module
    ???
<frozen importlib._bootstrap_external>:1159: in get_code
    ???
_ _ _ _ _ _ _ _ _ _ _ _ _ _ _ _ _ _ _ _ _ _ _ _ _ _ _ _ _ _ _ _ _ _ _ _ _ _ _ _ 

self = <_frozen_importlib_external.SourceFileLoader object at 0x7f6ba0c96450>
path = '/mnt/data/rei_bianchi_r2b_r2a_r2_r1a_work/stages/Bianchi_Reionization_Stage_P0_5_B2C2B0C_R2C_R1B_R2B_R2A_R2_R1A_FOUR_CORNER_BRANCH_AND_UNRESOLVED_OTS_ENERGY_PROPAGATION_PREFLIGHT/analysis/uncertainty_policy.py'

>   ???
E   FileNotFoundError: [Errno 2] No such file or directory: '/mnt/data/rei_bianchi_r2b_r2a_r2_r1a_work/stages/Bianchi_Reionization_Stage_P0_5_B2C2B0C_R2C_R1B_R2B_R2A_R2_R1A_FOUR_CORNER_BRANCH_AND_UNRESOLVED_OTS_ENERGY_PROPAGATION_PREFLIGHT/analysis/uncertainty_policy.py'

<frozen importlib._bootstrap_external>:1217: FileNotFoundError
=========================== short test summary info ============================
FAILED mnt/data/rei_bianchi_r2b_r2a_r2_r1a_work/stages/Bianchi_Reionization_Stage_P0_5_B2C2B0C_R2C_R1B_R2B_R2A_R2_R1A_FOUR_CORNER_BRANCH_AND_UNRESOLVED_OTS_ENERGY_PROPAGATION_PREFLIGHT/tests/test_uncertainty_policy.py::test_registry_has_exactly_sixteen_predeclared_policies - FileNotFoundError: [Errno 2] No such file or directory: '/mnt/data/rei_bianchi_r2b_r2a_r2_r1a_work/stages/Bianchi_Reionization_Stage_P0_5_B2C2B0C_R2C_R1B_R2B_R2A_R2_R1A_FOUR_CORNER_BRANCH_AND_UNRESOLVED_OTS_ENERGY_PROPAGATION_PREFLIGHT/analysis/uncertainty_policy.py'
FAILED mnt/data/rei_bianchi_r2b_r2a_r2_r1a_work/stages/Bianchi_Reionization_Stage_P0_5_B2C2B0C_R2C_R1B_R2B_R2A_R2_R1A_FOUR_CORNER_BRANCH_AND_UNRESOLVED_OTS_ENERGY_PROPAGATION_PREFLIGHT/tests/test_uncertainty_policy.py::test_strict_fields_do_not_extrapolate_below_table - FileNotFoundError: [Errno 2] No such file or directory: '/mnt/data/rei_bianchi_r2b_r2a_r2_r1a_work/stages/Bianchi_Reionization_Stage_P0_5_B2C2B0C_R2C_R1B_R2B_R2A_R2_R1A_FOUR_CORNER_BRANCH_AND_UNRESOLVED_OTS_ENERGY_PROPAGATION_PREFLIGHT/analysis/uncertainty_policy.py'
FAILED mnt/data/rei_bianchi_r2b_r2a_r2_r1a_work/stages/Bianchi_Reionization_Stage_P0_5_B2C2B0C_R2C_R1B_R2B_R2A_R2_R1A_FOUR_CORNER_BRANCH_AND_UNRESOLVED_OTS_ENERGY_PROPAGATION_PREFLIGHT/tests/test_uncertainty_policy.py::test_above_table_domain_fails_closed - FileNotFoundError: [Errno 2] No such file or directory: '/mnt/data/rei_bianchi_r2b_r2a_r2_r1a_work/stages/Bianchi_Reionization_Stage_P0_5_B2C2B0C_R2C_R1B_R2B_R2A_R2_R1A_FOUR_CORNER_BRANCH_AND_UNRESOLVED_OTS_ENERGY_PROPAGATION_PREFLIGHT/analysis/uncertainty_policy.py'
FAILED mnt/data/rei_bianchi_r2b_r2a_r2_r1a_work/stages/Bianchi_Reionization_Stage_P0_5_B2C2B0C_R2C_R1B_R2B_R2A_R2_R1A_FOUR_CORNER_BRANCH_AND_UNRESOLVED_OTS_ENERGY_PROPAGATION_PREFLIGHT/tests/test_uncertainty_policy.py::test_fields_are_bounded_and_f_is_exact_endpoint - FileNotFoundError: [Errno 2] No such file or directory: '/mnt/data/rei_bianchi_r2b_r2a_r2_r1a_work/stages/Bianchi_Reionization_Stage_P0_5_B2C2B0C_R2C_R1B_R2B_R2A_R2_R1A_FOUR_CORNER_BRANCH_AND_UNRESOLVED_OTS_ENERGY_PROPAGATION_PREFLIGHT/analysis/uncertainty_policy.py'
4 failed in 0.08s
