FF...                                                                    [100%]
=================================== FAILURES ===================================
_______ test_registry_has_eight_branch_policies_and_no_fake_energy_axis ________

    def test_registry_has_eight_branch_policies_and_no_fake_energy_axis():
        m=load_module(); policies=m.policy_registry()
>       assert len(policies)==8
E       AssertionError: assert 16 == 8
E        +  where 16 = len((UncertaintyPolicy(policy_id='CELL_LOWER_STRICT__F_0P1__ENERGY_LOWER', v_policy='CELL_LOWER_STRICT', f_value=0.1, ener...CELL_UPPER_STRICT__F_0P1__ENERGY_UPPER', v_policy='CELL_UPPER_STRICT', f_value=0.1, energy_policy='ENERGY_UPPER'), ...))

stages/Bianchi_Reionization_Stage_P0_5_B2C2B0C_R2C_R1B_R2B_R2A_R2_R1A_FOUR_CORNER_BRANCH_AND_UNRESOLVED_OTS_ENERGY_PROPAGATION_PREFLIGHT/tests/test_uncertainty_policy.py:26: AssertionError
_____________ test_only_source_safe_cell_corners_are_load_bearing ______________

    def test_only_source_safe_cell_corners_are_load_bearing():
        m=load_module(); policies=m.policy_registry()
>       load=[p for p in policies if p.load_bearing]
                                     ^^^^^^^^^^^^^^
E       AttributeError: 'UncertaintyPolicy' object has no attribute 'load_bearing'

stages/Bianchi_Reionization_Stage_P0_5_B2C2B0C_R2C_R1B_R2B_R2A_R2_R1A_FOUR_CORNER_BRANCH_AND_UNRESOLVED_OTS_ENERGY_PROPAGATION_PREFLIGHT/tests/test_uncertainty_policy.py:34: AttributeError
=========================== short test summary info ============================
FAILED stages/Bianchi_Reionization_Stage_P0_5_B2C2B0C_R2C_R1B_R2B_R2A_R2_R1A_FOUR_CORNER_BRANCH_AND_UNRESOLVED_OTS_ENERGY_PROPAGATION_PREFLIGHT/tests/test_uncertainty_policy.py::test_registry_has_eight_branch_policies_and_no_fake_energy_axis - AssertionError: assert 16 == 8
 +  where 16 = len((UncertaintyPolicy(policy_id='CELL_LOWER_STRICT__F_0P1__ENERGY_LOWER', v_policy='CELL_LOWER_STRICT', f_value=0.1, ener...CELL_UPPER_STRICT__F_0P1__ENERGY_UPPER', v_policy='CELL_UPPER_STRICT', f_value=0.1, energy_policy='ENERGY_UPPER'), ...))
FAILED stages/Bianchi_Reionization_Stage_P0_5_B2C2B0C_R2C_R1B_R2B_R2A_R2_R1A_FOUR_CORNER_BRANCH_AND_UNRESOLVED_OTS_ENERGY_PROPAGATION_PREFLIGHT/tests/test_uncertainty_policy.py::test_only_source_safe_cell_corners_are_load_bearing - AttributeError: 'UncertaintyPolicy' object has no attribute 'load_bearing'
2 failed, 3 passed in 0.06s
