FFFF                                                                     [100%]
=================================== FAILURES ===================================
__________ test_wide_corner_enclosure_is_a_robust_fail_closed_result ___________

    def test_wide_corner_enclosure_is_a_robust_fail_closed_result():
>       m=load_module()
          ^^^^^^^^^^^^^

stages/Bianchi_Reionization_Stage_P0_5_B2C2B0C_R2C_R1B_R2B_R2A_R2_R1A_FOUR_CORNER_BRANCH_AND_UNRESOLVED_OTS_ENERGY_PROPAGATION_PREFLIGHT/tests/test_propagation_runner.py:17: 
_ _ _ _ _ _ _ _ _ _ _ _ _ _ _ _ _ _ _ _ _ _ _ _ _ _ _ _ _ _ _ _ _ _ _ _ _ _ _ _ 
stages/Bianchi_Reionization_Stage_P0_5_B2C2B0C_R2C_R1B_R2B_R2A_R2_R1A_FOUR_CORNER_BRANCH_AND_UNRESOLVED_OTS_ENERGY_PROPAGATION_PREFLIGHT/tests/test_propagation_runner.py:13: in load_module
    module=importlib.util.module_from_spec(spec);sys.modules[spec.name]=module;spec.loader.exec_module(module);return module
                                                                               ^^^^^^^^^^^^^^^^^^^^^^^^^^^^^^^
<frozen importlib._bootstrap_external>:1022: in exec_module
    ???
<frozen importlib._bootstrap_external>:1159: in get_code
    ???
_ _ _ _ _ _ _ _ _ _ _ _ _ _ _ _ _ _ _ _ _ _ _ _ _ _ _ _ _ _ _ _ _ _ _ _ _ _ _ _ 

self = <_frozen_importlib_external.SourceFileLoader object at 0x7ff6eb889970>
path = '/mnt/data/rei_bianchi_r2b_r2a_r2_r1a_work/stages/Bianchi_Reionization_Stage_P0_5_B2C2B0C_R2C_R1B_R2B_R2A_R2_R1A_FOUR_CORNER_BRANCH_AND_UNRESOLVED_OTS_ENERGY_PROPAGATION_PREFLIGHT/analysis/run_four_corner_preflight.py'

>   ???
E   FileNotFoundError: [Errno 2] No such file or directory: '/mnt/data/rei_bianchi_r2b_r2a_r2_r1a_work/stages/Bianchi_Reionization_Stage_P0_5_B2C2B0C_R2C_R1B_R2B_R2A_R2_R1A_FOUR_CORNER_BRANCH_AND_UNRESOLVED_OTS_ENERGY_PROPAGATION_PREFLIGHT/analysis/run_four_corner_preflight.py'

<frozen importlib._bootstrap_external>:1217: FileNotFoundError
______ test_narrow_corners_do_not_certify_the_continuous_nonlinear_family ______

    def test_narrow_corners_do_not_certify_the_continuous_nonlinear_family():
>       m=load_module()
          ^^^^^^^^^^^^^

stages/Bianchi_Reionization_Stage_P0_5_B2C2B0C_R2C_R1B_R2B_R2A_R2_R1A_FOUR_CORNER_BRANCH_AND_UNRESOLVED_OTS_ENERGY_PROPAGATION_PREFLIGHT/tests/test_propagation_runner.py:28: 
_ _ _ _ _ _ _ _ _ _ _ _ _ _ _ _ _ _ _ _ _ _ _ _ _ _ _ _ _ _ _ _ _ _ _ _ _ _ _ _ 
stages/Bianchi_Reionization_Stage_P0_5_B2C2B0C_R2C_R1B_R2B_R2A_R2_R1A_FOUR_CORNER_BRANCH_AND_UNRESOLVED_OTS_ENERGY_PROPAGATION_PREFLIGHT/tests/test_propagation_runner.py:13: in load_module
    module=importlib.util.module_from_spec(spec);sys.modules[spec.name]=module;spec.loader.exec_module(module);return module
                                                                               ^^^^^^^^^^^^^^^^^^^^^^^^^^^^^^^
<frozen importlib._bootstrap_external>:1022: in exec_module
    ???
<frozen importlib._bootstrap_external>:1159: in get_code
    ???
_ _ _ _ _ _ _ _ _ _ _ _ _ _ _ _ _ _ _ _ _ _ _ _ _ _ _ _ _ _ _ _ _ _ _ _ _ _ _ _ 

self = <_frozen_importlib_external.SourceFileLoader object at 0x7ff6eb889910>
path = '/mnt/data/rei_bianchi_r2b_r2a_r2_r1a_work/stages/Bianchi_Reionization_Stage_P0_5_B2C2B0C_R2C_R1B_R2B_R2A_R2_R1A_FOUR_CORNER_BRANCH_AND_UNRESOLVED_OTS_ENERGY_PROPAGATION_PREFLIGHT/analysis/run_four_corner_preflight.py'

>   ???
E   FileNotFoundError: [Errno 2] No such file or directory: '/mnt/data/rei_bianchi_r2b_r2a_r2_r1a_work/stages/Bianchi_Reionization_Stage_P0_5_B2C2B0C_R2C_R1B_R2B_R2A_R2_R1A_FOUR_CORNER_BRANCH_AND_UNRESOLVED_OTS_ENERGY_PROPAGATION_PREFLIGHT/analysis/run_four_corner_preflight.py'

<frozen importlib._bootstrap_external>:1217: FileNotFoundError
______________ test_only_narrow_certified_enclosure_can_authorize ______________

    def test_only_narrow_certified_enclosure_can_authorize():
>       m=load_module()
          ^^^^^^^^^^^^^

stages/Bianchi_Reionization_Stage_P0_5_B2C2B0C_R2C_R1B_R2B_R2A_R2_R1A_FOUR_CORNER_BRANCH_AND_UNRESOLVED_OTS_ENERGY_PROPAGATION_PREFLIGHT/tests/test_propagation_runner.py:39: 
_ _ _ _ _ _ _ _ _ _ _ _ _ _ _ _ _ _ _ _ _ _ _ _ _ _ _ _ _ _ _ _ _ _ _ _ _ _ _ _ 
stages/Bianchi_Reionization_Stage_P0_5_B2C2B0C_R2C_R1B_R2B_R2A_R2_R1A_FOUR_CORNER_BRANCH_AND_UNRESOLVED_OTS_ENERGY_PROPAGATION_PREFLIGHT/tests/test_propagation_runner.py:13: in load_module
    module=importlib.util.module_from_spec(spec);sys.modules[spec.name]=module;spec.loader.exec_module(module);return module
                                                                               ^^^^^^^^^^^^^^^^^^^^^^^^^^^^^^^
<frozen importlib._bootstrap_external>:1022: in exec_module
    ???
<frozen importlib._bootstrap_external>:1159: in get_code
    ???
_ _ _ _ _ _ _ _ _ _ _ _ _ _ _ _ _ _ _ _ _ _ _ _ _ _ _ _ _ _ _ _ _ _ _ _ _ _ _ _ 

self = <_frozen_importlib_external.SourceFileLoader object at 0x7ff6eb964b90>
path = '/mnt/data/rei_bianchi_r2b_r2a_r2_r1a_work/stages/Bianchi_Reionization_Stage_P0_5_B2C2B0C_R2C_R1B_R2B_R2A_R2_R1A_FOUR_CORNER_BRANCH_AND_UNRESOLVED_OTS_ENERGY_PROPAGATION_PREFLIGHT/analysis/run_four_corner_preflight.py'

>   ???
E   FileNotFoundError: [Errno 2] No such file or directory: '/mnt/data/rei_bianchi_r2b_r2a_r2_r1a_work/stages/Bianchi_Reionization_Stage_P0_5_B2C2B0C_R2C_R1B_R2B_R2A_R2_R1A_FOUR_CORNER_BRANCH_AND_UNRESOLVED_OTS_ENERGY_PROPAGATION_PREFLIGHT/analysis/run_four_corner_preflight.py'

<frozen importlib._bootstrap_external>:1217: FileNotFoundError
__________ test_numerical_failure_precedes_uncertainty_classification __________

    def test_numerical_failure_precedes_uncertainty_classification():
>       m=load_module()
          ^^^^^^^^^^^^^

stages/Bianchi_Reionization_Stage_P0_5_B2C2B0C_R2C_R1B_R2B_R2A_R2_R1A_FOUR_CORNER_BRANCH_AND_UNRESOLVED_OTS_ENERGY_PROPAGATION_PREFLIGHT/tests/test_propagation_runner.py:50: 
_ _ _ _ _ _ _ _ _ _ _ _ _ _ _ _ _ _ _ _ _ _ _ _ _ _ _ _ _ _ _ _ _ _ _ _ _ _ _ _ 
stages/Bianchi_Reionization_Stage_P0_5_B2C2B0C_R2C_R1B_R2B_R2A_R2_R1A_FOUR_CORNER_BRANCH_AND_UNRESOLVED_OTS_ENERGY_PROPAGATION_PREFLIGHT/tests/test_propagation_runner.py:13: in load_module
    module=importlib.util.module_from_spec(spec);sys.modules[spec.name]=module;spec.loader.exec_module(module);return module
                                                                               ^^^^^^^^^^^^^^^^^^^^^^^^^^^^^^^
<frozen importlib._bootstrap_external>:1022: in exec_module
    ???
<frozen importlib._bootstrap_external>:1159: in get_code
    ???
_ _ _ _ _ _ _ _ _ _ _ _ _ _ _ _ _ _ _ _ _ _ _ _ _ _ _ _ _ _ _ _ _ _ _ _ _ _ _ _ 

self = <_frozen_importlib_external.SourceFileLoader object at 0x7ff6eb964d70>
path = '/mnt/data/rei_bianchi_r2b_r2a_r2_r1a_work/stages/Bianchi_Reionization_Stage_P0_5_B2C2B0C_R2C_R1B_R2B_R2A_R2_R1A_FOUR_CORNER_BRANCH_AND_UNRESOLVED_OTS_ENERGY_PROPAGATION_PREFLIGHT/analysis/run_four_corner_preflight.py'

>   ???
E   FileNotFoundError: [Errno 2] No such file or directory: '/mnt/data/rei_bianchi_r2b_r2a_r2_r1a_work/stages/Bianchi_Reionization_Stage_P0_5_B2C2B0C_R2C_R1B_R2B_R2A_R2_R1A_FOUR_CORNER_BRANCH_AND_UNRESOLVED_OTS_ENERGY_PROPAGATION_PREFLIGHT/analysis/run_four_corner_preflight.py'

<frozen importlib._bootstrap_external>:1217: FileNotFoundError
=========================== short test summary info ============================
FAILED stages/Bianchi_Reionization_Stage_P0_5_B2C2B0C_R2C_R1B_R2B_R2A_R2_R1A_FOUR_CORNER_BRANCH_AND_UNRESOLVED_OTS_ENERGY_PROPAGATION_PREFLIGHT/tests/test_propagation_runner.py::test_wide_corner_enclosure_is_a_robust_fail_closed_result - FileNotFoundError: [Errno 2] No such file or directory: '/mnt/data/rei_bianchi_r2b_r2a_r2_r1a_work/stages/Bianchi_Reionization_Stage_P0_5_B2C2B0C_R2C_R1B_R2B_R2A_R2_R1A_FOUR_CORNER_BRANCH_AND_UNRESOLVED_OTS_ENERGY_PROPAGATION_PREFLIGHT/analysis/run_four_corner_preflight.py'
FAILED stages/Bianchi_Reionization_Stage_P0_5_B2C2B0C_R2C_R1B_R2B_R2A_R2_R1A_FOUR_CORNER_BRANCH_AND_UNRESOLVED_OTS_ENERGY_PROPAGATION_PREFLIGHT/tests/test_propagation_runner.py::test_narrow_corners_do_not_certify_the_continuous_nonlinear_family - FileNotFoundError: [Errno 2] No such file or directory: '/mnt/data/rei_bianchi_r2b_r2a_r2_r1a_work/stages/Bianchi_Reionization_Stage_P0_5_B2C2B0C_R2C_R1B_R2B_R2A_R2_R1A_FOUR_CORNER_BRANCH_AND_UNRESOLVED_OTS_ENERGY_PROPAGATION_PREFLIGHT/analysis/run_four_corner_preflight.py'
FAILED stages/Bianchi_Reionization_Stage_P0_5_B2C2B0C_R2C_R1B_R2B_R2A_R2_R1A_FOUR_CORNER_BRANCH_AND_UNRESOLVED_OTS_ENERGY_PROPAGATION_PREFLIGHT/tests/test_propagation_runner.py::test_only_narrow_certified_enclosure_can_authorize - FileNotFoundError: [Errno 2] No such file or directory: '/mnt/data/rei_bianchi_r2b_r2a_r2_r1a_work/stages/Bianchi_Reionization_Stage_P0_5_B2C2B0C_R2C_R1B_R2B_R2A_R2_R1A_FOUR_CORNER_BRANCH_AND_UNRESOLVED_OTS_ENERGY_PROPAGATION_PREFLIGHT/analysis/run_four_corner_preflight.py'
FAILED stages/Bianchi_Reionization_Stage_P0_5_B2C2B0C_R2C_R1B_R2B_R2A_R2_R1A_FOUR_CORNER_BRANCH_AND_UNRESOLVED_OTS_ENERGY_PROPAGATION_PREFLIGHT/tests/test_propagation_runner.py::test_numerical_failure_precedes_uncertainty_classification - FileNotFoundError: [Errno 2] No such file or directory: '/mnt/data/rei_bianchi_r2b_r2a_r2_r1a_work/stages/Bianchi_Reionization_Stage_P0_5_B2C2B0C_R2C_R1B_R2B_R2A_R2_R1A_FOUR_CORNER_BRANCH_AND_UNRESOLVED_OTS_ENERGY_PROPAGATION_PREFLIGHT/analysis/run_four_corner_preflight.py'
4 failed in 0.07s
