F                                                                        [100%]
=================================== FAILURES ===================================
____________ test_policy_csv_schema_accepts_locked_local_error_gate ____________

tmp_path = PosixPath('/tmp/pytest-of-root/pytest-0/test_policy_csv_schema_accepts0')

    def test_policy_csv_schema_accepts_locked_local_error_gate(tmp_path):
        m=load_module()
        row={
            'lane':'LOCAL_NEUTRAL_HAZARD_PRIMARY',
            'policy_id':'CELL_LOWER_STRICT_F010',
            'v_policy':'CELL_LOWER_STRICT',
            'f_value':0.1,
            'load_bearing':True,
            'full_converged':True,
            'first_half_converged':True,
            'second_half_converged':True,
            'local_error':1.0e-5,
            'local_error_gate':m.LOCAL_ERROR_GATE,
            'hard_gates_pass':True,
            'max_H_residual':0.0,
            'max_He_residual':0.0,
            'max_owner_residual':0.0,
            'max_photon_residual':0.0,
            'max_thermal_residual':0.0,
            'max_PDS_residual':0.0,
            'max_OTS_energy_residual':0.0,
            'minimum_species':1.0,
            'elapsed_s':0.1,
            'endpoint_sha256':'0'*64,
            'failure_classifications':[],
        }
        target=tmp_path/'policy.csv'
>       m._write_csv(target,[row])

stages/Bianchi_Reionization_Stage_P0_5_B2C2B0C_R2C_R1B_R2B_R2A_R2_R1A_FOUR_CORNER_BRANCH_AND_UNRESOLVED_OTS_ENERGY_PROPAGATION_PREFLIGHT/tests/test_propagation_runner.py:87: 
_ _ _ _ _ _ _ _ _ _ _ _ _ _ _ _ _ _ _ _ _ _ _ _ _ _ _ _ _ _ _ _ _ _ _ _ _ _ _ _ 
stages/Bianchi_Reionization_Stage_P0_5_B2C2B0C_R2C_R1B_R2B_R2A_R2_R1A_FOUR_CORNER_BRANCH_AND_UNRESOLVED_OTS_ENERGY_PROPAGATION_PREFLIGHT/analysis/run_four_corner_preflight.py:146: in _write_csv
    writer.writerow(out)
/usr/lib/python3.13/csv.py:226: in writerow
    return self.writer.writerow(self._dict_to_list(rowdict))
                                ^^^^^^^^^^^^^^^^^^^^^^^^^^^
_ _ _ _ _ _ _ _ _ _ _ _ _ _ _ _ _ _ _ _ _ _ _ _ _ _ _ _ _ _ _ _ _ _ _ _ _ _ _ _ 

self = <csv.DictWriter object at 0x7fe3739a2120>
rowdict = {'elapsed_s': 0.1, 'endpoint_sha256': '0000000000000000000000000000000000000000000000000000000000000000', 'f_value': 0.1, 'failure_classifications': '[]', ...}

    def _dict_to_list(self, rowdict):
        if self.extrasaction == "raise":
            wrong_fields = rowdict.keys() - self.fieldnames
            if wrong_fields:
>               raise ValueError("dict contains fields not in fieldnames: "
                                 + ", ".join([repr(x) for x in wrong_fields]))
E               ValueError: dict contains fields not in fieldnames: 'local_error_gate'

/usr/lib/python3.13/csv.py:221: ValueError
=========================== short test summary info ============================
FAILED stages/Bianchi_Reionization_Stage_P0_5_B2C2B0C_R2C_R1B_R2B_R2A_R2_R1A_FOUR_CORNER_BRANCH_AND_UNRESOLVED_OTS_ENERGY_PROPAGATION_PREFLIGHT/tests/test_propagation_runner.py::test_policy_csv_schema_accepts_locked_local_error_gate - ValueError: dict contains fields not in fieldnames: 'local_error_gate'
1 failed in 0.07s
