{
  "metadata": {
    "execution_path": "production SourceBoundConditional",
    "closure": "HOMOGENEOUS_PRIMARY_ONLY_CASE_A_ESCAPE",
    "prelaunch_build_identity": {
      "status": "PRELAUNCH_BUILD_PASS",
      "receipt_sha256": "eba5b76a2d1056586aba3d06370ffd81585c1d470c4a1ea5b6835d6de51a52fa",
      "source_revision": {
        "commit": "f9135eca0d41dd00465fcd524c07872a9c3c8fb8",
        "tree": "35389ad8e9a6baf7dcde91a93e5e7d53495911fd",
        "clean": true,
        "repository": "/home/cosmosapjw/rei_worktrees/cr-first-build-gate-20261010"
      },
      "source_sha256": {
        "Cargo.toml": "e04b3802c2555b612305bb900e1e9d509c2a4039a6deacf20d65ddf7e5249407",
        "Cargo.lock": "7ecf977d25b8864b3c573f95988be047709045452524a2cf7cbf5636d7c047cd",
        "python/source_bound_interval.py": "050e9a3acf714606573c3dea73cfd3637952481d4ed0a3a85d98efd01872f411",
        "python/conditional_build.py": "30453081fed6550514c990cb50d9e84bdffac559389dce7a92ca1fe2695dbd9c",
        "src/adaptive_history.rs": "88f85b00e8a4cb487c98c1a2e473a4c356c5558f5df0154502c4afcf585d5d73",
        "src/angular_photons.rs": "8da6478182f70b285e7456490469d7a7708c969d200ab93d4d468f34c0fe82db",
        "src/atomic_provider.rs": "b0b572d3940a7a1f740e09d5f43c60236ec61511e8bdbcc68e60395ec7e107d3",
        "src/axisym_conditional.rs": "20c2a8993f14aac29cff74cebf8d739c0cabb54df1f8196c8f5fb90121ef71ca",
        "src/axisym_contract.rs": "1e2aaaa71091c4ff578eab3c64587aeb63017d1ea3c6c08d6370ba5690baa1b6",
        "src/axisym_coupling.rs": "6bb3feb6a290894bd8bdd45f9745f28329265cee8ce89589a11960b523e6b008",
        "src/axisym_radiation.rs": "8134004a4aed69d60e991bd42c1d4b673ed7f6c75c4ecd6f50da07ab47103d62",
        "src/axisym_sources.rs": "15a391503df57adfb2c00d6b7c7925a7d91222ebbfbc6be8607057eb501e7b34",
        "src/bianchi_i.rs": "0c0bb17168b36a67af6e3e2a3ada835bc77db3dbc73d06e13075f6019ec11289",
        "src/bin/axisym_conditional.rs": "de9dffa938d8cc316c9e2bb2e647848e53d4e195a6ed43356e5abc50bebffb3b",
        "src/coupled_primary.rs": "62a950137d6b5c7b43e628578cc25a2a1a99b6f135d0872a734f9149aa61c1f8",
        "src/coverage.rs": "0c542eaf42cd8ece217a2f02cc7fbb500f0bea8b983c1f18d44c96d0aea050c1",
        "src/flrw_three_equations.rs": "52b165f036bab9d008989d41889972245bf7cea4e2a64a07e561982dc90cfbf0",
        "src/ft03_controlled.rs": "61e11471482bb49d99e5d0eb79504d3f67538fbe6361653a0462d1abb0b672db",
        "src/ft03_interval.rs": "886580a810b8ec29c8f0b6199c0e35d82fde1f46d984a5f8f1da304326a42a42",
        "src/ft03_rates.rs": "1a97cd7a3555deeb4d8700376cd84580c5102127773bc3a235a29c33b0c1542f",
        "src/group_rates.rs": "393786f3c473d98dbf57752967ba63cf07f055dfff9027a1d00770d2ef73a6a4",
        "src/he_rct.rs": "e2e461d17c47f207108dc0b4f28b9a551ffd61f4fb1a061e35c94a2a5ad12173",
        "src/hhe_events.rs": "c100b08e034089c2d67b2102769ccdd51f1d29a2f388d6bb2dfe7984af93b290",
        "src/homogeneous_rates.rs": "50000b7cd7b1f7c9536cfe92a1f932add545bb951cc32b8a63c4affecfca3f47",
        "src/hydrogen_step.rs": "d3a4515dd2cb4e723095db6c750531acc3999fe0d5fa856707e520ec93056fb6",
        "src/interval_ad.rs": "b14a16a24ba55d1d915fc890348bbafccf3c9df4566c04bbf06d38cdac2ef2dd",
        "src/interval_math.rs": "e4639a4386feee536dbe7e7ffb1260f26fa00697b6b05477083c182ddf03de18",
        "src/isotope_state.rs": "a3a750c3751ea30621482c341e89f690e517c3ad122e56231d2810c62afe8708",
        "src/joint_affine.rs": "5782ec4a2fdb8885af4056dca26e60bb31b585a7ce5de0c18cccbb143ae5f8b3",
        "src/lib.rs": "6c88cd1972fc06a074a81d51f2b575cc81421b6d853220ba9fabb5029fce7b88",
        "src/lift.rs": "632474da40f075051f77ed618b65af13fba133ea6bbee6e49325aeb2578d1871",
        "src/microstep.rs": "e03cc1512cdd2b60735b1ab655c8e6657423c18ee4ad55ca1d30f24ad4974e53",
        "src/paired_runtime.rs": "b6c1d2a07ab51ff02318139ae18387b77f61859c08037347f788524df770ebe7",
        "src/thermal.rs": "6d7be31934bb33a46c0911d28b62e34d22027e08a8a1945c5d7d32bf32f79b8a"
      },
      "binary_sha256": "e098111ee8e403c5985fea20cfca7b0408e5d82ea77c2eded50cff72d1392d0f",
      "binary_path": "/home/cosmosapjw/Dropbox/BASS_DERIVATION_DOSSIERS_20260912/REI_CR_FIRST_BUILD_RECEIPT_20261010_f9135ec/target/release/axisym_conditional"
    },
    "source_sha256": {
      "CONTRACT.json": "2f5f118b856a47fa339a510a58e7221e7d7ab3ea3a38625d2c61e9b93380ed6d",
      "background.py": "b80f1d2ca8b4ab251d93447ff746428e6230130bee9b87500b7960bbc3a0076d",
      "hm12_data.py": "ede512206bd6f5acc85b1c6b90fda4edc256b4dd8a70c42f9726932b6bff5121",
      "sources/UVB.out": "a708586ead551202c068b049d48afa87b96695c5a5d12253e9b9bbb74efd75dc",
      "sources/emissivity.out": "88743ec9041a47fd12f47bf50a75a06903089e1afd992b5460a4af471249469b",
      "evidence/extended_dataset.npz": "3cbf35cf7910c37083de4c5b9db443c71b272f3877a48f74fb9f852fd70fe2be"
    },
    "production_source_sha256": {
      "python/source_bound_interval.py": "050e9a3acf714606573c3dea73cfd3637952481d4ed0a3a85d98efd01872f411",
      "Cargo.toml": "e04b3802c2555b612305bb900e1e9d509c2a4039a6deacf20d65ddf7e5249407",
      "Cargo.lock": "7ecf977d25b8864b3c573f95988be047709045452524a2cf7cbf5636d7c047cd",
      "src/adaptive_history.rs": "88f85b00e8a4cb487c98c1a2e473a4c356c5558f5df0154502c4afcf585d5d73",
      "src/angular_photons.rs": "8da6478182f70b285e7456490469d7a7708c969d200ab93d4d468f34c0fe82db",
      "src/atomic_provider.rs": "b0b572d3940a7a1f740e09d5f43c60236ec61511e8bdbcc68e60395ec7e107d3",
      "src/axisym_conditional.rs": "20c2a8993f14aac29cff74cebf8d739c0cabb54df1f8196c8f5fb90121ef71ca",
      "src/axisym_contract.rs": "1e2aaaa71091c4ff578eab3c64587aeb63017d1ea3c6c08d6370ba5690baa1b6",
      "src/axisym_coupling.rs": "6bb3feb6a290894bd8bdd45f9745f28329265cee8ce89589a11960b523e6b008",
      "src/axisym_radiation.rs": "8134004a4aed69d60e991bd42c1d4b673ed7f6c75c4ecd6f50da07ab47103d62",
      "src/axisym_sources.rs": "15a391503df57adfb2c00d6b7c7925a7d91222ebbfbc6be8607057eb501e7b34",
      "src/bianchi_i.rs": "0c0bb17168b36a67af6e3e2a3ada835bc77db3dbc73d06e13075f6019ec11289",
      "src/bin/axisym_conditional.rs": "de9dffa938d8cc316c9e2bb2e647848e53d4e195a6ed43356e5abc50bebffb3b",
      "src/coupled_primary.rs": "62a950137d6b5c7b43e628578cc25a2a1a99b6f135d0872a734f9149aa61c1f8",
      "src/coverage.rs": "0c542eaf42cd8ece217a2f02cc7fbb500f0bea8b983c1f18d44c96d0aea050c1",
      "src/flrw_three_equations.rs": "52b165f036bab9d008989d41889972245bf7cea4e2a64a07e561982dc90cfbf0",
      "src/ft03_controlled.rs": "61e11471482bb49d99e5d0eb79504d3f67538fbe6361653a0462d1abb0b672db",
      "src/ft03_interval.rs": "886580a810b8ec29c8f0b6199c0e35d82fde1f46d984a5f8f1da304326a42a42",
      "src/ft03_rates.rs": "1a97cd7a3555deeb4d8700376cd84580c5102127773bc3a235a29c33b0c1542f",
      "src/group_rates.rs": "393786f3c473d98dbf57752967ba63cf07f055dfff9027a1d00770d2ef73a6a4",
      "src/he_rct.rs": "e2e461d17c47f207108dc0b4f28b9a551ffd61f4fb1a061e35c94a2a5ad12173",
      "src/hhe_events.rs": "c100b08e034089c2d67b2102769ccdd51f1d29a2f388d6bb2dfe7984af93b290",
      "src/homogeneous_rates.rs": "50000b7cd7b1f7c9536cfe92a1f932add545bb951cc32b8a63c4affecfca3f47",
      "src/hydrogen_step.rs": "d3a4515dd2cb4e723095db6c750531acc3999fe0d5fa856707e520ec93056fb6",
      "src/interval_ad.rs": "b14a16a24ba55d1d915fc890348bbafccf3c9df4566c04bbf06d38cdac2ef2dd",
      "src/interval_math.rs": "e4639a4386feee536dbe7e7ffb1260f26fa00697b6b05477083c182ddf03de18",
      "src/isotope_state.rs": "a3a750c3751ea30621482c341e89f690e517c3ad122e56231d2810c62afe8708",
      "src/joint_affine.rs": "5782ec4a2fdb8885af4056dca26e60bb31b585a7ce5de0c18cccbb143ae5f8b3",
      "src/lib.rs": "6c88cd1972fc06a074a81d51f2b575cc81421b6d853220ba9fabb5029fce7b88",
      "src/lift.rs": "632474da40f075051f77ed618b65af13fba133ea6bbee6e49325aeb2578d1871",
      "src/microstep.rs": "e03cc1512cdd2b60735b1ab655c8e6657423c18ee4ad55ca1d30f24ad4974e53",
      "src/paired_runtime.rs": "b6c1d2a07ab51ff02318139ae18387b77f61859c08037347f788524df770ebe7",
      "src/thermal.rs": "6d7be31934bb33a46c0911d28b62e34d22027e08a8a1945c5d7d32bf32f79b8a"
    },
    "binary_sha256": "e098111ee8e403c5985fea20cfca7b0408e5d82ea77c2eded50cff72d1392d0f",
    "method": "DOP853",
    "nfev": 257,
    "rtol": 2e-10,
    "atol": 2e-13,
    "max_step_normalized": 0.0625,
    "native_calls": {
      "BIND": 1,
      "SIGMA": 17,
      "RHS": 257
    },
    "elapsed_wall_s": 2.6889258220326155,
    "nodes": 2904,
    "emitted_recombination_photon_count": "UNDEFINED",
    "optional_CR_RCT_HH": "OFF",
    "scientific_admission": "HOLD",
    "claim": "SOURCE_BACKED_CONDITIONAL_FIRST_INTERVAL"
  },
  "validation": {
    "status": "PASS_SCOPED",
    "checks": {
      "finite_states": true,
      "state_agreement": true,
      "observable_agreement": true,
      "temperature_domain": true,
      "positive_photons": true,
      "ionic_normalization": true,
      "global_energy_ledger": true,
      "global_photon_ledger": true,
      "local_energy_ledger": true,
      "local_photon_ledger": true
    },
    "state_scaled_max": 1.0471941498209426e-15,
    "observable_errors": {
      "time_s": 0.0,
      "z": 0.0,
      "xHII": 0.0,
      "xHeII": 0.0,
      "xHeIII": 0.0,
      "T_K": 0.0,
      "nH_cm3": 0.0,
      "ne_cm3": 0.0,
      "photon_cm3": 0.0,
      "photon_erg_cm3": 7.52579095108088e-16,
      "delta_pressure_erg_cm3": 1.8643520454027995e-16,
      "GammaHI_s": 0.0,
      "GammaHeI_s": 0.0,
      "GammaHeII_s": 0.0,
      "energy_ledger_scaled": 4.501080538322493e-16,
      "number_ledger_scaled": 0.0,
      "min_photon_cm3_reference": 0.0,
      "escape_erg_cm3_reference": 4.761138541990112e-16,
      "work_erg_cm3_reference": 1.9839883077401984e-16,
      "source_erg_cm3_reference": 3.218118409846068e-16,
      "absorbed_cm3_reference": 1.3559996920809834e-16,
      "source_cm3_reference": 2.1758298611554623e-16
    },
    "max_local_number_ledger": 7.000969126733937e-15,
    "max_local_energy_ledger": 1.7556755934167118e-16,
    "scope": "Production consumer agreement with the frozen discretization; historical empirical refinement reused; no continuum/global admission"
  }
}
