{
  "tests_exit": 0,
  "python": "3.12.3",
  "status": "PASS_BOUNDED_ALGEBRA_ONLY",
  "actual_saved_input_records": 3,
  "upstream_exact_scalar_replay_comparisons": 55,
  "independent_formula_comparisons": 20,
  "new_correlated_finite_rule_families": 2,
  "recount_of_saved_11_epoch_deltas": {
    "records": 11,
    "heat_T_sign_inversions": 9,
    "new_spectral_sums": 0
  },
  "provider_calls": 0,
  "new_history_steps": 0,
  "true_spectral_error": null,
  "physical": "HOLD",
  "receiver_integration": "NOT_IMPLEMENTED; actual midpoint records have integrated A/B and zero nonphoto-stage photo RHS; separate instantaneous moment exporter needed.",
  "source_unchanged": true,
  "wall_seconds": 0.08812312099325936,
  "owner_cpu_seconds": 0.009667999999999993,
  "owner_maxrss_KiB": 20840
}
