ACCEPTED k=29 observer=[0, 9624, 0] Gamma_representation_bound=[4.995719371638994e-28, 1.298577890240367e-27, 2.0468818051801023e-28] gates=[0.3233909838732597, 0.0012896354668304334, 0.007492632860138932]
ACCEPTED k=30 observer=[0, 9624, 0] Gamma_representation_bound=[5.00484364860966e-28, 1.3030634102138683e-27, 2.0591623454095783e-28] gates=[0.3241299078930194, 0.0013915162987887697, 0.007484153281306777]
ACCEPTED k=31 observer=[0, 9624, 0] Gamma_representation_bound=[5.013396735556374e-28, 1.3070335454975622e-27, 2.070931389293286e-28] gates=[0.3258768024165388, 0.0014919791857002024, 0.007482441470287499]
ACCEPTED k=32 observer=[0, 9624, 0] Gamma_representation_bound=[5.021739407588524e-28, 1.3108210437093169e-27, 2.082262665441226e-28] gates=[0.32608321354969344, 0.0015910757736355419, 0.007476812496145412]
ACCEPTED k=33 observer=[0, 9624, 0] Gamma_representation_bound=[5.0299737947415805e-28, 1.3144895119445984e-27, 2.0932114941906958e-28] gates=[0.3281163502663477, 0.001690657165234673, 0.00747134880642787]
ACCEPTED k=34 observer=[0, 9624, 0] Gamma_representation_bound=[5.038139528569539e-28, 1.3180736837348683e-27, 2.10382743082854e-28] gates=[0.3297419342971679, 0.0017852779346941097, 0.007470319988326422]
ACCEPTED k=35 observer=[0, 9624, 0] Gamma_representation_bound=[5.04625775989461e-28, 1.3215940712722527e-27, 2.114154837645938e-28] gates=[0.3311173156440938, 0.0018822667463494346, 0.007461278160832293]
ACCEPTED k=36 observer=[0, 9624, 0] Gamma_representation_bound=[5.054340052787355e-28, 1.3250642585441207e-27, 2.1242297792118787e-28] gates=[0.33146996562005115, 0.0019780116245477356, 0.007458578759727701]
ACCEPTED k=37 observer=[0, 9624, 0] Gamma_representation_bound=[5.0623962755413155e-28, 1.3288898479081069e-27, 2.134077717684973e-28] gates=[0.3332855515923025, 0.0020689382390366514, 0.007458114904007447]
ACCEPTED k=38 observer=[0, 9624, 0] Gamma_representation_bound=[5.0714153670943265e-28, 1.3322870612191614e-27, 2.1437293140590717e-28] gates=[0.33409178810396584, 0.002160459819464385, 0.007453837600780265]
ACCEPTED k=39 observer=[0, 9624, 0] Gamma_representation_bound=[5.0794303937610945e-28, 1.3356568330190365e-27, 2.1532077044494304e-28] gates=[0.33517080555805867, 0.0022508132347000783, 0.007447644536100141]
ACCEPTED k=40 observer=[0, 9624, 0] Gamma_representation_bound=[5.087435225863843e-28, 1.3390051538025346e-27, 2.162534835857985e-28] gates=[0.3350622330681555, 0.0023417721420038026, 0.0074456490343273955]
ACCEPTED k=41 observer=[0, 9624, 0] Gamma_representation_bound=[5.095424258792593e-28, 1.3423325272713181e-27, 2.1717242266231593e-28] gates=[0.3355439108176116, 0.0024298598847279224, 0.0074399408687554165]
ACCEPTED k=42 observer=[0, 9624, 0] Gamma_representation_bound=[5.103402150572845e-28, 1.345642536164812e-27, 2.1807929065537728e-28] gates=[0.33756592440696304, 0.002518575276180452, 0.007436297657481718]
ACCEPTED k=43 observer=[0, 9624, 0] Gamma_representation_bound=[5.111370725450617e-28, 1.3489379258943032e-27, 2.1897540493470807e-28] gates=[0.3375198530202495, 0.00260789483438996, 0.007436729507928041]
ACCEPTED k=44 observer=[0, 9624, 0] Gamma_representation_bound=[5.119333118945261e-28, 1.3521934399277734e-27, 2.1986191711377188e-28] gates=[0.3391870112902735, 0.002694440108720406, 0.00743339074417855]
ACCEPTED k=45 observer=[0, 9624, 0] Gamma_representation_bound=[5.127287239125005e-28, 1.3554647436556513e-27, 2.207401025079978e-28] gates=[0.33981357386111394, 0.002779935792135039, 0.007428374603623337]
ACCEPTED k=46 observer=[0, 9624, 0] Gamma_representation_bound=[5.1352374882600425e-28, 1.3587261531356237e-27, 2.2161031487303945e-28] gates=[0.3421716612011318, 0.00286440942541419, 0.0074272635265307235]
ACCEPTED k=47 observer=[0, 9624, 0] Gamma_representation_bound=[5.143180871149521e-28, 1.3619776099934423e-27, 2.224737449914696e-28] gates=[0.34261829798131177, 0.00294787924635105, 0.0074167866357530655]
ACCEPTED k=48 observer=[0, 9624, 0] Gamma_representation_bound=[5.151121056072771e-28, 1.3652213682576905e-27, 2.23330931435244e-28] gates=[0.34349351156372593, 0.003028731205798998, 0.007416060985576542]
ACCEPTED k=49 observer=[0, 9624, 0] Gamma_representation_bound=[5.159056438273315e-28, 1.3684576547829765e-27, 2.241829012252339e-28] gates=[0.3439080725175028, 0.0031102818330456497, 0.007415364570559356]
ACCEPTED k=50 observer=[0, 9624, 0] Gamma_representation_bound=[5.166986716589062e-28, 1.3716872969922053e-27, 2.250297212135801e-28] gates=[0.3462557036273096, 0.0031924912643139882, 0.007414785447346162]
ACCEPTED k=51 observer=[0, 9624, 0] Gamma_representation_bound=[5.175406625569009e-28, 1.3749111585835416e-27, 2.258720728575594e-28] gates=[0.34508952532092246, 0.0032689503862592673, 0.007405168495673777]
ACCEPTED k=52 observer=[0, 9624, 0] Gamma_representation_bound=[5.183331036029865e-28, 1.3781302636284036e-27, 2.2671000566892107e-28] gates=[0.34680835097428375, 0.00334773410503018, 0.007406682693107492]
ACCEPTED k=53 observer=[0, 9624, 0] Gamma_representation_bound=[5.191253888266972e-28, 1.3813446342958625e-27, 2.2754410049000973e-28] gates=[0.34908278369352697, 0.003427213211766432, 0.007404635371102164]
ACCEPTED k=54 observer=[0, 9624, 0] Gamma_representation_bound=[5.199171959274797e-28, 1.384948606427899e-27, 2.283747042739301e-28] gates=[0.34892239540862297, 0.0035058024293159553, 0.007399183648671981]
ACCEPTED k=55 observer=[0, 9624, 0] Gamma_representation_bound=[5.207089691026346e-28, 1.3881540092133067e-27, 2.292021279231059e-28] gates=[0.35030082401461377, 0.003580399990075901, 0.007397406384999986]
ACCEPTED k=56 observer=[0, 9624, 0] Gamma_representation_bound=[5.215003276001836e-28, 1.3915525073252334e-27, 2.3002665018174356e-28] gates=[0.35172242005489934, 0.003655735902720731, 0.0073939790732699415]
ACCEPTED k=57 observer=[0, 9624, 0] Gamma_representation_bound=[5.222917557824978e-28, 1.3947505897808537e-27, 2.3094727336762117e-28] gates=[0.3511885050732712, 0.0037302540692053534, 0.007399572191857084]
ACCEPTED k=58 observer=[0, 9624, 0] Gamma_representation_bound=[5.230828995473144e-28, 1.3979466223613915e-27, 2.3176685723924274e-28] gates=[0.3512974161306277, 0.0038024394411141933, 0.007396435761863501]
ACCEPTED k=59 observer=[0, 9624, 0] Gamma_representation_bound=[5.238738261182001e-28, 1.4011393746077074e-27, 2.325842135630802e-28] gates=[0.35458236075599464, 0.0038753799868973095, 0.007395101940014533]
ACCEPTED k=60 observer=[0, 9624, 0] Gamma_representation_bound=[5.246645783967417e-28, 1.4047244237535202e-27, 2.3339952664692917e-28] gates=[0.3530891117597284, 0.0039460399789678045, 0.0073921473561397635]
ACCEPTED k=61 observer=[0, 9624, 0] Gamma_representation_bound=[5.254555757111968e-28, 1.4079120003056607e-27, 2.342129636735387e-28] gates=[0.35462927111425824, 0.004017485022823402, 0.007392857910826155]
ACCEPTED k=62 observer=[0, 9624, 0] Gamma_representation_bound=[5.262463752285018e-28, 1.4110982011989507e-27, 2.3502467589257734e-28] gates=[0.35634889841813233, 0.004089657073820245, 0.0073935703225704525]
ACCEPTED k=63 observer=[0, 9624, 0] Gamma_representation_bound=[5.270371435633308e-28, 1.4142821989496438e-27, 2.35834800841691e-28] gates=[0.35639845237696655, 0.004159597094943233, 0.007397838439041208]
ACCEPTED k=64 observer=[0, 9624, 0] Gamma_representation_bound=[5.278274309486911e-28, 1.4174642986674892e-27, 2.3664380403962864e-28] gates=[0.3567075114660432, 0.004227352155001113, 0.0073936963507748345]
ACCEPTED k=65 observer=[0, 9624, 0] Gamma_representation_bound=[5.286180276153919e-28, 1.4206445573768578e-27, 2.3745142006080557e-28] gates=[0.3580241668077606, 0.00429735246420276, 0.007392980732830325]
ACCEPTED k=66 observer=[0, 9624, 0] Gamma_representation_bound=[5.294081574268448e-28, 1.4238231414588636e-27, 2.382577568427946e-28] gates=[0.35912532386124313, 0.004363742370828707, 0.007389021267268863]
ACCEPTED k=67 observer=[0, 9624, 0] Gamma_representation_bound=[5.301982130138622e-28, 1.4273953102373224e-27, 2.3906329401911336e-28] gates=[0.360878220334642, 0.004432371315650766, 0.007388612257683249]
ACCEPTED k=68 observer=[0, 9624, 0] Gamma_representation_bound=[5.309883745333364e-28, 1.4305717070650077e-27, 2.3986754265950654e-28] gates=[0.3617124204767179, 0.004497435616607541, 0.007391528291493332]
ACCEPTED k=69 observer=[0, 9624, 0] Gamma_representation_bound=[5.317783016786893e-28, 1.4337463968692941e-27, 2.40670600512911e-28] gates=[0.3621496610381944, 0.0045647215997250325, 0.00739121190877624]
ACCEPTED k=70 observer=[0, 9624, 0] Gamma_representation_bound=[5.32568197527989e-28, 1.436919895115225e-27, 2.414727256798356e-28] gates=[0.36276645646663785, 0.004629933054950744, 0.007395972236686475]
ACCEPTED k=71 observer=[0, 9624, 0] Gamma_representation_bound=[5.334567364673709e-28, 1.4400930623729158e-27, 2.422739871947274e-28] gates=[0.3627442330243241, 0.004694517738641014, 0.007395818403169365]
ACCEPTED k=72 observer=[0, 9624, 0] Gamma_representation_bound=[5.342465896207892e-28, 1.4432639214621685e-27, 2.4307444836674803e-28] gates=[0.3636672415891417, 0.004759888748677059, 0.007392527572800849]
ACCEPTED k=73 observer=[0, 9624, 0] Gamma_representation_bound=[5.350362685683626e-28, 1.4464343562990805e-27, 2.4387466695842544e-28] gates=[0.36460289245316185, 0.004820453269124115, 0.00739265654071736]
ACCEPTED k=74 observer=[0, 9624, 0] Gamma_representation_bound=[5.358259022101169e-28, 1.4496039350014285e-27, 2.446736973458026e-28] gates=[0.36561997008511093, 0.004884614733079672, 0.0073959922555802545]
ACCEPTED k=75 observer=[0, 9624, 0] Gamma_representation_bound=[5.366155186231565e-28, 1.4527728852025248e-27, 2.4547208802581575e-28] gates=[0.36619981290577086, 0.004948180654808081, 0.007396200221914877]
ACCEPTED k=76 observer=[0, 9624, 0] Gamma_representation_bound=[5.37405040327632e-28, 1.4559403271357695e-27, 2.462698842241013e-28] gates=[0.3679408224123552, 0.0050084127596716245, 0.007393345843521021]
ACCEPTED k=77 observer=[0, 9624, 0] Gamma_representation_bound=[5.381945102947706e-28, 1.4591069554903232e-27, 2.4706712761490063e-28] gates=[0.36701640731578805, 0.005069466028451921, 0.007393827382153251]
ACCEPTED k=78 observer=[0, 9624, 0] Gamma_representation_bound=[5.389840694153739e-28, 1.4622732627032813e-27, 2.4786385663347028e-28] gates=[0.36821361756647975, 0.005131323829125269, 0.0073958940373893755]
ACCEPTED k=79 observer=[0, 9624, 0] Gamma_representation_bound=[5.397735899884969e-28, 1.4658329835004255e-27, 2.486601067573412e-28] gates=[0.36828016000631375, 0.005189922450558376, 0.007393356756739931]
ACCEPTED k=80 observer=[0, 9624, 0] Gamma_representation_bound=[5.405630157197778e-28, 1.4689988432395506e-27, 2.494559110282179e-28] gates=[0.3720944039366667, 0.005249338474834746, 0.007394097768858365]
ACCEPTED k=81 observer=[0, 9624, 0] Gamma_representation_bound=[5.413524342949367e-28, 1.4721638671672159e-27, 2.5025156988169283e-28] gates=[0.3718789751619268, 0.005310893534551617, 0.007393304807564437]
ACCEPTED k=82 observer=[0, 9624, 0] Gamma_representation_bound=[5.421421833448208e-28, 1.4753283980260076e-27, 2.5104682813540062e-28] gates=[0.3710759831507072, 0.0053679266361719245, 0.007398706028763808]
ACCEPTED k=83 observer=[0, 9624, 0] Gamma_representation_bound=[5.429315401842923e-28, 1.4784927382152417e-27, 2.5184193528170264e-28] gates=[0.3734831744153239, 0.005425783688159897, 0.007396650450967011]
ACCEPTED k=84 observer=[0, 9624, 0] Gamma_representation_bound=[5.437209124330195e-28, 1.4816571357403377e-27, 2.5263666232310974e-28] gates=[0.37450604038552593, 0.0054844491566965895, 0.007397627685694558]
ACCEPTED k=85 observer=[0, 9624, 0] Gamma_representation_bound=[5.445102214461264e-28, 1.4848208038843612e-27, 2.5343103631453274e-28] gates=[0.3752499816848913, 0.005540014012306342, 0.00740018329506678]
ACCEPTED k=86 observer=[0, 9624, 0] Gamma_representation_bound=[5.452995541047639e-28, 1.488082479545661e-27, 2.5422508209865357e-28] gates=[0.37583708559566614, 0.005596412660809822, 0.007396915026663866]
ACCEPTED k=87 observer=[0, 9624, 0] Gamma_representation_bound=[5.46088992057741e-28, 1.4914431468268085e-27, 2.5501882265942054e-28] gates=[0.37565553813409036, 0.005651027847510815, 0.007401098995970459]
ACCEPTED k=88 observer=[0, 9624, 0] Gamma_representation_bound=[5.468787490059768e-28, 1.4946050279167321e-27, 2.5581227886857685e-28] gates=[0.3769772707350977, 0.005706472225550691, 0.007402381504983391]
ACCEPTED k=89 observer=[0, 9624, 0] Gamma_representation_bound=[5.477666235583871e-28, 1.4977664724204701e-27, 2.566054700990149e-28] gates=[0.37752450855621406, 0.0057640010461457395, 0.0074022740060557405]
ACCEPTED k=90 observer=[0, 9624, 0] Gamma_representation_bound=[5.485560206687619e-28, 1.501322296100377e-27, 2.5739859705691725e-28] gates=[0.37843096670924886, 0.005817255835094527, 0.00740382059713586]
ACCEPTED k=91 observer=[0, 9624, 0] Gamma_representation_bound=[5.4934526611725725e-28, 1.5044836717684454e-27, 2.581913105816006e-28] gates=[0.3797044958512649, 0.005871343007031052, 0.007408223014924143]
ACCEPTED k=92 observer=[0, 9624, 0] Gamma_representation_bound=[5.501346705500219e-28, 1.5076451039216628e-27, 2.589838087642087e-28] gates=[0.38007099571251896, 0.005924987724393803, 0.007409782240677916]
ACCEPTED k=93 observer=[0, 9624, 0] Gamma_representation_bound=[5.509241984488755e-28, 1.5108061988889702e-27, 2.5977649109454094e-28] gates=[0.38129469463209564, 0.005979447600737917, 0.007410059026445489]
ACCEPTED k=94 observer=[0, 9624, 0] Gamma_representation_bound=[5.517134627169469e-28, 1.5139676168625833e-27, 2.605685999150205e-28] gates=[0.3798770960816397, 0.0060334802278946675, 0.007410343397648441]
ACCEPTED k=95 observer=[0, 9624, 0] Gamma_representation_bound=[5.525029704101184e-28, 1.517128335274791e-27, 2.6136053272226433e-28] gates=[0.3805094460267349, 0.006082135075120502, 0.0074163885063104834]
ACCEPTED k=96 observer=[0, 9624, 0] Gamma_representation_bound=[5.5329210049056085e-28, 1.5202882423893234e-27, 2.621523007704884e-28] gates=[0.38221131190771285, 0.006135325206449706, 0.007418289672107757]
{"first_step":28,"last_step":96,"new_advances":68,"nodes":3208,"n":96,"epoch":-2.564149357461537,"redshift":11.98960415889089,"elapsed_s":14137659320298.055,"maximum_original_gate_ratios_including_new_loss":[0.38221131190771285, 0.006135325206449706, 0.007499200814528094],"counts":[2842754, 9182320, 884],"phase_counts_with_observer":[2842753, 9182319, 884],"source_simpson128":0.007070950807600205,"source_mean_energy_erg":5.055769296100018e-11,"old_historical_loss":"NOT_MEASURED","physical_claim":"HOLD"}

