ACCEPTED k=18 observer=[0, 9624, 0] Gamma_representation_bound=[5.051838056985016e-28, 1.321794305649636e-27, 2.1061481907840333e-28] gates=[0.6590276505115712, 0.0019234372878662697, 0.007412212333897651]
ACCEPTED k=19 observer=[0, 9624, 0] Gamma_representation_bound=[5.068956345254139e-28, 1.329022729390755e-27, 2.1250300838648845e-28] gates=[0.6590639020144246, 0.002102403278679041, 0.00739879999708554]
ACCEPTED k=20 observer=[0, 9624, 0] Gamma_representation_bound=[5.084967867940858e-28, 1.33570378379588e-27, 2.1432775543207647e-28] gates=[0.6635864578431862, 0.002276869609548087, 0.007378281146510884]
ACCEPTED k=21 observer=[0, 9624, 0] Gamma_representation_bound=[5.100920982894686e-28, 1.342293776682414e-27, 2.161037001609057e-28] gates=[0.6666066207039186, 0.002448722292294531, 0.007370621904652883]
ACCEPTED k=22 observer=[0, 9624, 0] Gamma_representation_bound=[5.116827674346224e-28, 1.3487944768162664e-27, 2.1784210882939585e-28] gates=[0.6694928526284968, 0.002616428207378038, 0.007359775282653736]
ACCEPTED k=23 observer=[0, 9624, 0] Gamma_representation_bound=[5.132708765469646e-28, 1.3552803799968371e-27, 2.1955149227118065e-28] gates=[0.6712015305305399, 0.002781778560936182, 0.007349702655608701]
ACCEPTED k=24 observer=[0, 9624, 0] Gamma_representation_bound=[5.148568268960535e-28, 1.3617326065679369e-27, 2.212376626200108e-28] gates=[0.6732972135734028, 0.0029399796942504598, 0.007340368916579859]
ACCEPTED k=25 observer=[0, 9624, 0] Gamma_representation_bound=[5.164413771390718e-28, 1.3681600103554266e-27, 2.229058580391249e-28] gates=[0.6774255454109158, 0.0030993978403897147, 0.007324323925065356]
ACCEPTED k=26 observer=[0, 9624, 0] Gamma_representation_bound=[5.18073927686164e-28, 1.374568178328404e-27, 2.2455936598770427e-28] gates=[0.6823131516506058, 0.0032504165994812415, 0.007316481224464252]
ACCEPTED k=27 observer=[0, 9624, 0] Gamma_representation_bound=[5.196564241935955e-28, 1.3813562844742003e-27, 2.2620063301256435e-28] gates=[0.6831300640208083, 0.0033996647923483017, 0.007311104829802843]
ACCEPTED k=28 observer=[0, 9624, 0] Gamma_representation_bound=[5.212382592393456e-28, 1.387737344007075e-27, 2.2783238763310325e-28] gates=[0.686158932404909, 0.0035456553116344123, 0.007299195652289223]
ACCEPTED k=29 observer=[0, 9624, 0] Gamma_representation_bound=[5.228195934254184e-28, 1.3943055391183715e-27, 2.2955469627438034e-28] gates=[0.6895881082789709, 0.0036885180655151185, 0.007296840013980288]
ACCEPTED k=30 observer=[0, 9624, 0] Gamma_representation_bound=[5.2440013269315805e-28, 1.4010621975431853e-27, 2.3117162068761744e-28] gates=[0.6913077711063605, 0.0038283781688246503, 0.007286258520521289]
ACCEPTED k=31 observer=[0, 9624, 0] Gamma_representation_bound=[5.259809465760443e-28, 1.4074165211292642e-27, 2.327829149544024e-28] gates=[0.693501554638597, 0.003966856417891731, 0.00728838003081846]
ACCEPTED k=32 observer=[0, 9624, 0] Gamma_representation_bound=[5.275612013411897e-28, 1.4137665760984925e-27, 2.343895025525979e-28] gates=[0.6983864544456705, 0.004099543379945847, 0.007285836946992917]
ACCEPTED k=33 observer=[0, 9624, 0] Gamma_representation_bound=[5.291410760492609e-28, 1.42011008313693e-27, 2.3599213372567964e-28] gates=[0.6994523272563311, 0.004231048590526831, 0.007285396316893407]
ACCEPTED k=34 observer=[0, 9624, 0] Gamma_representation_bound=[5.307206144170718e-28, 1.4268445787072554e-27, 2.37591985407162e-28] gates=[0.7042718863198845, 0.0043585387283345605, 0.007282064374093962]
ACCEPTED k=35 observer=[0, 9624, 0] Gamma_representation_bound=[5.322998538279978e-28, 1.4331816679537606e-27, 2.391884360531325e-28] gates=[0.7040630297910316, 0.004486404022918873, 0.007279226845032736]
ACCEPTED k=36 observer=[0, 9624, 0] Gamma_representation_bound=[5.339776550858518e-28, 1.4395151805021458e-27, 2.4078246841806516e-28] gates=[0.7083126079159278, 0.00460903118872408, 0.007276851401383342]
ACCEPTED k=37 observer=[0, 9624, 0] Gamma_representation_bound=[5.3555645096377615e-28, 1.4458461198824346e-27, 2.4237508852019794e-28] gates=[0.7108628878383833, 0.0047307598046604955, 0.007276525408998881]
ACCEPTED k=38 observer=[0, 9624, 0] Gamma_representation_bound=[5.371351355098672e-28, 1.4521744165487375e-27, 2.4396540359328083e-28] gates=[0.7124553101170226, 0.004848891420638316, 0.007279746500085367]
ACCEPTED k=39 observer=[0, 9624, 0] Gamma_representation_bound=[5.387137263488725e-28, 1.4584998683947407e-27, 2.45554165347936e-28] gates=[0.7176225506871458, 0.004966264978618714, 0.007275493441150333]
ACCEPTED k=40 observer=[0, 9624, 0] Gamma_representation_bound=[5.402923931754233e-28, 1.4652195482821092e-27, 2.47141587302147e-28] gates=[0.7195235920072708, 0.0050815440720467075, 0.007271745614551965]
ACCEPTED k=41 observer=[0, 9624, 0] Gamma_representation_bound=[5.418713375308375e-28, 1.47154295507639e-27, 2.487281206676342e-28] gates=[0.7222943615009053, 0.005196136531049205, 0.0072745296701134275]
ACCEPTED k=42 observer=[0, 9624, 0] Gamma_representation_bound=[5.434497222196809e-28, 1.477866061548111e-27, 2.5031384672753516e-28] gates=[0.7246479955525673, 0.005306133563502703, 0.007274620063962391]
ACCEPTED k=43 observer=[0, 9624, 0] Gamma_representation_bound=[5.450280856366482e-28, 1.484187382812296e-27, 2.5189861946917698e-28] gates=[0.7285837791346662, 0.005416891726843162, 0.0072735764209458185]
ACCEPTED k=44 observer=[0, 9624, 0] Gamma_representation_bound=[5.466064520150604e-28, 1.4908035677236678e-27, 2.534825685524312e-28] gates=[0.7327696490928294, 0.005524493331576542, 0.007275867712037362]
ACCEPTED k=45 observer=[0, 9624, 0] Gamma_representation_bound=[5.48283817460923e-28, 1.4971220959751408e-27, 2.5506598640068656e-28] gates=[0.7323227758708128, 0.005630331263385386, 0.007277063961002257]
ACCEPTED k=46 observer=[0, 9624, 0] Gamma_representation_bound=[5.498622159952781e-28, 1.5038356995286343e-27, 2.5664885330612337e-28] gates=[0.7374132753401131, 0.005735736921652774, 0.007278543960034707]
ACCEPTED k=47 observer=[0, 9624, 0] Gamma_representation_bound=[5.514406512218743e-28, 1.510153770338575e-27, 2.5823151232908775e-28] gates=[0.7390722283533803, 0.005838228520938453, 0.00727608768092712]
ACCEPTED k=48 observer=[0, 9624, 0] Gamma_representation_bound=[5.530192749148899e-28, 1.516472317487511e-27, 2.5981327216273574e-28] gates=[0.7422991969901424, 0.0059403343087358965, 0.00728109481657021]
{"first_step":17,"last_step":48,"new_advances":31,"nodes":3208,"n":48,"epoch":-2.564149357461537,"redshift":11.98960415889089,"elapsed_s":14137659320263.613,"maximum_original_gate_ratios_including_new_loss":[0.7422991969901424, 0.0059403343087358965, 0.0074265236786749],"counts":[1297581, 4196152, 403],"phase_counts_with_observer":[1297580, 4196151, 403],"source_simpson128":0.007070950807600205,"source_mean_energy_erg":5.055769296100018e-11,"old_historical_loss":"NOT_MEASURED","physical_claim":"HOLD"}

