warning: field `front` is never read
   --> /home/cosmosapjw/rei_worktrees/igm-rate-export01-20261008/research/igm_blockers_20261008/numeric/source/rei-next-nodes/canonical/src/primitives.rs:283:5
    |
275 | pub struct MomentPair {
    |            ---------- field in this struct
...
283 |     front: bool,
    |     ^^^^^
    |
    = note: `MomentPair` has derived impls for the traits `Debug` and `Clone`, but these are intentionally ignored during dead code analysis
    = note: `#[warn(dead_code)]` (part of `#[warn(unused)]`) on by default

warning: `canonical` (lib) generated 1 warning
   Compiling short_hhe_control v0.1.0 (/home/cosmosapjw/rei_worktrees/igm-rate-export01-20261008/research/igm_blockers_20261008/numeric/source/rei-next-nodes/short-hhe-midpoint)
warning: unused variable: `f`
   --> src/radiation.rs:192:9
    |
192 |     let f = initial.number.readout().map_err(err)?.0;
    |         ^ help: if this is intentional, prefix it with an underscore: `_f`
    |
    = note: `#[warn(unused_variables)]` (part of `#[warn(unused)]`) on by default

warning: `short_hhe_control` (lib) generated 1 warning (run `cargo fix --lib -p short_hhe_control` to apply 1 suggestion)
    Finished `release` profile [optimized] target(s) in 2.96s
