ACCEPTED k=17 observer=[0, 9624, 0] Gamma_representation_bound=[5.035363685555452e-28, 1.3146430222841261e-27, 2.086418189669912e-28] gates=[0.6520256167946555, 0.0017397299737039078, 0.007426612655270663]
ACCEPTED k=18 observer=[0, 9624, 0] Gamma_representation_bound=[5.051838056985016e-28, 1.321794305649636e-27, 2.1061481907840333e-28] gates=[0.6596216175682427, 0.0019234372878662697, 0.007412581944176035]
ACCEPTED k=19 observer=[0, 9624, 0] Gamma_representation_bound=[5.068956345254139e-28, 1.329022729390755e-27, 2.1250300838648845e-28] gates=[0.6599410544918308, 0.002102403278679041, 0.007399418817715806]
ACCEPTED k=20 observer=[0, 9624, 0] Gamma_representation_bound=[5.084967867940858e-28, 1.33570378379588e-27, 2.1432775543207647e-28] gates=[0.6648917548036983, 0.002276869609548087, 0.007379267120164299]
ACCEPTED k=21 observer=[0, 9624, 0] Gamma_representation_bound=[5.100920982894686e-28, 1.342293776682414e-27, 2.161037001609057e-28] gates=[0.6683102249730162, 0.002448722292294531, 0.0073719809530504955]
ACCEPTED k=22 observer=[0, 9624, 0] Gamma_representation_bound=[5.116827674346224e-28, 1.3487944768162664e-27, 2.1784210882939585e-28] gates=[0.6714476692195364, 0.002616428207378038, 0.007361415035536842]
ACCEPTED k=23 observer=[0, 9624, 0] Gamma_representation_bound=[5.132708765469646e-28, 1.3552803799968371e-27, 2.1955149227118065e-28] gates=[0.6735340977863913, 0.002781778560936182, 0.0073517004703322906]
ACCEPTED k=24 observer=[0, 9624, 0] Gamma_representation_bound=[5.148568268960535e-28, 1.3617326065679369e-27, 2.212376626200108e-28] gates=[0.6758618423648853, 0.0029399796942504598, 0.007342625092001958]
ACCEPTED k=25 observer=[0, 9624, 0] Gamma_representation_bound=[5.164413771390718e-28, 1.3681600103554266e-27, 2.229058580391249e-28] gates=[0.6803268350119671, 0.0030993978403897147, 0.007326907299839852]
ACCEPTED k=26 observer=[0, 9624, 0] Gamma_representation_bound=[5.18073927686164e-28, 1.374568178328404e-27, 2.2455936598770427e-28] gates=[0.6855190838563772, 0.0032504165994812415, 0.007319368536189831]
ACCEPTED k=27 observer=[0, 9624, 0] Gamma_representation_bound=[5.196564241935955e-28, 1.3813562844742003e-27, 2.2620063301256435e-28] gates=[0.6865040412725399, 0.0033996647923483017, 0.007314191485007707]
ACCEPTED k=28 observer=[0, 9624, 0] Gamma_representation_bound=[5.212382592393456e-28, 1.387737344007075e-27, 2.2783238763310325e-28] gates=[0.6898189263221476, 0.0035456553116344123, 0.00730254482696313]
ACCEPTED k=29 observer=[0, 9624, 0] Gamma_representation_bound=[5.228195934254184e-28, 1.3943055391183715e-27, 2.2955469627438034e-28] gates=[0.693389123931639, 0.0036885180655151185, 0.0073003533022947984]
ACCEPTED k=30 observer=[0, 9624, 0] Gamma_representation_bound=[5.2440013269315805e-28, 1.4010621975431853e-27, 2.3117162068761744e-28] gates=[0.6953652214811205, 0.0038283781688246503, 0.007289993704943186]
ACCEPTED k=31 observer=[0, 9624, 0] Gamma_representation_bound=[5.259809465760443e-28, 1.4074165211292642e-27, 2.327829149544024e-28] gates=[0.697779898630348, 0.003966856417891731, 0.007292312084234555]
ACCEPTED k=32 observer=[0, 9624, 0] Gamma_representation_bound=[5.275612013411897e-28, 1.4137665760984925e-27, 2.343895025525979e-28] gates=[0.7027487906892357, 0.004099543379945847, 0.007289875670604318]
ACCEPTED k=33 observer=[0, 9624, 0] Gamma_representation_bound=[5.291410760492609e-28, 1.42011008313693e-27, 2.3599213372567964e-28] gates=[0.7040305440126536, 0.004231048590526831, 0.007289602670535386]
ACCEPTED k=34 observer=[0, 9624, 0] Gamma_representation_bound=[5.307206144170718e-28, 1.4268445787072554e-27, 2.37591985407162e-28] gates=[0.7090218900934069, 0.0043585387283345605, 0.007286409749290751]
ACCEPTED k=35 observer=[0, 9624, 0] Gamma_representation_bound=[5.322998538279978e-28, 1.4331816679537606e-27, 2.391884360531325e-28] gates=[0.7088543445085481, 0.004486404022918873, 0.007283630439571064]
ACCEPTED k=36 observer=[0, 9624, 0] Gamma_representation_bound=[5.339776550858518e-28, 1.4395151805021458e-27, 2.4078246841806516e-28] gates=[0.7132780424968727, 0.00460903118872408, 0.00728137650587947]
ACCEPTED k=37 observer=[0, 9624, 0] Gamma_representation_bound=[5.3555645096377615e-28, 1.4458461198824346e-27, 2.4237508852019794e-28] gates=[0.7159713448422497, 0.0047307598046604955, 0.007281155432751292]
ACCEPTED k=38 observer=[0, 9624, 0] Gamma_representation_bound=[5.371351355098672e-28, 1.4521744165487375e-27, 2.4396540359328083e-28] gates=[0.7175999822039112, 0.004848891420638316, 0.007284400057011501]
ACCEPTED k=39 observer=[0, 9624, 0] Gamma_representation_bound=[5.387137263488725e-28, 1.4584998683947407e-27, 2.45554165347936e-28] gates=[0.7229011072714102, 0.004966264978618714, 0.007280231252624893]
ACCEPTED k=40 observer=[0, 9624, 0] Gamma_representation_bound=[5.402923931754233e-28, 1.4652195482821092e-27, 2.47141587302147e-28] gates=[0.7248133631361492, 0.0050815440720467075, 0.007276487898024676]
ACCEPTED k=41 observer=[0, 9624, 0] Gamma_representation_bound=[5.418713375308375e-28, 1.47154295507639e-27, 2.487281206676342e-28] gates=[0.7277153956508635, 0.005196136531049205, 0.007279344676737965]
ACCEPTED k=42 observer=[0, 9624, 0] Gamma_representation_bound=[5.434497222196809e-28, 1.477866061548111e-27, 2.5031384672753516e-28] gates=[0.7301789132424339, 0.005306133563502703, 0.007279497325396388]
ACCEPTED k=43 observer=[0, 9624, 0] Gamma_representation_bound=[5.450280856366482e-28, 1.484187382812296e-27, 2.5189861946917698e-28] gates=[0.7341032716297021, 0.005416891726843162, 0.0072784313181490454]
ACCEPTED k=44 observer=[0, 9624, 0] Gamma_representation_bound=[5.466064520150604e-28, 1.4908035677236678e-27, 2.534825685524312e-28] gates=[0.7384109081197829, 0.005524493331576542, 0.007280770645967223]
ACCEPTED k=45 observer=[0, 9624, 0] Gamma_representation_bound=[5.48283817460923e-28, 1.4971220959751408e-27, 2.5506598640068656e-28] gates=[0.7379337443957114, 0.005630331263385386, 0.007281942019270104]
ACCEPTED k=46 observer=[0, 9624, 0] Gamma_representation_bound=[5.498622159952781e-28, 1.5038356995286343e-27, 2.5664885330612337e-28] gates=[0.7431444911651318, 0.005735736921652774, 0.007283457724499739]
ACCEPTED k=47 observer=[0, 9624, 0] Gamma_representation_bound=[5.514406512218743e-28, 1.510153770338575e-27, 2.5823151232908775e-28] gates=[0.7448937250865848, 0.005838228520938453, 0.0072810227197029915]
ACCEPTED k=48 observer=[0, 9624, 0] Gamma_representation_bound=[5.530192749148899e-28, 1.516472317487511e-27, 2.5981327216273574e-28] gates=[0.7480650101741001, 0.0059403343087358965, 0.007285991432310493]
{"first_step":16,"last_step":48,"new_advances":32,"nodes":3208,"n":48,"epoch":-2.564149357461537,"redshift":11.98960415889089,"elapsed_s":14137659320263.613,"maximum_original_gate_ratios_including_new_loss":[0.7480650101741001, 0.0059403343087358965, 0.007448008134352242],"counts":[1339438, 4331200, 416],"phase_counts_with_observer":[1339437, 4331199, 416],"source_simpson128":0.007070950807600205,"source_mean_energy_erg":5.055769296100018e-11,"old_historical_loss":"NOT_MEASURED","physical_claim":"HOLD"}

