ACCEPTED k=18 observer=[0, 10776, 0] Gamma_representation_bound=[5.336413225081749e-28, 1.4362797088466084e-27, 2.395702271375497e-28] gates=[0.7097674648275073, 0.0020305477992984917, 0.0074937467569462304]
ACCEPTED k=19 observer=[0, 10776, 0] Gamma_representation_bound=[5.369123239483365e-28, 1.4495745128825146e-27, 2.429239907120911e-28] gates=[0.7123665061728158, 0.0022229879930337794, 0.00748768366427197]
ACCEPTED k=20 observer=[0, 10776, 0] Gamma_representation_bound=[5.400806894896059e-28, 1.4624138081942532e-27, 2.4624038728528614e-28] gates=[0.7194065328327134, 0.002411291017684775, 0.007476798415337802]
ACCEPTED k=21 observer=[0, 10776, 0] Gamma_representation_bound=[5.432469061324914e-28, 1.475210125899397e-27, 2.495272818798071e-28] gates=[0.7263838960324391, 0.0025973270941100626, 0.00748095524981148]
ACCEPTED k=22 observer=[0, 10776, 0] Gamma_representation_bound=[5.464105416909475e-28, 1.487945954830546e-27, 2.5279107220969156e-28] gates=[0.7309493444335395, 0.002779548229692421, 0.0074782007442147054]
ACCEPTED k=23 observer=[0, 10776, 0] Gamma_representation_bound=[5.495728947198398e-28, 1.5006857345157415e-27, 2.560367397841416e-28] gates=[0.7362375678680095, 0.002958072226477487, 0.007476472448272206]
ACCEPTED k=24 observer=[0, 10776, 0] Gamma_representation_bound=[5.5273393651805055e-28, 1.5134047544433513e-27, 2.5926751495463706e-28] gates=[0.7418376932037515, 0.0031314339334493537, 0.007477607386769693]
ACCEPTED k=25 observer=[0, 10776, 0] Gamma_representation_bound=[5.558941687956343e-28, 1.5261082301613562e-27, 2.6248672959629707e-28] gates=[0.7479760516563023, 0.00330469025577697, 0.007470352661996805]
ACCEPTED k=26 observer=[0, 10776, 0] Gamma_representation_bound=[5.591028285286168e-28, 1.5387993501688274e-27, 2.6569625025547993e-28] gates=[0.7517681807399634, 0.003473054420889477, 0.007469689567262726]
ACCEPTED k=27 observer=[0, 10776, 0] Gamma_representation_bound=[5.622617522800064e-28, 1.5518756384756844e-27, 2.688974542304135e-28] gates=[0.7582579372052088, 0.0036383024827306497, 0.00747175423394863]
ACCEPTED k=28 observer=[0, 10776, 0] Gamma_representation_bound=[5.654202569468779e-28, 1.5645489358815385e-27, 2.72092257688607e-28] gates=[0.7651930284529442, 0.003802100770362858, 0.007471105238326222]
ACCEPTED k=29 observer=[0, 10776, 0] Gamma_representation_bound=[5.685784489690851e-28, 1.5774125653022345e-27, 2.753801040948575e-28] gates=[0.7700865896604253, 0.003959918675078538, 0.00748015801700609]
ACCEPTED k=30 observer=[0, 10776, 0] Gamma_representation_bound=[5.717359944995957e-28, 1.5904672113073588e-27, 2.7856457305353403e-28] gates=[0.7752433983265432, 0.004116522172630016, 0.007475912392826436]
ACCEPTED k=31 observer=[0, 10776, 0] Gamma_representation_bound=[5.748939332264624e-28, 1.6031215853327435e-27, 2.8174504221827657e-28] gates=[0.7809526553908723, 0.0042704816115773795, 0.0074966528405937686]
ACCEPTED k=32 observer=[0, 10776, 0] Gamma_representation_bound=[5.780514086242897e-28, 1.615773372948923e-27, 2.8492213853275786e-28] gates=[0.7876976272296871, 0.004420380147637176, 0.0075109921053417425]
ACCEPTED k=33 observer=[0, 10776, 0] Gamma_representation_bound=[5.812085820635632e-28, 1.6284199962809814e-27, 2.880963763565687e-28] gates=[0.7917280062482304, 0.004570763215062464, 0.0075157182285447485]
ACCEPTED k=34 observer=[0, 10776, 0] Gamma_representation_bound=[5.843654833501968e-28, 1.6414587540989574e-27, 2.9126874445791177e-28] gates=[0.7990404039669013, 0.004715863065895171, 0.007522800876454698]
ACCEPTED k=35 observer=[0, 10776, 0] Gamma_representation_bound=[5.875221388423794e-28, 1.654101061349934e-27, 2.9443846972943895e-28] gates=[0.8025853372446438, 0.0048601158026005085, 0.007533802370967022]
ACCEPTED k=36 observer=[0, 10776, 0] Gamma_representation_bound=[5.907774004568288e-28, 1.6667405926538712e-27, 2.9760641108668176e-28] gates=[0.8092510102387434, 0.005002159226266588, 0.007545339827488371]
ACCEPTED k=37 observer=[0, 10776, 0] Gamma_representation_bound=[5.939336937810625e-28, 1.679378225667757e-27, 3.007734737790483e-28] gates=[0.8160290469594518, 0.005143453994931838, 0.007555807870712744]
ACCEPTED k=38 observer=[0, 10776, 0] Gamma_representation_bound=[5.970899069918406e-28, 1.6920137869260433e-27, 3.039386823638435e-28] gates=[0.8197318041037465, 0.0052799265859430275, 0.0075731189137254575]
ACCEPTED k=39 observer=[0, 10776, 0] Gamma_representation_bound=[6.002460529029715e-28, 1.704646988581333e-27, 3.071027200943181e-28] gates=[0.8265916006091977, 0.00541581224360713, 0.0075814629041071465]
ACCEPTED k=40 observer=[0, 10776, 0] Gamma_representation_bound=[6.034022972329304e-28, 1.717674832350806e-27, 3.1026574361360585e-28] gates=[0.8317758366400985, 0.005551107459260795, 0.007593491991721661]
ACCEPTED k=41 observer=[0, 10776, 0] Gamma_representation_bound=[6.065588381903722e-28, 1.730306756611011e-27, 3.1342815662756436e-28] gates=[0.836171934930035, 0.005681874686970354, 0.007602939172335384]
ACCEPTED k=42 observer=[0, 10776, 0] Gamma_representation_bound=[6.097148358258193e-28, 1.7429386847330387e-27, 3.1659000069890768e-28] gates=[0.8420443999798483, 0.005812186895821763, 0.007618959168766674]
ACCEPTED k=43 observer=[0, 10776, 0] Gamma_representation_bound=[6.128708262087387e-28, 1.7555690893043696e-27, 3.1975109628128996e-28] gates=[0.8483956186914385, 0.005940791275550498, 0.007636846675529239]
ACCEPTED k=44 observer=[0, 10776, 0] Gamma_representation_bound=[6.160268315979077e-28, 1.768494583034005e-27, 3.22911544543854e-28] gates=[0.856336932308302, 0.006067692131776129, 0.007649184093541528]
ACCEPTED k=45 observer=[0, 10776, 0] Gamma_representation_bound=[6.192818464509404e-28, 1.781122615356683e-27, 3.2607161388482014e-28] gates=[0.8590167175963018, 0.0061929687151050464, 0.007666405432874236]
ACCEPTED k=46 observer=[0, 10776, 0] Gamma_representation_bound=[6.22437903388949e-28, 1.7941458924349583e-27, 3.2923126441372537e-28] gates=[0.8662844488177893, 0.0063166946881037245, 0.007679603145764539]
ACCEPTED k=47 observer=[0, 10776, 0] Gamma_representation_bound=[6.255940047768745e-28, 1.8067737835656057e-27, 3.3239082124974776e-28] gates=[0.8712272139987607, 0.006440143786616324, 0.007686120339138524]
ACCEPTED k=48 observer=[0, 10776, 0] Gamma_representation_bound=[6.287503014288307e-28, 1.8194022792642106e-27, 3.3554957856866257e-28] gates=[0.8776294702540843, 0.006563307461522517, 0.007697442539175822]
{"first_step":17,"last_step":48,"new_advances":31,"nodes":3592,"n":48,"epoch":-2.564149357461537,"redshift":11.98960415889089,"elapsed_s":14137659320263.613,"maximum_original_gate_ratios_including_new_loss":[0.8776294702540843, 0.006563307461522517, 0.007697442539175822],"counts":[1455557, 4706944, 403],"phase_counts_with_observer":[1455556, 4706943, 403],"source_simpson128":0.007070950807600205,"source_mean_energy_erg":5.055769296100018e-11,"old_historical_loss":"NOT_MEASURED","physical_claim":"HOLD"}

