ACCEPTED k=35 observer=[0, 9624, 0] Gamma_representation_bound=[5.04625775989461e-28, 1.3215940712722527e-27, 2.114154837645938e-28] gates=[0.32935312533019084, 0.0018822667463494346, 0.007458315272935439]
ACCEPTED k=36 observer=[0, 9624, 0] Gamma_representation_bound=[5.054340052787355e-28, 1.3250642585441207e-27, 2.1242297792118787e-28] gates=[0.32942929435925117, 0.0019780116245477356, 0.007455034199141268]
ACCEPTED k=37 observer=[0, 9624, 0] Gamma_representation_bound=[5.0623962755413155e-28, 1.3288898479081069e-27, 2.134077717684973e-28] gates=[0.3309615994182392, 0.0020689382390366514, 0.007453964836660825]
ACCEPTED k=38 observer=[0, 9624, 0] Gamma_representation_bound=[5.0714153670943265e-28, 1.3322870612191614e-27, 2.1437293140590717e-28] gates=[0.33141782852378476, 0.002160459819464385, 0.007448983373022854]
ACCEPTED k=39 observer=[0, 9624, 0] Gamma_representation_bound=[5.0794303937610945e-28, 1.3356568330190365e-27, 2.1532077044494304e-28] gates=[0.33222522718799186, 0.0022508132347000783, 0.007442186432200876]
ACCEPTED k=40 observer=[0, 9624, 0] Gamma_representation_bound=[5.087435225863843e-28, 1.3390051538025346e-27, 2.162534835857985e-28] gates=[0.3318451605165304, 0.0023417721420038026, 0.0074395951085497606]
ACCEPTED k=41 observer=[0, 9624, 0] Gamma_representation_bound=[5.095424258792593e-28, 1.3423325272713181e-27, 2.1717242266231593e-28] gates=[0.33199813600108047, 0.0024298598847279224, 0.007433199460256074]
ACCEPTED k=42 observer=[0, 9624, 0] Gamma_representation_bound=[5.103402150572845e-28, 1.345642536164812e-27, 2.1807929065537728e-28] gates=[0.33376586601442554, 0.002518575276180452, 0.007428980007321861]
ACCEPTED k=43 observer=[0, 9624, 0] Gamma_representation_bound=[5.111370725450617e-28, 1.3489379258943032e-27, 2.1897540493470807e-28] gates=[0.33347536942254025, 0.00260789483438996, 0.00742884042083986]
ACCEPTED k=44 observer=[0, 9624, 0] Gamma_representation_bound=[5.119333118945261e-28, 1.3521934399277734e-27, 2.1986191711377188e-28] gates=[0.33489157814150167, 0.002694440108720406, 0.007424946606334685]
ACCEPTED k=45 observer=[0, 9624, 0] Gamma_representation_bound=[5.127287239125005e-28, 1.3554647436556513e-27, 2.207401025079978e-28] gates=[0.33521203733139754, 0.002779935792135039, 0.007419301491537436]
ACCEPTED k=46 observer=[0, 9624, 0] Gamma_representation_bound=[5.1352374882600425e-28, 1.3587261531356237e-27, 2.2161031487303945e-28] gates=[0.33735066324224083, 0.00286440942541419, 0.007417670786742634]
ACCEPTED k=47 observer=[0, 9624, 0] Gamma_representation_bound=[5.143180871149521e-28, 1.3619776099934423e-27, 2.224737449914696e-28] gates=[0.33756556335439414, 0.00294787924635105, 0.007406697914763089]
ACCEPTED k=48 observer=[0, 9624, 0] Gamma_representation_bound=[5.151121056072771e-28, 1.3652213682576905e-27, 2.23330931435244e-28] gates=[0.33816667833908076, 0.003028731205798998, 0.0074054083267033445]
ACCEPTED k=49 observer=[0, 9624, 0] Gamma_representation_bound=[5.159056438273315e-28, 1.3684576547829765e-27, 2.241829012252339e-28] gates=[0.33838461098073824, 0.0031102818330456497, 0.007404253788886926]
ACCEPTED k=50 observer=[0, 9624, 0] Gamma_representation_bound=[5.166986716589062e-28, 1.3716872969922053e-27, 2.250297212135801e-28] gates=[0.3405357027966212, 0.0031924912643139882, 0.007403231908672496]
ACCEPTED k=51 observer=[0, 9624, 0] Gamma_representation_bound=[5.175406625569009e-28, 1.3749111585835416e-27, 2.258720728575594e-28] gates=[0.3391151943106471, 0.0032689503862592673, 0.007393106050912969]
ACCEPTED k=52 observer=[0, 9624, 0] Gamma_representation_bound=[5.183331036029865e-28, 1.3781302636284036e-27, 2.2671000566892107e-28] gates=[0.34065424998908395, 0.00334773410503018, 0.0073942230162522575]
ACCEPTED k=53 observer=[0, 9624, 0] Gamma_representation_bound=[5.191253888266972e-28, 1.3813446342958625e-27, 2.2754410049000973e-28] gates=[0.34275167533553885, 0.003427213211766432, 0.007391797609079475]
ACCEPTED k=54 observer=[0, 9624, 0] Gamma_representation_bound=[5.199171959274797e-28, 1.384948606427899e-27, 2.283747042739301e-28] gates=[0.3423619052088465, 0.0035058024293159553, 0.007385900565080241]
ACCEPTED k=55 observer=[0, 9624, 0] Gamma_representation_bound=[5.207089691026346e-28, 1.3881540092133067e-27, 2.292021279231059e-28] gates=[0.3435881136959223, 0.003580399990075901, 0.007383786556981347]
ACCEPTED k=56 observer=[0, 9624, 0] Gamma_representation_bound=[5.215003276001836e-28, 1.3915525073252334e-27, 2.3002665018174356e-28] gates=[0.344856743836448, 0.003655735902720731, 0.007380036311197938]
ACCEPTED k=57 observer=[0, 9624, 0] Gamma_representation_bound=[5.222917557824978e-28, 1.3947505897808537e-27, 2.3094727336762117e-28] gates=[0.3441736490677207, 0.0037302540692053534, 0.007385321815209147]
ACCEPTED k=58 observer=[0, 9624, 0] Gamma_representation_bound=[5.230828995473144e-28, 1.3979466223613915e-27, 2.3176685723924274e-28] gates=[0.3440754450500435, 0.0038024394411141933, 0.007381813955999214]
ACCEPTED k=59 observer=[0, 9624, 0] Gamma_representation_bound=[5.238738261182001e-28, 1.4011393746077074e-27, 2.325842135630802e-28] gates=[0.34723655771440315, 0.0038753799868973095, 0.007380208058145513]
ACCEPTED k=60 observer=[0, 9624, 0] Gamma_representation_bound=[5.246645783967417e-28, 1.4047244237535202e-27, 2.3339952664692917e-28] gates=[0.34561165681022693, 0.0039460399789678045, 0.007376992637314997]
ACCEPTED k=61 observer=[0, 9624, 0] Gamma_representation_bound=[5.254555757111968e-28, 1.4079120003056607e-27, 2.342129636735387e-28] gates=[0.34695662694663254, 0.004017485022823402, 0.007377381257439977]
ACCEPTED k=62 observer=[0, 9624, 0] Gamma_representation_bound=[5.262463752285018e-28, 1.4110982011989507e-27, 2.3502467589257734e-28] gates=[0.3485626052957548, 0.004089657073820245, 0.00737787017732985]
ACCEPTED k=63 observer=[0, 9624, 0] Gamma_representation_bound=[5.270371435633308e-28, 1.4142821989496438e-27, 2.35834800841691e-28] gates=[0.34850357246472, 0.004159597094943233, 0.007381921819080072]
ACCEPTED k=64 observer=[0, 9624, 0] Gamma_representation_bound=[5.278274309486911e-28, 1.4174642986674892e-27, 2.3664380403962864e-28] gates=[0.348634389357397, 0.004227352155001113, 0.007377501076362332]
ACCEPTED k=65 observer=[0, 9624, 0] Gamma_representation_bound=[5.286180276153919e-28, 1.4206445573768578e-27, 2.3745142006080557e-28] gates=[0.3498615270829622, 0.00429735246420276, 0.007376605593507993]
ACCEPTED k=66 observer=[0, 9624, 0] Gamma_representation_bound=[5.294081574268448e-28, 1.4238231414588636e-27, 2.382577568427946e-28] gates=[0.35086952395071375, 0.004363742370828707, 0.007372478147302901]
ACCEPTED k=67 observer=[0, 9624, 0] Gamma_representation_bound=[5.301982130138622e-28, 1.4273953102373224e-27, 2.3906329401911336e-28] gates=[0.3524675461256909, 0.004432371315650766, 0.007371831148119424]
ACCEPTED k=68 observer=[0, 9624, 0] Gamma_representation_bound=[5.309883745333364e-28, 1.4305717070650077e-27, 2.3986754265950654e-28] gates=[0.3532190755099274, 0.004497435616607541, 0.007374599927864412]
ACCEPTED k=69 observer=[0, 9624, 0] Gamma_representation_bound=[5.317783016786893e-28, 1.4337463968692941e-27, 2.40670600512911e-28] gates=[0.3535697093532237, 0.0045647215997250325, 0.007374153640627489]
ACCEPTED k=70 observer=[0, 9624, 0] Gamma_representation_bound=[5.32568197527989e-28, 1.436919895115225e-27, 2.414727256798356e-28] gates=[0.35404492025265133, 0.004629933054950744, 0.00737871193687908]
ACCEPTED k=71 observer=[0, 9624, 0] Gamma_representation_bound=[5.334567364673709e-28, 1.4400930623729158e-27, 2.422739871947274e-28] gates=[0.3539535553702806, 0.004694517738641014, 0.007378447415314884]
ACCEPTED k=72 observer=[0, 9624, 0] Gamma_representation_bound=[5.342465896207892e-28, 1.4432639214621685e-27, 2.4307444836674803e-28] gates=[0.3548037525827433, 0.004759888748677059, 0.007375055523898002]
ACCEPTED k=73 observer=[0, 9624, 0] Gamma_representation_bound=[5.350362685683626e-28, 1.4464343562990805e-27, 2.4387466695842544e-28] gates=[0.35561015841286425, 0.004820453269124115, 0.007375013110491536]
ACCEPTED k=74 observer=[0, 9624, 0] Gamma_representation_bound=[5.358259022101169e-28, 1.4496039350014285e-27, 2.446736973458026e-28] gates=[0.35656822698634744, 0.004884614733079672, 0.0073782649560921966]
ACCEPTED k=75 observer=[0, 9624, 0] Gamma_representation_bound=[5.366155186231565e-28, 1.4527728852025248e-27, 2.4547208802581575e-28] gates=[0.35708293672518665, 0.004948180654808081, 0.0073784009501314364]
ACCEPTED k=76 observer=[0, 9624, 0] Gamma_representation_bound=[5.37405040327632e-28, 1.4559403271357695e-27, 2.462698842241013e-28] gates=[0.3587664808129942, 0.0050084127596716245, 0.007375479462145512]
ACCEPTED k=77 observer=[0, 9624, 0] Gamma_representation_bound=[5.381945102947706e-28, 1.4591069554903232e-27, 2.4706712761490063e-28] gates=[0.35772110662829365, 0.005069466028451921, 0.007375823887685529]
ACCEPTED k=78 observer=[0, 9624, 0] Gamma_representation_bound=[5.389840694153739e-28, 1.4622732627032813e-27, 2.4786385663347028e-28] gates=[0.3588715720472894, 0.005131323829125269, 0.007377844641513215]
ACCEPTED k=79 observer=[0, 9624, 0] Gamma_representation_bound=[5.397735899884969e-28, 1.4658329835004255e-27, 2.486601067573412e-28] gates=[0.3588876370249315, 0.005189922450558376, 0.007375264605342314]
ACCEPTED k=80 observer=[0, 9624, 0] Gamma_representation_bound=[5.405630157197778e-28, 1.4689988432395506e-27, 2.494559110282179e-28] gates=[0.3625963502678569, 0.005249338474834746, 0.007375895311254038]
ACCEPTED k=81 observer=[0, 9624, 0] Gamma_representation_bound=[5.413524342949367e-28, 1.4721638671672159e-27, 2.5025156988169283e-28] gates=[0.3623434644086706, 0.005310893534551617, 0.00737507638027255]
ACCEPTED k=82 observer=[0, 9624, 0] Gamma_representation_bound=[5.421421833448208e-28, 1.4753283980260076e-27, 2.5104682813540062e-28] gates=[0.3614978405240021, 0.0053679266361719245, 0.007380455265851246]
ACCEPTED k=83 observer=[0, 9624, 0] Gamma_representation_bound=[5.429315401842923e-28, 1.4784927382152417e-27, 2.5184193528170264e-28] gates=[0.3638033737362996, 0.005425783688159897, 0.0073783076138205905]
ACCEPTED k=84 observer=[0, 9624, 0] Gamma_representation_bound=[5.437209124330195e-28, 1.4816571357403377e-27, 2.5263666232310974e-28] gates=[0.3647984098436687, 0.0054844491566965895, 0.007379277466063984]
ACCEPTED k=85 observer=[0, 9624, 0] Gamma_representation_bound=[5.445102214461264e-28, 1.4848208038843612e-27, 2.5343103631453274e-28] gates=[0.3655073199388183, 0.005540014012306342, 0.007381827158937439]
ACCEPTED k=86 observer=[0, 9624, 0] Gamma_representation_bound=[5.452995541047639e-28, 1.488082479545661e-27, 2.5422508209865357e-28] gates=[0.3660015185959672, 0.005596412660809822, 0.007378483401843475]
ACCEPTED k=87 observer=[0, 9624, 0] Gamma_representation_bound=[5.46088992057741e-28, 1.4914431468268085e-27, 2.5501882265942054e-28] gates=[0.3657929949526306, 0.005651027847510815, 0.0073826743198111494]
ACCEPTED k=88 observer=[0, 9624, 0] Gamma_representation_bound=[5.468787490059768e-28, 1.4946050279167321e-27, 2.5581227886857685e-28] gates=[0.36708922285060847, 0.005706472225550691, 0.007383966337482252]
ACCEPTED k=89 observer=[0, 9624, 0] Gamma_representation_bound=[5.477666235583871e-28, 1.4977664724204701e-27, 2.566054700990149e-28] gates=[0.36761109124408137, 0.0057640010461457395, 0.0073838692965716045]
ACCEPTED k=90 observer=[0, 9624, 0] Gamma_representation_bound=[5.485560206687619e-28, 1.501322296100377e-27, 2.5739859705691725e-28] gates=[0.36842435129708634, 0.005817255835094527, 0.007385364723240617]
ACCEPTED k=91 observer=[0, 9624, 0] Gamma_representation_bound=[5.4934526611725725e-28, 1.5044836717684454e-27, 2.581913105816006e-28] gates=[0.369683481961075, 0.005871343007031052, 0.007389788438219666]
ACCEPTED k=92 observer=[0, 9624, 0] Gamma_representation_bound=[5.501346705500219e-28, 1.5076451039216628e-27, 2.589838087642087e-28] gates=[0.3700294482543796, 0.005924987724393803, 0.0073913707129986735]
ACCEPTED k=93 observer=[0, 9624, 0] Gamma_representation_bound=[5.509241984488755e-28, 1.5108061988889702e-27, 2.5977649109454094e-28] gates=[0.371171656698487, 0.005979447600737917, 0.00739160229402614]
ACCEPTED k=94 observer=[0, 9624, 0] Gamma_representation_bound=[5.517134627169469e-28, 1.5139676168625833e-27, 2.605685999150205e-28] gates=[0.3697388457045383, 0.0060334802278946675, 0.007391918684943272]
ACCEPTED k=95 observer=[0, 9624, 0] Gamma_representation_bound=[5.525029704101184e-28, 1.517128335274791e-27, 2.6136053272226433e-28] gates=[0.3703520964351621, 0.006082135075120502, 0.0073979980146132]
ACCEPTED k=96 observer=[0, 9624, 0] Gamma_representation_bound=[5.5329210049056085e-28, 1.5202882423893234e-27, 2.621523007704884e-28] gates=[0.3719736155668091, 0.006135325206449706, 0.007399865924511421]
{"first_step":34,"last_step":96,"new_advances":62,"nodes":3208,"n":96,"epoch":-2.564149357461537,"redshift":11.98960415889089,"elapsed_s":14137659320298.055,"maximum_original_gate_ratios_including_new_loss":[0.3719736155668091, 0.006135325206449706, 0.00746801462563915],"counts":[2591924, 8372968, 806],"phase_counts_with_observer":[2591923, 8372967, 806],"source_simpson128":0.007070950807600205,"source_mean_energy_erg":5.055769296100018e-11,"old_historical_loss":"NOT_MEASURED","physical_claim":"HOLD"}

