   Compiling rei_microphysics v0.1.0 (/home/cosmosapjw/rei_worktrees/rec-rei-cold-intake-20261011/rust/rei_microphysics)
   Compiling rec_rei_cold_intake01 v0.1.0 (/home/cosmosapjw/rei_worktrees/rec-rei-cold-intake-20261011/research/rec_rei_cold_intake01_20261011/native)
error[E0369]: binary operation `==` cannot be applied to type `Result<RawCoefficient, ForwardError>`
   --> src/main.rs:36:9
    |
 36 | /         assert_eq!(
 37 | |             provider,
 38 | |             Err(ForwardError::InvalidInput("RAW_TEMPERATURE_DOMAIN"))
 39 | |         );
    | |         ^
    | |         |
    | |_________Result<RawCoefficient, ForwardError>
    |           Result<RawCoefficient, ForwardError>
    |
note: `ForwardError` does not implement `PartialEq`
   --> /home/cosmosapjw/rei_worktrees/rec-rei-cold-intake-20261011/rust/rei_microphysics/src/lib.rs:124:1
    |
124 | pub enum ForwardError {
    | ^^^^^^^^^^^^^^^^^^^^^ `ForwardError` is defined in another crate
    = note: this error originates in the macro `assert_eq` (in Nightly builds, run with -Z macro-backtrace for more info)

For more information about this error, try `rustc --explain E0369`.
error: could not compile `rec_rei_cold_intake01` (bin "rec_rei_cold_intake01") due to 1 previous error
