{
  "R2C_R1B_R2B_R1_completed": true,
  "R2C_R1B_R2B_R2_authorized": true,
  "auditor_lanes": [
    "RECOMBINATION_WEIGHTED_AUDITOR",
    "SCRIPT_SELF_SHIELDING_AUDITOR"
  ],
  "claim_boundary": "INPUT_OPERATOR_LOCK_ONLY_NO_HISTORY_INTEGRATION",
  "classification": "R2B_R1_CANONICAL_MATERIAL_STATE_OWNER_LAW_RESULTS",
  "clipping_used": false,
  "forcing_rows": 85,
  "initial_metrics": {
    "H_nuclei_relative_residual": 0.0,
    "He_nuclei_relative_residual": 0.0,
    "U_relative_residual": 0.0,
    "minimum_species": 1.4622950309679247e-154,
    "minimum_temperature_K": 2096.738912832555,
    "thermal_normalization_factor": 0.8332361108740668,
    "xHII_relative_residual": 0.0,
    "xHeIII_relative_residual": 2.879506684701122e-13,
    "xHeII_relative_residual": 1.0020696475636145e-15,
    "xHeI_relative_residual": 4.602535025977542e-12
  },
  "max_node_allocation_sum_relative_residual": 0.0,
  "max_owner_current_sum_relative_residual": 2.372094118851158e-16,
  "max_owner_kappa_sum_relative_residual": 2.136220740178688e-16,
  "max_snapshot_closure_relative_residual": 6.421194786211827e-12,
  "negative_allocation_count": 0,
  "node_allocation_cases": 1360,
  "node_count": 46080,
  "owner_rows": 1360,
  "per_node_fit_used": false,
  "perturbation_cases": 15,
  "post_hoc_lane_selection_used": false,
  "primary_subgrid_lane": "LOCAL_NEUTRAL_HAZARD_PRIMARY",
  "production_history_integrated": false,
  "production_node_chemistry_authorized": false,
  "snapshot_cases": 85,
  "stage": "P0.5-B2C2B0C-R2C-R1B-R2B-R1-CANONICAL-INITIAL-MATERIAL-STATE-AND-STATE-DERIVED-OWNER-LAW-LOCK",
  "state_sensitivity_failures": 0,
  "structural_zero_violations": 0,
  "subgrid_TV_range": [
    0.2020010868221798,
    0.6088920602689278
  ],
  "subgrid_tv_cases": 30,
  "verdict": "DURABLE_PASS_R2C_R1B_R2B_R1_CANONICAL_MATERIAL_STATE_AND_STATE_DERIVED_OWNER_LAW_LOCK_R2B_R2_AUTHORIZED",
  "zero_support_nonzero_allocation_count": 0
}
