FFFFFFFFFF                                                               [100%]
=================================== FAILURES ===================================
_____________ test_initial_state_uses_exact_direct_history_z6_row ______________

    def test_initial_state_uses_exact_direct_history_z6_row():
>       state = build()
                ^^^^^^^

stages/Bianchi_Reionization_Stage_P0_5_B2C2B0C_R2C_R1B_R2B_R1_CANONICAL_INITIAL_MATERIAL_STATE_AND_STATE_DERIVED_OWNER_LAW_LOCK/tests/test_initial_material_state.py:29: 
_ _ _ _ _ _ _ _ _ _ _ _ _ _ _ _ _ _ _ _ _ _ _ _ _ _ _ _ _ _ _ _ _ _ _ _ _ _ _ _ 
stages/Bianchi_Reionization_Stage_P0_5_B2C2B0C_R2C_R1B_R2B_R1_CANONICAL_INITIAL_MATERIAL_STATE_AND_STATE_DERIVED_OWNER_LAW_LOCK/tests/test_initial_material_state.py:25: in build
    return load_module().build_initial_material_state(r1_root=R1, r2a_root=R2A)
           ^^^^^^^^^^^^^
_ _ _ _ _ _ _ _ _ _ _ _ _ _ _ _ _ _ _ _ _ _ _ _ _ _ _ _ _ _ _ _ _ _ _ _ _ _ _ _ 

    def load_module():
>       assert SCRIPT.exists(), "initial material-state implementation missing"
E       AssertionError: initial material-state implementation missing
E       assert False
E        +  where False = exists()
E        +    where exists = PosixPath('/tmp/rei_bianchi_r2b_followup/worktree/stages/Bianchi_Reionization_Stage_P0_5_B2C2B0C_R2C_R1B_R2B_R1_CANONICAL_INITIAL_MATERIAL_STATE_AND_STATE_DERIVED_OWNER_LAW_LOCK/analysis/initial_material_state.py').exists

stages/Bianchi_Reionization_Stage_P0_5_B2C2B0C_R2C_R1B_R2B_R1_CANONICAL_INITIAL_MATERIAL_STATE_AND_STATE_DERIVED_OWNER_LAW_LOCK/tests/test_initial_material_state.py:16: AssertionError
________ test_initial_state_closes_h_and_he_nuclei_and_species_moments _________

    def test_initial_state_closes_h_and_he_nuclei_and_species_moments():
>       state = build()
                ^^^^^^^

stages/Bianchi_Reionization_Stage_P0_5_B2C2B0C_R2C_R1B_R2B_R1_CANONICAL_INITIAL_MATERIAL_STATE_AND_STATE_DERIVED_OWNER_LAW_LOCK/tests/test_initial_material_state.py:36: 
_ _ _ _ _ _ _ _ _ _ _ _ _ _ _ _ _ _ _ _ _ _ _ _ _ _ _ _ _ _ _ _ _ _ _ _ _ _ _ _ 
stages/Bianchi_Reionization_Stage_P0_5_B2C2B0C_R2C_R1B_R2B_R1_CANONICAL_INITIAL_MATERIAL_STATE_AND_STATE_DERIVED_OWNER_LAW_LOCK/tests/test_initial_material_state.py:25: in build
    return load_module().build_initial_material_state(r1_root=R1, r2a_root=R2A)
           ^^^^^^^^^^^^^
_ _ _ _ _ _ _ _ _ _ _ _ _ _ _ _ _ _ _ _ _ _ _ _ _ _ _ _ _ _ _ _ _ _ _ _ _ _ _ _ 

    def load_module():
>       assert SCRIPT.exists(), "initial material-state implementation missing"
E       AssertionError: initial material-state implementation missing
E       assert False
E        +  where False = exists()
E        +    where exists = PosixPath('/tmp/rei_bianchi_r2b_followup/worktree/stages/Bianchi_Reionization_Stage_P0_5_B2C2B0C_R2C_R1B_R2B_R1_CANONICAL_INITIAL_MATERIAL_STATE_AND_STATE_DERIVED_OWNER_LAW_LOCK/analysis/initial_material_state.py').exists

stages/Bianchi_Reionization_Stage_P0_5_B2C2B0C_R2C_R1B_R2B_R1_CANONICAL_INITIAL_MATERIAL_STATE_AND_STATE_DERIVED_OWNER_LAW_LOCK/tests/test_initial_material_state.py:16: AssertionError
_____ test_initial_state_closes_canonical_internal_energy_without_clipping _____

    def test_initial_state_closes_canonical_internal_energy_without_clipping():
>       state = build()
                ^^^^^^^

stages/Bianchi_Reionization_Stage_P0_5_B2C2B0C_R2C_R1B_R2B_R1_CANONICAL_INITIAL_MATERIAL_STATE_AND_STATE_DERIVED_OWNER_LAW_LOCK/tests/test_initial_material_state.py:49: 
_ _ _ _ _ _ _ _ _ _ _ _ _ _ _ _ _ _ _ _ _ _ _ _ _ _ _ _ _ _ _ _ _ _ _ _ _ _ _ _ 
stages/Bianchi_Reionization_Stage_P0_5_B2C2B0C_R2C_R1B_R2B_R1_CANONICAL_INITIAL_MATERIAL_STATE_AND_STATE_DERIVED_OWNER_LAW_LOCK/tests/test_initial_material_state.py:25: in build
    return load_module().build_initial_material_state(r1_root=R1, r2a_root=R2A)
           ^^^^^^^^^^^^^
_ _ _ _ _ _ _ _ _ _ _ _ _ _ _ _ _ _ _ _ _ _ _ _ _ _ _ _ _ _ _ _ _ _ _ _ _ _ _ _ 

    def load_module():
>       assert SCRIPT.exists(), "initial material-state implementation missing"
E       AssertionError: initial material-state implementation missing
E       assert False
E        +  where False = exists()
E        +    where exists = PosixPath('/tmp/rei_bianchi_r2b_followup/worktree/stages/Bianchi_Reionization_Stage_P0_5_B2C2B0C_R2C_R1B_R2B_R1_CANONICAL_INITIAL_MATERIAL_STATE_AND_STATE_DERIVED_OWNER_LAW_LOCK/analysis/initial_material_state.py').exists

stages/Bianchi_Reionization_Stage_P0_5_B2C2B0C_R2C_R1B_R2B_R1_CANONICAL_INITIAL_MATERIAL_STATE_AND_STATE_DERIVED_OWNER_LAW_LOCK/tests/test_initial_material_state.py:16: AssertionError
___________ test_temperature_is_recovered_from_u_and_particle_counts ___________

    def test_temperature_is_recovered_from_u_and_particle_counts():
>       state = build()
                ^^^^^^^

stages/Bianchi_Reionization_Stage_P0_5_B2C2B0C_R2C_R1B_R2B_R1_CANONICAL_INITIAL_MATERIAL_STATE_AND_STATE_DERIVED_OWNER_LAW_LOCK/tests/test_initial_material_state.py:60: 
_ _ _ _ _ _ _ _ _ _ _ _ _ _ _ _ _ _ _ _ _ _ _ _ _ _ _ _ _ _ _ _ _ _ _ _ _ _ _ _ 
stages/Bianchi_Reionization_Stage_P0_5_B2C2B0C_R2C_R1B_R2B_R1_CANONICAL_INITIAL_MATERIAL_STATE_AND_STATE_DERIVED_OWNER_LAW_LOCK/tests/test_initial_material_state.py:25: in build
    return load_module().build_initial_material_state(r1_root=R1, r2a_root=R2A)
           ^^^^^^^^^^^^^
_ _ _ _ _ _ _ _ _ _ _ _ _ _ _ _ _ _ _ _ _ _ _ _ _ _ _ _ _ _ _ _ _ _ _ _ _ _ _ _ 

    def load_module():
>       assert SCRIPT.exists(), "initial material-state implementation missing"
E       AssertionError: initial material-state implementation missing
E       assert False
E        +  where False = exists()
E        +    where exists = PosixPath('/tmp/rei_bianchi_r2b_followup/worktree/stages/Bianchi_Reionization_Stage_P0_5_B2C2B0C_R2C_R1B_R2B_R1_CANONICAL_INITIAL_MATERIAL_STATE_AND_STATE_DERIVED_OWNER_LAW_LOCK/analysis/initial_material_state.py').exists

stages/Bianchi_Reionization_Stage_P0_5_B2C2B0C_R2C_R1B_R2B_R1_CANONICAL_INITIAL_MATERIAL_STATE_AND_STATE_DERIVED_OWNER_LAW_LOCK/tests/test_initial_material_state.py:16: AssertionError
___________ test_initial_state_is_byte_deterministic_at_array_level ____________

    def test_initial_state_is_byte_deterministic_at_array_level():
>       a = build()
            ^^^^^^^

stages/Bianchi_Reionization_Stage_P0_5_B2C2B0C_R2C_R1B_R2B_R1_CANONICAL_INITIAL_MATERIAL_STATE_AND_STATE_DERIVED_OWNER_LAW_LOCK/tests/test_initial_material_state.py:69: 
_ _ _ _ _ _ _ _ _ _ _ _ _ _ _ _ _ _ _ _ _ _ _ _ _ _ _ _ _ _ _ _ _ _ _ _ _ _ _ _ 
stages/Bianchi_Reionization_Stage_P0_5_B2C2B0C_R2C_R1B_R2B_R1_CANONICAL_INITIAL_MATERIAL_STATE_AND_STATE_DERIVED_OWNER_LAW_LOCK/tests/test_initial_material_state.py:25: in build
    return load_module().build_initial_material_state(r1_root=R1, r2a_root=R2A)
           ^^^^^^^^^^^^^
_ _ _ _ _ _ _ _ _ _ _ _ _ _ _ _ _ _ _ _ _ _ _ _ _ _ _ _ _ _ _ _ _ _ _ _ _ _ _ _ 

    def load_module():
>       assert SCRIPT.exists(), "initial material-state implementation missing"
E       AssertionError: initial material-state implementation missing
E       assert False
E        +  where False = exists()
E        +    where exists = PosixPath('/tmp/rei_bianchi_r2b_followup/worktree/stages/Bianchi_Reionization_Stage_P0_5_B2C2B0C_R2C_R1B_R2B_R1_CANONICAL_INITIAL_MATERIAL_STATE_AND_STATE_DERIVED_OWNER_LAW_LOCK/analysis/initial_material_state.py').exists

stages/Bianchi_Reionization_Stage_P0_5_B2C2B0C_R2C_R1B_R2B_R1_CANONICAL_INITIAL_MATERIAL_STATE_AND_STATE_DERIVED_OWNER_LAW_LOCK/tests/test_initial_material_state.py:16: AssertionError
_________ test_owner_law_closes_total_opacity_current_and_common_flux __________

    def test_owner_law_closes_total_opacity_current_and_common_flux():
>       _, state, model, forcing = fixtures()
                                   ^^^^^^^^^^

stages/Bianchi_Reionization_Stage_P0_5_B2C2B0C_R2C_R1B_R2B_R1_CANONICAL_INITIAL_MATERIAL_STATE_AND_STATE_DERIVED_OWNER_LAW_LOCK/tests/test_state_derived_owner_law.py:35: 
_ _ _ _ _ _ _ _ _ _ _ _ _ _ _ _ _ _ _ _ _ _ _ _ _ _ _ _ _ _ _ _ _ _ _ _ _ _ _ _ 
stages/Bianchi_Reionization_Stage_P0_5_B2C2B0C_R2C_R1B_R2B_R1_CANONICAL_INITIAL_MATERIAL_STATE_AND_STATE_DERIVED_OWNER_LAW_LOCK/tests/test_state_derived_owner_law.py:26: in fixtures
    initial_mod = load(INITIAL_SCRIPT, "r2b_r1_initial_for_law")
                  ^^^^^^^^^^^^^^^^^^^^^^^^^^^^^^^^^^^^^^^^^^^^^^
_ _ _ _ _ _ _ _ _ _ _ _ _ _ _ _ _ _ _ _ _ _ _ _ _ _ _ _ _ _ _ _ _ _ _ _ _ _ _ _ 

path = PosixPath('/tmp/rei_bianchi_r2b_followup/worktree/stages/Bianchi_Reionization_Stage_P0_5_B2C2B0C_R2C_R1B_R2B_R1_CANONICAL_INITIAL_MATERIAL_STATE_AND_STATE_DERIVED_OWNER_LAW_LOCK/analysis/initial_material_state.py')
name = 'r2b_r1_initial_for_law'

    def load(path: Path, name: str):
>       assert path.exists(), f"{path.name} implementation missing"
E       AssertionError: initial_material_state.py implementation missing
E       assert False
E        +  where False = exists()
E        +    where exists = PosixPath('/tmp/rei_bianchi_r2b_followup/worktree/stages/Bianchi_Reionization_Stage_P0_5_B2C2B0C_R2C_R1B_R2B_R1_CANONICAL_INITIAL_MATERIAL_STATE_AND_STATE_DERIVED_OWNER_LAW_LOCK/analysis/initial_material_state.py').exists

stages/Bianchi_Reionization_Stage_P0_5_B2C2B0C_R2C_R1B_R2B_R1_CANONICAL_INITIAL_MATERIAL_STATE_AND_STATE_DERIVED_OWNER_LAW_LOCK/tests/test_state_derived_owner_law.py:17: AssertionError
________ test_structural_support_and_subgrid_resolved_sources_are_exact ________

    def test_structural_support_and_subgrid_resolved_sources_are_exact():
>       law_mod, state, model, forcing = fixtures()
                                         ^^^^^^^^^^

stages/Bianchi_Reionization_Stage_P0_5_B2C2B0C_R2C_R1B_R2B_R1_CANONICAL_INITIAL_MATERIAL_STATE_AND_STATE_DERIVED_OWNER_LAW_LOCK/tests/test_state_derived_owner_law.py:48: 
_ _ _ _ _ _ _ _ _ _ _ _ _ _ _ _ _ _ _ _ _ _ _ _ _ _ _ _ _ _ _ _ _ _ _ _ _ _ _ _ 
stages/Bianchi_Reionization_Stage_P0_5_B2C2B0C_R2C_R1B_R2B_R1_CANONICAL_INITIAL_MATERIAL_STATE_AND_STATE_DERIVED_OWNER_LAW_LOCK/tests/test_state_derived_owner_law.py:26: in fixtures
    initial_mod = load(INITIAL_SCRIPT, "r2b_r1_initial_for_law")
                  ^^^^^^^^^^^^^^^^^^^^^^^^^^^^^^^^^^^^^^^^^^^^^^
_ _ _ _ _ _ _ _ _ _ _ _ _ _ _ _ _ _ _ _ _ _ _ _ _ _ _ _ _ _ _ _ _ _ _ _ _ _ _ _ 

path = PosixPath('/tmp/rei_bianchi_r2b_followup/worktree/stages/Bianchi_Reionization_Stage_P0_5_B2C2B0C_R2C_R1B_R2B_R1_CANONICAL_INITIAL_MATERIAL_STATE_AND_STATE_DERIVED_OWNER_LAW_LOCK/analysis/initial_material_state.py')
name = 'r2b_r1_initial_for_law'

    def load(path: Path, name: str):
>       assert path.exists(), f"{path.name} implementation missing"
E       AssertionError: initial_material_state.py implementation missing
E       assert False
E        +  where False = exists()
E        +    where exists = PosixPath('/tmp/rei_bianchi_r2b_followup/worktree/stages/Bianchi_Reionization_Stage_P0_5_B2C2B0C_R2C_R1B_R2B_R1_CANONICAL_INITIAL_MATERIAL_STATE_AND_STATE_DERIVED_OWNER_LAW_LOCK/analysis/initial_material_state.py').exists

stages/Bianchi_Reionization_Stage_P0_5_B2C2B0C_R2C_R1B_R2B_R1_CANONICAL_INITIAL_MATERIAL_STATE_AND_STATE_DERIVED_OWNER_LAW_LOCK/tests/test_state_derived_owner_law.py:17: AssertionError
____________ test_owner_and_node_law_is_state_sensitive_not_frozen _____________

    def test_owner_and_node_law_is_state_sensitive_not_frozen():
>       _, state, model, forcing = fixtures()
                                   ^^^^^^^^^^

stages/Bianchi_Reionization_Stage_P0_5_B2C2B0C_R2C_R1B_R2B_R1_CANONICAL_INITIAL_MATERIAL_STATE_AND_STATE_DERIVED_OWNER_LAW_LOCK/tests/test_state_derived_owner_law.py:59: 
_ _ _ _ _ _ _ _ _ _ _ _ _ _ _ _ _ _ _ _ _ _ _ _ _ _ _ _ _ _ _ _ _ _ _ _ _ _ _ _ 
stages/Bianchi_Reionization_Stage_P0_5_B2C2B0C_R2C_R1B_R2B_R1_CANONICAL_INITIAL_MATERIAL_STATE_AND_STATE_DERIVED_OWNER_LAW_LOCK/tests/test_state_derived_owner_law.py:26: in fixtures
    initial_mod = load(INITIAL_SCRIPT, "r2b_r1_initial_for_law")
                  ^^^^^^^^^^^^^^^^^^^^^^^^^^^^^^^^^^^^^^^^^^^^^^
_ _ _ _ _ _ _ _ _ _ _ _ _ _ _ _ _ _ _ _ _ _ _ _ _ _ _ _ _ _ _ _ _ _ _ _ _ _ _ _ 

path = PosixPath('/tmp/rei_bianchi_r2b_followup/worktree/stages/Bianchi_Reionization_Stage_P0_5_B2C2B0C_R2C_R1B_R2B_R1_CANONICAL_INITIAL_MATERIAL_STATE_AND_STATE_DERIVED_OWNER_LAW_LOCK/analysis/initial_material_state.py')
name = 'r2b_r1_initial_for_law'

    def load(path: Path, name: str):
>       assert path.exists(), f"{path.name} implementation missing"
E       AssertionError: initial_material_state.py implementation missing
E       assert False
E        +  where False = exists()
E        +    where exists = PosixPath('/tmp/rei_bianchi_r2b_followup/worktree/stages/Bianchi_Reionization_Stage_P0_5_B2C2B0C_R2C_R1B_R2B_R1_CANONICAL_INITIAL_MATERIAL_STATE_AND_STATE_DERIVED_OWNER_LAW_LOCK/analysis/initial_material_state.py').exists

stages/Bianchi_Reionization_Stage_P0_5_B2C2B0C_R2C_R1B_R2B_R1_CANONICAL_INITIAL_MATERIAL_STATE_AND_STATE_DERIVED_OWNER_LAW_LOCK/tests/test_state_derived_owner_law.py:17: AssertionError
____ test_primary_subgrid_law_is_predeclared_and_auditors_are_not_promoted _____

    def test_primary_subgrid_law_is_predeclared_and_auditors_are_not_promoted():
>       _, state, model, forcing = fixtures()
                                   ^^^^^^^^^^

stages/Bianchi_Reionization_Stage_P0_5_B2C2B0C_R2C_R1B_R2B_R1_CANONICAL_INITIAL_MATERIAL_STATE_AND_STATE_DERIVED_OWNER_LAW_LOCK/tests/test_state_derived_owner_law.py:73: 
_ _ _ _ _ _ _ _ _ _ _ _ _ _ _ _ _ _ _ _ _ _ _ _ _ _ _ _ _ _ _ _ _ _ _ _ _ _ _ _ 
stages/Bianchi_Reionization_Stage_P0_5_B2C2B0C_R2C_R1B_R2B_R1_CANONICAL_INITIAL_MATERIAL_STATE_AND_STATE_DERIVED_OWNER_LAW_LOCK/tests/test_state_derived_owner_law.py:26: in fixtures
    initial_mod = load(INITIAL_SCRIPT, "r2b_r1_initial_for_law")
                  ^^^^^^^^^^^^^^^^^^^^^^^^^^^^^^^^^^^^^^^^^^^^^^
_ _ _ _ _ _ _ _ _ _ _ _ _ _ _ _ _ _ _ _ _ _ _ _ _ _ _ _ _ _ _ _ _ _ _ _ _ _ _ _ 

path = PosixPath('/tmp/rei_bianchi_r2b_followup/worktree/stages/Bianchi_Reionization_Stage_P0_5_B2C2B0C_R2C_R1B_R2B_R1_CANONICAL_INITIAL_MATERIAL_STATE_AND_STATE_DERIVED_OWNER_LAW_LOCK/analysis/initial_material_state.py')
name = 'r2b_r1_initial_for_law'

    def load(path: Path, name: str):
>       assert path.exists(), f"{path.name} implementation missing"
E       AssertionError: initial_material_state.py implementation missing
E       assert False
E        +  where False = exists()
E        +    where exists = PosixPath('/tmp/rei_bianchi_r2b_followup/worktree/stages/Bianchi_Reionization_Stage_P0_5_B2C2B0C_R2C_R1B_R2B_R1_CANONICAL_INITIAL_MATERIAL_STATE_AND_STATE_DERIVED_OWNER_LAW_LOCK/analysis/initial_material_state.py').exists

stages/Bianchi_Reionization_Stage_P0_5_B2C2B0C_R2C_R1B_R2B_R1_CANONICAL_INITIAL_MATERIAL_STATE_AND_STATE_DERIVED_OWNER_LAW_LOCK/tests/test_state_derived_owner_law.py:17: AssertionError
___ test_node_allocations_are_nonnegative_conservative_and_zero_support_safe ___

    def test_node_allocations_are_nonnegative_conservative_and_zero_support_safe():
>       _, state, model, forcing = fixtures()
                                   ^^^^^^^^^^

stages/Bianchi_Reionization_Stage_P0_5_B2C2B0C_R2C_R1B_R2B_R1_CANONICAL_INITIAL_MATERIAL_STATE_AND_STATE_DERIVED_OWNER_LAW_LOCK/tests/test_state_derived_owner_law.py:81: 
_ _ _ _ _ _ _ _ _ _ _ _ _ _ _ _ _ _ _ _ _ _ _ _ _ _ _ _ _ _ _ _ _ _ _ _ _ _ _ _ 
stages/Bianchi_Reionization_Stage_P0_5_B2C2B0C_R2C_R1B_R2B_R1_CANONICAL_INITIAL_MATERIAL_STATE_AND_STATE_DERIVED_OWNER_LAW_LOCK/tests/test_state_derived_owner_law.py:26: in fixtures
    initial_mod = load(INITIAL_SCRIPT, "r2b_r1_initial_for_law")
                  ^^^^^^^^^^^^^^^^^^^^^^^^^^^^^^^^^^^^^^^^^^^^^^
_ _ _ _ _ _ _ _ _ _ _ _ _ _ _ _ _ _ _ _ _ _ _ _ _ _ _ _ _ _ _ _ _ _ _ _ _ _ _ _ 

path = PosixPath('/tmp/rei_bianchi_r2b_followup/worktree/stages/Bianchi_Reionization_Stage_P0_5_B2C2B0C_R2C_R1B_R2B_R1_CANONICAL_INITIAL_MATERIAL_STATE_AND_STATE_DERIVED_OWNER_LAW_LOCK/analysis/initial_material_state.py')
name = 'r2b_r1_initial_for_law'

    def load(path: Path, name: str):
>       assert path.exists(), f"{path.name} implementation missing"
E       AssertionError: initial_material_state.py implementation missing
E       assert False
E        +  where False = exists()
E        +    where exists = PosixPath('/tmp/rei_bianchi_r2b_followup/worktree/stages/Bianchi_Reionization_Stage_P0_5_B2C2B0C_R2C_R1B_R2B_R1_CANONICAL_INITIAL_MATERIAL_STATE_AND_STATE_DERIVED_OWNER_LAW_LOCK/analysis/initial_material_state.py').exists

stages/Bianchi_Reionization_Stage_P0_5_B2C2B0C_R2C_R1B_R2B_R1_CANONICAL_INITIAL_MATERIAL_STATE_AND_STATE_DERIVED_OWNER_LAW_LOCK/tests/test_state_derived_owner_law.py:17: AssertionError
=========================== short test summary info ============================
FAILED stages/Bianchi_Reionization_Stage_P0_5_B2C2B0C_R2C_R1B_R2B_R1_CANONICAL_INITIAL_MATERIAL_STATE_AND_STATE_DERIVED_OWNER_LAW_LOCK/tests/test_initial_material_state.py::test_initial_state_uses_exact_direct_history_z6_row - AssertionError: initial material-state implementation missing
assert False
 +  where False = exists()
 +    where exists = PosixPath('/tmp/rei_bianchi_r2b_followup/worktree/stages/Bianchi_Reionization_Stage_P0_5_B2C2B0C_R2C_R1B_R2B_R1_CANONICAL_INITIAL_MATERIAL_STATE_AND_STATE_DERIVED_OWNER_LAW_LOCK/analysis/initial_material_state.py').exists
FAILED stages/Bianchi_Reionization_Stage_P0_5_B2C2B0C_R2C_R1B_R2B_R1_CANONICAL_INITIAL_MATERIAL_STATE_AND_STATE_DERIVED_OWNER_LAW_LOCK/tests/test_initial_material_state.py::test_initial_state_closes_h_and_he_nuclei_and_species_moments - AssertionError: initial material-state implementation missing
assert False
 +  where False = exists()
 +    where exists = PosixPath('/tmp/rei_bianchi_r2b_followup/worktree/stages/Bianchi_Reionization_Stage_P0_5_B2C2B0C_R2C_R1B_R2B_R1_CANONICAL_INITIAL_MATERIAL_STATE_AND_STATE_DERIVED_OWNER_LAW_LOCK/analysis/initial_material_state.py').exists
FAILED stages/Bianchi_Reionization_Stage_P0_5_B2C2B0C_R2C_R1B_R2B_R1_CANONICAL_INITIAL_MATERIAL_STATE_AND_STATE_DERIVED_OWNER_LAW_LOCK/tests/test_initial_material_state.py::test_initial_state_closes_canonical_internal_energy_without_clipping - AssertionError: initial material-state implementation missing
assert False
 +  where False = exists()
 +    where exists = PosixPath('/tmp/rei_bianchi_r2b_followup/worktree/stages/Bianchi_Reionization_Stage_P0_5_B2C2B0C_R2C_R1B_R2B_R1_CANONICAL_INITIAL_MATERIAL_STATE_AND_STATE_DERIVED_OWNER_LAW_LOCK/analysis/initial_material_state.py').exists
FAILED stages/Bianchi_Reionization_Stage_P0_5_B2C2B0C_R2C_R1B_R2B_R1_CANONICAL_INITIAL_MATERIAL_STATE_AND_STATE_DERIVED_OWNER_LAW_LOCK/tests/test_initial_material_state.py::test_temperature_is_recovered_from_u_and_particle_counts - AssertionError: initial material-state implementation missing
assert False
 +  where False = exists()
 +    where exists = PosixPath('/tmp/rei_bianchi_r2b_followup/worktree/stages/Bianchi_Reionization_Stage_P0_5_B2C2B0C_R2C_R1B_R2B_R1_CANONICAL_INITIAL_MATERIAL_STATE_AND_STATE_DERIVED_OWNER_LAW_LOCK/analysis/initial_material_state.py').exists
FAILED stages/Bianchi_Reionization_Stage_P0_5_B2C2B0C_R2C_R1B_R2B_R1_CANONICAL_INITIAL_MATERIAL_STATE_AND_STATE_DERIVED_OWNER_LAW_LOCK/tests/test_initial_material_state.py::test_initial_state_is_byte_deterministic_at_array_level - AssertionError: initial material-state implementation missing
assert False
 +  where False = exists()
 +    where exists = PosixPath('/tmp/rei_bianchi_r2b_followup/worktree/stages/Bianchi_Reionization_Stage_P0_5_B2C2B0C_R2C_R1B_R2B_R1_CANONICAL_INITIAL_MATERIAL_STATE_AND_STATE_DERIVED_OWNER_LAW_LOCK/analysis/initial_material_state.py').exists
FAILED stages/Bianchi_Reionization_Stage_P0_5_B2C2B0C_R2C_R1B_R2B_R1_CANONICAL_INITIAL_MATERIAL_STATE_AND_STATE_DERIVED_OWNER_LAW_LOCK/tests/test_state_derived_owner_law.py::test_owner_law_closes_total_opacity_current_and_common_flux - AssertionError: initial_material_state.py implementation missing
assert False
 +  where False = exists()
 +    where exists = PosixPath('/tmp/rei_bianchi_r2b_followup/worktree/stages/Bianchi_Reionization_Stage_P0_5_B2C2B0C_R2C_R1B_R2B_R1_CANONICAL_INITIAL_MATERIAL_STATE_AND_STATE_DERIVED_OWNER_LAW_LOCK/analysis/initial_material_state.py').exists
FAILED stages/Bianchi_Reionization_Stage_P0_5_B2C2B0C_R2C_R1B_R2B_R1_CANONICAL_INITIAL_MATERIAL_STATE_AND_STATE_DERIVED_OWNER_LAW_LOCK/tests/test_state_derived_owner_law.py::test_structural_support_and_subgrid_resolved_sources_are_exact - AssertionError: initial_material_state.py implementation missing
assert False
 +  where False = exists()
 +    where exists = PosixPath('/tmp/rei_bianchi_r2b_followup/worktree/stages/Bianchi_Reionization_Stage_P0_5_B2C2B0C_R2C_R1B_R2B_R1_CANONICAL_INITIAL_MATERIAL_STATE_AND_STATE_DERIVED_OWNER_LAW_LOCK/analysis/initial_material_state.py').exists
FAILED stages/Bianchi_Reionization_Stage_P0_5_B2C2B0C_R2C_R1B_R2B_R1_CANONICAL_INITIAL_MATERIAL_STATE_AND_STATE_DERIVED_OWNER_LAW_LOCK/tests/test_state_derived_owner_law.py::test_owner_and_node_law_is_state_sensitive_not_frozen - AssertionError: initial_material_state.py implementation missing
assert False
 +  where False = exists()
 +    where exists = PosixPath('/tmp/rei_bianchi_r2b_followup/worktree/stages/Bianchi_Reionization_Stage_P0_5_B2C2B0C_R2C_R1B_R2B_R1_CANONICAL_INITIAL_MATERIAL_STATE_AND_STATE_DERIVED_OWNER_LAW_LOCK/analysis/initial_material_state.py').exists
FAILED stages/Bianchi_Reionization_Stage_P0_5_B2C2B0C_R2C_R1B_R2B_R1_CANONICAL_INITIAL_MATERIAL_STATE_AND_STATE_DERIVED_OWNER_LAW_LOCK/tests/test_state_derived_owner_law.py::test_primary_subgrid_law_is_predeclared_and_auditors_are_not_promoted - AssertionError: initial_material_state.py implementation missing
assert False
 +  where False = exists()
 +    where exists = PosixPath('/tmp/rei_bianchi_r2b_followup/worktree/stages/Bianchi_Reionization_Stage_P0_5_B2C2B0C_R2C_R1B_R2B_R1_CANONICAL_INITIAL_MATERIAL_STATE_AND_STATE_DERIVED_OWNER_LAW_LOCK/analysis/initial_material_state.py').exists
FAILED stages/Bianchi_Reionization_Stage_P0_5_B2C2B0C_R2C_R1B_R2B_R1_CANONICAL_INITIAL_MATERIAL_STATE_AND_STATE_DERIVED_OWNER_LAW_LOCK/tests/test_state_derived_owner_law.py::test_node_allocations_are_nonnegative_conservative_and_zero_support_safe - AssertionError: initial_material_state.py implementation missing
assert False
 +  where False = exists()
 +    where exists = PosixPath('/tmp/rei_bianchi_r2b_followup/worktree/stages/Bianchi_Reionization_Stage_P0_5_B2C2B0C_R2C_R1B_R2B_R1_CANONICAL_INITIAL_MATERIAL_STATE_AND_STATE_DERIVED_OWNER_LAW_LOCK/analysis/initial_material_state.py').exists
10 failed in 0.11s
