{
  "status": "FINITE_INPUT_REFERENCE_CHECKED_NATIVE_BLOCKED",
  "input_nodes": 96,
  "valid_reference_cases": 11,
  "invalid_native_cases_prepared": 6,
  "max_relative_change_from_FLRW05_expected": "0.0000000000000023871363948098301451187829347450564828067472440463568056395979316",
  "invariances": [
    {
      "variant": "reversed96",
      "max_relative_physical_output_difference": "8.5155344870111048036828083380210757949225224259673166559102585721e-81"
    },
    {
      "variant": "split192",
      "max_relative_physical_output_difference": "2.4372078388930684209899406681655930746512426581496951741323988459e-80"
    },
    {
      "variant": "gauge0.5",
      "max_relative_physical_output_difference": "0.0"
    },
    {
      "variant": "gauge2.0",
      "max_relative_physical_output_difference": "0.0"
    }
  ],
  "native_calls": 0
}
