Ordinary beta-128 [0,1] p2 n7.184943855960877e-3 mu6.090163532428572e-3 err4.4519643175744805e-1
Ordinary beta-128 [0,1] p4 n7.797274822454702e-3 mu4.644669145334402e-3 err7.85314075028401e-2
Ordinary beta-128 [0,1] p8 n7.812468778452704e-3 mu4.582682687850207e-3 err1.944834139997758e-3
Ordinary beta-128 [0,1] p16 n7.8124999931816295e-3 mu4.582493806119025e-3 err3.995485305986334e-6
Ordinary beta-128 [0,1] p32 n7.812499999999669e-3 mu4.5824937548793595e-3 err8.727090161642452e-10
Ordinary beta-128 [0,1] p64 n7.8125e-3 mu4.5824937548765874e-3 err4.241051954068098e-14
Err(Quadrature)
Ordinary beta-1 [0,1] p2 n6.321205588285578e-1 mu3.386968873384659e-1 err5.551115123125783e-17
Ok(Some(Restriction { lo: 0.0, hi: 1.0, ln_fraction: 0.0, ln_n: 0.0, normalized_mean: 0.3386968873384659, mean_eta: 0.4586751453870819, mean_exp_eta: 1.5819767068693265, panels: 2, convergence_error: 5.551115123125783e-17 }))
Ordinary beta0 [0,1] p2 n1.0000000000000002e0 mu4.1802329313067355e-1 err0e0
Ok(Some(Restriction { lo: 0.0, hi: 1.0, ln_fraction: 0.0, ln_n: 0.0, normalized_mean: 0.41802329313067355, mean_eta: 0.541324854612918, mean_exp_eta: 1.718281828459045, panels: 2, convergence_error: 0.0 }))
Ordinary beta128 [0,1] p2 n7.184943855960877e-3 mu9.836466426155207e-1 err4.4519643175744805e-1
Ordinary beta128 [0,1] p4 n7.7972748224547014e-3 mu9.87563128265135e-1 err7.853140750284e-2
Ordinary beta128 [0,1] p8 n7.812468778452704e-3 mu9.877360711695217e-1 err1.944834139997869e-3
Ordinary beta128 [0,1] p16 n7.8124999931816295e-3 mu9.877366145245833e-1 err3.995485305986334e-6
Ordinary beta128 [0,1] p32 n7.812499999999669e-3 mu9.877366146754234e-1 err8.727090161642452e-10
Ordinary beta128 [0,1] p64 n7.812500000000002e-3 mu9.877366146754315e-1 err4.2632564145606005e-14
Err(Quadrature)
RightFront beta-128 [0,1] p2 n7.110216557186571e-3 mu6.0785554376062475e-3 err4.504998214223353e-1
RightFront beta-128 [0,1] p4 n7.735514624805045e-3 mu4.610940221448379e-3 err8.083470821881267e-2
RightFront beta-128 [0,1] p8 n7.751431257282308e-3 mu4.546329767001222e-3 err2.0533798145096656e-3
RightFront beta-128 [0,1] p16 n7.751464836269228e-3 mu4.546127067888372e-3 err4.3319537183347206e-6
RightFront beta-128 [0,1] p32 n7.751464843749633e-3 mu4.5461270117074775e-3 err9.650311695859586e-10
RightFront beta-128 [0,1] p64 n7.751464843750001e-3 mu4.546127011704399e-3 err4.7444113379887e-14
Err(Quadrature)
RightFront beta-1 [0,1] p2 n3.6787944117144233e-1 mu2.090116465653368e-1 err1.508949536687701e-16
Ok(Some(Restriction { lo: 0.0, hi: 1.0, ln_fraction: 0.0, ln_n: 0.0, normalized_mean: 0.2090116465653368, mean_eta: 0.30685281944005466, mean_exp_eta: 1.3591409142295225, panels: 2, convergence_error: 1.508949536687701e-16 }))
RightFront beta0 [0,1] p2 n5e-1 mu2.5406987939202075e-1 err2.220446049250313e-16
Ok(Some(Restriction { lo: 0.0, hi: 1.0, ln_fraction: 0.0, ln_n: 0.0, normalized_mean: 0.25406987939202075, mean_eta: 0.3622539123558908, mean_exp_eta: 1.4365636569180904, panels: 2, convergence_error: 2.220446049250313e-16 }))
RightFront beta128 [0,1] p2 n7.472729877430669e-5 mu9.808216292043976e-1 err5.9414997037536284e-2
RightFront beta128 [0,1] p4 n6.176019764965687e-5 mu9.76472157750801e-1 err2.0995886700699154e-1
RightFront beta128 [0,1] p8 n6.103752117039588e-5 mu9.755732724958859e-1 err1.1839872678373145e-2
RightFront beta128 [0,1] p16 n6.103515691240217e-5 mu9.755682961779621e-1 err3.873600254860362e-5
RightFront beta128 [0,1] p32 n6.10351562500364e-5 mu9.755682943534936e-1 err1.0852200693627546e-8
RightFront beta128 [0,1] p64 n6.103515625000001e-5 mu9.755682943533792e-1 err5.96189764223709e-13
Err(Quadrature)
