
running 7 tests
test empty_intersection_is_exact ... FAILED
test front_restriction_is_not_retapered ... FAILED
test invalid_parent_is_rejected ... ok
test narrow_sliver_and_reversed_domain ... FAILED
test split_moments_without_residual_repair ... FAILED
test tail_amplitude_does_not_change_shape ... FAILED
test uniform_half_preserves_moments ... FAILED

failures:

---- empty_intersection_is_exact stdout ----

thread 'empty_intersection_is_exact' (8) panicked at igm_two_loop_20261007/repo/research/transport_20261007/igm-two-loop/tests/panel.rs:25:50:
called `Result::unwrap()` on an `Err` value: Unsupported
note: run with `RUST_BACKTRACE=1` environment variable to display a backtrace

---- front_restriction_is_not_retapered stdout ----

thread 'front_restriction_is_not_retapered' (9) panicked at igm_two_loop_20261007/repo/research/transport_20261007/igm-two-loop/tests/panel.rs:11:48:
called `Result::unwrap()` on an `Err` value: Unsupported

---- narrow_sliver_and_reversed_domain stdout ----

thread 'narrow_sliver_and_reversed_domain' (11) panicked at igm_two_loop_20261007/repo/research/transport_20261007/igm-two-loop/tests/panel.rs:42:27:
called `Result::unwrap()` on an `Err` value: Unsupported

---- split_moments_without_residual_repair stdout ----

thread 'split_moments_without_residual_repair' (12) panicked at igm_two_loop_20261007/repo/research/transport_20261007/igm-two-loop/tests/panel.rs:32:34:
called `Result::unwrap()` on an `Err` value: Unsupported

---- tail_amplitude_does_not_change_shape stdout ----

thread 'tail_amplitude_does_not_change_shape' (13) panicked at igm_two_loop_20261007/repo/research/transport_20261007/igm-two-loop/tests/panel.rs:19:28:
called `Result::unwrap()` on an `Err` value: Unsupported

---- uniform_half_preserves_moments stdout ----

thread 'uniform_half_preserves_moments' (14) panicked at igm_two_loop_20261007/repo/research/transport_20261007/igm-two-loop/tests/panel.rs:6:46:
called `Result::unwrap()` on an `Err` value: Unsupported


failures:
    empty_intersection_is_exact
    front_restriction_is_not_retapered
    narrow_sliver_and_reversed_domain
    split_moments_without_residual_repair
    tail_amplitude_does_not_change_shape
    uniform_half_preserves_moments

test result: FAILED. 1 passed; 6 failed; 0 ignored; 0 measured; 0 filtered out; finished in 0.00s

