Traceback (most recent call last):
  File "/mnt/data/rei_bianchi_work/repo/stages/Bianchi_Reionization_Stage_P0_5_B2C2B0C_R2B_MOMENT_CONSTRAINED_NODE_LIFT_HISTORY/src/run_node_lift.py", line 155, in <module>
    if __name__=='__main__':main()
                            ~~~~^^
  File "/mnt/data/rei_bianchi_work/repo/stages/Bianchi_Reionization_Stage_P0_5_B2C2B0C_R2B_MOMENT_CONSTRAINED_NODE_LIFT_HISTORY/src/run_node_lift.py", line 154, in main
    ap=argparse.ArgumentParser();ap.add_argument('--repo',type=Path,required=True);ap.add_argument('--stage',type=Path,required=True);ap.add_argument('--b0a-zip',type=Path,required=True);ap.add_argument('--prior-npz',type=Path,required=True);a=ap.parse_args();print(json.dumps(run_stage(a.repo,a.stage,a.b0a_zip,a.prior_npz),indent=2))
                                                                                                                                                                                                                                                                                     ~~~~~~~~~^^^^^^^^^^^^^^^^^^^^^^^^^^^^^^^^^^^^^^
  File "/mnt/data/rei_bianchi_work/repo/stages/Bianchi_Reionization_Stage_P0_5_B2C2B0C_R2B_MOMENT_CONSTRAINED_NODE_LIFT_HISTORY/src/run_node_lift.py", line 87, in run_stage
    with z.open(root+'data/hierarchical_node_table.csv.gz') as f: nodes_all=pd.read_csv(f)
                                                                            ~~~~~~~~~~~^^^
  File "/opt/pyvenv/lib/python3.13/site-packages/pandas/io/parsers/readers.py", line 1026, in read_csv
    return _read(filepath_or_buffer, kwds)
  File "/opt/pyvenv/lib/python3.13/site-packages/pandas/io/parsers/readers.py", line 620, in _read
    parser = TextFileReader(filepath_or_buffer, **kwds)
  File "/opt/pyvenv/lib/python3.13/site-packages/pandas/io/parsers/readers.py", line 1620, in __init__
    self._engine = self._make_engine(f, self.engine)
                   ~~~~~~~~~~~~~~~~~^^^^^^^^^^^^^^^^
  File "/opt/pyvenv/lib/python3.13/site-packages/pandas/io/parsers/readers.py", line 1898, in _make_engine
    return mapping[engine](f, **self.options)
           ~~~~~~~~~~~~~~~^^^^^^^^^^^^^^^^^^^
  File "/opt/pyvenv/lib/python3.13/site-packages/pandas/io/parsers/c_parser_wrapper.py", line 93, in __init__
    self._reader = parsers.TextReader(src, **kwds)
                   ~~~~~~~~~~~~~~~~~~^^^^^^^^^^^^^
  File "parsers.pyx", line 574, in pandas._libs.parsers.TextReader.__cinit__
  File "parsers.pyx", line 663, in pandas._libs.parsers.TextReader._get_header
  File "parsers.pyx", line 874, in pandas._libs.parsers.TextReader._tokenize_rows
  File "parsers.pyx", line 891, in pandas._libs.parsers.TextReader._check_tokenize_status
  File "parsers.pyx", line 2053, in pandas._libs.parsers.raise_parser_error
  File "<frozen codecs>", line 325, in decode
UnicodeDecodeError: 'utf-8' codec can't decode byte 0x8b in position 1: invalid start byte
Command exited with non-zero status 1
	Command being timed: "python /mnt/data/rei_bianchi_work/repo/stages/Bianchi_Reionization_Stage_P0_5_B2C2B0C_R2B_MOMENT_CONSTRAINED_NODE_LIFT_HISTORY/src/run_node_lift.py --repo /mnt/data/rei_bianchi_work/repo --stage /mnt/data/rei_bianchi_work/repo/stages/Bianchi_Reionization_Stage_P0_5_B2C2B0C_R2B_MOMENT_CONSTRAINED_NODE_LIFT_HISTORY --b0a-zip /mnt/data/rei_bianchi_work/repo/artifacts/compact/Bianchi_Reionization_Stage_P0_5_B2C2B0A_HIERARCHICAL_TWO_SCALE_OPACITY_CHEMISTRY_CLOSURE_LOCK_compact_bundle.zip --prior-npz /mnt/data/rei_bianchi_work/repo/stages/Bianchi_Reionization_Stage_P0_5_B2C2B0C_R2B_MOMENT_CONSTRAINED_NODE_LIFT_HISTORY/data/b0a_full_node_priors.npz"
	User time (seconds): 2.68
	System time (seconds): 0.44
	Percent of CPU this job got: 119%
	Elapsed (wall clock) time (h:mm:ss or m:ss): 0:02.61
	Average shared text size (kbytes): 0
	Average unshared data size (kbytes): 0
	Average stack size (kbytes): 0
	Average total size (kbytes): 0
	Maximum resident set size (kbytes): 148496
	Average resident set size (kbytes): 0
	Major (requiring I/O) page faults: 0
	Minor (reclaiming a frame) page faults: 27544
	Voluntary context switches: 20
	Involuntary context switches: 61
	Swaps: 0
	File system inputs: 208
	File system outputs: 40
	Socket messages sent: 0
	Socket messages received: 0
	Signals delivered: 0
	Page size (bytes): 4096
	Exit status: 1
