{
  "tag": "base",
  "metadata": {
    "method": "DOP853",
    "nfev": 257,
    "rtol": 2e-10,
    "steps": 32,
    "nodes": 1984,
    "neutrality_scaled": 4.079368927418385e-15,
    "max_local_number_ledger": 5.12189696775395e-15,
    "max_local_energy_ledger": 1.1791231084042838e-16,
    "native_calls": {
      "RATES": 1,
      "SIGMA": 18,
      "RHS": 257
    },
    "elapsed_wall_s": 1.6256537630033563,
    "band_eV": [
      10,
      200
    ],
    "order": 2,
    "nmu": 4,
    "shear_ratio": 0.001,
    "source_sha256": {
      "emissivity.out": "88743ec9041a47fd12f47bf50a75a06903089e1afd992b5460a4af471249469b",
      "UVB.out": "a708586ead551202c068b049d48afa87b96695c5a5d12253e9b9bbb74efd75dc"
    },
    "claim": "SOURCE_BACKED_CONDITIONAL_INTERVAL_NOT_PHYSICAL_EOR_ADMISSION"
  },
  "initial": {
    "time_s": 0.0,
    "z": 5.807,
    "xHII": 0.9999754776655497,
    "xHeII": 0.9720755277462331,
    "xHeIII": 0.027869549428816035,
    "T_K": 49999.99999999999,
    "nH_cm3": 5.935621973155476e-05,
    "ne_cm3": 6.417112134848319e-05,
    "photon_cm3": 0.00023283010856484302,
    "photon_erg_cm3": 4.1172368569111556e-15,
    "delta_pressure_erg_cm3": -1.0422500323729877e-30,
    "GammaHI_s": 2.913560044348094e-13,
    "GammaHeI_s": 1.832545879834065e-13,
    "GammaHeII_s": 1.0596477080146424e-18,
    "energy_ledger_scaled": -1.59273650830655e-15,
    "number_ledger_scaled": 0.0,
    "min_photon_cm3_reference": 5.292261480914689e-16,
    "escape_erg_cm3_reference": 0.0,
    "work_erg_cm3_reference": 0.0,
    "source_erg_cm3_reference": 0.0,
    "absorbed_cm3_reference": 0.0,
    "source_cm3_reference": 0.0
  },
  "final": {
    "time_s": 100000000000.0,
    "z": 5.80698492362111,
    "xHII": 0.9999754777007593,
    "xHeII": 0.9720755263017816,
    "xHeIII": 0.027869550920073774,
    "T_K": 49999.77616120058,
    "nH_cm3": 5.9355825339806816e-05,
    "ne_cm3": 6.417069497347175e-05,
    "photon_cm3": 0.00023283611683377642,
    "photon_erg_cm3": 4.117347356464628e-15,
    "delta_pressure_erg_cm3": -1.4590365095519897e-23,
    "GammaHI_s": 2.913849564909334e-13,
    "GammaHeI_s": 1.8327043765040564e-13,
    "GammaHeII_s": 1.0902806585989261e-18,
    "energy_ledger_scaled": 6.826013607028072e-16,
    "number_ledger_scaled": -1.5134026618368198e-15,
    "min_photon_cm3_reference": 5.432098146017689e-16,
    "escape_erg_cm3_reference": 1.5763239285155062e-21,
    "work_erg_cm3_reference": 1.500012660588326e-20,
    "source_erg_cm3_reference": 1.4849110206629996e-19,
    "absorbed_cm3_reference": 4.7616790842199797e-11,
    "source_cm3_reference": 7.602973016487501e-09
  }
}
