{
  "tag": "extended_refine",
  "metadata": {
    "method": "DOP853",
    "nfev": 257,
    "rtol": 2e-10,
    "steps": 32,
    "nodes": 11616,
    "neutrality_scaled": 3.894503266055014e-15,
    "max_local_number_ledger": 1.2078683247356402e-14,
    "max_local_energy_ledger": 1.7556751126430192e-16,
    "native_calls": {
      "RATES": 1,
      "SIGMA": 18,
      "RHS": 257
    },
    "elapsed_wall_s": 11.340876533999108,
    "band_eV": [
      10,
      50000.0
    ],
    "order": 4,
    "nmu": 8,
    "shear_ratio": 0.001,
    "source_scale": 1.0,
    "source_sha256": {
      "emissivity.out": "88743ec9041a47fd12f47bf50a75a06903089e1afd992b5460a4af471249469b",
      "UVB.out": "a708586ead551202c068b049d48afa87b96695c5a5d12253e9b9bbb74efd75dc"
    },
    "claim": "SOURCE_BACKED_CONDITIONAL_INTERVAL_NOT_PHYSICAL_EOR_ADMISSION"
  },
  "initial": {
    "time_s": 0.0,
    "z": 5.807,
    "xHII": 0.9999754745318565,
    "xHeII": 0.9700838951875435,
    "xHeIII": 0.02986128663282929,
    "T_K": 50000.0,
    "nH_cm3": 5.935621973155476e-05,
    "ne_cm3": 6.418045496793793e-05,
    "photon_cm3": 0.00023283647443625313,
    "photon_erg_cm3": 4.1927288716828115e-15,
    "delta_pressure_erg_cm3": 3.6824810714115915e-30,
    "GammaHI_s": 2.9135605791421053e-13,
    "GammaHeI_s": 1.8325471946553917e-13,
    "GammaHeII_s": 1.1590501040865326e-18,
    "energy_ledger_scaled": -1.1252701423126606e-16,
    "number_ledger_scaled": 0.0,
    "min_photon_cm3_reference": 5.356920352996145e-17,
    "escape_erg_cm3_reference": 0.0,
    "work_erg_cm3_reference": 0.0,
    "source_erg_cm3_reference": 0.0,
    "absorbed_cm3_reference": 0.0,
    "source_cm3_reference": 0.0
  },
  "final": {
    "time_s": 100000000000.0,
    "z": 5.80698492362111,
    "xHII": 0.9999754745670792,
    "xHeII": 0.9700838937394135,
    "xHeIII": 0.02986128812767963,
    "T_K": 49999.77707703886,
    "nH_cm3": 5.9355825339806816e-05,
    "ne_cm3": 6.418002853092658e-05,
    "photon_cm3": 0.00023284248300669175,
    "photon_erg_cm3": 4.192839799357921e-15,
    "delta_pressure_erg_cm3": -1.4857883122309168e-23,
    "GammaHI_s": 2.9138500954499766e-13,
    "GammaHeI_s": 1.8327057063929886e-13,
    "GammaHeII_s": 1.1898197503197492e-18,
    "energy_ledger_scaled": 2.2505402846253213e-16,
    "number_ledger_scaled": -1.7461860976312757e-15,
    "min_photon_cm3_reference": 5.498473728169419e-17,
    "escape_erg_cm3_reference": 1.5801186721916506e-21,
    "work_erg_cm3_reference": 1.5167758318181117e-20,
    "source_erg_cm3_reference": 1.496161508725204e-19,
    "absorbed_cm3_reference": 4.7657449381328964e-11,
    "source_cm3_reference": 7.60335748047651e-09
  }
}
