{
  "tag": "extended_rk64",
  "metadata": {
    "method": "RK4",
    "nfev": 256,
    "rtol": 2e-10,
    "steps": 64,
    "nodes": 2904,
    "neutrality_scaled": 3.869854511206564e-15,
    "max_local_number_ledger": 5.099412794020958e-15,
    "max_local_energy_ledger": 1.170450445950502e-16,
    "native_calls": {
      "RATES": 1,
      "SIGMA": 18,
      "RHS": 256
    },
    "elapsed_wall_s": 3.013875525997719,
    "band_eV": [
      10,
      50000.0
    ],
    "order": 2,
    "nmu": 4,
    "shear_ratio": 0.001,
    "source_scale": 1.0,
    "source_sha256": {
      "emissivity.out": "88743ec9041a47fd12f47bf50a75a06903089e1afd992b5460a4af471249469b",
      "UVB.out": "a708586ead551202c068b049d48afa87b96695c5a5d12253e9b9bbb74efd75dc"
    },
    "claim": "SOURCE_BACKED_CONDITIONAL_INTERVAL_NOT_PHYSICAL_EOR_ADMISSION"
  },
  "initial": {
    "time_s": 0.0,
    "z": 5.807,
    "xHII": 0.9999754745282792,
    "xHeII": 0.9700839024387024,
    "xHeIII": 0.029861279382071514,
    "T_K": 50000.0,
    "nH_cm3": 5.935621973155476e-05,
    "ne_cm3": 6.41804549337503e-05,
    "photon_cm3": 0.0002328364744362531,
    "photon_erg_cm3": 4.192728923174195e-15,
    "delta_pressure_erg_cm3": -6.9498036319683045e-31,
    "GammaHI_s": 2.913560094511931e-13,
    "GammaHeI_s": 1.8325472209511683e-13,
    "GammaHeII_s": 1.1590497414209042e-18,
    "energy_ledger_scaled": 0.0,
    "number_ledger_scaled": 0.0,
    "min_photon_cm3_reference": 5.292261480914689e-16,
    "escape_erg_cm3_reference": 0.0,
    "work_erg_cm3_reference": 0.0,
    "source_erg_cm3_reference": 0.0,
    "absorbed_cm3_reference": 0.0,
    "source_cm3_reference": 0.0
  },
  "final": {
    "time_s": 100000000000.0,
    "z": 5.80698492362111,
    "xHII": 0.9999754745635018,
    "xHeII": 0.9700839009905693,
    "xHeIII": 0.02986128087692479,
    "T_K": 49999.777077044695,
    "nH_cm3": 5.9355825339806816e-05,
    "ne_cm3": 6.418002849673917e-05,
    "photon_cm3": 0.00023284248300669262,
    "photon_erg_cm3": 4.192839850847639e-15,
    "delta_pressure_erg_cm3": -1.4857888340681507e-23,
    "GammaHI_s": 2.913849610876771e-13,
    "GammaHeI_s": 1.8327057326939272e-13,
    "GammaHeII_s": 1.1898194476597094e-18,
    "energy_ledger_scaled": 1.1252701345806232e-16,
    "number_ledger_scaled": -5.82062032543756e-15,
    "min_photon_cm3_reference": 5.432098158977789e-16,
    "escape_erg_cm3_reference": 1.5801186583657009e-21,
    "work_erg_cm3_reference": 1.5167758430656674e-20,
    "source_erg_cm3_reference": 1.4961614980470624e-19,
    "absorbed_cm3_reference": 4.765744839976979e-11,
    "source_cm3_reference": 7.603357480476516e-09
  }
}
