{
  "tag": "flrw",
  "metadata": {
    "method": "DOP853",
    "nfev": 257,
    "rtol": 2e-10,
    "steps": 32,
    "nodes": 1984,
    "neutrality_scaled": 4.079368927418385e-15,
    "max_local_number_ledger": 4.009357507853835e-15,
    "max_local_energy_ledger": 1.179123000446985e-16,
    "native_calls": {
      "RATES": 1,
      "SIGMA": 18,
      "RHS": 257
    },
    "elapsed_wall_s": 1.8545285849977518,
    "band_eV": [
      10,
      200
    ],
    "order": 2,
    "nmu": 4,
    "shear_ratio": 0.0,
    "source_scale": 1.0,
    "source_sha256": {
      "emissivity.out": "88743ec9041a47fd12f47bf50a75a06903089e1afd992b5460a4af471249469b",
      "UVB.out": "a708586ead551202c068b049d48afa87b96695c5a5d12253e9b9bbb74efd75dc"
    },
    "claim": "SOURCE_BACKED_CONDITIONAL_INTERVAL_NOT_PHYSICAL_EOR_ADMISSION"
  },
  "initial": {
    "time_s": 0.0,
    "z": 5.807,
    "xHII": 0.9999754776655497,
    "xHeII": 0.9720755277462331,
    "xHeIII": 0.027869549428816035,
    "T_K": 49999.99999999999,
    "nH_cm3": 5.935621973155476e-05,
    "ne_cm3": 6.417112134848319e-05,
    "photon_cm3": 0.00023283010856484302,
    "photon_erg_cm3": 4.1172368569111556e-15,
    "delta_pressure_erg_cm3": -1.0422500323729877e-30,
    "GammaHI_s": 2.913560044348094e-13,
    "GammaHeI_s": 1.832545879834065e-13,
    "GammaHeII_s": 1.0596477080146424e-18,
    "energy_ledger_scaled": -1.59273650830655e-15,
    "number_ledger_scaled": 0.0,
    "min_photon_cm3_reference": 5.292261480914689e-16,
    "escape_erg_cm3_reference": 0.0,
    "work_erg_cm3_reference": 0.0,
    "source_erg_cm3_reference": 0.0,
    "absorbed_cm3_reference": 0.0,
    "source_cm3_reference": 0.0
  },
  "final": {
    "time_s": 100000000000.0,
    "z": 5.80698492362865,
    "xHII": 0.9999754777007593,
    "xHeII": 0.9720755263017816,
    "xHeIII": 0.027869550920073774,
    "T_K": 49999.776161311325,
    "nH_cm3": 5.935582534000401e-05,
    "ne_cm3": 6.417069497368494e-05,
    "photon_cm3": 0.00023283611683454992,
    "photon_erg_cm3": 4.117347356482868e-15,
    "delta_pressure_erg_cm3": -1.0422500323729877e-30,
    "GammaHI_s": 2.9138495649101657e-13,
    "GammaHeI_s": 1.832704376506597e-13,
    "GammaHeII_s": 1.0902806585988994e-18,
    "energy_ledger_scaled": -4.550675738018714e-16,
    "number_ledger_scaled": -1.1641558937206306e-15,
    "min_photon_cm3_reference": 5.432098145161361e-16,
    "escape_erg_cm3_reference": 1.5763239285174473e-21,
    "work_erg_cm3_reference": 1.5000119105899472e-20,
    "source_erg_cm3_reference": 1.4849110206592746e-19,
    "absorbed_cm3_reference": 4.7616790842209044e-11,
    "source_cm3_reference": 7.602973016465713e-09
  }
}
