{
  "tag": "rk32",
  "metadata": {
    "method": "RK4",
    "nfev": 128,
    "rtol": 2e-10,
    "steps": 32,
    "nodes": 1984,
    "neutrality_scaled": 4.079368927418385e-15,
    "max_local_number_ledger": 3.377923386493756e-15,
    "max_local_energy_ledger": 1.1791230616672267e-16,
    "native_calls": {
      "RATES": 1,
      "SIGMA": 18,
      "RHS": 128
    },
    "elapsed_wall_s": 1.0903551189985592,
    "band_eV": [
      10,
      200
    ],
    "order": 2,
    "nmu": 4,
    "shear_ratio": 0.001,
    "source_scale": 1.0,
    "source_sha256": {
      "emissivity.out": "88743ec9041a47fd12f47bf50a75a06903089e1afd992b5460a4af471249469b",
      "UVB.out": "a708586ead551202c068b049d48afa87b96695c5a5d12253e9b9bbb74efd75dc"
    },
    "claim": "SOURCE_BACKED_CONDITIONAL_INTERVAL_NOT_PHYSICAL_EOR_ADMISSION"
  },
  "initial": {
    "time_s": 0.0,
    "z": 5.807,
    "xHII": 0.9999754776655497,
    "xHeII": 0.9720755277462331,
    "xHeIII": 0.027869549428816035,
    "T_K": 49999.99999999999,
    "nH_cm3": 5.935621973155476e-05,
    "ne_cm3": 6.417112134848319e-05,
    "photon_cm3": 0.00023283010856484302,
    "photon_erg_cm3": 4.1172368569111556e-15,
    "delta_pressure_erg_cm3": -1.0422500323729877e-30,
    "GammaHI_s": 2.913560044348094e-13,
    "GammaHeI_s": 1.832545879834065e-13,
    "GammaHeII_s": 1.0596477080146424e-18,
    "energy_ledger_scaled": 0.0,
    "number_ledger_scaled": 0.0,
    "min_photon_cm3_reference": 5.292261480914689e-16,
    "escape_erg_cm3_reference": 0.0,
    "work_erg_cm3_reference": 0.0,
    "source_erg_cm3_reference": 0.0,
    "absorbed_cm3_reference": 0.0,
    "source_cm3_reference": 0.0
  },
  "final": {
    "time_s": 100000000000.0,
    "z": 5.80698492362111,
    "xHII": 0.9999754777007596,
    "xHeII": 0.9720755263017817,
    "xHeIII": 0.02786955092007378,
    "T_K": 49999.7761612006,
    "nH_cm3": 5.9355825339806816e-05,
    "ne_cm3": 6.417069497347176e-05,
    "photon_cm3": 0.00023283611683377637,
    "photon_erg_cm3": 4.117347356464628e-15,
    "delta_pressure_erg_cm3": -1.4590364748103218e-23,
    "GammaHI_s": 2.9138495649093337e-13,
    "GammaHeI_s": 1.8327043765040567e-13,
    "GammaHeII_s": 1.0902806585989263e-18,
    "energy_ledger_scaled": -1.1376689345046785e-16,
    "number_ledger_scaled": -1.5134026618368198e-15,
    "min_photon_cm3_reference": 5.432098146017689e-16,
    "escape_erg_cm3_reference": 1.5763239285155075e-21,
    "work_erg_cm3_reference": 1.5000126605883243e-20,
    "source_erg_cm3_reference": 1.484911020663009e-19,
    "absorbed_cm3_reference": 4.7616790842018896e-11,
    "source_cm3_reference": 7.602973016487496e-09
  }
}
