{
  "tag": "spectral4",
  "metadata": {
    "method": "DOP853",
    "nfev": 257,
    "rtol": 2e-10,
    "steps": 32,
    "nodes": 3968,
    "neutrality_scaled": 4.116342059691059e-15,
    "max_local_number_ledger": 6.402708695264354e-15,
    "max_local_energy_ledger": 1.1791230970046235e-16,
    "native_calls": {
      "RATES": 1,
      "SIGMA": 18,
      "RHS": 257
    },
    "elapsed_wall_s": 3.583315747000597,
    "band_eV": [
      10,
      200
    ],
    "order": 4,
    "nmu": 4,
    "shear_ratio": 0.001,
    "source_scale": 1.0,
    "source_sha256": {
      "emissivity.out": "88743ec9041a47fd12f47bf50a75a06903089e1afd992b5460a4af471249469b",
      "UVB.out": "a708586ead551202c068b049d48afa87b96695c5a5d12253e9b9bbb74efd75dc"
    },
    "claim": "SOURCE_BACKED_CONDITIONAL_INTERVAL_NOT_PHYSICAL_EOR_ADMISSION"
  },
  "initial": {
    "time_s": 0.0,
    "z": 5.807,
    "xHII": 0.9999754776691262,
    "xHeII": 0.9720755203035303,
    "xHeIII": 0.027869556871126182,
    "T_K": 49999.999999999985,
    "nH_cm3": 5.935621973155476e-05,
    "ne_cm3": 6.417112138356843e-05,
    "photon_cm3": 0.00023283010856484307,
    "photon_erg_cm3": 4.1172368055283826e-15,
    "delta_pressure_erg_cm3": -1.215958371101819e-30,
    "GammaHI_s": 2.9135605289782914e-13,
    "GammaHeI_s": 1.8325458535384168e-13,
    "GammaHeII_s": 1.0596480786317915e-18,
    "energy_ledger_scaled": -7.963682596631024e-16,
    "number_ledger_scaled": 0.0,
    "min_photon_cm3_reference": 1.8408156119731308e-16,
    "escape_erg_cm3_reference": 0.0,
    "work_erg_cm3_reference": 0.0,
    "source_erg_cm3_reference": 0.0,
    "absorbed_cm3_reference": 0.0,
    "source_cm3_reference": 0.0
  },
  "final": {
    "time_s": 100000000000.0,
    "z": 5.80698492362111,
    "xHII": 0.9999754777043356,
    "xHeII": 0.9720755188590817,
    "xHeIII": 0.02786955836238096,
    "T_K": 49999.77616119475,
    "nH_cm3": 5.9355825339806816e-05,
    "ne_cm3": 6.417069500855673e-05,
    "photon_cm3": 0.0002328361168337754,
    "photon_erg_cm3": 4.117347305083521e-15,
    "delta_pressure_erg_cm3": -1.459036457439488e-23,
    "GammaHI_s": 2.9138500494825963e-13,
    "GammaHeI_s": 1.8327043502032385e-13,
    "GammaHeII_s": 1.0902809690404278e-18,
    "energy_ledger_scaled": -5.688344711879304e-16,
    "number_ledger_scaled": -2.6775585555574394e-15,
    "min_photon_cm3_reference": 1.8894580447371796e-16,
    "escape_erg_cm3_reference": 1.5763239427025716e-21,
    "work_erg_cm3_reference": 1.500012649368917e-20,
    "source_erg_cm3_reference": 1.4849110313683226e-19,
    "absorbed_cm3_reference": 4.761679182807843e-11,
    "source_cm3_reference": 7.602973016487506e-09
  }
}
