{
  "tag": "angular8",
  "metadata": {
    "method": "DOP853",
    "nfev": 257,
    "rtol": 2e-10,
    "steps": 32,
    "nodes": 7936,
    "neutrality_scaled": 4.116342059691059e-15,
    "max_local_number_ledger": 1.0769510419394717e-14,
    "max_local_energy_ledger": 1.7686843775689227e-16,
    "native_calls": {
      "RATES": 1,
      "SIGMA": 18,
      "RHS": 257
    },
    "elapsed_wall_s": 6.766246627001237,
    "band_eV": [
      10,
      200
    ],
    "order": 4,
    "nmu": 8,
    "shear_ratio": 0.001,
    "source_scale": 1.0,
    "source_sha256": {
      "emissivity.out": "88743ec9041a47fd12f47bf50a75a06903089e1afd992b5460a4af471249469b",
      "UVB.out": "a708586ead551202c068b049d48afa87b96695c5a5d12253e9b9bbb74efd75dc"
    },
    "claim": "SOURCE_BACKED_CONDITIONAL_INTERVAL_NOT_PHYSICAL_EOR_ADMISSION"
  },
  "initial": {
    "time_s": 0.0,
    "z": 5.807,
    "xHII": 0.9999754776691262,
    "xHeII": 0.9720755203035304,
    "xHeIII": 0.02786955687112613,
    "T_K": 49999.999999999985,
    "nH_cm3": 5.935621973155476e-05,
    "ne_cm3": 6.417112138356843e-05,
    "photon_cm3": 0.00023283010856484302,
    "photon_erg_cm3": 4.117236805528385e-15,
    "delta_pressure_erg_cm3": 3.5610209439410416e-30,
    "GammaHI_s": 2.9135605289782924e-13,
    "GammaHeI_s": 1.8325458535384125e-13,
    "GammaHeII_s": 1.0596480786317888e-18,
    "energy_ledger_scaled": -1.8202703078013767e-15,
    "number_ledger_scaled": 0.0,
    "min_photon_cm3_reference": 5.3569203529961446e-17,
    "escape_erg_cm3_reference": 0.0,
    "work_erg_cm3_reference": 0.0,
    "source_erg_cm3_reference": 0.0,
    "absorbed_cm3_reference": 0.0,
    "source_cm3_reference": 0.0
  },
  "final": {
    "time_s": 100000000000.0,
    "z": 5.80698492362111,
    "xHII": 0.9999754777043356,
    "xHeII": 0.9720755188590818,
    "xHeIII": 0.027869558362380892,
    "T_K": 49999.77616119476,
    "nH_cm3": 5.9355825339806816e-05,
    "ne_cm3": 6.417069500855673e-05,
    "photon_cm3": 0.0002328361168337754,
    "photon_erg_cm3": 4.1173473050835225e-15,
    "delta_pressure_erg_cm3": -1.4590359971123903e-23,
    "GammaHI_s": 2.9138500494825837e-13,
    "GammaHeI_s": 1.8327043502032324e-13,
    "GammaHeII_s": 1.0902809690404251e-18,
    "energy_ledger_scaled": -1.3652027308510325e-15,
    "number_ledger_scaled": 2.3283117874412694e-16,
    "min_photon_cm3_reference": 5.498473715051131e-17,
    "escape_erg_cm3_reference": 1.5763239427025714e-21,
    "work_erg_cm3_reference": 1.5000126493689347e-20,
    "source_erg_cm3_reference": 1.48491103136831e-19,
    "absorbed_cm3_reference": 4.761679182798127e-11,
    "source_cm3_reference": 7.60297301648748e-09
  }
}
