00_READ_FIRST.md: OK
02_EVIDENCE_ACQUISITION.md: OK
03_CLAIM_SOURCE_AUDIT.md: OK
04_HYPOTHESIS_SPACE.md: OK
05_ADVERSARIAL_REVIEW.md: OK
06_VALIDATION_AND_DIMENSIONAL_CLOSURE.md: OK
07_VERIFICATION_DESIGN_AND_RESULTS.md: OK
08_EXTERNAL_GATE.md: OK
09_FORMALIZATION.md: OK
10_CLOSEOUT_AND_HANDOFF.md: OK
FORMALISM.md: OK
INDEPENDENT_REVIEW.md: OK
INPUT_LOCK.json: OK
LITERATURE_EVIDENCE_LEDGER.md: OK
MANIFEST.json: OK
NEXT_STAGE_PROMPT.md: OK
RESEARCH_CONTRACT.md: OK
RESULTS_AND_VERDICT.md: OK
SCIENTIFIC_CONTRACT.md: OK
STAGE_STATE.json: OK
analysis/event_uncertainty_operator.py: OK
analysis/exact_validate_preflight.py: OK
analysis/run_four_corner_preflight.py: OK
analysis/uncertainty_policy.py: OK
analysis/uncertainty_trial.py: OK
analysis/validate_preflight.py: OK
analysis/wolfram_r2_r1a_preflight_validation.wl: OK
attempts/ATTEMPT_0_CONCURRENT_PRELOCK_POLICY_SUPERSEDED.md: OK
attempts/ATTEMPT_0_FAKE_ENERGY_AXIS_SUPERSEDED.md: OK
attempts/ATTEMPT_1_SPEC_POLICY_CORRECTION.md: OK
attempts/ATTEMPT_2_DUPLICATE_RUNNER_AND_GATE_CONTRADICTION.md: OK
attempts/ATTEMPT_2_DUPLICATE_RUNNER_FALSE_NEGATIVE.log: OK
attempts/ATTEMPT_3_PARTIAL_POLICY_HEADER.csv: OK
attempts/ATTEMPT_3_PFAIL_TRACEBACK.log: OK
attempts/ATTEMPT_3_POSTCOMPUTE_CSV_SCHEMA_OMISSION.md: OK
attempts/ATTEMPT_4_LONG_LIVED_RUNTIME_STALL.md: OK
attempts/ATTEMPT_4_SINGLE_PROCESS_REFERENCE_RECEIPT.json: OK
attempts/ATTEMPT_4_WATCHDOG_TIMEOUT.log: OK
attempts/ATTEMPT_4_WATCHDOG_TIMEOUT.md: OK
attempts/ATTEMPT_5_CUMULATIVE_SANDBOX_CPU_BUDGET.md: OK
attempts/ATTEMPT_5_PARENT_COMMAND_LOG.log: OK
data/endpoint_hashes.json: OK
data/lane_workers/local_neutral_hazard_primary.json: OK
data/lane_workers/local_neutral_hazard_primary.log: OK
data/lane_workers/local_neutral_hazard_primary.npz: OK
data/lane_workers/recombination_weighted_auditor.json: OK
data/lane_workers/recombination_weighted_auditor.log: OK
data/lane_workers/recombination_weighted_auditor.npz: OK
data/lane_workers/script_self_shielding_auditor.json: OK
data/lane_workers/script_self_shielding_auditor.log: OK
data/lane_workers/script_self_shielding_auditor.npz: OK
data/policy_trial_summary.csv: OK
data/strict_corner_envelopes.npz: OK
receipts/BASELINE_STAGE_TESTS.log: OK
receipts/BASELINE_VERIFY.log: OK
receipts/EXACT_VALIDATION.json: OK
receipts/EXACT_VALIDATION.log: OK
receipts/INDEPENDENT_VALIDATION.json: OK
receipts/INDEPENDENT_VALIDATION_RUN.log: OK
receipts/ISOLATED_WORKER_PARITY_RECEIPT.json: OK
receipts/NATIVE_REC_UPDATE_EXIT_CODE.txt: OK
receipts/NATIVE_REC_UPDATE_STDERR.log: OK
receipts/NATIVE_REC_UPDATE_STDOUT.log: OK
receipts/PRECALC_STAGE_TESTS_AFTER_CSV_FIX.log: OK
receipts/PRECALC_STAGE_TESTS_FINAL.log: OK
receipts/PRECALC_STAGE_TESTS_MERGE.log: OK
receipts/PRECALC_STAGE_TESTS_WORKER.log: OK
receipts/PRECALC_VERIFY_FINAL.log: OK
receipts/PRECISE_SPECIAL_FUNCTIONS_RECEIPT.json: OK
receipts/PREFLIGHT_MERGE.log: OK
receipts/REMOTE_READ_ONLY_RECEIPT.json: OK
receipts/RESEARCH_HARNESS_RECEIPT.json: OK
receipts/STAGE_TESTS_FINAL_PRESEAL.log: OK
receipts/STAGE_TESTS_POSTSCIENCE.log: OK
receipts/WEB_SOURCE_LOCK.json: OK
receipts/WOLFRAM_PLUGIN_RECEIPT.json: OK
receipts/WOLFRAM_VALIDATION.json: OK
receipts/WORKER_SCRIPT_SELF_SHIELDING.log: OK
receipts/file_isolated_logs/0ab8ade8636dd3da_test_adaptive_controller.log: OK
receipts/file_isolated_logs/145a1f921e11ff48_test_relaxation_operator.log: OK
receipts/file_isolated_logs/1787522129ca20cd_test_node_lift_operator.log: OK
receipts/file_isolated_logs/24881aff4169af3d_test_r1b_identifiability_evidence.log: OK
receipts/file_isolated_logs/26526f68cd5445b6_test_initial_material_state.log: OK
receipts/file_isolated_logs/26b19bd22aa13e87_test_run_node_lift.log: OK
receipts/file_isolated_logs/2d3ff26132659b7d_test_exact_symbolic_fallback.log: OK
receipts/file_isolated_logs/320a491f7280ac4d_test_atomic_moment_lock.log: OK
receipts/file_isolated_logs/383b9331197b5aaf_test_upload_recovery.log: OK
receipts/file_isolated_logs/3b04611a19e88005_test_state_derived_owner_law.log: OK
receipts/file_isolated_logs/45ffb0cd6629a6a6_test_validate_stage.log: OK
receipts/file_isolated_logs/5bd37f9c10cfc849_test_relaxation_audit_core.log: OK
receipts/file_isolated_logs/6bb0c7de807eb81f_test_preflight_builder.log: OK
receipts/file_isolated_logs/886978fbd2fe94d3_test_r1b_r1_helpers.log: OK
receipts/file_isolated_logs/921e50ebc3089017_test_preflight_results.log: OK
receipts/file_isolated_logs/9ef6b4a4cd774c34_test_relaxation_projection.log: OK
receipts/file_isolated_logs/9fba92317a5c8863_test_dynamic_opacity_partition.log: OK
receipts/file_isolated_logs/e38f650f05e2cd15_test_owner_split_upstream_regression.log: OK
receipts/file_isolated_logs/e8c754011eecf85d_test_owner_split_operator.log: OK
results.json: OK
state/TDD_GREEN_CANONICAL_RUNNER.log: OK
state/TDD_GREEN_CSV_SCHEMA.log: OK
state/TDD_GREEN_DYNAMIC_V.log: OK
state/TDD_GREEN_EVENT_ENERGY_SEPARATION.log: OK
state/TDD_GREEN_INDEPENDENT_VALIDATOR.log: OK
state/TDD_GREEN_LANE_WORKER.log: OK
state/TDD_GREEN_POLICY_CORRECTION.log: OK
state/TDD_GREEN_PROPAGATION_RUNNER.log: OK
state/TDD_GREEN_RUNNER.log: OK
state/TDD_GREEN_THERMAL_EVENT_COUPLING.log: OK
state/TDD_GREEN_UNCERTAINTY_TRIAL.log: OK
state/TDD_GREEN_WORKER_MERGE.log: OK
state/TDD_RED_CSV_SCHEMA.log: OK
state/TDD_RED_DYNAMIC_V.log: OK
state/TDD_RED_EVENT_ENERGY_SEPARATION.log: OK
state/TDD_RED_EVENT_OPERATOR.log: OK
state/TDD_RED_INDEPENDENT_VALIDATOR.log: OK
state/TDD_RED_POLICY.log: OK
state/TDD_RED_POLICY_CORRECTION.log: OK
state/TDD_RED_PROPAGATION_RUNNER.log: OK
state/TDD_RED_RUNNER.log: OK
state/TDD_RED_THERMAL_EVENT_COUPLING.log: OK
state/TDD_RED_UNCERTAINTY_TRIAL.log: OK
state/TDD_RED_UNCERTAINTY_TRIAL_CORRECTED.log: OK
tests/test_event_uncertainty_operator.py: OK
tests/test_propagation_runner.py: OK
tests/test_uncertainty_policy.py: OK
tests/test_uncertainty_trial.py: OK
