test_contract_failure_receipt_is_saved (__main__.ReceiptTests.test_contract_failure_receipt_is_saved) ... FAIL
test_contract_success_does_not_execute_reference_or_rust (__main__.ReceiptTests.test_contract_success_does_not_execute_reference_or_rust) ... ok
test_existing_receipt_aborts_before_validation_or_child (__main__.ReceiptTests.test_existing_receipt_aborts_before_validation_or_child) ... FAIL
test_launch_failure_records_no_child_exit (__main__.ReceiptTests.test_launch_failure_records_no_child_exit) ... FAIL
test_malformed_reply_keeps_success_exit_raw_evidence (__main__.ReceiptTests.test_malformed_reply_keeps_success_exit_raw_evidence) ... FAIL
test_mismatch_retains_reference_and_both_child_runs (__main__.ReceiptTests.test_mismatch_retains_reference_and_both_child_runs) ... ERROR
test_missing_reference_writes_failure_without_child (__main__.ReceiptTests.test_missing_reference_writes_failure_without_child) ... FAIL
test_nonzero_child_keeps_exit_and_logs (__main__.ReceiptTests.test_nonzero_child_keeps_exit_and_logs) ... FAIL
test_second_batch_timeout_keeps_first_batch (__main__.ReceiptTests.test_second_batch_timeout_keeps_first_batch) ... FAIL
test_timeout_preserves_partial_binary_streams (__main__.ReceiptTests.test_timeout_preserves_partial_binary_streams) ... FAIL

======================================================================
ERROR: test_mismatch_retains_reference_and_both_child_runs (__main__.ReceiptTests.test_mismatch_retains_reference_and_both_child_runs)
----------------------------------------------------------------------
Traceback (most recent call last):
  File "/mnt/data/rei_microphysics_continuation_20260923/candidate/docs/forward/rust-20260922/evidence/test_checker_receipts.py", line 166, in test_mismatch_retains_reference_and_both_child_runs
    self.assertEqual(r['failures'][0]['reference']['values'], [2.,6.])
                     ~~~~~~~~~~~~~~~~^^^^^^^^^^^^^
KeyError: 'reference'

======================================================================
FAIL: test_contract_failure_receipt_is_saved (__main__.ReceiptTests.test_contract_failure_receipt_is_saved)
----------------------------------------------------------------------
Traceback (most recent call last):
  File "/mnt/data/rei_microphysics_continuation_20260923/candidate/docs/forward/rust-20260922/evidence/test_checker_receipts.py", line 76, in test_contract_failure_receipt_is_saved
    r = self.receipt()
  File "/mnt/data/rei_microphysics_continuation_20260923/candidate/docs/forward/rust-20260922/evidence/test_checker_receipts.py", line 62, in receipt
    self.assertTrue(self.output.exists(), 'requested failure receipt was not created')
    ~~~~~~~~~~~~~~~^^^^^^^^^^^^^^^^^^^^^^^^^^^^^^^^^^^^^^^^^^^^^^^^^^^^^^^^^^^^^^^^^^^
AssertionError: False is not true : requested failure receipt was not created

======================================================================
FAIL: test_existing_receipt_aborts_before_validation_or_child (__main__.ReceiptTests.test_existing_receipt_aborts_before_validation_or_child)
----------------------------------------------------------------------
Traceback (most recent call last):
  File "/mnt/data/rei_microphysics_continuation_20260923/candidate/docs/forward/rust-20260922/evidence/test_checker_receipts.py", line 87, in test_existing_receipt_aborts_before_validation_or_child
    check.assert_not_called()
    ~~~~~~~~~~~~~~~~~~~~~~~^^
  File "/usr/lib/python3.13/unittest/mock.py", line 940, in assert_not_called
    raise AssertionError(msg)
AssertionError: Expected 'check_contract' to not have been called. Called 1 times.
Calls: [call(), call().__iter__()].

======================================================================
FAIL: test_launch_failure_records_no_child_exit (__main__.ReceiptTests.test_launch_failure_records_no_child_exit)
----------------------------------------------------------------------
Traceback (most recent call last):
  File "/mnt/data/rei_microphysics_continuation_20260923/candidate/docs/forward/rust-20260922/evidence/test_checker_receipts.py", line 153, in test_launch_failure_records_no_child_exit
    run = self.receipt()['child_runs'][0]
          ~~~~~~~~~~~~^^
  File "/mnt/data/rei_microphysics_continuation_20260923/candidate/docs/forward/rust-20260922/evidence/test_checker_receipts.py", line 62, in receipt
    self.assertTrue(self.output.exists(), 'requested failure receipt was not created')
    ~~~~~~~~~~~~~~~^^^^^^^^^^^^^^^^^^^^^^^^^^^^^^^^^^^^^^^^^^^^^^^^^^^^^^^^^^^^^^^^^^^
AssertionError: False is not true : requested failure receipt was not created

======================================================================
FAIL: test_malformed_reply_keeps_success_exit_raw_evidence (__main__.ReceiptTests.test_malformed_reply_keeps_success_exit_raw_evidence)
----------------------------------------------------------------------
Traceback (most recent call last):
  File "/mnt/data/rei_microphysics_continuation_20260923/candidate/docs/forward/rust-20260922/evidence/test_checker_receipts.py", line 143, in test_malformed_reply_keeps_success_exit_raw_evidence
    r = self.receipt()
  File "/mnt/data/rei_microphysics_continuation_20260923/candidate/docs/forward/rust-20260922/evidence/test_checker_receipts.py", line 62, in receipt
    self.assertTrue(self.output.exists(), 'requested failure receipt was not created')
    ~~~~~~~~~~~~~~~^^^^^^^^^^^^^^^^^^^^^^^^^^^^^^^^^^^^^^^^^^^^^^^^^^^^^^^^^^^^^^^^^^^
AssertionError: False is not true : requested failure receipt was not created

======================================================================
FAIL: test_missing_reference_writes_failure_without_child (__main__.ReceiptTests.test_missing_reference_writes_failure_without_child)
----------------------------------------------------------------------
Traceback (most recent call last):
  File "/mnt/data/rei_microphysics_continuation_20260923/candidate/docs/forward/rust-20260922/evidence/test_checker_receipts.py", line 95, in test_missing_reference_writes_failure_without_child
    self.assertIn('SIMULATED_MISSING_JAX', self.receipt()['error'])
                                           ~~~~~~~~~~~~^^
  File "/mnt/data/rei_microphysics_continuation_20260923/candidate/docs/forward/rust-20260922/evidence/test_checker_receipts.py", line 62, in receipt
    self.assertTrue(self.output.exists(), 'requested failure receipt was not created')
    ~~~~~~~~~~~~~~~^^^^^^^^^^^^^^^^^^^^^^^^^^^^^^^^^^^^^^^^^^^^^^^^^^^^^^^^^^^^^^^^^^^
AssertionError: False is not true : requested failure receipt was not created

======================================================================
FAIL: test_nonzero_child_keeps_exit_and_logs (__main__.ReceiptTests.test_nonzero_child_keeps_exit_and_logs)
----------------------------------------------------------------------
Traceback (most recent call last):
  File "/mnt/data/rei_microphysics_continuation_20260923/candidate/docs/forward/rust-20260922/evidence/test_checker_receipts.py", line 119, in test_nonzero_child_keeps_exit_and_logs
    run = self.receipt()['child_runs'][0]
          ~~~~~~~~~~~~^^
  File "/mnt/data/rei_microphysics_continuation_20260923/candidate/docs/forward/rust-20260922/evidence/test_checker_receipts.py", line 62, in receipt
    self.assertTrue(self.output.exists(), 'requested failure receipt was not created')
    ~~~~~~~~~~~~~~~^^^^^^^^^^^^^^^^^^^^^^^^^^^^^^^^^^^^^^^^^^^^^^^^^^^^^^^^^^^^^^^^^^^
AssertionError: False is not true : requested failure receipt was not created

======================================================================
FAIL: test_second_batch_timeout_keeps_first_batch (__main__.ReceiptTests.test_second_batch_timeout_keeps_first_batch)
----------------------------------------------------------------------
Traceback (most recent call last):
  File "/mnt/data/rei_microphysics_continuation_20260923/candidate/docs/forward/rust-20260922/evidence/test_checker_receipts.py", line 131, in test_second_batch_timeout_keeps_first_batch
    runs = self.receipt()['child_runs']
           ~~~~~~~~~~~~^^
  File "/mnt/data/rei_microphysics_continuation_20260923/candidate/docs/forward/rust-20260922/evidence/test_checker_receipts.py", line 62, in receipt
    self.assertTrue(self.output.exists(), 'requested failure receipt was not created')
    ~~~~~~~~~~~~~~~^^^^^^^^^^^^^^^^^^^^^^^^^^^^^^^^^^^^^^^^^^^^^^^^^^^^^^^^^^^^^^^^^^^
AssertionError: False is not true : requested failure receipt was not created

======================================================================
FAIL: test_timeout_preserves_partial_binary_streams (__main__.ReceiptTests.test_timeout_preserves_partial_binary_streams)
----------------------------------------------------------------------
Traceback (most recent call last):
  File "/mnt/data/rei_microphysics_continuation_20260923/candidate/docs/forward/rust-20260922/evidence/test_checker_receipts.py", line 103, in test_timeout_preserves_partial_binary_streams
    r = self.receipt()
  File "/mnt/data/rei_microphysics_continuation_20260923/candidate/docs/forward/rust-20260922/evidence/test_checker_receipts.py", line 62, in receipt
    self.assertTrue(self.output.exists(), 'requested failure receipt was not created')
    ~~~~~~~~~~~~~~~^^^^^^^^^^^^^^^^^^^^^^^^^^^^^^^^^^^^^^^^^^^^^^^^^^^^^^^^^^^^^^^^^^^
AssertionError: False is not true : requested failure receipt was not created

----------------------------------------------------------------------
Ran 10 tests in 0.041s

FAILED (failures=8, errors=1)
