command: python stages/Bianchi_Reionization_Stage_P0_5_B2C2B0C_R2C_R1A_NODE_LOCAL_PHYSICS_DERIVED_RATE_FIELD_CONE_PREFLIGHT/validation/exact_symbolic_fallback.py
started_utc: 2026-08-05T19:26:59Z
{
  "checks": {
    "capacity_refinement_identity": true,
    "column_conservation": true,
    "common_equilibrium_extrapolation_positive": true,
    "common_equilibrium_extrapolation_symbolic": true,
    "integrated_budget_identity": true,
    "metzler_offdiagonal": true
  },
  "classification": "R2C_R1A_EXACT_SYMBOLIC_FALLBACK",
  "mpmath_100_digit": {
    "equilibrium_multiplier_gt_one": true,
    "gamma_3_over_2": true,
    "max_column_sum_residual": "0.0",
    "positive_semigroup_entries": true,
    "semigroup_column_sums": true
  },
  "numeric_90_digit": {
    "C1": "257247322853324709051595748060570480802655260650237.084378678964643854050921182100041759524",
    "C8": "358550082826597672412765984484563846421242085201896.675029431717150832407369456800334076195",
    "identity_residual": "0E-39",
    "relative_change": "0.393795196193481820360607278305218171244488992427823184509532713123116011109087885394845332"
  },
  "pass": true
}
exit_code: 0
finished_utc: 2026-08-05T19:27:00Z
