command: python stages/Bianchi_Reionization_Stage_P0_5_B2C2B0C_R2C_R1A_NODE_LOCAL_PHYSICS_DERIVED_RATE_FIELD_CONE_PREFLIGHT/analysis/run_node_local_physics_audit.py --repo . --state /mnt/data/node_state_lift.csv.gz --groups /mnt/data/node_group_lift.csv.gz --output stages/Bianchi_Reionization_Stage_P0_5_B2C2B0C_R2C_R1A_NODE_LOCAL_PHYSICS_DERIVED_RATE_FIELD_CONE_PREFLIGHT/data
started_utc: 2026-08-05T19:26:37Z
{
  "B2C2B_authorized": false,
  "capacity_refinement_max_relative_change_q8": 0.8953584236207771,
  "capacity_refinement_noninvariant_case_count_q2": 10,
  "case_count": 30,
  "classification": "R2C_R1A_NODE_LOCAL_PHYSICS_AUDIT",
  "collisional_event_rate_max": 7.307992236027336e+46,
  "collisional_event_rate_min": 2.3855048737069118e-167,
  "collisional_up_rate_s_inv_max": 4.251811011533391e-11,
  "collisional_up_rate_s_inv_min": 2.3277789930599377e-43,
  "current_gamma_relative_residual_max": 9.143461259914775e-16,
  "current_gamma_relative_residual_min": 0.0,
  "density_nonpositive_count": 0,
  "endpoint_state_cone_failure_count": 0,
  "farkas_case_count": 497,
  "farkas_constraint_counts": {
    "CYCLING_CAPACITY": 209,
    "J_G1_NONNEGATIVE": 125,
    "J_G2A_NONNEGATIVE": 157,
    "MACRO_MASS_CAP": 6
  },
  "gamma_G1_s_inv_max": 4.2109390657108806e-13,
  "gamma_G1_s_inv_min": 2.667546225922513e-19,
  "gamma_G2a_s_inv_max": 1.4503322220154707e-13,
  "gamma_G2a_s_inv_min": 1.7127013014883898e-17,
  "gamma_total_s_inv_max": 4.550022620649594e-13,
  "gamma_total_s_inv_min": 2.1608621591756173e-17,
  "generated_utc": "2026-08-05T19:26:38.335740+00:00",
  "group_input_sha256": "91ded6bf748db4a1e9af8425c6d6c48a06c60a3992cd051c25672ee7fd8ef262",
  "group_row_count": 2764800,
  "hypothesis_decision_evidence": {
    "H1_unchanged_scalar_taxonomy": "REJECT: C has no independent local autonomous law and J_g is algebraic flux, not reservoir state",
    "H2_state_flux_budget_reclassification": "SUPPORTED: correct positive H generator plus algebraic RT and cumulative photon budget removes the claimed Farkas obstruction",
    "H3_more_general_coupled_generator": "HOLD: not justified before nonautonomous photon-conserving forcing audit"
  },
  "ionized_mass_max": 1.0142261299724882e+64,
  "ionized_mass_min": 7.248555205191716e-148,
  "local_budget_pointwise_violation_macro_count": 540,
  "local_budget_pointwise_violation_node_count": 957298,
  "local_budget_relative_violation_max": 0.9400175404486566,
  "local_budget_relative_violation_min": 0.0,
  "local_interval_budget_pointwise_violation_count_at_2e-11": 957298,
  "local_interval_budget_rate_max": 3.8498674565234226e+47,
  "local_interval_budget_rate_min": 1.2027083936206151e-165,
  "macro_case_count": 540,
  "mass_farkas_both_endpoints_within_cap_count": 6,
  "mass_farkas_case_count": 6,
  "mass_max": 1.0240287668792232e+64,
  "mass_min": 7.252328389845985e-148,
  "mass_nonpositive_count": 0,
  "maximum_current_Gamma_relative_residual": 9.143461259914775e-16,
  "maximum_locked_moment_relative_residual": 3.540507458054483e-14,
  "n_h_cm3_max": 0.0164294853722211,
  "n_h_cm3_min": 2.919144186426571e-07,
  "negative_group_current_count": 0,
  "negative_group_opacity_count": 0,
  "neutral_exact_zero_count": 0,
  "neutral_mass_max": 1.0905905902649989e+62,
  "neutral_mass_min": 3.77318465426911e-151,
  "neutral_negative_count": 0,
  "next_stage_authorized": "P0.5-B2C2B0C-R2C-R1B-PHOTON-CONSERVING-CUMULATIVE-BUDGET-NONAUTONOMOUS-RT-FORCING-LOCK",
  "nonfinite_direct_rate_count": 0,
  "nonpositive_flux_count": 0,
  "old_capacity_local_budget_mismatch_macro_count": 540,
  "old_capacity_max": 2.421068784541857e+48,
  "old_capacity_min": 2.0032939662663886e-164,
  "old_capacity_pointwise_violation_count_at_2e-11": 0,
  "old_capacity_relative_violation_max": 1.4358109369818124e-15,
  "old_capacity_relative_violation_min": 0.0,
  "old_vs_local_budget_relative_max": 0.9400175404486766,
  "old_vs_local_budget_relative_min": 0.7798923755424466,
  "old_vs_local_budget_relative_mismatch_count_at_2e-11": 1382400,
  "production_node_chemistry_authorized": false,
  "radiative_farkas_case_count": 491,
  "recombination_down_rate_s_inv_max": 5.700051206620289e-15,
  "recombination_down_rate_s_inv_min": 2.2875950734965126e-20,
  "recombination_event_rate_max": 1.0496512429559684e+47,
  "recombination_event_rate_min": 2.0934662587126127e-167,
  "shape_lane_count": 3,
  "state_flux_budget_taxonomy": {
    "algebraic_RT_fluxes": [
      "J_G1",
      "J_G2a",
      "kappa_g",
      "Phi_g",
      "Gamma_g=J_g/N_HI"
    ],
    "dynamical_states": [
      "M=N_HI+N_HII",
      "N_HI",
      "N_HII",
      "U_thermal"
    ],
    "interval_budget_not_state": "C_Delta_t=N_HI,start/Delta_t+R_rec,average",
    "source_terms": [
      "mass_transfer_positive",
      "mass_transfer_negative",
      "photoionization",
      "collisional_ionization",
      "recombination",
      "heating",
      "cooling"
    ]
  },
  "state_input_sha256": "997b5b34332b1b5992bc04b7d0761f0ac97f7ce969885e43bf903d544a8ce49e",
  "state_row_count": 1382400,
  "temperature_k_max": 84696.20109888176,
  "temperature_k_min": 2484.1399837789286,
  "temperature_nonpositive_count": 0,
  "thermal_measure_max": 2.9026838726927276e+52,
  "thermal_measure_min": 5.678055516220604e-159,
  "x_hii_max": 0.9994920648218878,
  "x_hii_min": 0.8199106979713,
  "x_outside_unit_interval_count": 0
}
elapsed_seconds: 10.16
max_rss_kb: 255176
exit_code: 0
finished_utc: 2026-08-05T19:26:48Z
