completed interval=0 node=0 fraction=0.00000000
completed interval=0 node=1 fraction=0.00960736
completed interval=0 node=2 fraction=0.03806023
completed interval=0 node=3 fraction=0.08426519
completed interval=0 node=4 fraction=0.14644661
completed interval=0 node=5 fraction=0.22221488
completed interval=0 node=6 fraction=0.30865828
completed interval=0 node=7 fraction=0.40245484
completed interval=0 node=8 fraction=0.50000000
completed interval=0 node=9 fraction=0.59754516
completed interval=0 node=10 fraction=0.69134172
completed interval=0 node=11 fraction=0.77778512
completed interval=0 node=12 fraction=0.85355339
completed interval=0 node=13 fraction=0.91573481
completed interval=0 node=14 fraction=0.96193977
completed interval=0 node=15 fraction=0.99039264
completed interval=0 node=16 fraction=1.00000000
completed interval=1 node=0 fraction=0.00000000
completed interval=1 node=1 fraction=0.00960736
completed interval=1 node=2 fraction=0.03806023
completed interval=1 node=3 fraction=0.08426519
completed interval=1 node=4 fraction=0.14644661
completed interval=1 node=5 fraction=0.22221488
completed interval=1 node=6 fraction=0.30865828
completed interval=1 node=7 fraction=0.40245484
completed interval=1 node=8 fraction=0.50000000
completed interval=1 node=9 fraction=0.59754516
completed interval=1 node=10 fraction=0.69134172
completed interval=1 node=11 fraction=0.77778512
completed interval=1 node=12 fraction=0.85355339
completed interval=1 node=13 fraction=0.91573481
completed interval=1 node=14 fraction=0.96193977
completed interval=1 node=15 fraction=0.99039264
completed interval=1 node=16 fraction=1.00000000
completed interval=2 node=0 fraction=0.00000000
completed interval=2 node=1 fraction=0.00960736
completed interval=2 node=2 fraction=0.03806023
completed interval=2 node=3 fraction=0.08426519
completed interval=2 node=4 fraction=0.14644661
completed interval=2 node=5 fraction=0.22221488
completed interval=2 node=6 fraction=0.30865828
completed interval=2 node=7 fraction=0.40245484
completed interval=2 node=8 fraction=0.50000000
completed interval=2 node=9 fraction=0.59754516
completed interval=2 node=10 fraction=0.69134172
completed interval=2 node=11 fraction=0.77778512
completed interval=2 node=12 fraction=0.85355339
completed interval=2 node=13 fraction=0.91573481
completed interval=2 node=14 fraction=0.96193977
completed interval=2 node=15 fraction=0.99039264
completed interval=2 node=16 fraction=1.00000000
completed interval=3 node=0 fraction=0.00000000
completed interval=3 node=1 fraction=0.00960736
completed interval=3 node=2 fraction=0.03806023
completed interval=3 node=3 fraction=0.08426519
completed interval=3 node=4 fraction=0.14644661
completed interval=3 node=5 fraction=0.22221488
completed interval=3 node=6 fraction=0.30865828
completed interval=3 node=7 fraction=0.40245484
completed interval=3 node=8 fraction=0.50000000
completed interval=3 node=9 fraction=0.59754516
completed interval=3 node=10 fraction=0.69134172
completed interval=3 node=11 fraction=0.77778512
completed interval=3 node=12 fraction=0.85355339
completed interval=3 node=13 fraction=0.91573481
completed interval=3 node=14 fraction=0.96193977
completed interval=3 node=15 fraction=0.99039264
completed interval=3 node=16 fraction=1.00000000
completed interval=4 node=0 fraction=0.00000000
completed interval=4 node=1 fraction=0.00960736
completed interval=4 node=2 fraction=0.03806023
completed interval=4 node=3 fraction=0.08426519
completed interval=4 node=4 fraction=0.14644661
completed interval=4 node=5 fraction=0.22221488
completed interval=4 node=6 fraction=0.30865828
completed interval=4 node=7 fraction=0.40245484
completed interval=4 node=8 fraction=0.50000000
completed interval=4 node=9 fraction=0.59754516
completed interval=4 node=10 fraction=0.69134172
completed interval=4 node=11 fraction=0.77778512
completed interval=4 node=12 fraction=0.85355339
completed interval=4 node=13 fraction=0.91573481
completed interval=4 node=14 fraction=0.96193977
completed interval=4 node=15 fraction=0.99039264
completed interval=4 node=16 fraction=1.00000000
{
  "classification": "DYNAMIC_OPACITY_PARTITION_SUMMARY",
  "differential_vs_finite_TV_range": [
    1.683874238654419e-05,
    0.009120202154916813
  ],
  "dynamic_node_equivalents": 3916800,
  "group_cases": 340,
  "macro_group_cases": 6120,
  "max_H_fraction_residual": 1.1102230246251565e-16,
  "max_HeIII_fraction_residual": 3.144186300207963e-16,
  "max_HeII_fraction_residual": 5.551115123125783e-16,
  "max_common_flux_relative_residual": 2.2103894158923887e-16,
  "max_current_moment_relative_residual": 3.7572866316241157e-16,
  "max_hierarchy_mass_density_residual": 4.440892098500626e-16,
  "max_hierarchy_weight_residual": 1.1102230246251565e-16,
  "max_kappa_moment_relative_residual": 2.525668775692884e-16,
  "max_q_sum_residual": 1.1102230246251565e-16,
  "max_temperature_relative_residual": 4.965746535091086e-13,
  "negative_measure_count_total": 0,
  "partition_policy": "CONDITIONAL_UNIQUE_SHARED_RADON_NIKODYM_DENSITY_ON_STATE_DERIVED_ABSORPTION_MEASURE",
  "selected_time_rows": 85,
  "shape_prior_TV_range": [
    0.21588008609901832,
    0.672205569382146
  ],
  "tau_range": [
    7.589055867725142e-10,
    1.4822043764259174
  ],
  "zero_support_nonzero_allocation_count_total": 0
}
