00_READ_FIRST.md: OK
DIMENSION_SIGN_LIMIT_AUDIT.md: OK
FORMALISM.md: OK
HARNESS_INTEGRATION.md: OK
INDEPENDENT_REVIEW.md: OK
INPUT_LOCK.json: OK
MANIFEST.json: OK
NEXT_STAGE_PROMPT.md: OK
RESEARCH_CONTRACT.md: OK
RESULTS_AND_VERDICT.md: OK
STAGE_STATE.json: OK
VALIDATION_REPORT.md: OK
VERIFICATION_DESIGN.md: OK
analysis/build_atomic_moment_lock.py: OK
analysis/build_dynamic_opacity_partition.py: OK
analysis/calibrate_heating_lock.py: OK
analysis/replay_canonical_bdf_dense.py: OK
data/atomic_moments/atomic_moment_summary.json: OK
data/atomic_moments/optical_depth_heating_moments.csv: OK
data/atomic_moments/primary_group_source_occupation.json: OK
data/atomic_moments/species_group_support_matrix.csv: OK
data/atomic_moments/verner_gray_and_limit_moments.csv: OK
data/bdf_replay/candidate_dense_forcing_nodes.csv.gz: OK
data/bdf_replay/canonical_bdf_dense_replay_summary.json: OK
data/bdf_replay/canonical_bdf_replayed_group_fit_tables.csv: OK
data/bdf_replay/canonical_bdf_replayed_history.csv: OK
data/bdf_replay/canonical_bdf_replayed_photon_ledger.csv: OK
data/bdf_replay/canonical_history_replay_comparison.csv: OK
data/bdf_replay/canonical_ledger_replay_comparison.csv: OK
data/bdf_replay/canonical_time_resolved_forcing_nodes.csv: OK
data/bdf_replay/dense_quadrature_audit.csv: OK
data/bdf_replay/global_quadrature_selection.csv: OK
data/bdf_replay/selected_vs_GL512_audit.csv: OK
data/dynamic_opacity/dynamic_global_moment_audit.csv: OK
data/dynamic_opacity/dynamic_macro_disintegration.csv: OK
data/dynamic_opacity/dynamic_node_measure_hashes.csv: OK
data/dynamic_opacity/dynamic_opacity_partition_summary.json: OK
data/dynamic_opacity/hierarchy_state_moment_audit.csv: OK
data/dynamic_opacity/state_measure_vs_shape_prior_TV.csv: OK
data/heating_lock/bdf_heating_moment_calibration.csv: OK
data/heating_lock/heating_lock_summary.json: OK
data/heating_lock/time_resolved_thermal_forcing.csv: OK
inputs/CANONICAL_B2C2A_R1_SOURCE_MANIFEST.json: OK
inputs/canonical_b2c2a_r1_src/absorption_decomposition.py: OK
inputs/canonical_b2c2a_r1_src/b2b_physical_model.py: OK
inputs/canonical_b2c2a_r1_src/gamma_conditioned_reconciliation.py: OK
inputs/canonical_b2c2a_r1_src/hi_transmission_kernel_b2c1a.py: OK
inputs/canonical_b2c2a_r1_src/monolithic_model_b2a.py: OK
inputs/canonical_b2c2a_r1_src/multigroup_hhe_transmission.py: OK
inputs/canonical_b2c2a_r1_src/phase_space_kernel_b2c0.py: OK
inputs/canonical_b2c2a_r1_src/primary_exact_zero_model.py: OK
proofs/wolfram_r1b_r1_input_lock_validation.wl: OK
receipts/ATOMIC_MOMENT_RUN.log: OK
receipts/ATOMIC_MOMENT_RUN_FINAL.log: OK
receipts/ATOMIC_MOMENT_TESTS.log: OK
receipts/ATOMIC_MOMENT_TESTS_FINAL.log: OK
receipts/BDF_DENSE_REPLAY_RUN.log: OK
receipts/DYNAMIC_OPACITY_RUN.log: OK
receipts/DYNAMIC_OPACITY_TESTS.log: OK
receipts/HEATING_LOCK_RUN.log: OK
receipts/HELPER_TESTS_AFTER_IMPORT_FIX.log: OK
receipts/HELPER_TESTS_PRECALC.log: OK
receipts/INDEPENDENT_VALIDATION.log: OK
receipts/INPUT_MEMBER_AUDIT.json: OK
receipts/PRECISE_SPECIAL_FUNCTIONS_RECEIPT.json: OK
receipts/REMOTE_READ_FINAL.json: OK
receipts/REMOTE_READ_PRECALC.json: OK
receipts/RESEARCH_HARNESS_SHA256.txt: OK
receipts/RESEARCH_HARNESS_VALIDATION.log: OK
receipts/STAGE_TESTS.log: OK
receipts/WOLFRAM_PLUGIN_RECEIPT.json: OK
research/CLAIM_SOURCE_AUDIT.md: OK
research/CLOSEOUT.md: OK
research/DECISION_LOG.md: OK
research/EVIDENCE_LEDGER.md: OK
research/HYPOTHESIS_GRAPH.md: OK
research/INDEPENDENT_ADVERSARIAL_REVIEW.md: OK
research/LITERATURE_EVIDENCE_LEDGER.md: OK
research/NEGATIVE_RESULTS.md: OK
research/RESEARCH_STATE.md: OK
results.json: OK
state/ATTEMPT_0_COMPACT_SHA_AUDIT_EXPECTED_OMISSIONS/README.md: OK
state/ATTEMPT_0_COMPACT_SHA_AUDIT_EXPECTED_OMISSIONS/compact_member_verification.json: OK
state/ATTEMPT_1_THERMAL_COMPONENT_IMPORT_BOUNDARY/canonical_bdf_replayed_history.csv: OK
state/ATTEMPT_1_THERMAL_COMPONENT_IMPORT_BOUNDARY/canonical_bdf_replayed_photon_ledger.csv: OK
state/ATTEMPT_1_THERMAL_COMPONENT_IMPORT_BOUNDARY/error.log: OK
state/ATTEMPT_2_UNSTABLE_VANDERMONDE_QUADRATURE_REJECTED/README.md: OK
state/ATTEMPT_2_UNSTABLE_VANDERMONDE_QUADRATURE_REJECTED/diagnose_vandermonde.py: OK
state/ATTEMPT_2_UNSTABLE_VANDERMONDE_QUADRATURE_REJECTED/diagnostic.log: OK
state/ATTEMPT_3_FOREGROUND_RUNTIME_LIMIT_NO_SCIENCE_FAILURE/README.md: OK
state/ATTEMPT_4_WOLFRAM_SYMBOLIC_N_ARRAY_ERROR/README.md: OK
tests/test_atomic_moment_lock.py: OK
tests/test_dynamic_opacity_partition.py: OK
tests/test_r1b_r1_helpers.py: OK
validation/independent_validate_r1b_r1.py: OK
validation/independent_validation_results.json: OK
