warning: fields `zero_readout_bound` and `subnormal_readout_bound` are never read
  --> /workspace/scratch/a5a7937171cb/igm_two_loop_20261007/repo/research/transport_20261007/igm-two-loop/scripts/../src/tail.rs:31:9
   |
28 | pub struct Readout {
   |            ------- fields in this struct
...
31 |     pub zero_readout_bound: LogPositive,
   |         ^^^^^^^^^^^^^^^^^^
32 |     /// Conservative absolute bound for subnormal conversion only, not all FP error.
33 |     pub subnormal_readout_bound: LogPositive,
   |         ^^^^^^^^^^^^^^^^^^^^^^^
   |
   = note: `Readout` has derived impls for the traits `Debug` and `Clone`, but these are intentionally ignored during dead code analysis
   = note: `#[warn(dead_code)]` (part of `#[warn(unused)]`) on by default

warning: associated items `from_array`, `scale`, and `add` are never used
   --> /workspace/scratch/a5a7937171cb/igm_two_loop_20261007/repo/research/transport_20261007/igm-two-loop/scripts/../src/tail.rs:181:12
    |
174 | impl TailOwners {
    | --------------- associated items in this implementation
...
181 |     pub fn from_array(a: [LogPositive; 13]) -> Self {
    |            ^^^^^^^^^^
...
194 |     pub fn scale(self, weight: LogPositive) -> TailResult<Self> {
    |            ^^^^^
...
202 |     pub fn add(self, other: Self) -> TailResult<(Self, Self)> {
    |            ^^^

warning: struct `AnchoredCharacteristic` is never constructed
   --> /workspace/scratch/a5a7937171cb/igm_two_loop_20261007/repo/research/transport_20261007/igm-two-loop/scripts/../src/tail.rs:343:12
    |
343 | pub struct AnchoredCharacteristic {
    |            ^^^^^^^^^^^^^^^^^^^^^^

warning: function `characteristic_to_cutoff` is never used
   --> /workspace/scratch/a5a7937171cb/igm_two_loop_20261007/repo/research/transport_20261007/igm-two-loop/scripts/../src/tail.rs:355:8
    |
355 | pub fn characteristic_to_cutoff(
    |        ^^^^^^^^^^^^^^^^^^^^^^^^

warning: function `export` is never used
   --> /workspace/scratch/a5a7937171cb/igm_two_loop_20261007/repo/research/transport_20261007/igm-two-loop/scripts/../src/tail.rs:470:8
    |
470 | pub fn export(mut owners: TailOwners) -> TailResult<CharacteristicResult> {
    |        ^^^^^^

warning: 5 warnings emitted

