warning: struct `Readout` is never constructed
  --> /workspace/scratch/a5a7937171cb/igm_two_loop_20261007/repo/research/transport_20261007/igm-two-loop/scripts/../src/tail.rs:28:12
   |
28 | pub struct Readout {
   |            ^^^^^^^
   |
   = note: `#[warn(dead_code)]` (part of `#[warn(unused)]`) on by default

warning: methods `log_value` and `readout` are never used
   --> /workspace/scratch/a5a7937171cb/igm_two_loop_20261007/repo/research/transport_20261007/igm-two-loop/scripts/../src/tail.rs:62:12
    |
 35 | impl LogPositive {
    | ---------------- methods in this implementation
...
 62 |     pub fn log_value(self) -> f64 {
    |            ^^^^^^^^^
...
132 |     pub fn readout(self) -> TailResult<Readout> {
    |            ^^^^^^^

warning: associated items `from_array`, `scale`, and `add` are never used
   --> /workspace/scratch/a5a7937171cb/igm_two_loop_20261007/repo/research/transport_20261007/igm-two-loop/scripts/../src/tail.rs:181:12
    |
174 | impl TailOwners {
    | --------------- associated items in this implementation
...
181 |     pub fn from_array(a: [LogPositive; 13]) -> Self {
    |            ^^^^^^^^^^
...
194 |     pub fn scale(self, weight: LogPositive) -> TailResult<Self> {
    |            ^^^^^
...
202 |     pub fn add(self, other: Self) -> TailResult<(Self, Self)> {
    |            ^^^

warning: field `omitted_addend_bounds` is never read
   --> /workspace/scratch/a5a7937171cb/igm_two_loop_20261007/repo/research/transport_20261007/igm-two-loop/scripts/../src/tail.rs:219:9
    |
216 | pub struct CharacteristicResult {
    |            -------------------- field in this struct
...
219 |     pub omitted_addend_bounds: TailOwners,
    |         ^^^^^^^^^^^^^^^^^^^^^
    |
    = note: `CharacteristicResult` has derived impls for the traits `Debug` and `Clone`, but these are intentionally ignored during dead code analysis

warning: function `characteristic` is never used
   --> /workspace/scratch/a5a7937171cb/igm_two_loop_20261007/repo/research/transport_20261007/igm-two-loop/scripts/../src/tail.rs:332:8
    |
332 | pub fn characteristic(
    |        ^^^^^^^^^^^^^^

warning: 5 warnings emitted

