	Command being timed: "python stages/Bianchi_Reionization_Stage_P0_5_B2C2B0C_R2C_MOMENT_CONSTRAINED_NODE_CHEMISTRY_RELAXATION_AUDIT/src/run_relaxation_audit.py --repo . --stage stages/Bianchi_Reionization_Stage_P0_5_B2C2B0C_R2C_MOMENT_CONSTRAINED_NODE_CHEMISTRY_RELAXATION_AUDIT --work-dir /mnt/data/r2c_work/full_run_inputs"
	User time (seconds): 28.79
	System time (seconds): 4.37
	Percent of CPU this job got: 106%
	Elapsed (wall clock) time (h:mm:ss or m:ss): 0:31.06
	Average shared text size (kbytes): 0
	Average unshared data size (kbytes): 0
	Average stack size (kbytes): 0
	Average total size (kbytes): 0
	Maximum resident set size (kbytes): 1035252
	Average resident set size (kbytes): 0
	Major (requiring I/O) page faults: 0
	Minor (reclaiming a frame) page faults: 546763
	Voluntary context switches: 38
	Involuntary context switches: 546
	Swaps: 0
	File system inputs: 0
	File system outputs: 544816
	Socket messages sent: 0
	Socket messages received: 0
	Signals delivered: 0
	Page size (bytes): 4096
	Exit status: 0
