	Command being timed: "env PYTHONPATH=/mnt/data/r2c_work/repo/stages/Bianchi_Reionization_Stage_P0_5_B2C2B0C_R2C_MOMENT_CONSTRAINED_NODE_CHEMISTRY_RELAXATION_AUDIT/src:/mnt/data/r2c_work/repo/src python /mnt/data/r2c_work/repo/stages/Bianchi_Reionization_Stage_P0_5_B2C2B0C_R2C_MOMENT_CONSTRAINED_NODE_CHEMISTRY_RELAXATION_AUDIT/src/run_relaxation_audit.py --repo /mnt/data/r2c_work/repo --stage /mnt/data/r2c_work/repo/stages/Bianchi_Reionization_Stage_P0_5_B2C2B0C_R2C_MOMENT_CONSTRAINED_NODE_CHEMISTRY_RELAXATION_AUDIT --work-dir /mnt/data/r2c_work/full_run_inputs_v2"
	User time (seconds): 27.19
	System time (seconds): 4.49
	Percent of CPU this job got: 107%
	Elapsed (wall clock) time (h:mm:ss or m:ss): 0:29.51
	Average shared text size (kbytes): 0
	Average unshared data size (kbytes): 0
	Average stack size (kbytes): 0
	Average total size (kbytes): 0
	Maximum resident set size (kbytes): 1038640
	Average resident set size (kbytes): 0
	Major (requiring I/O) page faults: 0
	Minor (reclaiming a frame) page faults: 547694
	Voluntary context switches: 44
	Involuntary context switches: 571
	Swaps: 0
	File system inputs: 0
	File system outputs: 546016
	Socket messages sent: 0
	Socket messages received: 0
	Signals delivered: 0
	Page size (bytes): 4096
	Exit status: 0
