
==================================== ERRORS ====================================
_ ERROR collecting stages/Bianchi_Reionization_Stage_P0_5_B2C2B0C_R2C_MOMENT_CONSTRAINED_NODE_CHEMISTRY_RELAXATION_AUDIT/tests/test_relaxation_operator.py _
ImportError while importing test module '/mnt/data/r2c_work/repo/stages/Bianchi_Reionization_Stage_P0_5_B2C2B0C_R2C_MOMENT_CONSTRAINED_NODE_CHEMISTRY_RELAXATION_AUDIT/tests/test_relaxation_operator.py'.
Hint: make sure your test modules/packages have valid Python names.
Traceback:
/usr/lib/python3.13/importlib/__init__.py:88: in import_module
    return _bootstrap._gcd_import(name[level:], package, level)
           ^^^^^^^^^^^^^^^^^^^^^^^^^^^^^^^^^^^^^^^^^^^^^^^^^^^^
stages/Bianchi_Reionization_Stage_P0_5_B2C2B0C_R2C_MOMENT_CONSTRAINED_NODE_CHEMISTRY_RELAXATION_AUDIT/tests/test_relaxation_operator.py:15: in <module>
    from relaxation_operator import (  # noqa: E402
E   ModuleNotFoundError: No module named 'relaxation_operator'
_ ERROR collecting stages/Bianchi_Reionization_Stage_P0_5_B2C2B0C_R2C_MOMENT_CONSTRAINED_NODE_CHEMISTRY_RELAXATION_AUDIT/tests/test_relaxation_projection.py _
ImportError while importing test module '/mnt/data/r2c_work/repo/stages/Bianchi_Reionization_Stage_P0_5_B2C2B0C_R2C_MOMENT_CONSTRAINED_NODE_CHEMISTRY_RELAXATION_AUDIT/tests/test_relaxation_projection.py'.
Hint: make sure your test modules/packages have valid Python names.
Traceback:
/usr/lib/python3.13/importlib/__init__.py:88: in import_module
    return _bootstrap._gcd_import(name[level:], package, level)
           ^^^^^^^^^^^^^^^^^^^^^^^^^^^^^^^^^^^^^^^^^^^^^^^^^^^^
stages/Bianchi_Reionization_Stage_P0_5_B2C2B0C_R2C_MOMENT_CONSTRAINED_NODE_CHEMISTRY_RELAXATION_AUDIT/tests/test_relaxation_projection.py:11: in <module>
    from relaxation_operator import project_currents  # noqa: E402
    ^^^^^^^^^^^^^^^^^^^^^^^^^^^^^^^^^^^^^^^^^^^^^^^^
E   ModuleNotFoundError: No module named 'relaxation_operator'
=========================== short test summary info ============================
ERROR stages/Bianchi_Reionization_Stage_P0_5_B2C2B0C_R2C_MOMENT_CONSTRAINED_NODE_CHEMISTRY_RELAXATION_AUDIT/tests/test_relaxation_operator.py
ERROR stages/Bianchi_Reionization_Stage_P0_5_B2C2B0C_R2C_MOMENT_CONSTRAINED_NODE_CHEMISTRY_RELAXATION_AUDIT/tests/test_relaxation_projection.py
!!!!!!!!!!!!!!!!!!! Interrupted: 2 errors during collection !!!!!!!!!!!!!!!!!!!!
2 errors in 0.09s
