warning: function `ie` is never used
 --> /home/cosmosapjw/Dropbox/bianchi/rei_bianchi/rust/rei_microphysics/src/coupled_primary.rs:9:4
  |
9 | fn ie(_: impl std::fmt::Debug) -> ForwardError {
  |    ^^
  |
  = note: `#[warn(dead_code)]` (part of `#[warn(unused)]`) on by default

warning: struct `PrimaryBox` is never constructed
  --> /home/cosmosapjw/Dropbox/bianchi/rei_bianchi/rust/rei_microphysics/src/coupled_primary.rs:47:12
   |
47 | pub struct PrimaryBox {
   |            ^^^^^^^^^^

warning: struct `PrimaryRoot` is never constructed
  --> /home/cosmosapjw/Dropbox/bianchi/rei_bianchi/rust/rei_microphysics/src/coupled_primary.rs:52:12
   |
52 | pub struct PrimaryRoot {
   |            ^^^^^^^^^^^

warning: function `try_primary_stage_step` is never used
   --> /home/cosmosapjw/Dropbox/bianchi/rei_bianchi/rust/rei_microphysics/src/coupled_primary.rs:356:8
    |
356 | pub fn try_primary_stage_step(
    |        ^^^^^^^^^^^^^^^^^^^^^^

warning: function `ic` is never used
   --> /home/cosmosapjw/Dropbox/bianchi/rei_bianchi/rust/rei_microphysics/src/coupled_primary.rs:367:4
    |
367 | fn ic(x: f64) -> Result<Jet, ForwardError> {
    |    ^^

warning: function `jadd` is never used
   --> /home/cosmosapjw/Dropbox/bianchi/rei_bianchi/rust/rei_microphysics/src/coupled_primary.rs:370:4
    |
370 | fn jadd(a: &Jet, b: &Jet) -> Result<Jet, ForwardError> {
    |    ^^^^

warning: function `jsub` is never used
   --> /home/cosmosapjw/Dropbox/bianchi/rei_bianchi/rust/rei_microphysics/src/coupled_primary.rs:373:4
    |
373 | fn jsub(a: &Jet, b: &Jet) -> Result<Jet, ForwardError> {
    |    ^^^^

warning: function `jmul` is never used
   --> /home/cosmosapjw/Dropbox/bianchi/rei_bianchi/rust/rei_microphysics/src/coupled_primary.rs:376:4
    |
376 | fn jmul(a: &Jet, b: &Jet) -> Result<Jet, ForwardError> {
    |    ^^^^

warning: function `jdiv` is never used
   --> /home/cosmosapjw/Dropbox/bianchi/rei_bianchi/rust/rei_microphysics/src/coupled_primary.rs:379:4
    |
379 | fn jdiv(a: &Jet, b: &Jet) -> Result<Jet, ForwardError> {
    |    ^^^^

warning: function `jprod` is never used
   --> /home/cosmosapjw/Dropbox/bianchi/rei_bianchi/rust/rei_microphysics/src/coupled_primary.rs:382:4
    |
382 | fn jprod(xs: &[Jet]) -> Result<Jet, ForwardError> {
    |    ^^^^^

warning: function `ia` is never used
   --> /home/cosmosapjw/Dropbox/bianchi/rei_bianchi/rust/rei_microphysics/src/coupled_primary.rs:389:4
    |
389 | fn ia(a: &Interval, b: &Interval) -> Result<Interval, ForwardError> {
    |    ^^

warning: function `is` is never used
   --> /home/cosmosapjw/Dropbox/bianchi/rei_bianchi/rust/rei_microphysics/src/coupled_primary.rs:392:4
    |
392 | fn is(a: &Interval, b: &Interval) -> Result<Interval, ForwardError> {
    |    ^^

warning: function `im` is never used
   --> /home/cosmosapjw/Dropbox/bianchi/rei_bianchi/rust/rei_microphysics/src/coupled_primary.rs:395:4
    |
395 | fn im(a: &Interval, b: &Interval) -> Result<Interval, ForwardError> {
    |    ^^

warning: function `ip` is never used
   --> /home/cosmosapjw/Dropbox/bianchi/rei_bianchi/rust/rei_microphysics/src/coupled_primary.rs:398:4
    |
398 | fn ip(x: f64) -> Result<Interval, ForwardError> {
    |    ^^

warning: function `interval_rhs` is never used
   --> /home/cosmosapjw/Dropbox/bianchi/rei_bianchi/rust/rei_microphysics/src/coupled_primary.rs:404:4
    |
404 | fn interval_rhs(
    |    ^^^^^^^^^^^^

warning: function `inverse4` is never used
   --> /home/cosmosapjw/Dropbox/bianchi/rei_bianchi/rust/rei_microphysics/src/coupled_primary.rs:465:4
    |
465 | fn inverse4(a: [[f64; 4]; 4]) -> Result<[[f64; 4]; 4], ForwardError> {
    |    ^^^^^^^^

warning: function `box_about` is never used
   --> /home/cosmosapjw/Dropbox/bianchi/rei_bianchi/rust/rei_microphysics/src/coupled_primary.rs:500:4
    |
500 | fn box_about(x: f64, r: f64) -> Result<Interval, ForwardError> {
    |    ^^^^^^^^^

warning: function `contains` is never used
   --> /home/cosmosapjw/Dropbox/bianchi/rei_bianchi/rust/rei_microphysics/src/coupled_primary.rs:508:4
    |
508 | fn contains(b: &Interval, x: f64) -> bool {
    |    ^^^^^^^^

warning: function `krawczyk` is never used
   --> /home/cosmosapjw/Dropbox/bianchi/rei_bianchi/rust/rei_microphysics/src/coupled_primary.rs:511:4
    |
511 | fn krawczyk(
    |    ^^^^^^^^

warning: function `primary_stage_root` is never used
   --> /home/cosmosapjw/Dropbox/bianchi/rei_bianchi/rust/rei_microphysics/src/coupled_primary.rs:554:8
    |
554 | pub fn primary_stage_root(
    |        ^^^^^^^^^^^^^^^^^^

warning: 20 warnings emitted

