CANONICAL_VALIDATOR_EXIT 0
CANONICAL_SCREEN_BYTES_EQUAL True
MUTATION quadrature_zero ACCEPTED PASS thermal 2.18228832562500000E-15
MUTATION negative_kB ACCEPTED PASS thermal -2.18228832562500000E-15
MUTATION outside_real_ft03_guard ACCEPTED PASS thermal 5.23749198150000000E-15
MUTATION source_below_actual_verner_cutoff ACCEPTED PASS thermal 2.18228832562500000E-15
INDEPENDENT_EOS {"ne": 0.00010245000000000001, "u": 2.1822883256249996e-15}
INDEPENDENT_NUMBER {"integrated_source_per_H": 0.05, "initial_ref_cm3": 5e-06, "injected_ref_cm3": 5e-06, "initial_cohort_proper_cm3_end": 3.7040911034085895e-06}
INDEPENDENT_GEOMETRY {"pair": "FLRW", "volume_end": 1.3498588075760032, "nH_end": 7.408182206817178e-05, "oldest_Emin": 12.396272627092644, "candidate_binding_cross_s": 744114965810.1233, "actual_verner_cutoff_cross_s": 732604009207.2881, "difference_s": 11510956602.835205, "relative_time_difference": 0.015469325482928762}
INDEPENDENT_GEOMETRY {"pair": "BIANCHI_I", "volume_end": 1.3498588075760032, "nH_end": 7.408182206817178e-05, "oldest_Emin": 12.383882550536338, "candidate_binding_cross_s": 736747490901.1122, "actual_verner_cutoff_cross_s": 725350504165.6317, "difference_s": 11396986735.480469, "relative_time_difference": 0.015469325482928854}
QUADRATURE {"nmu": 4, "nphi": 8, "positive_weight": true, "weight": 0.03125, "sum": 1.0}
QUADRATURE {"nmu": 8, "nphi": 16, "positive_weight": true, "weight": 0.0078125, "sum": 1.0}
QUADRATURE {"nmu": 16, "nphi": 32, "positive_weight": true, "weight": 0.001953125, "sum": 1.0}
RUSTC_EXIT 0
PROVIDER_EXIT 0
HI_CROSS_SECTION e=13.5984346 sigma=Ok(0.0)
HI_CROSS_SECTION e=13.599 sigma=Ok(0.0)
HI_CROSS_SECTION e=13.6 sigma=Ok(6.346296358990503e-18)
HI_CROSS_SECTION e=13.7 sigma=Ok(6.22255406204696e-18)
FT03_RATE t=50000 result=Ok(Ft03Coefficients { alpha_rr_cm3_s: [1.2656273893806087e-13, 1.4745879804765993e-13, 7.321868393221611e-13], log_slope: [-0.8130145359087627, -0.654, -0.7248557002794129], log_slope_derivative: [-0.07672169612225747, 0.0, -0.0508507791694337], rr_kinetic_erg_cm3_s: [6.002147996700657e-25, 8.611808019379264e-25, 3.9179398395598716e-24], beta_ci_cm3_s: [6.206967333470371e-10, 1.8004708786742324e-11, 4.479061309971467e-15], alpha_dr_cm3_s: [1.4255481015487466e-14, 6.526687510134746e-16], dr_energy_erg: [6.488547095141264e-11, 7.786256514169465e-11] })
FT03_RATE t=120000 result=Err(InvalidInput("FT03_TEMPERATURE_DOMAIN"))
