Traceback (most recent call last):
  File "/home/cosmosapjw/rei_worktrees/physical-provider-p03a-20261010/research/physical_provider_20261010/p03a/screen_diffuse.py", line 204, in <module>
    main()
  File "/home/cosmosapjw/rei_worktrees/physical-provider-p03a-20261010/research/physical_provider_20261010/p03a/screen_diffuse.py", line 195, in main
    (args.output/"VALIDATION.json").write_text(json.dumps(result, indent=2, allow_nan=False)+"\n")
                                               ^^^^^^^^^^^^^^^^^^^^^^^^^^^^^^^^^^^^^
  File "/usr/lib/python3.12/json/__init__.py", line 238, in dumps
    **kw).encode(obj)
          ^^^^^^^^^^^
  File "/usr/lib/python3.12/json/encoder.py", line 202, in encode
    chunks = list(chunks)
             ^^^^^^^^^^^^
  File "/usr/lib/python3.12/json/encoder.py", line 432, in _iterencode
    yield from _iterencode_dict(o, _current_indent_level)
  File "/usr/lib/python3.12/json/encoder.py", line 406, in _iterencode_dict
    yield from chunks
  File "/usr/lib/python3.12/json/encoder.py", line 406, in _iterencode_dict
    yield from chunks
  File "/usr/lib/python3.12/json/encoder.py", line 439, in _iterencode
    o = _default(o)
        ^^^^^^^^^^^
  File "/usr/lib/python3.12/json/encoder.py", line 180, in default
    raise TypeError(f'Object of type {o.__class__.__name__} '
TypeError: Object of type bool is not JSON serializable
