
M 5
1 8.285669157907787 q range [6.53803652 9.4492573  2.82130515 7.64813852] [12.73404187 12.23366054  6.78748315 11.101445  ]
2 3.146488493376875 q range [ 2.49261379  4.70447207 -2.54012422  7.64591551] [12.41674146 13.56877963  7.68672824 11.09684031]
3 2.348786936531405 q range [ 0.61369564  2.37968172 -5.22319959  7.64440035] [12.01315607 13.57173988  7.68968127 11.09497745]
4 2.0370778834272625 q range [ 1.10329642  2.55089177 -4.80926589  7.64455986] [12.09003791 13.35002626  7.46796802 11.09498267]
5 1.7144072271204243 q range [ 0.96586276  2.27589391 -5.14572661  7.64455992] [12.08772176 13.21670172  7.3346437  11.09498181]
6 1.5976675015610855 q range [ 0.95953486  2.27243374 -5.15385834  7.64455561] [12.08466044 13.20680553  7.32474753 11.09498163]
7 1.5688961129570247 q range [ 0.97775437  2.28066529 -5.13456619  7.64455662] [12.08491384 13.20207451  7.32001653 11.09498166]
8 1.339830583920171 q range [ 0.95554053  2.2665168  -5.16069793  7.64455372] [12.08357771 13.20555156  7.32349357 11.09498156]
9 1.4050081117535593 q range [ 0.9663505   2.27454163 -5.14691376  7.64455405] [12.08362299 13.20384192  7.32178393 11.09498156]
10 1.139899655509403 q range [ 0.95749933  2.26650386 -5.15945926  7.64455396] [12.08362919 13.20466919  7.3226112  11.09498156]
11 1.2620920905001851 q range [ 0.95821295  2.26673109 -5.15890669  7.64455398] [12.08361776 13.20388729  7.3218293  11.09498156]
12 1.0506146443371671 q range [ 0.96655082  2.27167108 -5.1489286   7.64455403] [12.08358964 13.20217104  7.32011306 11.09498155]
13 1.2562826832714533 q range [ 0.96112612  2.26626256 -5.15733711  7.64455405] [12.0835809  13.20136682  7.31930884 11.09498155]
14 1.2083052528525684 q range [ 0.96395252  2.26962921 -5.15234157  7.64455403] [12.08360185 13.20273671  7.32067872 11.09498156]
15 1.92422989076318 q range [ 0.95724197  2.26511113 -5.16088616  7.64455404] [12.08361627 13.20352361  7.32146563 11.09498156]
16 2.5184011797866503 q range [ 0.95588358  2.26461041 -5.1623075   7.64455404] [12.08362203 13.20386112  7.32180313 11.09498156]
17 5.430248813633079 q range [ 0.9548894   2.26486653 -5.16276335  7.64455403] [12.08363626 13.20479395  7.32273596 11.19902492]
18 4.316851684947585 q range [ 0.95429853  2.26441652 -5.16355759  7.64455403] [12.08363664 13.20482873  7.32277074 11.09788979]
19 1.342129134180687 q range [ 0.95871822  2.26833245 -5.15720243  7.64455401] [12.08363653 13.20479559  7.3227376  11.09498157]
20 1.9587712484864501 q range [ 0.96197526  2.21951061 -5.15260314  7.64455401] [12.08363516 13.20468885  7.32263086 11.09498157]
time 17.42612648010254 calls 20
