=== refinement 1 ===
{
  "refinement": 1,
  "dt_seconds": 638562959250984.8,
  "elapsed_s": 26.71632981300354,
  "calls": 40,
  "converged": false,
  "iterations": 40,
  "residual": 0.13302637807989015,
  "minimum_species": 3.5275573019297594e-155,
  "max_hydrogen_residual": 6.537223389046193e-16,
  "max_helium_residual": 6.768562294757575e-16,
  "certificate": {
    "classification": "FIXED_POINT_NONCONVERGENCE",
    "residual": 0.13302637807989015,
    "iterations": 40,
    "clipping_used": false
  },
  "parent_byte_unchanged_by_solver": true
}
=== refinement 2 ===
