coeff {'HI': np.float64(2.960701476614077e-15), 'HeI': np.float64(1.6481070905715195e-13), 'HeII': np.float64(0.0)} heatc {'HI': np.float64(1.4829268414576142e-25), 'HeI': np.float64(2.1861062663619786e-24), 'HeII': np.float64(0.0)}
max 0.017246893810167307 index 32697 weight 1.087664615531668e-09 mass 8.642975123729207e-08 T 26882.216959939018
q 0 0.0
q 0.5 0.0
q 0.9 7.105427357601002e-15
q 0.99 6.129496910034504e-10
q 0.999 0.0005691220829007193
q 0.9999 0.017246893810163755
q 1 0.017246893810167307
> 1e-10 918 W 4.039133156189979e-05 mass 0.0015239708352236642 maxW 2.162880307646319e-06
> 1e-08 336 W 1.0822826224986112e-05 mass 0.0005132496519910659 maxW 5.35619214398217e-07
> 1e-06 210 W 6.686725274388197e-06 mass 0.0003175282984416058 maxW 5.252397257575366e-07
> 0.0001 66 W 4.3641783913214893e-07 mass 2.7081350709916505e-05 maxW 1.1884648113788697e-07
> 0.001 30 W 3.57480945316356e-07 mass 2.2421538025295805e-05 maxW 1.1884648113788697e-07
> 0.01 6 W 4.9886105384708815e-09 mass 3.964129766683748e-07 maxW 2.0834812035225076e-09
weighted l1 W 2.393744042317035e-09 mass 1.478364118070787e-07
weighted rms W 3.801422674096085e-06 mass 3.0348509398646367e-05
32697 0.017246893810167307 1.087664615531668e-09 8.642975123729207e-08 79.46360486779632 26882.216959939018 1.3819970071003029e+57 1.9761381724357625e+56
37817 0.017246893810167307 1.1733839018122836e-09 9.324131473184442e-08 79.46360486779632 26882.216959938825 1.4909127476686884e+57 2.1318784174655023e+56
42937 0.017246893810167307 5.85914344015644e-11 4.6558865919233215e-09 79.46360486779632 26882.216959939113 7.444683391221001e+55 1.0645264031329936e+55
40377 0.017246893810163755 5.839685845964011e-10 4.6404248861574706e-08 79.46360486779632 26882.216959939688 7.4199603869453575e+56 1.0609912238067012e+56
35257 0.017246893810163755 2.0834812035225076e-09 1.6556092710619327e-07 79.46360486779632 26882.2169599394 2.647291036686119e+57 3.785401013363463e+56
45497 0.017246893810163755 1.5207986064568585e-12 1.2084813954698307e-10 79.46360486779632 26882.2169599394 1.9323411762348976e+54 2.7630835239936623e+53
30328 0.0062439943178596025 8.674979289048231e-11 5.128001567546948e-09 59.1125511275954 23645.6341985022 1.90005621143383e+56 1.0773655856688177e+55
27768 0.0062439943178596025 3.3421879648707038e-09 1.975652569514535e-07 59.1125511275954 23645.634198502034 7.320299900253679e+57 4.150739931718361e+56
25208 0.0062439943178596025 3.331088912970133e-08 1.969091636785132e-06 59.1125511275954 23645.634198502034 7.295989960365603e+58 4.136955764456622e+57
20088 0.0062439943178596025 1.1884648113788697e-07 7.025318692598147e-06 59.1125511275954 23645.634198502117 2.6030609084932536e+59 1.475981722716545e+58
17528 0.0062439943178596025 6.204285020454467e-08 3.66751115481789e-06 59.1125511275954 23645.634198502117 1.3589070241934825e+59 7.705243945834894e+57
22648 0.0062439943178596025 6.693247220971493e-08 3.9565491855931324e-06 59.1125511275954 23645.634198502034 1.466003033912137e+59 8.312497323598046e+57
17657 0.0055722148414325545 1.2774701829387877e-08 1.0122074421802337e-06 79.23530863567213 29901.626380899703 8.70334937000659e+57 2.0145783543778883e+57
22777 0.0055722148414325545 1.3781481224088996e-08 1.091979918247412e-06 79.23530863567213 29901.626380899703 9.38926383811966e+57 2.1733480856237977e+57
30457 0.0055722148414325545 1.7861892777064703e-11 1.4152925870080043e-09 79.23530863567213 29901.626380899703 1.2169230665780667e+55 2.816831503191144e+54
25337 0.0055722148414325545 6.8587544721238735e-09 5.434555274550316e-07 79.23530863567213 29901.62638089981 4.672839899610265e+57 1.0816298088262582e+57
20217 0.0055722148414325545 2.4470641742007935e-08 1.9389388509409603e-06 79.23530863567213 29901.626380899703 1.6671742889451608e+58 3.8590352894011485e+57
27897 0.005572214841429002 6.881607561263274e-10 5.452662990262705e-08 79.23530863567213 29901.626380900234 4.688409610873697e+56 1.085233755072962e+56
37979 0.0027015328295689756 7.359930756064229e-11 9.959313513919278e-09 135.31803279145367 36041.83101096589 2.876708098936449e+55 2.3142530735388768e+55
43099 0.002701532829565423 3.675087918182304e-12 4.973056674240682e-10 135.31803279145367 36041.831010966016 1.4364476418242601e+54 1.1555928706491108e+54
