owner 0.3113522529602051 0.0 0.0
z 5.99375 dt 79820369906373.1 photo counts sums 1.0834177179959906e+62 1.2054661920390153e+62 0.0 heat 8.80162227769616e+37
compile/direct
19.4855055809021 29142 16938 [2.77555756e-17 1.01640378e-11 2.89553285e-03 3.37623640e-01
 7.93599878e-01]
iter 0 conv 0 fail 16938 q [1.75512900e-08 3.07303065e-05 1.13655317e-01 5.02654319e-01
 7.93599878e-01]
iter 1 conv 0 fail 16938 q [1.75512900e-08 3.02863869e-05 5.94197647e-02 3.02855426e-01
 4.83527884e-01]
iter 2 conv 0 fail 16938 q [1.75512900e-08 3.02863869e-05 5.12067544e-02 2.36388697e-01
 3.52287397e-01]
iter 3 conv 0 fail 16938 q [1.75512900e-08 3.02863869e-05 4.96995645e-02 2.13320524e-01
 3.52287397e-01]
iter 4 conv 0 fail 16938 q [1.75512900e-08 3.02863869e-05 4.54063149e-02 2.13320524e-01
 3.52287397e-01]
iter 5 conv 0 fail 16938 q [1.75512900e-08 3.02863869e-05 4.54063149e-02 2.13320524e-01
 3.52287397e-01]
iter 6 conv 0 fail 16938 q [1.75512900e-08 2.97077321e-05 4.54063149e-02 2.13320524e-01
 3.52287397e-01]
iter 7 conv 84 fail 16854 q [1.18655086e-14 2.94357288e-05 4.54063149e-02 2.13320524e-01
 3.52287397e-01]
iter 8 conv 180 fail 16758 q [2.49800181e-16 2.87057492e-05 4.54063149e-02 2.13320524e-01
 3.52287397e-01]
iter 9 conv 300 fail 16638 q [2.49800181e-16 2.83936975e-05 4.54063149e-02 2.13320524e-01
 3.52287397e-01]
iter 10 conv 468 fail 16470 q [1.42247325e-16 2.79757668e-05 4.54063149e-02 2.13320524e-01
 3.52287397e-01]
iter 11 conv 570 fail 16368 q [1.42247325e-16 2.77237408e-05 4.54063149e-02 2.13320524e-01
 3.52287397e-01]
iter 12 conv 630 fail 16308 q [1.42247325e-16 2.76186882e-05 4.54063149e-02 2.13320524e-01
 3.52287397e-01]
iter 13 conv 684 fail 16254 q [1.42247325e-16 2.75394355e-05 4.54063149e-02 2.13320524e-01
 3.52287397e-01]
