============================= test session starts ==============================
platform linux -- Python 3.13.5, pytest-9.0.2, pluggy-1.6.0 -- /opt/pyvenv/bin/python3
cachedir: .pytest_cache
metadata: {'Python': '3.13.5', 'Platform': 'Linux-6.18.35-x86_64-with-glibc2.41', 'Packages': {'pytest': '9.0.2', 'pluggy': '1.6.0'}, 'Plugins': {'cov': '7.0.0', 'json-report': '1.5.0', 'metadata': '3.1.1', 'Faker': '40.1.2', 'ddtrace': '4.4.0', 'anyio': '4.13.0', 'asyncio': '1.3.0'}, 'PLATFORM': 'linux/amd64', 'CI': 'true'}
rootdir: /tmp/rei_r2b_r2_run
configfile: pyproject.toml
plugins: cov-7.0.0, json-report-1.5.0, metadata-3.1.1, Faker-40.1.2, ddtrace-4.4.0, anyio-4.13.0, asyncio-1.3.0
asyncio: mode=Mode.STRICT, debug=False, asyncio_default_fixture_loop_scope=None, asyncio_default_test_loop_scope=function
collecting ... collected 19 items

stages/Bianchi_Reionization_Stage_P0_5_B2C2B0C_R2C_R1B_R2B_R2_OWNER_CORRECT_PHOTON_CONSERVING_NONAUTONOMOUS_FIXED_POINT_HISTORY_RERUN/tests/test_forcing_owner.py::test_forcing_reproduces_every_locked_endpoint_and_is_monotone PASSED [  5%]
stages/Bianchi_Reionization_Stage_P0_5_B2C2B0C_R2C_R1B_R2B_R2_OWNER_CORRECT_PHOTON_CONSERVING_NONAUTONOMOUS_FIXED_POINT_HISTORY_RERUN/tests/test_forcing_owner.py::test_pchip_integral_is_additive_under_1_2_4_8_partition PASSED [ 10%]
stages/Bianchi_Reionization_Stage_P0_5_B2C2B0C_R2C_R1B_R2B_R2_OWNER_CORRECT_PHOTON_CONSERVING_NONAUTONOMOUS_FIXED_POINT_HISTORY_RERUN/tests/test_forcing_owner.py::test_external_subgrid_raw_is_interpolated_without_creating_support PASSED [ 15%]
stages/Bianchi_Reionization_Stage_P0_5_B2C2B0C_R2C_R1B_R2B_R2_OWNER_CORRECT_PHOTON_CONSERVING_NONAUTONOMOUS_FIXED_POINT_HISTORY_RERUN/tests/test_forcing_owner.py::test_owner_kernel_closes_authoritative_totals_and_exact_structural_zeros PASSED [ 21%]
stages/Bianchi_Reionization_Stage_P0_5_B2C2B0C_R2C_R1B_R2B_R2_OWNER_CORRECT_PHOTON_CONSERVING_NONAUTONOMOUS_FIXED_POINT_HISTORY_RERUN/tests/test_forcing_owner.py::test_state_conditioning_moves_explicit_owner_fractions_in_declared_direction PASSED [ 26%]
stages/Bianchi_Reionization_Stage_P0_5_B2C2B0C_R2C_R1B_R2B_R2_OWNER_CORRECT_PHOTON_CONSERVING_NONAUTONOMOUS_FIXED_POINT_HISTORY_RERUN/tests/test_forcing_owner.py::test_unknown_or_posthoc_subgrid_lane_is_rejected PASSED [ 31%]
stages/Bianchi_Reionization_Stage_P0_5_B2C2B0C_R2C_R1B_R2B_R2_OWNER_CORRECT_PHOTON_CONSERVING_NONAUTONOMOUS_FIXED_POINT_HISTORY_RERUN/tests/test_implicit_microphysics.py::test_coordinate_roundtrip_preserves_positive_material_state_and_nuclei PASSED [ 36%]
stages/Bianchi_Reionization_Stage_P0_5_B2C2B0C_R2C_R1B_R2B_R2_OWNER_CORRECT_PHOTON_CONSERVING_NONAUTONOMOUS_FIXED_POINT_HISTORY_RERUN/tests/test_implicit_microphysics.py::test_full_ots_event_rhs_conserves_hydrogen_and_helium_nuclei PASSED [ 42%]
stages/Bianchi_Reionization_Stage_P0_5_B2C2B0C_R2C_R1B_R2B_R2_OWNER_CORRECT_PHOTON_CONSERVING_NONAUTONOMOUS_FIXED_POINT_HISTORY_RERUN/tests/test_implicit_microphysics.py::test_implicit_identity_at_zero_duration_is_exact_to_roundoff PASSED [ 47%]
stages/Bianchi_Reionization_Stage_P0_5_B2C2B0C_R2C_R1B_R2B_R2_OWNER_CORRECT_PHOTON_CONSERVING_NONAUTONOMOUS_FIXED_POINT_HISTORY_RERUN/tests/test_implicit_microphysics.py::test_neutral_zero_electron_null_lane_remains_stationary_without_expansion PASSED [ 52%]
stages/Bianchi_Reionization_Stage_P0_5_B2C2B0C_R2C_R1B_R2B_R2_OWNER_CORRECT_PHOTON_CONSERVING_NONAUTONOMOUS_FIXED_POINT_HISTORY_RERUN/tests/test_implicit_microphysics.py::test_resolved_heating_is_the_only_external_thermal_source PASSED [ 57%]
stages/Bianchi_Reionization_Stage_P0_5_B2C2B0C_R2C_R1B_R2B_R2_OWNER_CORRECT_PHOTON_CONSERVING_NONAUTONOMOUS_FIXED_POINT_HISTORY_RERUN/tests/test_implicit_microphysics.py::test_analytic_jacobian_matches_central_difference_on_regular_state PASSED [ 63%]
stages/Bianchi_Reionization_Stage_P0_5_B2C2B0C_R2C_R1B_R2B_R2_OWNER_CORRECT_PHOTON_CONSERVING_NONAUTONOMOUS_FIXED_POINT_HISTORY_RERUN/tests/test_implicit_microphysics.py::test_infeasible_or_nonconverged_nodes_return_certificates_not_clipped_states PASSED [ 68%]
stages/Bianchi_Reionization_Stage_P0_5_B2C2B0C_R2C_R1B_R2B_R2_OWNER_CORRECT_PHOTON_CONSERVING_NONAUTONOMOUS_FIXED_POINT_HISTORY_RERUN/tests/test_transaction_fixed_point.py::test_linearized_implicit_event_step_preserves_nuclei_and_positive_cone PASSED [ 73%]
stages/Bianchi_Reionization_Stage_P0_5_B2C2B0C_R2C_R1B_R2B_R2_OWNER_CORRECT_PHOTON_CONSERVING_NONAUTONOMOUS_FIXED_POINT_HISTORY_RERUN/tests/test_transaction_fixed_point.py::test_transaction_rejection_and_rollback_are_byte_identical PASSED [ 78%]
stages/Bianchi_Reionization_Stage_P0_5_B2C2B0C_R2C_R1B_R2B_R2_OWNER_CORRECT_PHOTON_CONSERVING_NONAUTONOMOUS_FIXED_POINT_HISTORY_RERUN/tests/test_transaction_fixed_point.py::test_successful_transaction_commits_exactly_once_and_restart_is_identical PASSED [ 84%]
stages/Bianchi_Reionization_Stage_P0_5_B2C2B0C_R2C_R1B_R2B_R2_OWNER_CORRECT_PHOTON_CONSERVING_NONAUTONOMOUS_FIXED_POINT_HISTORY_RERUN/tests/test_transaction_fixed_point.py::test_picard_fixed_point_converges_with_state_dependent_photo_law PASSED [ 89%]
stages/Bianchi_Reionization_Stage_P0_5_B2C2B0C_R2C_R1B_R2B_R2_OWNER_CORRECT_PHOTON_CONSERVING_NONAUTONOMOUS_FIXED_POINT_HISTORY_RERUN/tests/test_transaction_fixed_point.py::test_picard_nonconvergence_preserves_parent_and_earliest_certificate PASSED [ 94%]
stages/Bianchi_Reionization_Stage_P0_5_B2C2B0C_R2C_R1B_R2B_R2_OWNER_CORRECT_PHOTON_CONSERVING_NONAUTONOMOUS_FIXED_POINT_HISTORY_RERUN/tests/test_transaction_fixed_point.py::test_large_expansion_step_uses_positive_implicit_thermal_root PASSED [100%]

============================== 19 passed in 7.17s ==============================
