FFFFFFF                                                                  [100%]
=================================== FAILURES ===================================
____ test_coordinate_roundtrip_preserves_positive_material_state_and_nuclei ____

    def test_coordinate_roundtrip_preserves_positive_material_state_and_nuclei():
>       micro = _load("microphysics")
                ^^^^^^^^^^^^^^^^^^^^^

stages/Bianchi_Reionization_Stage_P0_5_B2C2B0C_R2C_R1B_R2B_R2_OWNER_CORRECT_PHOTON_CONSERVING_NONAUTONOMOUS_FIXED_POINT_HISTORY_RERUN/tests/test_implicit_microphysics.py:42: 
_ _ _ _ _ _ _ _ _ _ _ _ _ _ _ _ _ _ _ _ _ _ _ _ _ _ _ _ _ _ _ _ _ _ _ _ _ _ _ _ 
stages/Bianchi_Reionization_Stage_P0_5_B2C2B0C_R2C_R1B_R2B_R2_OWNER_CORRECT_PHOTON_CONSERVING_NONAUTONOMOUS_FIXED_POINT_HISTORY_RERUN/tests/test_implicit_microphysics.py:20: in _load
    spec.loader.exec_module(module)
<frozen importlib._bootstrap_external>:1022: in exec_module
    ???
<frozen importlib._bootstrap_external>:1159: in get_code
    ???
_ _ _ _ _ _ _ _ _ _ _ _ _ _ _ _ _ _ _ _ _ _ _ _ _ _ _ _ _ _ _ _ _ _ _ _ _ _ _ _ 

self = <_frozen_importlib_external.SourceFileLoader object at 0x7f0e81df1610>
path = '/tmp/rei_r2b_r2_run/stages/Bianchi_Reionization_Stage_P0_5_B2C2B0C_R2C_R1B_R2B_R2_OWNER_CORRECT_PHOTON_CONSERVING_NONAUTONOMOUS_FIXED_POINT_HISTORY_RERUN/analysis/microphysics.py'

>   ???
E   FileNotFoundError: [Errno 2] No such file or directory: '/tmp/rei_r2b_r2_run/stages/Bianchi_Reionization_Stage_P0_5_B2C2B0C_R2C_R1B_R2B_R2_OWNER_CORRECT_PHOTON_CONSERVING_NONAUTONOMOUS_FIXED_POINT_HISTORY_RERUN/analysis/microphysics.py'

<frozen importlib._bootstrap_external>:1217: FileNotFoundError
_________ test_full_ots_event_rhs_conserves_hydrogen_and_helium_nuclei _________

    def test_full_ots_event_rhs_conserves_hydrogen_and_helium_nuclei():
>       micro = _load("microphysics")
                ^^^^^^^^^^^^^^^^^^^^^

stages/Bianchi_Reionization_Stage_P0_5_B2C2B0C_R2C_R1B_R2B_R2_OWNER_CORRECT_PHOTON_CONSERVING_NONAUTONOMOUS_FIXED_POINT_HISTORY_RERUN/tests/test_implicit_microphysics.py:58: 
_ _ _ _ _ _ _ _ _ _ _ _ _ _ _ _ _ _ _ _ _ _ _ _ _ _ _ _ _ _ _ _ _ _ _ _ _ _ _ _ 
stages/Bianchi_Reionization_Stage_P0_5_B2C2B0C_R2C_R1B_R2B_R2_OWNER_CORRECT_PHOTON_CONSERVING_NONAUTONOMOUS_FIXED_POINT_HISTORY_RERUN/tests/test_implicit_microphysics.py:20: in _load
    spec.loader.exec_module(module)
<frozen importlib._bootstrap_external>:1022: in exec_module
    ???
<frozen importlib._bootstrap_external>:1159: in get_code
    ???
_ _ _ _ _ _ _ _ _ _ _ _ _ _ _ _ _ _ _ _ _ _ _ _ _ _ _ _ _ _ _ _ _ _ _ _ _ _ _ _ 

self = <_frozen_importlib_external.SourceFileLoader object at 0x7f0e81df15b0>
path = '/tmp/rei_r2b_r2_run/stages/Bianchi_Reionization_Stage_P0_5_B2C2B0C_R2C_R1B_R2B_R2_OWNER_CORRECT_PHOTON_CONSERVING_NONAUTONOMOUS_FIXED_POINT_HISTORY_RERUN/analysis/microphysics.py'

>   ???
E   FileNotFoundError: [Errno 2] No such file or directory: '/tmp/rei_r2b_r2_run/stages/Bianchi_Reionization_Stage_P0_5_B2C2B0C_R2C_R1B_R2B_R2_OWNER_CORRECT_PHOTON_CONSERVING_NONAUTONOMOUS_FIXED_POINT_HISTORY_RERUN/analysis/microphysics.py'

<frozen importlib._bootstrap_external>:1217: FileNotFoundError
_________ test_implicit_identity_at_zero_duration_is_exact_to_roundoff _________

    def test_implicit_identity_at_zero_duration_is_exact_to_roundoff():
>       micro = _load("microphysics")
                ^^^^^^^^^^^^^^^^^^^^^

stages/Bianchi_Reionization_Stage_P0_5_B2C2B0C_R2C_R1B_R2B_R2_OWNER_CORRECT_PHOTON_CONSERVING_NONAUTONOMOUS_FIXED_POINT_HISTORY_RERUN/tests/test_implicit_microphysics.py:76: 
_ _ _ _ _ _ _ _ _ _ _ _ _ _ _ _ _ _ _ _ _ _ _ _ _ _ _ _ _ _ _ _ _ _ _ _ _ _ _ _ 
stages/Bianchi_Reionization_Stage_P0_5_B2C2B0C_R2C_R1B_R2B_R2_OWNER_CORRECT_PHOTON_CONSERVING_NONAUTONOMOUS_FIXED_POINT_HISTORY_RERUN/tests/test_implicit_microphysics.py:20: in _load
    spec.loader.exec_module(module)
<frozen importlib._bootstrap_external>:1022: in exec_module
    ???
<frozen importlib._bootstrap_external>:1159: in get_code
    ???
_ _ _ _ _ _ _ _ _ _ _ _ _ _ _ _ _ _ _ _ _ _ _ _ _ _ _ _ _ _ _ _ _ _ _ _ _ _ _ _ 

self = <_frozen_importlib_external.SourceFileLoader object at 0x7f0e81cbd490>
path = '/tmp/rei_r2b_r2_run/stages/Bianchi_Reionization_Stage_P0_5_B2C2B0C_R2C_R1B_R2B_R2_OWNER_CORRECT_PHOTON_CONSERVING_NONAUTONOMOUS_FIXED_POINT_HISTORY_RERUN/analysis/microphysics.py'

>   ???
E   FileNotFoundError: [Errno 2] No such file or directory: '/tmp/rei_r2b_r2_run/stages/Bianchi_Reionization_Stage_P0_5_B2C2B0C_R2C_R1B_R2B_R2_OWNER_CORRECT_PHOTON_CONSERVING_NONAUTONOMOUS_FIXED_POINT_HISTORY_RERUN/analysis/microphysics.py'

<frozen importlib._bootstrap_external>:1217: FileNotFoundError
__ test_neutral_zero_electron_null_lane_remains_stationary_without_expansion ___

    def test_neutral_zero_electron_null_lane_remains_stationary_without_expansion():
>       micro = _load("microphysics")
                ^^^^^^^^^^^^^^^^^^^^^

stages/Bianchi_Reionization_Stage_P0_5_B2C2B0C_R2C_R1B_R2B_R2_OWNER_CORRECT_PHOTON_CONSERVING_NONAUTONOMOUS_FIXED_POINT_HISTORY_RERUN/tests/test_implicit_microphysics.py:98: 
_ _ _ _ _ _ _ _ _ _ _ _ _ _ _ _ _ _ _ _ _ _ _ _ _ _ _ _ _ _ _ _ _ _ _ _ _ _ _ _ 
stages/Bianchi_Reionization_Stage_P0_5_B2C2B0C_R2C_R1B_R2B_R2_OWNER_CORRECT_PHOTON_CONSERVING_NONAUTONOMOUS_FIXED_POINT_HISTORY_RERUN/tests/test_implicit_microphysics.py:20: in _load
    spec.loader.exec_module(module)
<frozen importlib._bootstrap_external>:1022: in exec_module
    ???
<frozen importlib._bootstrap_external>:1159: in get_code
    ???
_ _ _ _ _ _ _ _ _ _ _ _ _ _ _ _ _ _ _ _ _ _ _ _ _ _ _ _ _ _ _ _ _ _ _ _ _ _ _ _ 

self = <_frozen_importlib_external.SourceFileLoader object at 0x7f0e81cbcbf0>
path = '/tmp/rei_r2b_r2_run/stages/Bianchi_Reionization_Stage_P0_5_B2C2B0C_R2C_R1B_R2B_R2_OWNER_CORRECT_PHOTON_CONSERVING_NONAUTONOMOUS_FIXED_POINT_HISTORY_RERUN/analysis/microphysics.py'

>   ???
E   FileNotFoundError: [Errno 2] No such file or directory: '/tmp/rei_r2b_r2_run/stages/Bianchi_Reionization_Stage_P0_5_B2C2B0C_R2C_R1B_R2B_R2_OWNER_CORRECT_PHOTON_CONSERVING_NONAUTONOMOUS_FIXED_POINT_HISTORY_RERUN/analysis/microphysics.py'

<frozen importlib._bootstrap_external>:1217: FileNotFoundError
__________ test_resolved_heating_is_the_only_external_thermal_source ___________

    def test_resolved_heating_is_the_only_external_thermal_source():
>       micro = _load("microphysics")
                ^^^^^^^^^^^^^^^^^^^^^

stages/Bianchi_Reionization_Stage_P0_5_B2C2B0C_R2C_R1B_R2B_R2_OWNER_CORRECT_PHOTON_CONSERVING_NONAUTONOMOUS_FIXED_POINT_HISTORY_RERUN/tests/test_implicit_microphysics.py:123: 
_ _ _ _ _ _ _ _ _ _ _ _ _ _ _ _ _ _ _ _ _ _ _ _ _ _ _ _ _ _ _ _ _ _ _ _ _ _ _ _ 
stages/Bianchi_Reionization_Stage_P0_5_B2C2B0C_R2C_R1B_R2B_R2_OWNER_CORRECT_PHOTON_CONSERVING_NONAUTONOMOUS_FIXED_POINT_HISTORY_RERUN/tests/test_implicit_microphysics.py:20: in _load
    spec.loader.exec_module(module)
<frozen importlib._bootstrap_external>:1022: in exec_module
    ???
<frozen importlib._bootstrap_external>:1159: in get_code
    ???
_ _ _ _ _ _ _ _ _ _ _ _ _ _ _ _ _ _ _ _ _ _ _ _ _ _ _ _ _ _ _ _ _ _ _ _ _ _ _ _ 

self = <_frozen_importlib_external.SourceFileLoader object at 0x7f0e81cbca70>
path = '/tmp/rei_r2b_r2_run/stages/Bianchi_Reionization_Stage_P0_5_B2C2B0C_R2C_R1B_R2B_R2_OWNER_CORRECT_PHOTON_CONSERVING_NONAUTONOMOUS_FIXED_POINT_HISTORY_RERUN/analysis/microphysics.py'

>   ???
E   FileNotFoundError: [Errno 2] No such file or directory: '/tmp/rei_r2b_r2_run/stages/Bianchi_Reionization_Stage_P0_5_B2C2B0C_R2C_R1B_R2B_R2_OWNER_CORRECT_PHOTON_CONSERVING_NONAUTONOMOUS_FIXED_POINT_HISTORY_RERUN/analysis/microphysics.py'

<frozen importlib._bootstrap_external>:1217: FileNotFoundError
______ test_analytic_jacobian_matches_central_difference_on_regular_state ______

    def test_analytic_jacobian_matches_central_difference_on_regular_state():
>       micro = _load("microphysics")
                ^^^^^^^^^^^^^^^^^^^^^

stages/Bianchi_Reionization_Stage_P0_5_B2C2B0C_R2C_R1B_R2B_R2_OWNER_CORRECT_PHOTON_CONSERVING_NONAUTONOMOUS_FIXED_POINT_HISTORY_RERUN/tests/test_implicit_microphysics.py:155: 
_ _ _ _ _ _ _ _ _ _ _ _ _ _ _ _ _ _ _ _ _ _ _ _ _ _ _ _ _ _ _ _ _ _ _ _ _ _ _ _ 
stages/Bianchi_Reionization_Stage_P0_5_B2C2B0C_R2C_R1B_R2B_R2_OWNER_CORRECT_PHOTON_CONSERVING_NONAUTONOMOUS_FIXED_POINT_HISTORY_RERUN/tests/test_implicit_microphysics.py:20: in _load
    spec.loader.exec_module(module)
<frozen importlib._bootstrap_external>:1022: in exec_module
    ???
<frozen importlib._bootstrap_external>:1159: in get_code
    ???
_ _ _ _ _ _ _ _ _ _ _ _ _ _ _ _ _ _ _ _ _ _ _ _ _ _ _ _ _ _ _ _ _ _ _ _ _ _ _ _ 

self = <_frozen_importlib_external.SourceFileLoader object at 0x7f0e81cbd610>
path = '/tmp/rei_r2b_r2_run/stages/Bianchi_Reionization_Stage_P0_5_B2C2B0C_R2C_R1B_R2B_R2_OWNER_CORRECT_PHOTON_CONSERVING_NONAUTONOMOUS_FIXED_POINT_HISTORY_RERUN/analysis/microphysics.py'

>   ???
E   FileNotFoundError: [Errno 2] No such file or directory: '/tmp/rei_r2b_r2_run/stages/Bianchi_Reionization_Stage_P0_5_B2C2B0C_R2C_R1B_R2B_R2_OWNER_CORRECT_PHOTON_CONSERVING_NONAUTONOMOUS_FIXED_POINT_HISTORY_RERUN/analysis/microphysics.py'

<frozen importlib._bootstrap_external>:1217: FileNotFoundError
_ test_infeasible_or_nonconverged_nodes_return_certificates_not_clipped_states _

    def test_infeasible_or_nonconverged_nodes_return_certificates_not_clipped_states():
>       micro = _load("microphysics")
                ^^^^^^^^^^^^^^^^^^^^^

stages/Bianchi_Reionization_Stage_P0_5_B2C2B0C_R2C_R1B_R2B_R2_OWNER_CORRECT_PHOTON_CONSERVING_NONAUTONOMOUS_FIXED_POINT_HISTORY_RERUN/tests/test_implicit_microphysics.py:186: 
_ _ _ _ _ _ _ _ _ _ _ _ _ _ _ _ _ _ _ _ _ _ _ _ _ _ _ _ _ _ _ _ _ _ _ _ _ _ _ _ 
stages/Bianchi_Reionization_Stage_P0_5_B2C2B0C_R2C_R1B_R2B_R2_OWNER_CORRECT_PHOTON_CONSERVING_NONAUTONOMOUS_FIXED_POINT_HISTORY_RERUN/tests/test_implicit_microphysics.py:20: in _load
    spec.loader.exec_module(module)
<frozen importlib._bootstrap_external>:1022: in exec_module
    ???
<frozen importlib._bootstrap_external>:1159: in get_code
    ???
_ _ _ _ _ _ _ _ _ _ _ _ _ _ _ _ _ _ _ _ _ _ _ _ _ _ _ _ _ _ _ _ _ _ _ _ _ _ _ _ 

self = <_frozen_importlib_external.SourceFileLoader object at 0x7f0e81cbcd70>
path = '/tmp/rei_r2b_r2_run/stages/Bianchi_Reionization_Stage_P0_5_B2C2B0C_R2C_R1B_R2B_R2_OWNER_CORRECT_PHOTON_CONSERVING_NONAUTONOMOUS_FIXED_POINT_HISTORY_RERUN/analysis/microphysics.py'

>   ???
E   FileNotFoundError: [Errno 2] No such file or directory: '/tmp/rei_r2b_r2_run/stages/Bianchi_Reionization_Stage_P0_5_B2C2B0C_R2C_R1B_R2B_R2_OWNER_CORRECT_PHOTON_CONSERVING_NONAUTONOMOUS_FIXED_POINT_HISTORY_RERUN/analysis/microphysics.py'

<frozen importlib._bootstrap_external>:1217: FileNotFoundError
=========================== short test summary info ============================
FAILED stages/Bianchi_Reionization_Stage_P0_5_B2C2B0C_R2C_R1B_R2B_R2_OWNER_CORRECT_PHOTON_CONSERVING_NONAUTONOMOUS_FIXED_POINT_HISTORY_RERUN/tests/test_implicit_microphysics.py::test_coordinate_roundtrip_preserves_positive_material_state_and_nuclei - FileNotFoundError: [Errno 2] No such file or directory: '/tmp/rei_r2b_r2_run/stages/Bianchi_Reionization_Stage_P0_5_B2C2B0C_R2C_R1B_R2B_R2_OWNER_CORRECT_PHOTON_CONSERVING_NONAUTONOMOUS_FIXED_POINT_HISTORY_RERUN/analysis/microphysics.py'
FAILED stages/Bianchi_Reionization_Stage_P0_5_B2C2B0C_R2C_R1B_R2B_R2_OWNER_CORRECT_PHOTON_CONSERVING_NONAUTONOMOUS_FIXED_POINT_HISTORY_RERUN/tests/test_implicit_microphysics.py::test_full_ots_event_rhs_conserves_hydrogen_and_helium_nuclei - FileNotFoundError: [Errno 2] No such file or directory: '/tmp/rei_r2b_r2_run/stages/Bianchi_Reionization_Stage_P0_5_B2C2B0C_R2C_R1B_R2B_R2_OWNER_CORRECT_PHOTON_CONSERVING_NONAUTONOMOUS_FIXED_POINT_HISTORY_RERUN/analysis/microphysics.py'
FAILED stages/Bianchi_Reionization_Stage_P0_5_B2C2B0C_R2C_R1B_R2B_R2_OWNER_CORRECT_PHOTON_CONSERVING_NONAUTONOMOUS_FIXED_POINT_HISTORY_RERUN/tests/test_implicit_microphysics.py::test_implicit_identity_at_zero_duration_is_exact_to_roundoff - FileNotFoundError: [Errno 2] No such file or directory: '/tmp/rei_r2b_r2_run/stages/Bianchi_Reionization_Stage_P0_5_B2C2B0C_R2C_R1B_R2B_R2_OWNER_CORRECT_PHOTON_CONSERVING_NONAUTONOMOUS_FIXED_POINT_HISTORY_RERUN/analysis/microphysics.py'
FAILED stages/Bianchi_Reionization_Stage_P0_5_B2C2B0C_R2C_R1B_R2B_R2_OWNER_CORRECT_PHOTON_CONSERVING_NONAUTONOMOUS_FIXED_POINT_HISTORY_RERUN/tests/test_implicit_microphysics.py::test_neutral_zero_electron_null_lane_remains_stationary_without_expansion - FileNotFoundError: [Errno 2] No such file or directory: '/tmp/rei_r2b_r2_run/stages/Bianchi_Reionization_Stage_P0_5_B2C2B0C_R2C_R1B_R2B_R2_OWNER_CORRECT_PHOTON_CONSERVING_NONAUTONOMOUS_FIXED_POINT_HISTORY_RERUN/analysis/microphysics.py'
FAILED stages/Bianchi_Reionization_Stage_P0_5_B2C2B0C_R2C_R1B_R2B_R2_OWNER_CORRECT_PHOTON_CONSERVING_NONAUTONOMOUS_FIXED_POINT_HISTORY_RERUN/tests/test_implicit_microphysics.py::test_resolved_heating_is_the_only_external_thermal_source - FileNotFoundError: [Errno 2] No such file or directory: '/tmp/rei_r2b_r2_run/stages/Bianchi_Reionization_Stage_P0_5_B2C2B0C_R2C_R1B_R2B_R2_OWNER_CORRECT_PHOTON_CONSERVING_NONAUTONOMOUS_FIXED_POINT_HISTORY_RERUN/analysis/microphysics.py'
FAILED stages/Bianchi_Reionization_Stage_P0_5_B2C2B0C_R2C_R1B_R2B_R2_OWNER_CORRECT_PHOTON_CONSERVING_NONAUTONOMOUS_FIXED_POINT_HISTORY_RERUN/tests/test_implicit_microphysics.py::test_analytic_jacobian_matches_central_difference_on_regular_state - FileNotFoundError: [Errno 2] No such file or directory: '/tmp/rei_r2b_r2_run/stages/Bianchi_Reionization_Stage_P0_5_B2C2B0C_R2C_R1B_R2B_R2_OWNER_CORRECT_PHOTON_CONSERVING_NONAUTONOMOUS_FIXED_POINT_HISTORY_RERUN/analysis/microphysics.py'
FAILED stages/Bianchi_Reionization_Stage_P0_5_B2C2B0C_R2C_R1B_R2B_R2_OWNER_CORRECT_PHOTON_CONSERVING_NONAUTONOMOUS_FIXED_POINT_HISTORY_RERUN/tests/test_implicit_microphysics.py::test_infeasible_or_nonconverged_nodes_return_certificates_not_clipped_states - FileNotFoundError: [Errno 2] No such file or directory: '/tmp/rei_r2b_r2_run/stages/Bianchi_Reionization_Stage_P0_5_B2C2B0C_R2C_R1B_R2B_R2_OWNER_CORRECT_PHOTON_CONSERVING_NONAUTONOMOUS_FIXED_POINT_HISTORY_RERUN/analysis/microphysics.py'
7 failed in 0.11s
