FFFFFF                                                                   [100%]
=================================== FAILURES ===================================
________ test_forcing_reproduces_every_locked_endpoint_and_is_monotone _________

    def test_forcing_reproduces_every_locked_endpoint_and_is_monotone():
>       forcing = _load("forcing")
                  ^^^^^^^^^^^^^^^^

stages/Bianchi_Reionization_Stage_P0_5_B2C2B0C_R2C_R1B_R2B_R2_OWNER_CORRECT_PHOTON_CONSERVING_NONAUTONOMOUS_FIXED_POINT_HISTORY_RERUN/tests/test_forcing_owner.py:35: 
_ _ _ _ _ _ _ _ _ _ _ _ _ _ _ _ _ _ _ _ _ _ _ _ _ _ _ _ _ _ _ _ _ _ _ _ _ _ _ _ 
stages/Bianchi_Reionization_Stage_P0_5_B2C2B0C_R2C_R1B_R2B_R2_OWNER_CORRECT_PHOTON_CONSERVING_NONAUTONOMOUS_FIXED_POINT_HISTORY_RERUN/tests/test_forcing_owner.py:25: in _load
    spec.loader.exec_module(module)
<frozen importlib._bootstrap_external>:1022: in exec_module
    ???
<frozen importlib._bootstrap_external>:1159: in get_code
    ???
_ _ _ _ _ _ _ _ _ _ _ _ _ _ _ _ _ _ _ _ _ _ _ _ _ _ _ _ _ _ _ _ _ _ _ _ _ _ _ _ 

self = <_frozen_importlib_external.SourceFileLoader object at 0x7fa90d501490>
path = '/tmp/rei_r2b_r2_run/stages/Bianchi_Reionization_Stage_P0_5_B2C2B0C_R2C_R1B_R2B_R2_OWNER_CORRECT_PHOTON_CONSERVING_NONAUTONOMOUS_FIXED_POINT_HISTORY_RERUN/analysis/forcing.py'

>   ???
E   FileNotFoundError: [Errno 2] No such file or directory: '/tmp/rei_r2b_r2_run/stages/Bianchi_Reionization_Stage_P0_5_B2C2B0C_R2C_R1B_R2B_R2_OWNER_CORRECT_PHOTON_CONSERVING_NONAUTONOMOUS_FIXED_POINT_HISTORY_RERUN/analysis/forcing.py'

<frozen importlib._bootstrap_external>:1217: FileNotFoundError
___________ test_pchip_integral_is_additive_under_1_2_4_8_partition ____________

    def test_pchip_integral_is_additive_under_1_2_4_8_partition():
>       forcing = _load("forcing")
                  ^^^^^^^^^^^^^^^^

stages/Bianchi_Reionization_Stage_P0_5_B2C2B0C_R2C_R1B_R2B_R2_OWNER_CORRECT_PHOTON_CONSERVING_NONAUTONOMOUS_FIXED_POINT_HISTORY_RERUN/tests/test_forcing_owner.py:61: 
_ _ _ _ _ _ _ _ _ _ _ _ _ _ _ _ _ _ _ _ _ _ _ _ _ _ _ _ _ _ _ _ _ _ _ _ _ _ _ _ 
stages/Bianchi_Reionization_Stage_P0_5_B2C2B0C_R2C_R1B_R2B_R2_OWNER_CORRECT_PHOTON_CONSERVING_NONAUTONOMOUS_FIXED_POINT_HISTORY_RERUN/tests/test_forcing_owner.py:25: in _load
    spec.loader.exec_module(module)
<frozen importlib._bootstrap_external>:1022: in exec_module
    ???
<frozen importlib._bootstrap_external>:1159: in get_code
    ???
_ _ _ _ _ _ _ _ _ _ _ _ _ _ _ _ _ _ _ _ _ _ _ _ _ _ _ _ _ _ _ _ _ _ _ _ _ _ _ _ 

self = <_frozen_importlib_external.SourceFileLoader object at 0x7fa90d501430>
path = '/tmp/rei_r2b_r2_run/stages/Bianchi_Reionization_Stage_P0_5_B2C2B0C_R2C_R1B_R2B_R2_OWNER_CORRECT_PHOTON_CONSERVING_NONAUTONOMOUS_FIXED_POINT_HISTORY_RERUN/analysis/forcing.py'

>   ???
E   FileNotFoundError: [Errno 2] No such file or directory: '/tmp/rei_r2b_r2_run/stages/Bianchi_Reionization_Stage_P0_5_B2C2B0C_R2C_R1B_R2B_R2_OWNER_CORRECT_PHOTON_CONSERVING_NONAUTONOMOUS_FIXED_POINT_HISTORY_RERUN/analysis/forcing.py'

<frozen importlib._bootstrap_external>:1217: FileNotFoundError
______ test_external_subgrid_raw_is_interpolated_without_creating_support ______

    def test_external_subgrid_raw_is_interpolated_without_creating_support():
>       forcing = _load("forcing")
                  ^^^^^^^^^^^^^^^^

stages/Bianchi_Reionization_Stage_P0_5_B2C2B0C_R2C_R1B_R2B_R2_OWNER_CORRECT_PHOTON_CONSERVING_NONAUTONOMOUS_FIXED_POINT_HISTORY_RERUN/tests/test_forcing_owner.py:81: 
_ _ _ _ _ _ _ _ _ _ _ _ _ _ _ _ _ _ _ _ _ _ _ _ _ _ _ _ _ _ _ _ _ _ _ _ _ _ _ _ 
stages/Bianchi_Reionization_Stage_P0_5_B2C2B0C_R2C_R1B_R2B_R2_OWNER_CORRECT_PHOTON_CONSERVING_NONAUTONOMOUS_FIXED_POINT_HISTORY_RERUN/tests/test_forcing_owner.py:25: in _load
    spec.loader.exec_module(module)
<frozen importlib._bootstrap_external>:1022: in exec_module
    ???
<frozen importlib._bootstrap_external>:1159: in get_code
    ???
_ _ _ _ _ _ _ _ _ _ _ _ _ _ _ _ _ _ _ _ _ _ _ _ _ _ _ _ _ _ _ _ _ _ _ _ _ _ _ _ 

self = <_frozen_importlib_external.SourceFileLoader object at 0x7fa90d38d4f0>
path = '/tmp/rei_r2b_r2_run/stages/Bianchi_Reionization_Stage_P0_5_B2C2B0C_R2C_R1B_R2B_R2_OWNER_CORRECT_PHOTON_CONSERVING_NONAUTONOMOUS_FIXED_POINT_HISTORY_RERUN/analysis/forcing.py'

>   ???
E   FileNotFoundError: [Errno 2] No such file or directory: '/tmp/rei_r2b_r2_run/stages/Bianchi_Reionization_Stage_P0_5_B2C2B0C_R2C_R1B_R2B_R2_OWNER_CORRECT_PHOTON_CONSERVING_NONAUTONOMOUS_FIXED_POINT_HISTORY_RERUN/analysis/forcing.py'

<frozen importlib._bootstrap_external>:1217: FileNotFoundError
___ test_owner_kernel_closes_authoritative_totals_and_exact_structural_zeros ___

    def test_owner_kernel_closes_authoritative_totals_and_exact_structural_zeros():
>       forcing = _load("forcing")
                  ^^^^^^^^^^^^^^^^

stages/Bianchi_Reionization_Stage_P0_5_B2C2B0C_R2C_R1B_R2B_R2_OWNER_CORRECT_PHOTON_CONSERVING_NONAUTONOMOUS_FIXED_POINT_HISTORY_RERUN/tests/test_forcing_owner.py:95: 
_ _ _ _ _ _ _ _ _ _ _ _ _ _ _ _ _ _ _ _ _ _ _ _ _ _ _ _ _ _ _ _ _ _ _ _ _ _ _ _ 
stages/Bianchi_Reionization_Stage_P0_5_B2C2B0C_R2C_R1B_R2B_R2_OWNER_CORRECT_PHOTON_CONSERVING_NONAUTONOMOUS_FIXED_POINT_HISTORY_RERUN/tests/test_forcing_owner.py:25: in _load
    spec.loader.exec_module(module)
<frozen importlib._bootstrap_external>:1022: in exec_module
    ???
<frozen importlib._bootstrap_external>:1159: in get_code
    ???
_ _ _ _ _ _ _ _ _ _ _ _ _ _ _ _ _ _ _ _ _ _ _ _ _ _ _ _ _ _ _ _ _ _ _ _ _ _ _ _ 

self = <_frozen_importlib_external.SourceFileLoader object at 0x7fa90d38d790>
path = '/tmp/rei_r2b_r2_run/stages/Bianchi_Reionization_Stage_P0_5_B2C2B0C_R2C_R1B_R2B_R2_OWNER_CORRECT_PHOTON_CONSERVING_NONAUTONOMOUS_FIXED_POINT_HISTORY_RERUN/analysis/forcing.py'

>   ???
E   FileNotFoundError: [Errno 2] No such file or directory: '/tmp/rei_r2b_r2_run/stages/Bianchi_Reionization_Stage_P0_5_B2C2B0C_R2C_R1B_R2B_R2_OWNER_CORRECT_PHOTON_CONSERVING_NONAUTONOMOUS_FIXED_POINT_HISTORY_RERUN/analysis/forcing.py'

<frozen importlib._bootstrap_external>:1217: FileNotFoundError
_ test_state_conditioning_moves_explicit_owner_fractions_in_declared_direction _

    def test_state_conditioning_moves_explicit_owner_fractions_in_declared_direction():
>       forcing = _load("forcing")
                  ^^^^^^^^^^^^^^^^

stages/Bianchi_Reionization_Stage_P0_5_B2C2B0C_R2C_R1B_R2B_R2_OWNER_CORRECT_PHOTON_CONSERVING_NONAUTONOMOUS_FIXED_POINT_HISTORY_RERUN/tests/test_forcing_owner.py:143: 
_ _ _ _ _ _ _ _ _ _ _ _ _ _ _ _ _ _ _ _ _ _ _ _ _ _ _ _ _ _ _ _ _ _ _ _ _ _ _ _ 
stages/Bianchi_Reionization_Stage_P0_5_B2C2B0C_R2C_R1B_R2B_R2_OWNER_CORRECT_PHOTON_CONSERVING_NONAUTONOMOUS_FIXED_POINT_HISTORY_RERUN/tests/test_forcing_owner.py:25: in _load
    spec.loader.exec_module(module)
<frozen importlib._bootstrap_external>:1022: in exec_module
    ???
<frozen importlib._bootstrap_external>:1159: in get_code
    ???
_ _ _ _ _ _ _ _ _ _ _ _ _ _ _ _ _ _ _ _ _ _ _ _ _ _ _ _ _ _ _ _ _ _ _ _ _ _ _ _ 

self = <_frozen_importlib_external.SourceFileLoader object at 0x7fa90d38d9d0>
path = '/tmp/rei_r2b_r2_run/stages/Bianchi_Reionization_Stage_P0_5_B2C2B0C_R2C_R1B_R2B_R2_OWNER_CORRECT_PHOTON_CONSERVING_NONAUTONOMOUS_FIXED_POINT_HISTORY_RERUN/analysis/forcing.py'

>   ???
E   FileNotFoundError: [Errno 2] No such file or directory: '/tmp/rei_r2b_r2_run/stages/Bianchi_Reionization_Stage_P0_5_B2C2B0C_R2C_R1B_R2B_R2_OWNER_CORRECT_PHOTON_CONSERVING_NONAUTONOMOUS_FIXED_POINT_HISTORY_RERUN/analysis/forcing.py'

<frozen importlib._bootstrap_external>:1217: FileNotFoundError
_______________ test_unknown_or_posthoc_subgrid_lane_is_rejected _______________

    def test_unknown_or_posthoc_subgrid_lane_is_rejected():
>       owner = _load("owner_kernel")
                ^^^^^^^^^^^^^^^^^^^^^

stages/Bianchi_Reionization_Stage_P0_5_B2C2B0C_R2C_R1B_R2B_R2_OWNER_CORRECT_PHOTON_CONSERVING_NONAUTONOMOUS_FIXED_POINT_HISTORY_RERUN/tests/test_forcing_owner.py:180: 
_ _ _ _ _ _ _ _ _ _ _ _ _ _ _ _ _ _ _ _ _ _ _ _ _ _ _ _ _ _ _ _ _ _ _ _ _ _ _ _ 
stages/Bianchi_Reionization_Stage_P0_5_B2C2B0C_R2C_R1B_R2B_R2_OWNER_CORRECT_PHOTON_CONSERVING_NONAUTONOMOUS_FIXED_POINT_HISTORY_RERUN/tests/test_forcing_owner.py:25: in _load
    spec.loader.exec_module(module)
<frozen importlib._bootstrap_external>:1022: in exec_module
    ???
<frozen importlib._bootstrap_external>:1159: in get_code
    ???
_ _ _ _ _ _ _ _ _ _ _ _ _ _ _ _ _ _ _ _ _ _ _ _ _ _ _ _ _ _ _ _ _ _ _ _ _ _ _ _ 

self = <_frozen_importlib_external.SourceFileLoader object at 0x7fa90d38da90>
path = '/tmp/rei_r2b_r2_run/stages/Bianchi_Reionization_Stage_P0_5_B2C2B0C_R2C_R1B_R2B_R2_OWNER_CORRECT_PHOTON_CONSERVING_NONAUTONOMOUS_FIXED_POINT_HISTORY_RERUN/analysis/owner_kernel.py'

>   ???
E   FileNotFoundError: [Errno 2] No such file or directory: '/tmp/rei_r2b_r2_run/stages/Bianchi_Reionization_Stage_P0_5_B2C2B0C_R2C_R1B_R2B_R2_OWNER_CORRECT_PHOTON_CONSERVING_NONAUTONOMOUS_FIXED_POINT_HISTORY_RERUN/analysis/owner_kernel.py'

<frozen importlib._bootstrap_external>:1217: FileNotFoundError
=========================== short test summary info ============================
FAILED stages/Bianchi_Reionization_Stage_P0_5_B2C2B0C_R2C_R1B_R2B_R2_OWNER_CORRECT_PHOTON_CONSERVING_NONAUTONOMOUS_FIXED_POINT_HISTORY_RERUN/tests/test_forcing_owner.py::test_forcing_reproduces_every_locked_endpoint_and_is_monotone - FileNotFoundError: [Errno 2] No such file or directory: '/tmp/rei_r2b_r2_run/stages/Bianchi_Reionization_Stage_P0_5_B2C2B0C_R2C_R1B_R2B_R2_OWNER_CORRECT_PHOTON_CONSERVING_NONAUTONOMOUS_FIXED_POINT_HISTORY_RERUN/analysis/forcing.py'
FAILED stages/Bianchi_Reionization_Stage_P0_5_B2C2B0C_R2C_R1B_R2B_R2_OWNER_CORRECT_PHOTON_CONSERVING_NONAUTONOMOUS_FIXED_POINT_HISTORY_RERUN/tests/test_forcing_owner.py::test_pchip_integral_is_additive_under_1_2_4_8_partition - FileNotFoundError: [Errno 2] No such file or directory: '/tmp/rei_r2b_r2_run/stages/Bianchi_Reionization_Stage_P0_5_B2C2B0C_R2C_R1B_R2B_R2_OWNER_CORRECT_PHOTON_CONSERVING_NONAUTONOMOUS_FIXED_POINT_HISTORY_RERUN/analysis/forcing.py'
FAILED stages/Bianchi_Reionization_Stage_P0_5_B2C2B0C_R2C_R1B_R2B_R2_OWNER_CORRECT_PHOTON_CONSERVING_NONAUTONOMOUS_FIXED_POINT_HISTORY_RERUN/tests/test_forcing_owner.py::test_external_subgrid_raw_is_interpolated_without_creating_support - FileNotFoundError: [Errno 2] No such file or directory: '/tmp/rei_r2b_r2_run/stages/Bianchi_Reionization_Stage_P0_5_B2C2B0C_R2C_R1B_R2B_R2_OWNER_CORRECT_PHOTON_CONSERVING_NONAUTONOMOUS_FIXED_POINT_HISTORY_RERUN/analysis/forcing.py'
FAILED stages/Bianchi_Reionization_Stage_P0_5_B2C2B0C_R2C_R1B_R2B_R2_OWNER_CORRECT_PHOTON_CONSERVING_NONAUTONOMOUS_FIXED_POINT_HISTORY_RERUN/tests/test_forcing_owner.py::test_owner_kernel_closes_authoritative_totals_and_exact_structural_zeros - FileNotFoundError: [Errno 2] No such file or directory: '/tmp/rei_r2b_r2_run/stages/Bianchi_Reionization_Stage_P0_5_B2C2B0C_R2C_R1B_R2B_R2_OWNER_CORRECT_PHOTON_CONSERVING_NONAUTONOMOUS_FIXED_POINT_HISTORY_RERUN/analysis/forcing.py'
FAILED stages/Bianchi_Reionization_Stage_P0_5_B2C2B0C_R2C_R1B_R2B_R2_OWNER_CORRECT_PHOTON_CONSERVING_NONAUTONOMOUS_FIXED_POINT_HISTORY_RERUN/tests/test_forcing_owner.py::test_state_conditioning_moves_explicit_owner_fractions_in_declared_direction - FileNotFoundError: [Errno 2] No such file or directory: '/tmp/rei_r2b_r2_run/stages/Bianchi_Reionization_Stage_P0_5_B2C2B0C_R2C_R1B_R2B_R2_OWNER_CORRECT_PHOTON_CONSERVING_NONAUTONOMOUS_FIXED_POINT_HISTORY_RERUN/analysis/forcing.py'
FAILED stages/Bianchi_Reionization_Stage_P0_5_B2C2B0C_R2C_R1B_R2B_R2_OWNER_CORRECT_PHOTON_CONSERVING_NONAUTONOMOUS_FIXED_POINT_HISTORY_RERUN/tests/test_forcing_owner.py::test_unknown_or_posthoc_subgrid_lane_is_rejected - FileNotFoundError: [Errno 2] No such file or directory: '/tmp/rei_r2b_r2_run/stages/Bianchi_Reionization_Stage_P0_5_B2C2B0C_R2C_R1B_R2B_R2_OWNER_CORRECT_PHOTON_CONSERVING_NONAUTONOMOUS_FIXED_POINT_HISTORY_RERUN/analysis/owner_kernel.py'
6 failed in 0.11s
