{
  "partition": 2048,
  "classification": "PASS",
  "certified": true,
  "widths": {
    "x_HII": 2.6643106193491306e-06,
    "x_HeII": 1.2958711863020334e-05,
    "x_HeIII": 2.8461103586743808e-08,
    "log_T": 4.52488656108585e-05
  },
  "table_event": {
    "any_event": false,
    "node_count": 0,
    "minimum_distance": 0.00028926282673857884
  },
  "validated_local_error_bounds": {
    "x_HII": 3.0668487366769526e-05,
    "x_HeII": 5.6861223254101034e-05,
    "x_HeIII": 1.2470579114649133e-06,
    "log_T": 0.00011621773858117024
  },
  "maximum_validated_local_error": 0.00011621773858117024,
  "map_enclosed": true,
  "elapsed_s": 15.506509432999792
}
