{
  "partition": 4096,
  "classification": "PASS",
  "certified": true,
  "widths": {
    "x_HII": 1.2594960112632947e-06,
    "x_HeII": 4.7412752652853385e-06,
    "x_HeIII": 5.607318968522956e-09,
    "log_T": 2.2741682341731462e-05
  },
  "table_event": {
    "any_event": false,
    "node_count": 0,
    "minimum_distance": 0.00029953810959248983
  },
  "validated_local_error_bounds": {
    "x_HII": 7.1800268689470315e-06,
    "x_HeII": 2.239375222745643e-05,
    "x_HeIII": 3.892724009090659e-07,
    "log_T": 7.352490614742635e-05
  },
  "maximum_validated_local_error": 7.352490614742635e-05,
  "map_enclosed": true,
  "elapsed_s": 14.939395727999909
}
WALL=15.71 RSS=566580
