{
  "partition": 1024,
  "classification": "VALIDATED_LOCAL_ERROR_GATE_FAILURE",
  "certified": false,
  "widths": {
    "x_HII": 6.033059588572698e-06,
    "x_HeII": 3.591867336283361e-05,
    "x_HeIII": 1.5633580154744697e-07,
    "log_T": 9.238044782655663e-05
  },
  "table_event": {
    "any_event": false,
    "node_count": 0,
    "minimum_distance": 0.00026503280120415695
  },
  "validated_local_error_bounds": {
    "x_HII": 0.00012574407968390933,
    "x_HeII": 0.0001276321404215519,
    "x_HeIII": 4.3260028087105384e-06,
    "log_T": 0.00023307125014504493
  },
  "maximum_validated_local_error": 0.00023307125014504493,
  "map_enclosed": true,
  "elapsed_s": 15.68546698099999
}
