{"partition": 1024, "classification": "PASS", "certified": true, "widths": {"x_HII": 6.033059588572698e-06, "x_HeII": 3.591867336283361e-05, "x_HeIII": 1.5633580154744697e-07, "log_T": 9.238044782655663e-05}, "table_event": {"any_event": false, "node_count": 0, "minimum_distance": 0.00027139282866173176}, "elapsed_s": 10.983545929000002}
{"partition": 2048, "classification": "PASS", "certified": true, "widths": {"x_HII": 2.6643106193491306e-06, "x_HeII": 1.2958711863020334e-05, "x_HeIII": 2.8461103586743808e-08, "log_T": 4.52488656108585e-05}, "table_event": {"any_event": false, "node_count": 0, "minimum_distance": 0.00029095491562181053}, "elapsed_s": 9.922216173999914}
{"partition": 4096, "classification": "PASS", "certified": true, "widths": {"x_HII": 1.2594960112632947e-06, "x_HeII": 4.7412752652853385e-06, "x_HeIII": 5.607318968522956e-09, "log_T": 2.2741682341731462e-05}, "table_event": {"any_event": false, "node_count": 0, "minimum_distance": 0.0002999672146426491}, "elapsed_s": 9.823261683000055}
{
  "rows": [
    {
      "partition": 1024,
      "classification": "PASS",
      "certified": true,
      "widths": {
        "x_HII": 6.033059588572698e-06,
        "x_HeII": 3.591867336283361e-05,
        "x_HeIII": 1.5633580154744697e-07,
        "log_T": 9.238044782655663e-05
      },
      "table_event": {
        "any_event": false,
        "node_count": 0,
        "minimum_distance": 0.00027139282866173176
      },
      "elapsed_s": 10.983545929000002
    },
    {
      "partition": 2048,
      "classification": "PASS",
      "certified": true,
      "widths": {
        "x_HII": 2.6643106193491306e-06,
        "x_HeII": 1.2958711863020334e-05,
        "x_HeIII": 2.8461103586743808e-08,
        "log_T": 4.52488656108585e-05
      },
      "table_event": {
        "any_event": false,
        "node_count": 0,
        "minimum_distance": 0.00029095491562181053
      },
      "elapsed_s": 9.922216173999914
    },
    {
      "partition": 4096,
      "classification": "PASS",
      "certified": true,
      "widths": {
        "x_HII": 1.2594960112632947e-06,
        "x_HeII": 4.7412752652853385e-06,
        "x_HeIII": 5.607318968522956e-09,
        "log_T": 2.2741682341731462e-05
      },
      "table_event": {
        "any_event": false,
        "node_count": 0,
        "minimum_distance": 0.0002999672146426491
      },
      "elapsed_s": 9.823261683000055
    }
  ],
  "all_certified": true,
  "monotone_widths": {
    "x_HII": true,
    "x_HeII": true,
    "x_HeIII": true,
    "log_T": true
  }
}
