{
  "gate": 0.002,
  "gate_to_max_width_ratio": 44.20000309400142,
  "local_error_gate": 0.0002,
  "local_error_gate_ratio_partition_2048": 1.7209076896666125,
  "maximum_krawczyk_row_sum": 0.01584742838309212,
  "maximum_validated_local_error_partition_2048": 0.00011621773858117024,
  "maximum_width": 4.52488656108585e-05,
  "minimum_table_clearance_ratio": 2.8689274347506237,
  "partition_acceptance": {
    "1024": false,
    "2048": true,
    "4096": true
  },
  "plots": [
    "local_krawczyk_margins.png",
    "partition_sensitivity.png",
    "table_event_clearance.png",
    "validated_local_error.png",
    "validated_widths_vs_gate.png"
  ]
}
