FFFFF                                                                    [100%]
=================================== FAILURES ===================================
_______ test_table_event_detector_distinguishes_safe_touch_and_crossing ________

    def test_table_event_detector_distinguishes_safe_touch_and_crossing():
>       m=load()
          ^^^^^^

stages/Bianchi_Reionization_Stage_P0_5_B2C2B0C_R2C_R1B_R2B_R2A_R2_R1A_R1_R1_R1_R1_R1_CROSS_SITE_STATE_FEEDBACK_REMAINDER_AND_TABLE_EVENT_LOCK/tests/test_cross_site_discrete_map.py:16: 
_ _ _ _ _ _ _ _ _ _ _ _ _ _ _ _ _ _ _ _ _ _ _ _ _ _ _ _ _ _ _ _ _ _ _ _ _ _ _ _ 
stages/Bianchi_Reionization_Stage_P0_5_B2C2B0C_R2C_R1B_R2B_R2A_R2_R1A_R1_R1_R1_R1_R1_CROSS_SITE_STATE_FEEDBACK_REMAINDER_AND_TABLE_EVENT_LOCK/tests/test_cross_site_discrete_map.py:12: in load
    module=importlib.util.module_from_spec(spec);sys.modules[spec.name]=module;spec.loader.exec_module(module)
                                                                               ^^^^^^^^^^^^^^^^^^^^^^^^^^^^^^^
<frozen importlib._bootstrap_external>:1022: in exec_module
    ???
<frozen importlib._bootstrap_external>:1159: in get_code
    ???
_ _ _ _ _ _ _ _ _ _ _ _ _ _ _ _ _ _ _ _ _ _ _ _ _ _ _ _ _ _ _ _ _ _ _ _ _ _ _ _ 

self = <_frozen_importlib_external.SourceFileLoader object at 0x7ff309478f50>
path = '/mnt/data/rei_bianchi_crosssite_work/stages/Bianchi_Reionization_Stage_P0_5_B2C2B0C_R2C_R1B_R2B_R2A_R2_R1A_R1_R1_R1_R1_R1_CROSS_SITE_STATE_FEEDBACK_REMAINDER_AND_TABLE_EVENT_LOCK/analysis/cross_site_discrete_map.py'

>   ???
E   FileNotFoundError: [Errno 2] No such file or directory: '/mnt/data/rei_bianchi_crosssite_work/stages/Bianchi_Reionization_Stage_P0_5_B2C2B0C_R2C_R1B_R2B_R2A_R2_R1A_R1_R1_R1_R1_R1_CROSS_SITE_STATE_FEEDBACK_REMAINDER_AND_TABLE_EVENT_LOCK/analysis/cross_site_discrete_map.py'

<frozen importlib._bootstrap_external>:1217: FileNotFoundError
___ test_owner_normalization_interval_preserves_simplex_and_contains_samples ___

    def test_owner_normalization_interval_preserves_simplex_and_contains_samples():
>       m=load()
          ^^^^^^

stages/Bianchi_Reionization_Stage_P0_5_B2C2B0C_R2C_R1B_R2B_R2A_R2_R1A_R1_R1_R1_R1_R1_CROSS_SITE_STATE_FEEDBACK_REMAINDER_AND_TABLE_EVENT_LOCK/tests/test_cross_site_discrete_map.py:28: 
_ _ _ _ _ _ _ _ _ _ _ _ _ _ _ _ _ _ _ _ _ _ _ _ _ _ _ _ _ _ _ _ _ _ _ _ _ _ _ _ 
stages/Bianchi_Reionization_Stage_P0_5_B2C2B0C_R2C_R1B_R2B_R2A_R2_R1A_R1_R1_R1_R1_R1_CROSS_SITE_STATE_FEEDBACK_REMAINDER_AND_TABLE_EVENT_LOCK/tests/test_cross_site_discrete_map.py:12: in load
    module=importlib.util.module_from_spec(spec);sys.modules[spec.name]=module;spec.loader.exec_module(module)
                                                                               ^^^^^^^^^^^^^^^^^^^^^^^^^^^^^^^
<frozen importlib._bootstrap_external>:1022: in exec_module
    ???
<frozen importlib._bootstrap_external>:1159: in get_code
    ???
_ _ _ _ _ _ _ _ _ _ _ _ _ _ _ _ _ _ _ _ _ _ _ _ _ _ _ _ _ _ _ _ _ _ _ _ _ _ _ _ 

self = <_frozen_importlib_external.SourceFileLoader object at 0x7ff309478e30>
path = '/mnt/data/rei_bianchi_crosssite_work/stages/Bianchi_Reionization_Stage_P0_5_B2C2B0C_R2C_R1B_R2B_R2A_R2_R1A_R1_R1_R1_R1_R1_CROSS_SITE_STATE_FEEDBACK_REMAINDER_AND_TABLE_EVENT_LOCK/analysis/cross_site_discrete_map.py'

>   ???
E   FileNotFoundError: [Errno 2] No such file or directory: '/mnt/data/rei_bianchi_crosssite_work/stages/Bianchi_Reionization_Stage_P0_5_B2C2B0C_R2C_R1B_R2B_R2A_R2_R1A_R1_R1_R1_R1_R1_CROSS_SITE_STATE_FEEDBACK_REMAINDER_AND_TABLE_EVENT_LOCK/analysis/cross_site_discrete_map.py'

<frozen importlib._bootstrap_external>:1217: FileNotFoundError
____________ test_interval_linear_stage_contains_all_corner_solves _____________

    def test_interval_linear_stage_contains_all_corner_solves():
>       m=load()
          ^^^^^^

stages/Bianchi_Reionization_Stage_P0_5_B2C2B0C_R2C_R1B_R2B_R2A_R2_R1A_R1_R1_R1_R1_R1_CROSS_SITE_STATE_FEEDBACK_REMAINDER_AND_TABLE_EVENT_LOCK/tests/test_cross_site_discrete_map.py:38: 
_ _ _ _ _ _ _ _ _ _ _ _ _ _ _ _ _ _ _ _ _ _ _ _ _ _ _ _ _ _ _ _ _ _ _ _ _ _ _ _ 
stages/Bianchi_Reionization_Stage_P0_5_B2C2B0C_R2C_R1B_R2B_R2A_R2_R1A_R1_R1_R1_R1_R1_CROSS_SITE_STATE_FEEDBACK_REMAINDER_AND_TABLE_EVENT_LOCK/tests/test_cross_site_discrete_map.py:12: in load
    module=importlib.util.module_from_spec(spec);sys.modules[spec.name]=module;spec.loader.exec_module(module)
                                                                               ^^^^^^^^^^^^^^^^^^^^^^^^^^^^^^^
<frozen importlib._bootstrap_external>:1022: in exec_module
    ???
<frozen importlib._bootstrap_external>:1159: in get_code
    ???
_ _ _ _ _ _ _ _ _ _ _ _ _ _ _ _ _ _ _ _ _ _ _ _ _ _ _ _ _ _ _ _ _ _ _ _ _ _ _ _ 

self = <_frozen_importlib_external.SourceFileLoader object at 0x7ff3092f47d0>
path = '/mnt/data/rei_bianchi_crosssite_work/stages/Bianchi_Reionization_Stage_P0_5_B2C2B0C_R2C_R1B_R2B_R2A_R2_R1A_R1_R1_R1_R1_R1_CROSS_SITE_STATE_FEEDBACK_REMAINDER_AND_TABLE_EVENT_LOCK/analysis/cross_site_discrete_map.py'

>   ???
E   FileNotFoundError: [Errno 2] No such file or directory: '/mnt/data/rei_bianchi_crosssite_work/stages/Bianchi_Reionization_Stage_P0_5_B2C2B0C_R2C_R1B_R2B_R2A_R2_R1A_R1_R1_R1_R1_R1_CROSS_SITE_STATE_FEEDBACK_REMAINDER_AND_TABLE_EVENT_LOCK/analysis/cross_site_discrete_map.py'

<frozen importlib._bootstrap_external>:1217: FileNotFoundError
___________________ test_set_ledger_requires_zero_inclusion ____________________

    def test_set_ledger_requires_zero_inclusion():
>       m=load()
          ^^^^^^

stages/Bianchi_Reionization_Stage_P0_5_B2C2B0C_R2C_R1B_R2B_R2A_R2_R1A_R1_R1_R1_R1_R1_CROSS_SITE_STATE_FEEDBACK_REMAINDER_AND_TABLE_EVENT_LOCK/tests/test_cross_site_discrete_map.py:53: 
_ _ _ _ _ _ _ _ _ _ _ _ _ _ _ _ _ _ _ _ _ _ _ _ _ _ _ _ _ _ _ _ _ _ _ _ _ _ _ _ 
stages/Bianchi_Reionization_Stage_P0_5_B2C2B0C_R2C_R1B_R2B_R2A_R2_R1A_R1_R1_R1_R1_R1_CROSS_SITE_STATE_FEEDBACK_REMAINDER_AND_TABLE_EVENT_LOCK/tests/test_cross_site_discrete_map.py:12: in load
    module=importlib.util.module_from_spec(spec);sys.modules[spec.name]=module;spec.loader.exec_module(module)
                                                                               ^^^^^^^^^^^^^^^^^^^^^^^^^^^^^^^
<frozen importlib._bootstrap_external>:1022: in exec_module
    ???
<frozen importlib._bootstrap_external>:1159: in get_code
    ???
_ _ _ _ _ _ _ _ _ _ _ _ _ _ _ _ _ _ _ _ _ _ _ _ _ _ _ _ _ _ _ _ _ _ _ _ _ _ _ _ 

self = <_frozen_importlib_external.SourceFileLoader object at 0x7ff3092f4110>
path = '/mnt/data/rei_bianchi_crosssite_work/stages/Bianchi_Reionization_Stage_P0_5_B2C2B0C_R2C_R1B_R2B_R2A_R2_R1A_R1_R1_R1_R1_R1_CROSS_SITE_STATE_FEEDBACK_REMAINDER_AND_TABLE_EVENT_LOCK/analysis/cross_site_discrete_map.py'

>   ???
E   FileNotFoundError: [Errno 2] No such file or directory: '/mnt/data/rei_bianchi_crosssite_work/stages/Bianchi_Reionization_Stage_P0_5_B2C2B0C_R2C_R1B_R2B_R2A_R2_R1A_R1_R1_R1_R1_R1_CROSS_SITE_STATE_FEEDBACK_REMAINDER_AND_TABLE_EVENT_LOCK/analysis/cross_site_discrete_map.py'

<frozen importlib._bootstrap_external>:1217: FileNotFoundError
________ test_actual_parent_point_flux_box_contains_four_source_corners ________

    def test_actual_parent_point_flux_box_contains_four_source_corners():
>       m=load()
          ^^^^^^

stages/Bianchi_Reionization_Stage_P0_5_B2C2B0C_R2C_R1B_R2B_R2A_R2_R1A_R1_R1_R1_R1_R1_CROSS_SITE_STATE_FEEDBACK_REMAINDER_AND_TABLE_EVENT_LOCK/tests/test_cross_site_discrete_map.py:61: 
_ _ _ _ _ _ _ _ _ _ _ _ _ _ _ _ _ _ _ _ _ _ _ _ _ _ _ _ _ _ _ _ _ _ _ _ _ _ _ _ 
stages/Bianchi_Reionization_Stage_P0_5_B2C2B0C_R2C_R1B_R2B_R2A_R2_R1A_R1_R1_R1_R1_R1_CROSS_SITE_STATE_FEEDBACK_REMAINDER_AND_TABLE_EVENT_LOCK/tests/test_cross_site_discrete_map.py:12: in load
    module=importlib.util.module_from_spec(spec);sys.modules[spec.name]=module;spec.loader.exec_module(module)
                                                                               ^^^^^^^^^^^^^^^^^^^^^^^^^^^^^^^
<frozen importlib._bootstrap_external>:1022: in exec_module
    ???
<frozen importlib._bootstrap_external>:1159: in get_code
    ???
_ _ _ _ _ _ _ _ _ _ _ _ _ _ _ _ _ _ _ _ _ _ _ _ _ _ _ _ _ _ _ _ _ _ _ _ _ _ _ _ 

self = <_frozen_importlib_external.SourceFileLoader object at 0x7ff3092f41d0>
path = '/mnt/data/rei_bianchi_crosssite_work/stages/Bianchi_Reionization_Stage_P0_5_B2C2B0C_R2C_R1B_R2B_R2A_R2_R1A_R1_R1_R1_R1_R1_CROSS_SITE_STATE_FEEDBACK_REMAINDER_AND_TABLE_EVENT_LOCK/analysis/cross_site_discrete_map.py'

>   ???
E   FileNotFoundError: [Errno 2] No such file or directory: '/mnt/data/rei_bianchi_crosssite_work/stages/Bianchi_Reionization_Stage_P0_5_B2C2B0C_R2C_R1B_R2B_R2A_R2_R1A_R1_R1_R1_R1_R1_CROSS_SITE_STATE_FEEDBACK_REMAINDER_AND_TABLE_EVENT_LOCK/analysis/cross_site_discrete_map.py'

<frozen importlib._bootstrap_external>:1217: FileNotFoundError
=========================== short test summary info ============================
FAILED stages/Bianchi_Reionization_Stage_P0_5_B2C2B0C_R2C_R1B_R2B_R2A_R2_R1A_R1_R1_R1_R1_R1_CROSS_SITE_STATE_FEEDBACK_REMAINDER_AND_TABLE_EVENT_LOCK/tests/test_cross_site_discrete_map.py::test_table_event_detector_distinguishes_safe_touch_and_crossing - FileNotFoundError: [Errno 2] No such file or directory: '/mnt/data/rei_bianchi_crosssite_work/stages/Bianchi_Reionization_Stage_P0_5_B2C2B0C_R2C_R1B_R2B_R2A_R2_R1A_R1_R1_R1_R1_R1_CROSS_SITE_STATE_FEEDBACK_REMAINDER_AND_TABLE_EVENT_LOCK/analysis/cross_site_discrete_map.py'
FAILED stages/Bianchi_Reionization_Stage_P0_5_B2C2B0C_R2C_R1B_R2B_R2A_R2_R1A_R1_R1_R1_R1_R1_CROSS_SITE_STATE_FEEDBACK_REMAINDER_AND_TABLE_EVENT_LOCK/tests/test_cross_site_discrete_map.py::test_owner_normalization_interval_preserves_simplex_and_contains_samples - FileNotFoundError: [Errno 2] No such file or directory: '/mnt/data/rei_bianchi_crosssite_work/stages/Bianchi_Reionization_Stage_P0_5_B2C2B0C_R2C_R1B_R2B_R2A_R2_R1A_R1_R1_R1_R1_R1_CROSS_SITE_STATE_FEEDBACK_REMAINDER_AND_TABLE_EVENT_LOCK/analysis/cross_site_discrete_map.py'
FAILED stages/Bianchi_Reionization_Stage_P0_5_B2C2B0C_R2C_R1B_R2B_R2A_R2_R1A_R1_R1_R1_R1_R1_CROSS_SITE_STATE_FEEDBACK_REMAINDER_AND_TABLE_EVENT_LOCK/tests/test_cross_site_discrete_map.py::test_interval_linear_stage_contains_all_corner_solves - FileNotFoundError: [Errno 2] No such file or directory: '/mnt/data/rei_bianchi_crosssite_work/stages/Bianchi_Reionization_Stage_P0_5_B2C2B0C_R2C_R1B_R2B_R2A_R2_R1A_R1_R1_R1_R1_R1_CROSS_SITE_STATE_FEEDBACK_REMAINDER_AND_TABLE_EVENT_LOCK/analysis/cross_site_discrete_map.py'
FAILED stages/Bianchi_Reionization_Stage_P0_5_B2C2B0C_R2C_R1B_R2B_R2A_R2_R1A_R1_R1_R1_R1_R1_CROSS_SITE_STATE_FEEDBACK_REMAINDER_AND_TABLE_EVENT_LOCK/tests/test_cross_site_discrete_map.py::test_set_ledger_requires_zero_inclusion - FileNotFoundError: [Errno 2] No such file or directory: '/mnt/data/rei_bianchi_crosssite_work/stages/Bianchi_Reionization_Stage_P0_5_B2C2B0C_R2C_R1B_R2B_R2A_R2_R1A_R1_R1_R1_R1_R1_CROSS_SITE_STATE_FEEDBACK_REMAINDER_AND_TABLE_EVENT_LOCK/analysis/cross_site_discrete_map.py'
FAILED stages/Bianchi_Reionization_Stage_P0_5_B2C2B0C_R2C_R1B_R2B_R2A_R2_R1A_R1_R1_R1_R1_R1_CROSS_SITE_STATE_FEEDBACK_REMAINDER_AND_TABLE_EVENT_LOCK/tests/test_cross_site_discrete_map.py::test_actual_parent_point_flux_box_contains_four_source_corners - FileNotFoundError: [Errno 2] No such file or directory: '/mnt/data/rei_bianchi_crosssite_work/stages/Bianchi_Reionization_Stage_P0_5_B2C2B0C_R2C_R1B_R2B_R2A_R2_R1A_R1_R1_R1_R1_R1_CROSS_SITE_STATE_FEEDBACK_REMAINDER_AND_TABLE_EVENT_LOCK/analysis/cross_site_discrete_map.py'
5 failed in 0.08s
