{
  "all_rate_bound_changes_authorized": false,
  "best_single_bound_family_counts": {
    "C": 16,
    "J_G1": 214,
    "J_G2a": 261,
    "M": 6
  },
  "case_count": 497,
  "classification": "DUAL_MISSING_RATE_DIAGNOSTIC_NON_AUTHORIZING",
  "constraint_counts": {
    "CYCLING_CAPACITY": 209,
    "J_G1_NONNEGATIVE": 125,
    "J_G2A_NONNEGATIVE": 157,
    "MACRO_MASS_CAP": 6
  },
  "direction_counts": {
    "z_above_1": 15,
    "z_below_0": 482
  },
  "finite_positive_scalar_rate_count": 400,
  "finite_rate_factor_quantiles_by_constraint": {
    "CYCLING_CAPACITY": {
      "max": 14.620427175202908,
      "median": 1.1701646839498947,
      "min": 1.0226923146767153,
      "p10": 1.042819312168102,
      "p90": 2.1611349232101045
    },
    "J_G1_NONNEGATIVE": {
      "max": 37.62824357420988,
      "median": 6.983034680048261,
      "min": 1.1571552271298924,
      "p10": 1.3861999223671582,
      "p90": 15.30097025239728
    },
    "J_G2A_NONNEGATIVE": {
      "max": 3669.453232241787,
      "median": 4.038799653383031,
      "min": 1.160461904793643,
      "p10": 1.2439959941200194,
      "p90": 16.67275798791386
    },
    "MACRO_MASS_CAP": {
      "max": 1.5103193787432043,
      "median": 1.4995603446025416,
      "min": 1.4888015142333562,
      "p10": 1.4888027240164186,
      "p90": 1.5103160872584014
    }
  },
  "interpretation": "For each emitted single-row/box Farkas ray, this reports the smallest one-coordinate extension outside z in [0,1]. It is diagnostic only. It neither proves that this is the unique repair nor authorizes any post-result widening of the physical rate lock.",
  "mass_cap_required_rate_factor_range": [
    1.4888015142333562,
    1.5103193787432043
  ],
  "maximum_z_extension": 1468.8905098650955,
  "median_z_extension": 0.02569481210982753,
  "minimum_z_extension": 8.645235617840523e-14,
  "no_finite_positive_scalar_rate_count": 97,
  "node_rate_fitting_used": false,
  "output_csv": "data/dual_single_bound_extension_diagnostic.csv",
  "status": "PASS"
}
