{
  "Farkas_column_residual": "1.0110993937208384E-16",
  "Farkas_h_dot_y": "-1.37500307528635511100479140058204E-12",
  "Farkas_h_dot_y_field_difference": "8.899520859941796E-29",
  "Gamma_3_over_2_residual": "0.0",
  "KKT_complementarity": "1.5066135191608190309504048733875E-19",
  "KKT_duality_gap_relative": "4.9294143182362495E-18",
  "KKT_stationarity_relative": "0.00001392915378996336",
  "clipping_used": false,
  "decimal_precision_digits": 90,
  "mpmath_precision_digits": 100,
  "native_wolfram_runtime": "UNAVAILABLE_IN_THIS_RUNTIME",
  "precise_special_functions_plugin": "NOT_EXPOSED_IN_CURRENT_RUNTIME",
  "rate_time_product_dimensionless": true,
  "rate_unit": "Myr^-1",
  "status": "FAIL",
  "symbolic": {
    "Gamma_3_over_2_identity": true,
    "KKT_complementarity_active": true,
    "KKT_complementarity_inactive": true,
    "Taylor_derivative_identities_0_to_8": true,
    "endpoint_identity": true,
    "exact_zero_G2b_G3_HeII_G3": true,
    "two_mode_attenuation_identity": true
  },
  "time_unit": "Myr",
  "two_mode_decimal_attenuation_residual": "0E-90"
}
