.....FFF                                                                 [100%]
=================================== FAILURES ===================================
__________ test_solver_uses_physical_row_scaling_for_wide_rate_boxes ___________

    def test_solver_uses_physical_row_scaling_for_wide_rate_boxes() -> None:
        previous = {
            "M": np.array([10.0]),
            "I": np.array([5.0]),
            "U": np.array([1.0]),
            "C": np.array([1.0]),
            "J_G1": np.array([0.4]),
            "J_G2a": np.array([0.4]),
        }
        target = {
            "M": np.array([10.0]),
            "I": np.array([5.0]),
            "U": np.array([1.0]),
            "C": np.array([1.1]),
            "J_G1": np.array([0.42]),
            "J_G2a": np.array([0.42]),
        }
        bounds = {
            "M": (0.1, 0.2),
            "I": (0.1, 0.2),
            "U": (0.1, 0.2),
            "C": (1.0e-4, 2.0),
            "J_G1": (1.0e-16, 1.0e-2),
            "J_G2a": (1.0e-16, 1.0e-2),
        }
        result = solve_equilibrium_problem(
            build_equilibrium_problem(
                previous,
                target,
                bounds,
                dt_myr=10.0,
                macro_mass_cap=20.0,
                macro_volume_cap=20.0,
            )
        )
        assert result["pass"]
        eq = one_mode_equilibrium(previous, target, result["rates_Myr_inv"], 10.0)
        scale = max(
            float(np.sum(np.abs(eq["C"])))
            + float(np.sum(np.abs(eq["J_G1"])))
            + float(np.sum(np.abs(eq["J_G2a"]))),
            1.0,
        )
>       assert float(np.min(eq["C"] - eq["J_G1"] - eq["J_G2a"])) >= -1.0e-11 * scale
E       assert -0.12033327758488577 >= (-1e-11 * 2.3203332779971166)
E        +  where -0.12033327758488577 = float(np.float64(-0.12033327758488577))
E        +    where np.float64(-0.12033327758488577) = <function min at 0x7f510e71c3f0>(((array([1.1]) - array([0.61016664])) - array([0.61016664])))
E        +      where <function min at 0x7f510e71c3f0> = np.min

stages/Bianchi_Reionization_Stage_P0_5_B2C2B0C_R2C_R1_RATE_DERIVED_POSITIVE_MULTIRATE_RELAXATION_CONE_LOCK/tests/test_positive_multirate_cone.py:153: AssertionError
___________ test_solver_returns_exact_locked_rate_at_active_boundary ___________

    def test_solver_returns_exact_locked_rate_at_active_boundary() -> None:
        previous, _, _ = synthetic_endpoints()
        target = {family: values.copy() for family, values in previous.items()}
        bounds = {family: (1.0e-4, 2.0) for family in FAMILY_ORDER}
        result = solve_equilibrium_problem(
            build_equilibrium_problem(
                previous,
                target,
                bounds,
                dt_myr=10.0,
                macro_mass_cap=20.0,
                macro_volume_cap=20.0,
            )
        )
        assert result["pass"]
        for family in FAMILY_ORDER:
>           assert result["rates_Myr_inv"][family] == bounds[family][1]
E           assert 1.9999999966169824 == 2.0

stages/Bianchi_Reionization_Stage_P0_5_B2C2B0C_R2C_R1_RATE_DERIVED_POSITIVE_MULTIRATE_RELAXATION_CONE_LOCK/tests/test_positive_multirate_cone.py:173: AssertionError
______________ test_solver_reports_correct_kkt_stationarity_signs ______________

    def test_solver_reports_correct_kkt_stationarity_signs() -> None:
        previous, target, bounds = synthetic_endpoints()
        result = solve_equilibrium_problem(
            build_equilibrium_problem(
                previous,
                target,
                bounds,
                dt_myr=10.0,
                macro_mass_cap=20.0,
                macro_volume_cap=20.0,
            )
        )
        assert result["pass"]
>       assert result["max_stationarity_residual"] <= 1.0e-8
E       assert 2.0 <= 1e-08

stages/Bianchi_Reionization_Stage_P0_5_B2C2B0C_R2C_R1_RATE_DERIVED_POSITIVE_MULTIRATE_RELAXATION_CONE_LOCK/tests/test_positive_multirate_cone.py:189: AssertionError
=========================== short test summary info ============================
FAILED stages/Bianchi_Reionization_Stage_P0_5_B2C2B0C_R2C_R1_RATE_DERIVED_POSITIVE_MULTIRATE_RELAXATION_CONE_LOCK/tests/test_positive_multirate_cone.py::test_solver_uses_physical_row_scaling_for_wide_rate_boxes - assert -0.12033327758488577 >= (-1e-11 * 2.3203332779971166)
 +  where -0.12033327758488577 = float(np.float64(-0.12033327758488577))
 +    where np.float64(-0.12033327758488577) = <function min at 0x7f510e71c3f0>(((array([1.1]) - array([0.61016664])) - array([0.61016664])))
 +      where <function min at 0x7f510e71c3f0> = np.min
FAILED stages/Bianchi_Reionization_Stage_P0_5_B2C2B0C_R2C_R1_RATE_DERIVED_POSITIVE_MULTIRATE_RELAXATION_CONE_LOCK/tests/test_positive_multirate_cone.py::test_solver_returns_exact_locked_rate_at_active_boundary - assert 1.9999999966169824 == 2.0
FAILED stages/Bianchi_Reionization_Stage_P0_5_B2C2B0C_R2C_R1_RATE_DERIVED_POSITIVE_MULTIRATE_RELAXATION_CONE_LOCK/tests/test_positive_multirate_cone.py::test_solver_reports_correct_kkt_stationarity_signs - assert 2.0 <= 1e-08
3 failed, 5 passed in 0.37s
