{
  "schema": "SYNC03_DECIMAL_ORACLE_V1",
  "status": "PASS",
  "precision_digits": 70,
  "checks": 784054,
  "histories": [
    {
      "history": "T0_FLRW",
      "checks": 56009,
      "rows": 8001,
      "reference_tau0": "0.00001855595462927850445377225461375553596312079325312390202410657284588792",
      "maximum_errors": {
        "q_relative": 1.981231056789302e-16,
        "tau_absolute": 5.434944983070608e-20,
        "tau_relative_nonzero": 5.042208201552141e-15,
        "survival_absolute": 5.553691546609501e-17,
        "probability_absolute": 1.0900277109130522e-24,
        "tail_tau_absolute": 6.058894495025913e-16,
        "tail_scaling_absolute": 6.344747654062739e-16,
        "mass_residual_tail0": 5.167709299145819e-17,
        "mass_residual_tail01": 1.2372178459531262e-16
      }
    },
    {
      "history": "T0_BI",
      "checks": 56009,
      "rows": 8001,
      "reference_tau0": "0.00001855595807335985649724438968910909799378149533044792742636970343453765",
      "maximum_errors": {
        "q_relative": 1.996169200636757e-16,
        "tau_absolute": 9.792990401670276e-20,
        "tau_relative_nonzero": 5.427889381016798e-15,
        "survival_absolute": 5.551324092959806e-17,
        "probability_absolute": 9.819826219999792e-25,
        "tail_tau_absolute": 2.472230604296127e-16,
        "tail_scaling_absolute": 3.1797287650996e-16,
        "mass_residual_tail0": 4.627682616443227e-17,
        "mass_residual_tail01": 2.1849620065599335e-17
      }
    },
    {
      "history": "T1_FLRW",
      "checks": 112009,
      "rows": 16001,
      "reference_tau0": "0.00001855605834736108256299592953515689489362086556871481489946088270922046",
      "maximum_errors": {
        "q_relative": 2.0002498466168012e-16,
        "tau_absolute": 1.1476861436274077e-19,
        "tau_relative_nonzero": 8.702122699892718e-15,
        "survival_absolute": 5.557891004530653e-17,
        "probability_absolute": 5.752869363682886e-25,
        "tail_tau_absolute": 4.72185092838592e-16,
        "tail_scaling_absolute": 4.957123116733639e-16,
        "mass_residual_tail0": 4.8124731109263484e-17,
        "mass_residual_tail01": 2.0587393607265737e-16
      }
    },
    {
      "history": "T1_BI",
      "checks": 112009,
      "rows": 16001,
      "reference_tau0": "0.00001855606179020649472547921482386754846686718768533281989693776456883735",
      "maximum_errors": {
        "q_relative": 2.0195909283036425e-16,
        "tau_absolute": 5.798426615536549e-20,
        "tau_relative_nonzero": 3.521701724006139e-15,
        "survival_absolute": 5.5501708588526375e-17,
        "probability_absolute": 5.475257694404574e-25,
        "tail_tau_absolute": 3.508410273744756e-16,
        "tail_scaling_absolute": 4.0515160992416147e-16,
        "mass_residual_tail0": 4.282530607750906e-17,
        "mass_residual_tail01": 1.8863599306831076e-16
      }
    },
    {
      "history": "T2_FLRW",
      "checks": 224009,
      "rows": 32001,
      "reference_tau0": "0.00001855611020414273254226750356471101584529578511897891955840441245426988",
      "maximum_errors": {
        "q_relative": 2.0498888228096706e-16,
        "tau_absolute": 6.583722117068915e-20,
        "tau_relative_nonzero": 6.649489114815526e-15,
        "survival_absolute": 5.553990984920597e-17,
        "probability_absolute": 2.7519158338471877e-25,
        "tail_tau_absolute": 9.618750824952803e-16,
        "tail_scaling_absolute": 9.574817712712373e-16,
        "mass_residual_tail0": 2.9352693667599615e-17,
        "mass_residual_tail01": 8.412412701697138e-16
      }
    },
    {
      "history": "T2_BI",
      "checks": 224009,
      "rows": 32001,
      "reference_tau0": "0.00001855611364636922612084733725781506606162410889143863621585677401866979",
      "maximum_errors": {
        "q_relative": 1.9921095281476466e-16,
        "tau_absolute": 6.645661546508736e-20,
        "tau_relative_nonzero": 3.893845033010537e-15,
        "survival_absolute": 5.551793460546357e-17,
        "probability_absolute": 2.7019837534183964e-25,
        "tail_tau_absolute": 1.3830222866259923e-15,
        "tail_scaling_absolute": 1.3382942655629784e-15,
        "mass_residual_tail0": 5.451531655681621e-17,
        "mass_residual_tail01": 8.633869704088188e-16
      }
    }
  ],
  "failures": [],
  "shared_authorities": [
    "source endpoint densities and times",
    "BASS constant values"
  ],
  "independence": "independent Decimal arithmetic and analytic finite-cell probabilities; source chemistry not independently recalculated",
  "excluded": "continuum interpolation/chemistry/finite-temperature validity"
}
