<stdin>:68: RuntimeWarning: overflow encountered in divide
Traceback (most recent call last):
  File "<stdin>", line 75, in <module>
  File "/opt/pyvenv/lib/python3.13/site-packages/numpy/_core/_methods.py", line 47, in _amin
    return umr_minimum(a, axis, None, out, keepdims, initial, where)
ValueError: zero-size array to reduction operation minimum which has no identity
Command exited with non-zero status 1
	Command being timed: "python -"
	User time (seconds): 8.39
	System time (seconds): 1.85
	Percent of CPU this job got: 108%
	Elapsed (wall clock) time (h:mm:ss or m:ss): 0:09.46
	Average shared text size (kbytes): 0
	Average unshared data size (kbytes): 0
	Average stack size (kbytes): 0
	Average total size (kbytes): 0
	Maximum resident set size (kbytes): 1093148
	Average resident set size (kbytes): 0
	Major (requiring I/O) page faults: 50
	Minor (reclaiming a frame) page faults: 309742
	Voluntary context switches: 501
	Involuntary context switches: 251
	Swaps: 0
	File system inputs: 63280
	File system outputs: 8
	Socket messages sent: 0
	Socket messages received: 0
	Signals delivered: 0
	Page size (bytes): 4096
	Exit status: 1
