flrw n=2048 Qf=1 tau=0.0374418317 wall=0.020s
flrw n=4096 Qf=1 tau=0.0374418238 wall=0.035s
flrw n=8192 Qf=1 tau=0.0374418218 wall=0.105s
rp001 n=8192 Qf=1 tau=0.0374415627 wall=0.067s
rm001 n=8192 Qf=1 tau=0.0374415627 wall=0.072s
rp005 n=8192 Qf=1 tau=0.0374353323 wall=0.072s
rm005 n=8192 Qf=1 tau=0.0374353323 wall=0.062s
rp01 n=2048 Qf=1 tau=0.0374157195 wall=0.015s
rp01 n=4096 Qf=1 tau=0.0374157115 wall=0.031s
rp01 n=8192 Qf=1 tau=0.0374157095 wall=0.083s
rm01 n=8192 Qf=1 tau=0.0374157095 wall=0.064s
fesc_0.1 n=8192 Qf=1 tau=0.0247186429 wall=0.083s
fesc_0.3 n=8192 Qf=1 tau=0.0461275902 wall=0.077s
clumping_2 n=8192 Qf=1 tau=0.0400590368 wall=0.085s
clumping_5 n=8192 Qf=1 tau=0.0334964186 wall=0.063s
T_K_10000 n=8192 Qf=1 tau=0.0327778212 wall=0.068s
T_K_30000 n=8192 Qf=1 tau=0.0398312344 wall=0.067s
q_i_0.001 n=8192 Qf=1 tau=0.037487227 wall=0.081s
Traceback (most recent call last):
  File "/workspace/scratch/a5a7937171cb/reion_acceleration_20261010/repos/rei_work/research/broad_history_20261010/run_campaign.py", line 118, in <module>
    if __name__=='__main__':main()
                            ^^^^^^
  File "/workspace/scratch/a5a7937171cb/reion_acceleration_20261010/repos/rei_work/research/broad_history_20261010/run_campaign.py", line 90, in main
    if campaign['status']=='FAIL':raise RuntimeError('PREDECLARED_CONVERGENCE_FAILED')
                                  ^^^^^^^^^^^^^^^^^^^^^^^^^^^^^^^^^^^^^^^^^^^^^^^^^^^^
RuntimeError: PREDECLARED_CONVERGENCE_FAILED
