   Compiling rei_microphysics v0.1.0 (/home/cosmosapjw/Dropbox/bianchi/rei_bianchi/rust/rei_microphysics)
    Finished `test` profile [unoptimized + debuginfo] target(s) in 0.31s
     Running unittests src/lib.rs (rust/rei_microphysics/target/debug/deps/rei_microphysics-4319075100ca6a71)

running 0 tests

test result: ok. 0 passed; 0 failed; 0 ignored; 0 measured; 0 filtered out; finished in 0.00s

     Running tests/atomic_provider.rs (rust/rei_microphysics/target/debug/deps/atomic_provider-e41cb5e7b862434f)

running 3 tests
test domain_and_authority ... ok
test verner_values_and_thresholds ... ok
test original_c_values ... ok

test result: ok. 3 passed; 0 failed; 0 ignored; 0 measured; 0 filtered out; finished in 0.00s

     Running tests/forward.rs (rust/rei_microphysics/target/debug/deps/forward-4a3342178daaaea8)

running 26 tests
test error_precedence_and_nonfinite_inputs ... ok
test finite_projection_totals_and_signed_reconstruction ... ok
test four_site_calls_do_not_share_state ... ok
test full_cubic_on_nonuniform_knots_preserves_coefficient_layout ... ok
test gamma_group_species_have_separate_atomic_accumulations ... ok
test gamma_has_one_comoving_factor_and_no_table_dependency ... ok
test gamma_ignores_all_unused_state_and_thermochemistry_fields ... ok
test high_group_atomic_owners_remain_explicit ... ok
test isolated_groups_and_no_emissivity ... ok
test lift_zero_entries_and_signed_decomposition_preserve_locked_totals ... ok
test minimal_table_and_each_invalid_constructor_branch ... ok
test opacity_ignores_photon_count_and_thermal_energy ... ok
test opacity_ownership_and_proper_units ... ok
test overflow_is_not_silently_renormalized ... ok
test pchip_knots_interior_and_domain ... ok
test pchip_uses_right_interval_at_interior_knot ... ok
test photon_emission_is_affine_and_not_renormalized ... ok
test redshift_internal_transfer_telescopes ... ok
test registry_does_not_admit_missing_physical_sources ... ok
test specified_mass_and_signed_examples ... ok
test table_errors_propagate_to_opacity_and_photon_rates ... ok
test transform_finite_invariants_and_nonfinite_contract ... ok
test transform_is_max_shifted_without_floors ... ok
test transform_preserves_extreme_classifications_without_floor ... ok
test transform_uses_rust_binary64_underflow ... ok
test zero_support_is_function_specific ... ok

test result: ok. 26 passed; 0 failed; 0 ignored; 0 measured; 0 filtered out; finished in 0.00s

     Running tests/ft03_controlled.rs (rust/rei_microphysics/target/debug/deps/ft03_controlled-e87a461eef4a6e31)

running 8 tests
test all_event_owners_and_energy_rhs ... ok
test controlled_initial_and_verner_binding ... ok
test guard_refuses_extrapolation ... ok
test actual_temperature_feedback_and_implicit_residual ... ok
test physical_domain_and_helium_zero_boundary ... ok
test published_fit_and_moment_point_reference ... ok
test zero_step_and_transactional_reject ... ok
test finite_nonlinear_controlled_reference_and_refinement ... ok

test result: ok. 8 passed; 0 failed; 0 ignored; 0 measured; 0 filtered out; finished in 1.47s

     Running tests/hhe_events.rs (rust/rei_microphysics/target/debug/deps/hhe_events-720ea6f97b613b50)

running 7 tests
test equation_of_state_charge_and_rhs_energy ... ok
test malformed_domains_reject ... ok
test implicit_residual_and_integrated_event_ledger ... ok
test pure_event_limits_have_expected_owners ... ok
test pure_h_and_pure_he_density_limits ... ok
test rejected_candidate_writes_nothing ... ok
test zero_duration_identity ... ok

test result: ok. 7 passed; 0 failed; 0 ignored; 0 measured; 0 filtered out; finished in 0.00s

     Running tests/hhe_fixture.rs (rust/rei_microphysics/target/debug/deps/hhe_fixture-5bf8d6668056b20b)

running 1 test
test finite_mixed_fixture_converges_to_independent_reference ... ok

test result: ok. 1 passed; 0 failed; 0 ignored; 0 measured; 0 filtered out; finished in 0.31s

     Running tests/homogeneous_rates.rs (rust/rei_microphysics/target/debug/deps/homogeneous_rates-a1c567046a7c7660)

running 3 tests
test invalid_and_overflow ... ok
test species_and_energy_owners ... ok
test zero_opacity_and_quadrature_linearity ... ok

test result: ok. 3 passed; 0 failed; 0 ignored; 0 measured; 0 filtered out; finished in 0.00s

     Running tests/hydrogen_step.rs (rust/rei_microphysics/target/debug/deps/hydrogen_step-b8f0b79844be5d82)

running 6 tests
test identity_zero_time_and_zero_rates ... ok
test limiting_cases ... ok
test tiny_depth_retains_creation_from_initially_ionized_gas ... ok
test separate_channels_and_equilibrium_balance ... ok
test invalid_inputs_and_finite_overflow_reject ... ok
test ledger_and_semigroup ... ok

test result: ok. 6 passed; 0 failed; 0 ignored; 0 measured; 0 filtered out; finished in 0.00s

     Running tests/joint_affine_bound.rs (rust/rei_microphysics/target/debug/deps/joint_affine_bound-1c88dbcfad6e7501)

running 7 tests
test dyadic_grid_reference_stays_inside_rounded_joint_bound ... ok
test independently_bounded_remainders_are_not_cancelled ... ok
test multiple_coordinates_cancel_before_parent_width_is_applied ... ok
test rejects_invalid_identity_shape_domains_and_overflow ... ok
test shared_parent_cancels_identical_affine_paths_despite_wide_separate_boxes ... ok
test strict_failure_preserves_absence_of_candidate_state ... ok
test tiny_nonzero_product_remains_enclosed_when_binary64_underflows ... ok

test result: ok. 7 passed; 0 failed; 0 ignored; 0 measured; 0 filtered out; finished in 0.00s

     Running tests/joint_parent_affine.rs (rust/rei_microphysics/target/debug/deps/joint_parent_affine-bffdf48be7553fd3)

running 5 tests
test claimed_range_must_enclose_both_shared_parent_endpoints ... ok
test coincident_maps_cancel_on_shared_parent_despite_independent_box_separation ... ok
test invalid_parent_identity_and_intervals_fail_closed ... ok
test nonzero_joint_difference_rejects_strict_gate_without_candidate_state ... ok
test overflow_and_out_of_domain_exponents_fail_closed ... ok

test result: ok. 5 passed; 0 failed; 0 ignored; 0 measured; 0 filtered out; finished in 0.00s

     Running unittests examples/eval_fixture.rs (rust/rei_microphysics/target/debug/examples/eval_fixture-ae328e6600219e59)

running 5 tests
test tests::blank_input_produces_no_record ... ok
test tests::malformed_payload_and_trailing_tokens_are_rejected ... ok
test tests::malformed_record_does_not_consume_the_next_record ... ok
test tests::missing_operation_is_a_per_record_error ... ok
test tests::nonfinite_tokens_reach_the_library_error_branch ... ok

test result: ok. 5 passed; 0 failed; 0 ignored; 0 measured; 0 filtered out; finished in 0.00s

   Doc-tests rei_microphysics

running 0 tests

test result: ok. 0 passed; 0 failed; 0 ignored; 0 measured; 0 filtered out; finished in 0.00s

{
  "status": "PASS",
  "F04_final_acceptance": "NOT_COMPLETED",
  "finite_controlled_levels": [
    {
      "model_id": "REI_FT03_HG_RATE_MOMENT_CASE_A_CONTROLLED_V1",
      "dt_s": 100000000000,
      "t_end_s": 100000000000000,
      "source_site": "backward_euler_endpoint",
      "scientific_admission": "HOLD",
      "F04_certificate_completed": false,
      "accepted_steps": 1000,
      "rejected_steps": 0,
      "rejected_candidate_writes": 0,
      "max_local_error": 7.655009614115915e-05,
      "temperature_min_K": 46683.228224938066,
      "temperature_max_K": 49999.99999999999,
      "observables": [
        0.9996100211048966,
        0.343558911849448,
        0.603602595942236,
        10.751140240498968
      ],
      "photons_cm3": [
        2.1870743900199387e-08,
        3.8151896878929757e-10,
        2.660722528155886e-11
      ],
      "relative_energy_residual": 2.95566748928787e-15,
      "scaled_event_residual": 2.879912020664621e-14,
      "independent_observable_error": 2.3040561396237003e-05
    },
    {
      "model_id": "REI_FT03_HG_RATE_MOMENT_CASE_A_CONTROLLED_V1",
      "dt_s": 50000000000,
      "t_end_s": 100000000000000,
      "source_site": "backward_euler_endpoint",
      "scientific_admission": "HOLD",
      "F04_certificate_completed": false,
      "accepted_steps": 2000,
      "rejected_steps": 0,
      "rejected_candidate_writes": 0,
      "max_local_error": 2.1305993210707364e-05,
      "temperature_min_K": 46683.5541528309,
      "temperature_max_K": 49999.99999999999,
      "observables": [
        0.9996101996797851,
        0.34354740490095687,
        0.6036015566076266,
        10.751147222165992
      ],
      "photons_cm3": [
        2.1580881402980224e-08,
        3.784155629932977e-10,
        2.638212970732889e-11
      ],
      "relative_energy_residual": -6.844703659403488e-15,
      "scaled_event_residual": 1.0892843701690301e-13,
      "independent_observable_error": 1.1533612905123558e-05
    },
    {
      "model_id": "REI_FT03_HG_RATE_MOMENT_CASE_A_CONTROLLED_V1",
      "dt_s": 25000000000,
      "t_end_s": 100000000000000,
      "source_site": "backward_euler_endpoint",
      "scientific_admission": "HOLD",
      "F04_certificate_completed": false,
      "accepted_steps": 4000,
      "rejected_steps": 0,
      "rejected_candidate_writes": 0,
      "max_local_error": 5.635080718269236e-06,
      "temperature_min_K": 46683.71726674703,
      "temperature_max_K": 49999.99999999999,
      "observables": [
        0.9996102882716607,
        0.3435416413758003,
        0.6036010372144087,
        10.751150716193688
      ],
      "photons_cm3": [
        2.143591516889902e-08,
        3.768690733318808e-10,
        2.627006612839065e-11
      ],
      "relative_energy_residual": -9.489248255082107e-15,
      "scaled_event_residual": 1.9989977555201485e-13,
      "independent_observable_error": 5.770087748546704e-06
    }
  ]
}
