{"phase": "construct", "s": 0.5020021359996463}
{"phase": "owner", "i": 0, "s": 0.24979210100036653}
{"phase": "update", "i": 0, "s": 0.6914706830002615, "feasible": true, "thermal": 2.0348940100429084e-15}
{"phase": "owner", "i": 1, "s": 0.2241890080003941}
{"phase": "update", "i": 1, "s": 0.3295195759997114, "feasible": true, "thermal": 2.0348940100429084e-15}
{"phase": "owner", "i": 2, "s": 0.22202504300003056}
{"phase": "update", "i": 2, "s": 0.3051116130000082, "feasible": true, "thermal": 2.0348940100429084e-15}
{"profile": "optimized", "i": 0, "owner_s": 0.013982336000026407, "update_s": 0.6911899369997627}
{"profile": "optimized", "i": 1, "owner_s": 0.005638282999825606, "update_s": 0.34262366100028885}
{"profile": "optimized", "i": 2, "owner_s": 0.005501610999999684, "update_s": 0.31591712199997346}
{"profile": "optimized", "i": 3, "owner_s": 0.005020518000037555, "update_s": 0.3162250280001899}
{"profile": "optimized", "i": 4, "owner_s": 0.006634570000187523, "update_s": 0.3054653069998494}
{"profile": "subcomponents", "i": 0, "photo": 0.0008948750000854488, "coords": 0.0007031609998193744, "matrix": 0.01031383100007588, "solve": 0.01210416300000361, "thermal": 0.282649603000209}
{"profile": "subcomponents", "i": 1, "photo": 0.0010211930002697045, "coords": 0.0007137679999686952, "matrix": 0.013643525000134105, "solve": 0.01161931500018909, "thermal": 0.2807177720001164}
{"profile": "subcomponents", "i": 2, "photo": 0.0009363369999846327, "coords": 0.0007111239997357188, "matrix": 0.010585833999812166, "solve": 0.01164324100000158, "thermal": 0.27570108800000526}
{"profile": "subcomponents", "i": 3, "photo": 0.0008747159999984433, "coords": 0.0007933359997878142, "matrix": 0.008944972999870515, "solve": 0.011372509000011632, "thermal": 0.27469741100003375}
{"profile": "subcomponents", "i": 4, "photo": 0.000881206000030943, "coords": 0.0007127260000743263, "matrix": 0.009060755000064091, "solve": 0.011401080999803526, "thermal": 0.27858131599987246}
{"profile": "thermal_backend", "backend": "NUMPY_ARRAY_ORACLE", "i": 0, "elapsed_s": 0.30340577200013286, "max_res": 2.0348713928216924e-15, "compile": 0}
{"profile": "thermal_backend", "backend": "NUMPY_ARRAY_ORACLE", "i": 1, "elapsed_s": 0.298872018000111, "max_res": 2.0348713928216924e-15, "compile": 0}
{"profile": "thermal_backend", "backend": "NUMPY_ARRAY_ORACLE", "i": 2, "elapsed_s": 0.2952057560000867, "max_res": 2.0348713928216924e-15, "compile": 0}
{"profile": "thermal_backend", "backend": "NUMPY_ARRAY_ORACLE", "i": 3, "elapsed_s": 0.30229976700002226, "max_res": 2.0348713928216924e-15, "compile": 0}
{"profile": "thermal_backend", "backend": "JAX_STATIC_SHAPE_CANDIDATE", "i": 0, "elapsed_s": 0.639398011999674, "max_res": 1.9720655392397492e-15, "compile": 1}
{"profile": "thermal_backend", "backend": "JAX_STATIC_SHAPE_CANDIDATE", "i": 1, "elapsed_s": 0.2450607820001096, "max_res": 1.9720655392397492e-15, "compile": 1}
{"profile": "thermal_backend", "backend": "JAX_STATIC_SHAPE_CANDIDATE", "i": 2, "elapsed_s": 0.20098562599969227, "max_res": 1.9720655392397492e-15, "compile": 1}
{"profile": "thermal_backend", "backend": "JAX_STATIC_SHAPE_CANDIDATE", "i": 3, "elapsed_s": 0.21866773800002193, "max_res": 1.9720655392397492e-15, "compile": 1}
