0 0.5069522909998341 9.337281927566178e-12 442441728
5 0.16033448200005296 9.337281927566178e-12 477999104
10 0.18270043900020028 9.337281927566178e-12 478019584
15 0.17333982499985723 9.337281927566178e-12 478035968
20 0.12363397599983728 9.337281927566178e-12 478035968
25 0.17856603400014137 9.337281927566178e-12 478035968
30 0.16782724800032156 9.337281927566178e-12 480256000
35 0.18762295299984544 9.337281927566178e-12 480256000
40 0.19553462299973035 9.337281927566178e-12 480256000
45 0.18067157299992687 9.337281927566178e-12 480256000
50 0.19101701999989018 9.337281927566178e-12 480264192
55 0.16982516799998848 9.337281927566178e-12 480268288
60 0.11637792600004104 9.337281927566178e-12 480268288
65 0.1475914819998252 9.337281927566178e-12 480268288
70 0.12748368999973536 9.337281927566178e-12 480268288
75 0.17257115100028386 9.337281927566178e-12 480268288
80 0.16017409300002328 9.337281927566178e-12 480272384
85 0.1577035190002789 9.337281927566178e-12 497295360
90 0.1758290479997413 9.337281927566178e-12 497295360
95 0.12512534600000436 9.337281927566178e-12 497295360
100 0.1185636440000053 9.337281927566178e-12 497295360
105 0.17277487800038216 9.337281927566178e-12 497295360
110 0.1686496160000388 9.337281927566178e-12 497295360
115 0.13062594600023658 9.337281927566178e-12 497295360
120 0.13828025100019659 9.337281927566178e-12 497295360
125 0.15710107099994275 9.337281927566178e-12 497295360
130 0.166136171999824 9.337281927566178e-12 497295360
135 0.14982524100014416 9.337281927566178e-12 497295360
140 0.17518989200016222 9.337281927566178e-12 497295360
145 0.17881598900021345 9.337281927566178e-12 497295360
150 0.11929956499989203 9.337281927566178e-12 497664000
155 0.1636728270000276 9.337281927566178e-12 497664000
160 0.20997252000006483 9.337281927566178e-12 497664000
165 0.1824769979998564 9.337281927566178e-12 497664000
170 0.13609872400002132 9.337281927566178e-12 497664000
175 0.16875554800026293 9.337281927566178e-12 497668096
180 0.17404646700015292 9.337281927566178e-12 497668096
185 0.14411754499997187 9.337281927566178e-12 497672192
190 0.1580814740000278 9.337281927566178e-12 497672192
195 0.15669822900008512 9.337281927566178e-12 497672192
