0 0.3675775829997292 (46080, 5, 5) 408477696
10 0.007359294000252703 (46080, 5, 5) 454848512
20 0.007862760000080016 (46080, 5, 5) 454881280
30 0.006739224999819271 (46080, 5, 5) 454909952
40 0.0075741369996649155 (46080, 5, 5) 454909952
50 0.006958230000236654 (46080, 5, 5) 454922240
60 0.007308152999939921 (46080, 5, 5) 454922240
70 0.007788419000007707 (46080, 5, 5) 484057088
80 0.007661381999696459 (46080, 5, 5) 493273088
90 0.007553250999990269 (46080, 5, 5) 493273088
100 0.00868202299989207 (46080, 5, 5) 493285376
110 0.007480273000055604 (46080, 5, 5) 493285376
120 0.007615492999775597 (46080, 5, 5) 493285376
130 0.007168400999944424 (46080, 5, 5) 493285376
140 0.007308538999950542 (46080, 5, 5) 493297664
150 0.0069793410002603196 (46080, 5, 5) 493297664
160 0.007210112999928242 (46080, 5, 5) 493297664
170 0.008125799000026745 (46080, 5, 5) 493297664
180 0.0074890249998134095 (46080, 5, 5) 493297664
190 0.00903977300004044 (46080, 5, 5) 493305856
200 0.0074627169997256715 (46080, 5, 5) 493305856
210 0.007310351000342052 (46080, 5, 5) 493305856
220 0.006942710999737756 (46080, 5, 5) 493305856
230 0.008347358000264649 (46080, 5, 5) 493305856
240 0.00762301499980822 (46080, 5, 5) 493305856
250 0.007775621000291721 (46080, 5, 5) 493309952
260 0.007564056999854074 (46080, 5, 5) 493309952
270 0.007744985000044835 (46080, 5, 5) 493309952
280 0.008030108000184555 (46080, 5, 5) 493309952
290 0.010175311000239162 (46080, 5, 5) 493309952
300 0.007220368000162125 (46080, 5, 5) 493309952
310 0.00811439299968697 (46080, 5, 5) 493309952
320 0.007091346999914094 (46080, 5, 5) 493309952
330 0.007688681000217912 (46080, 5, 5) 493309952
340 0.00860949099978825 (46080, 5, 5) 493322240
350 0.007596025000111695 (46080, 5, 5) 493322240
360 0.007098857000073622 (46080, 5, 5) 493322240
370 0.0073578319997977815 (46080, 5, 5) 493322240
380 0.007482666999749199 (46080, 5, 5) 493322240
390 0.00770222700020895 (46080, 5, 5) 493322240
400 0.008487110000260145 (46080, 5, 5) 493322240
410 0.007063902000027156 (46080, 5, 5) 493322240
420 0.007066208999731316 (46080, 5, 5) 493322240
430 0.008136431000366429 (46080, 5, 5) 493322240
440 0.007102383000074042 (46080, 5, 5) 493322240
450 0.0067107219997524226 (46080, 5, 5) 493322240
460 0.007657995999579725 (46080, 5, 5) 493322240
470 0.009813540000322973 (46080, 5, 5) 493322240
480 0.006873013000131323 (46080, 5, 5) 493322240
490 0.0077950290001354006 (46080, 5, 5) 493322240
