BEGIN 1 p=8 kind=FULL dt=2.52931085 Myr
END 1 elapsed=6.726s conv=False it=9 res=1.863e-01
BEGIN 2 p=16 kind=FULL dt=1.26465542 Myr
END 2 elapsed=4.496s conv=False it=7 res=1.267e-01
BEGIN 3 p=32 kind=FULL dt=0.632327711 Myr
END 3 elapsed=5.539s conv=False it=10 res=2.777e-02
BEGIN 4 p=64 kind=FULL dt=0.316163856 Myr
END 4 elapsed=13.447s conv=False it=40 res=7.271e-08
BEGIN 5 p=128 kind=FULL dt=0.158081928 Myr
END 5 elapsed=7.379s conv=True it=23 res=8.113e-11
BEGIN 6 p=256 kind=FIRST_HALF dt=0.0790409639 Myr
END 6 elapsed=4.303s conv=True it=13 res=1.761e-11
BEGIN 7 p=256 kind=SECOND_HALF dt=0.0790409639 Myr
END 7 elapsed=4.118s conv=True it=13 res=8.867e-11
BEGIN 8 p=256 kind=FULL dt=0.0790409639 Myr
END 8 elapsed=4.124s conv=True it=13 res=1.761e-11
BEGIN 9 p=512 kind=FIRST_HALF dt=0.039520482 Myr
END 9 elapsed=3.562s conv=True it=11 res=7.814e-11
BEGIN 10 p=512 kind=SECOND_HALF dt=0.039520482 Myr
END 10 elapsed=2.916s conv=True it=9 res=1.033e-11
BEGIN 11 p=512 kind=FULL dt=0.039520482 Myr
END 11 elapsed=3.586s conv=True it=11 res=7.814e-11
BEGIN 12 p=1024 kind=FIRST_HALF dt=0.019760241 Myr
END 12 elapsed=3.730s conv=True it=11 res=4.411e-11
BEGIN 13 p=1024 kind=SECOND_HALF dt=0.019760241 Myr
END 13 elapsed=2.627s conv=True it=8 res=4.953e-11
BEGIN 14 p=1024 kind=FULL dt=0.019760241 Myr
END 14 elapsed=3.767s conv=True it=11 res=4.411e-11
BEGIN 15 p=2048 kind=FIRST_HALF dt=0.00988012049 Myr
END 15 elapsed=3.346s conv=True it=10 res=9.570e-11
BEGIN 16 p=2048 kind=SECOND_HALF dt=0.00988012049 Myr
END 16 elapsed=2.697s conv=True it=8 res=2.446e-11
RESULT {
  "accepted": false,
  "certificate": {
    "classification": "LOCAL_ERROR_FAILURE",
    "failed_trial": null,
    "partition": 1024,
    "t0": 0.0,
    "t1": 623596639893.5398
  },
  "attempts": 8,
  "bisections": 7,
  "commits": 0,
  "elapsed": 76.39337384400005
}
