START 0
END 0 3.833699026999966
START 1
END 1 2.7794653949999883
START 2
END 2 2.6265676620000704
START 3
END 3 3.1984867529999974
START 4
END 4 2.869673235999926
START 5
END 5 2.8248561510004038
START 6
Timeout (0:00:20)!
Thread 0x00007f5d42aa6780 (most recent call first):
  File "/mnt/data/rei_bianchi_r2b_r2a_feature/stages/Bianchi_Reionization_Stage_P0_5_B2C2B0C_R2C_R1B_R2B_R2A_ADAPTIVE_INTERNAL_MICROSTEP_ACCEPTANCE_AND_GLOBALIZATION_LOCK/analysis/thermal_backends.py", line 307 in <genexpr>
  File "/mnt/data/rei_bianchi_r2b_r2a_feature/stages/Bianchi_Reionization_Stage_P0_5_B2C2B0C_R2C_R1B_R2B_R2A_ADAPTIVE_INTERNAL_MICROSTEP_ACCEPTANCE_AND_GLOBALIZATION_LOCK/analysis/thermal_backends.py", line 307 in solve
  File "/mnt/data/rei_bianchi_r2b_r2a_feature/stages/Bianchi_Reionization_Stage_P0_5_B2C2B0C_R2C_R1B_R2B_R2A_ADAPTIVE_INTERNAL_MICROSTEP_ACCEPTANCE_AND_GLOBALIZATION_LOCK/analysis/physical_trial.py", line 130 in update
  File "/mnt/data/rei_bianchi_r2b_r2a_feature/stages/Bianchi_Reionization_Stage_P0_5_B2C2B0C_R2C_R1B_R2B_R2A_ADAPTIVE_INTERNAL_MICROSTEP_ACCEPTANCE_AND_GLOBALIZATION_LOCK/analysis/physical_trial.py", line 245 in map_state
  File "/mnt/data/rei_bianchi_r2b_r2a_feature/stages/Bianchi_Reionization_Stage_P0_5_B2C2B0C_R2C_R1B_R2B_R2A_ADAPTIVE_INTERNAL_MICROSTEP_ACCEPTANCE_AND_GLOBALIZATION_LOCK/analysis/globalized_picard.py", line 214 in evaluate
  File "/mnt/data/rei_bianchi_r2b_r2a_feature/stages/Bianchi_Reionization_Stage_P0_5_B2C2B0C_R2C_R1B_R2B_R2A_ADAPTIVE_INTERNAL_MICROSTEP_ACCEPTANCE_AND_GLOBALIZATION_LOCK/analysis/globalized_picard.py", line 263 in solve
  File "/mnt/data/rei_bianchi_r2b_r2a_feature/stages/Bianchi_Reionization_Stage_P0_5_B2C2B0C_R2C_R1B_R2B_R2A_ADAPTIVE_INTERNAL_MICROSTEP_ACCEPTANCE_AND_GLOBALIZATION_LOCK/analysis/physical_trial.py", line 249 in solve_trial
  File "/tmp/repeat_trace.py", line 9 in <module>
END 6 3.274600296999779
START 7
END 7 3.354052984000191
START 8
END 8 2.613601461000144
START 9
END 9 2.9348506339997584
START 10
END 10 3.0536073329999454
START 11
