START 0
END 0 3.0391294830001243
START 1
END 1 2.028112541000155
START 2
END 2 2.614242215000104
START 3
END 3 2.7718543979999595
START 4
END 4 2.38990817199965
START 5
END 5 2.7941429759998755
START 6
END 6 2.776685787000133
START 7
Timeout (0:00:20)!
Thread 0x00007fc4b7c21780 (most recent call first):
  File "/opt/pyvenv/lib/python3.13/site-packages/jax/_src/array.py", line 639 in _value
  File "/opt/pyvenv/lib/python3.13/site-packages/jax/_src/profiler.py", line 359 in wrapper
  File "/opt/pyvenv/lib/python3.13/site-packages/jax/_src/array.py", line 439 in __array__
  File "/opt/pyvenv/lib/python3.13/site-packages/jax/_src/api.py", line 2892 in _device_get
  File "/opt/pyvenv/lib/python3.13/site-packages/jax/_src/tree_util.py", line 369 in <genexpr>
  File "/opt/pyvenv/lib/python3.13/site-packages/jax/_src/tree_util.py", line 369 in tree_map
  File "/opt/pyvenv/lib/python3.13/site-packages/jax/_src/api.py", line 2931 in device_get
  File "/mnt/data/rei_bianchi_r2b_r2a_feature/stages/Bianchi_Reionization_Stage_P0_5_B2C2B0C_R2C_R1B_R2B_R2A_ADAPTIVE_INTERNAL_MICROSTEP_ACCEPTANCE_AND_GLOBALIZATION_LOCK/analysis/thermal_backends.py", line 308 in solve
  File "/mnt/data/rei_bianchi_r2b_r2a_feature/stages/Bianchi_Reionization_Stage_P0_5_B2C2B0C_R2C_R1B_R2B_R2A_ADAPTIVE_INTERNAL_MICROSTEP_ACCEPTANCE_AND_GLOBALIZATION_LOCK/analysis/physical_trial.py", line 130 in update
  File "/mnt/data/rei_bianchi_r2b_r2a_feature/stages/Bianchi_Reionization_Stage_P0_5_B2C2B0C_R2C_R1B_R2B_R2A_ADAPTIVE_INTERNAL_MICROSTEP_ACCEPTANCE_AND_GLOBALIZATION_LOCK/analysis/physical_trial.py", line 245 in map_state
  File "/mnt/data/rei_bianchi_r2b_r2a_feature/stages/Bianchi_Reionization_Stage_P0_5_B2C2B0C_R2C_R1B_R2B_R2A_ADAPTIVE_INTERNAL_MICROSTEP_ACCEPTANCE_AND_GLOBALIZATION_LOCK/analysis/globalized_picard.py", line 214 in evaluate
  File "/mnt/data/rei_bianchi_r2b_r2a_feature/stages/Bianchi_Reionization_Stage_P0_5_B2C2B0C_R2C_R1B_R2B_R2A_ADAPTIVE_INTERNAL_MICROSTEP_ACCEPTANCE_AND_GLOBALIZATION_LOCK/analysis/globalized_picard.py", line 263 in solve
  File "/mnt/data/rei_bianchi_r2b_r2a_feature/stages/Bianchi_Reionization_Stage_P0_5_B2C2B0C_R2C_R1B_R2B_R2A_ADAPTIVE_INTERNAL_MICROSTEP_ACCEPTANCE_AND_GLOBALIZATION_LOCK/analysis/physical_trial.py", line 249 in solve_trial
  File "/tmp/repeat_trace.py", line 9 in <module>
END 7 2.622598592000486
START 8
END 8 2.952891441999782
START 9
END 9 2.8818774979999944
START 10
END 10 2.1467459330006022
START 11
END 11 1.9987283359996582
START 12
END 12 2.046047488000113
START 13
END 13 2.3355107910001607
START 14
END 14 2.5562822319998304
