START 0
END 0 3.8230792579997797
START 1
END 1 2.9731560059999538
START 2
END 2 3.1232031009999446
START 3
END 3 3.2359757759995773
START 4
END 4 3.0538273240003946
START 5
END 5 2.7815896270003577
START 6
Timeout (0:00:20)!
Thread 0x00007f1dddf53780 (most recent call first):
  File "/mnt/data/rei_bianchi_r2b_r2a_feature/stages/Bianchi_Reionization_Stage_P0_5_B2C2B0C_R2C_R1B_R2B_R2A_ADAPTIVE_INTERNAL_MICROSTEP_ACCEPTANCE_AND_GLOBALIZATION_LOCK/analysis/array_owner_kernel.py", line 335 in _global_raw_values
  File "/mnt/data/rei_bianchi_r2b_r2a_feature/stages/Bianchi_Reionization_Stage_P0_5_B2C2B0C_R2C_R1B_R2B_R2A_ADAPTIVE_INTERNAL_MICROSTEP_ACCEPTANCE_AND_GLOBALIZATION_LOCK/analysis/array_owner_kernel.py", line 441 in evaluate_values
  File "/mnt/data/rei_bianchi_r2b_r2a_feature/stages/Bianchi_Reionization_Stage_P0_5_B2C2B0C_R2C_R1B_R2B_R2A_ADAPTIVE_INTERNAL_MICROSTEP_ACCEPTANCE_AND_GLOBALIZATION_LOCK/analysis/physical_trial.py", line 234 in owner_evaluation
  File "/mnt/data/rei_bianchi_r2b_r2a_feature/stages/Bianchi_Reionization_Stage_P0_5_B2C2B0C_R2C_R1B_R2B_R2A_ADAPTIVE_INTERNAL_MICROSTEP_ACCEPTANCE_AND_GLOBALIZATION_LOCK/analysis/physical_trial.py", line 244 in map_state
  File "/mnt/data/rei_bianchi_r2b_r2a_feature/stages/Bianchi_Reionization_Stage_P0_5_B2C2B0C_R2C_R1B_R2B_R2A_ADAPTIVE_INTERNAL_MICROSTEP_ACCEPTANCE_AND_GLOBALIZATION_LOCK/analysis/globalized_picard.py", line 214 in evaluate
  File "/mnt/data/rei_bianchi_r2b_r2a_feature/stages/Bianchi_Reionization_Stage_P0_5_B2C2B0C_R2C_R1B_R2B_R2A_ADAPTIVE_INTERNAL_MICROSTEP_ACCEPTANCE_AND_GLOBALIZATION_LOCK/analysis/globalized_picard.py", line 263 in solve
  File "/mnt/data/rei_bianchi_r2b_r2a_feature/stages/Bianchi_Reionization_Stage_P0_5_B2C2B0C_R2C_R1B_R2B_R2A_ADAPTIVE_INTERNAL_MICROSTEP_ACCEPTANCE_AND_GLOBALIZATION_LOCK/analysis/physical_trial.py", line 249 in solve_trial
  File "/tmp/repeat_trace.py", line 9 in <module>
END 6 3.21784468199985
START 7
END 7 3.2964339299996936
START 8
END 8 3.026663408999866
START 9
END 9 3.11055753599976
START 10
