F                                                                        [100%]
=================================== FAILURES ===================================
______________ test_thermal_backend_metadata_handles_numpy_oracle ______________

    def test_thermal_backend_metadata_handles_numpy_oracle():
        import importlib.util, sys
        module_path=STAGE/'analysis/run_stage.py'
        spec=importlib.util.spec_from_file_location('r2b_r2a_result_metadata',module_path)
        module=importlib.util.module_from_spec(spec)
        sys.modules[spec.name]=module
        spec.loader.exec_module(module)
        class Backend:
            name='NUMPY_ARRAY_ORACLE'
>       assert module.thermal_backend_metadata(Backend()) == {
               ^^^^^^^^^^^^^^^^^^^^^^^^^^^^^^^
            'thermal_backend':'NUMPY_ARRAY_ORACLE',
            'thermal_root_iterations':None,
        }
E       AttributeError: module 'r2b_r2a_result_metadata' has no attribute 'thermal_backend_metadata'

stages/Bianchi_Reionization_Stage_P0_5_B2C2B0C_R2C_R1B_R2B_R2A_ADAPTIVE_INTERNAL_MICROSTEP_ACCEPTANCE_AND_GLOBALIZATION_LOCK/tests/test_result_schema.py:26: AttributeError
=========================== short test summary info ============================
FAILED stages/Bianchi_Reionization_Stage_P0_5_B2C2B0C_R2C_R1B_R2B_R2A_ADAPTIVE_INTERNAL_MICROSTEP_ACCEPTANCE_AND_GLOBALIZATION_LOCK/tests/test_result_schema.py::test_thermal_backend_metadata_handles_numpy_oracle - AttributeError: module 'r2b_r2a_result_metadata' has no attribute 'thermal_backend_metadata'
1 failed in 0.05s
