FFFFF                                                                    [100%]
=================================== FAILURES ===================================
_ test_array_owner_kernel_matches_legacy_on_locked_state[LOCAL_NEUTRAL_HAZARD_PRIMARY] _

lane = 'LOCAL_NEUTRAL_HAZARD_PRIMARY'

    @pytest.mark.parametrize("lane", [
        "LOCAL_NEUTRAL_HAZARD_PRIMARY",
        "RECOMBINATION_WEIGHTED_AUDITOR",
        "SCRIPT_SELF_SHIELDING_AUDITOR",
    ])
    def test_array_owner_kernel_matches_legacy_on_locked_state(lane):
>       tensor, array, forcing, owner = _mods()
                                        ^^^^^^^

stages/Bianchi_Reionization_Stage_P0_5_B2C2B0C_R2C_R1B_R2B_R2A_ADAPTIVE_INTERNAL_MICROSTEP_ACCEPTANCE_AND_GLOBALIZATION_LOCK/tests/test_owner_kernel_parity.py:63: 
_ _ _ _ _ _ _ _ _ _ _ _ _ _ _ _ _ _ _ _ _ _ _ _ _ _ _ _ _ _ _ _ _ _ _ _ _ _ _ _ 
stages/Bianchi_Reionization_Stage_P0_5_B2C2B0C_R2C_R1B_R2B_R2A_ADAPTIVE_INTERNAL_MICROSTEP_ACCEPTANCE_AND_GLOBALIZATION_LOCK/tests/test_owner_kernel_parity.py:28: in _mods
    array = _load("r2b_r2a_array_owner", STAGE / "analysis/array_owner_kernel.py")
            ^^^^^^^^^^^^^^^^^^^^^^^^^^^^^^^^^^^^^^^^^^^^^^^^^^^^^^^^^^^^^^^^^^^^^^
stages/Bianchi_Reionization_Stage_P0_5_B2C2B0C_R2C_R1B_R2B_R2A_ADAPTIVE_INTERNAL_MICROSTEP_ACCEPTANCE_AND_GLOBALIZATION_LOCK/tests/test_owner_kernel_parity.py:22: in _load
    spec.loader.exec_module(module)
<frozen importlib._bootstrap_external>:1022: in exec_module
    ???
<frozen importlib._bootstrap_external>:1159: in get_code
    ???
_ _ _ _ _ _ _ _ _ _ _ _ _ _ _ _ _ _ _ _ _ _ _ _ _ _ _ _ _ _ _ _ _ _ _ _ _ _ _ _ 

self = <_frozen_importlib_external.SourceFileLoader object at 0x7f3f1b4c0230>
path = '/mnt/data/rei_bianchi_r2b_r2a_feature/stages/Bianchi_Reionization_Stage_P0_5_B2C2B0C_R2C_R1B_R2B_R2A_ADAPTIVE_INTERNAL_MICROSTEP_ACCEPTANCE_AND_GLOBALIZATION_LOCK/analysis/array_owner_kernel.py'

>   ???
E   FileNotFoundError: [Errno 2] No such file or directory: '/mnt/data/rei_bianchi_r2b_r2a_feature/stages/Bianchi_Reionization_Stage_P0_5_B2C2B0C_R2C_R1B_R2B_R2A_ADAPTIVE_INTERNAL_MICROSTEP_ACCEPTANCE_AND_GLOBALIZATION_LOCK/analysis/array_owner_kernel.py'

<frozen importlib._bootstrap_external>:1217: FileNotFoundError
_ test_array_owner_kernel_matches_legacy_on_locked_state[RECOMBINATION_WEIGHTED_AUDITOR] _

lane = 'RECOMBINATION_WEIGHTED_AUDITOR'

    @pytest.mark.parametrize("lane", [
        "LOCAL_NEUTRAL_HAZARD_PRIMARY",
        "RECOMBINATION_WEIGHTED_AUDITOR",
        "SCRIPT_SELF_SHIELDING_AUDITOR",
    ])
    def test_array_owner_kernel_matches_legacy_on_locked_state(lane):
>       tensor, array, forcing, owner = _mods()
                                        ^^^^^^^

stages/Bianchi_Reionization_Stage_P0_5_B2C2B0C_R2C_R1B_R2B_R2A_ADAPTIVE_INTERNAL_MICROSTEP_ACCEPTANCE_AND_GLOBALIZATION_LOCK/tests/test_owner_kernel_parity.py:63: 
_ _ _ _ _ _ _ _ _ _ _ _ _ _ _ _ _ _ _ _ _ _ _ _ _ _ _ _ _ _ _ _ _ _ _ _ _ _ _ _ 
stages/Bianchi_Reionization_Stage_P0_5_B2C2B0C_R2C_R1B_R2B_R2A_ADAPTIVE_INTERNAL_MICROSTEP_ACCEPTANCE_AND_GLOBALIZATION_LOCK/tests/test_owner_kernel_parity.py:28: in _mods
    array = _load("r2b_r2a_array_owner", STAGE / "analysis/array_owner_kernel.py")
            ^^^^^^^^^^^^^^^^^^^^^^^^^^^^^^^^^^^^^^^^^^^^^^^^^^^^^^^^^^^^^^^^^^^^^^
stages/Bianchi_Reionization_Stage_P0_5_B2C2B0C_R2C_R1B_R2B_R2A_ADAPTIVE_INTERNAL_MICROSTEP_ACCEPTANCE_AND_GLOBALIZATION_LOCK/tests/test_owner_kernel_parity.py:22: in _load
    spec.loader.exec_module(module)
<frozen importlib._bootstrap_external>:1022: in exec_module
    ???
<frozen importlib._bootstrap_external>:1159: in get_code
    ???
_ _ _ _ _ _ _ _ _ _ _ _ _ _ _ _ _ _ _ _ _ _ _ _ _ _ _ _ _ _ _ _ _ _ _ _ _ _ _ _ 

self = <_frozen_importlib_external.SourceFileLoader object at 0x7f3f1b4c3830>
path = '/mnt/data/rei_bianchi_r2b_r2a_feature/stages/Bianchi_Reionization_Stage_P0_5_B2C2B0C_R2C_R1B_R2B_R2A_ADAPTIVE_INTERNAL_MICROSTEP_ACCEPTANCE_AND_GLOBALIZATION_LOCK/analysis/array_owner_kernel.py'

>   ???
E   FileNotFoundError: [Errno 2] No such file or directory: '/mnt/data/rei_bianchi_r2b_r2a_feature/stages/Bianchi_Reionization_Stage_P0_5_B2C2B0C_R2C_R1B_R2B_R2A_ADAPTIVE_INTERNAL_MICROSTEP_ACCEPTANCE_AND_GLOBALIZATION_LOCK/analysis/array_owner_kernel.py'

<frozen importlib._bootstrap_external>:1217: FileNotFoundError
_ test_array_owner_kernel_matches_legacy_on_locked_state[SCRIPT_SELF_SHIELDING_AUDITOR] _

lane = 'SCRIPT_SELF_SHIELDING_AUDITOR'

    @pytest.mark.parametrize("lane", [
        "LOCAL_NEUTRAL_HAZARD_PRIMARY",
        "RECOMBINATION_WEIGHTED_AUDITOR",
        "SCRIPT_SELF_SHIELDING_AUDITOR",
    ])
    def test_array_owner_kernel_matches_legacy_on_locked_state(lane):
>       tensor, array, forcing, owner = _mods()
                                        ^^^^^^^

stages/Bianchi_Reionization_Stage_P0_5_B2C2B0C_R2C_R1B_R2B_R2A_ADAPTIVE_INTERNAL_MICROSTEP_ACCEPTANCE_AND_GLOBALIZATION_LOCK/tests/test_owner_kernel_parity.py:63: 
_ _ _ _ _ _ _ _ _ _ _ _ _ _ _ _ _ _ _ _ _ _ _ _ _ _ _ _ _ _ _ _ _ _ _ _ _ _ _ _ 
stages/Bianchi_Reionization_Stage_P0_5_B2C2B0C_R2C_R1B_R2B_R2A_ADAPTIVE_INTERNAL_MICROSTEP_ACCEPTANCE_AND_GLOBALIZATION_LOCK/tests/test_owner_kernel_parity.py:28: in _mods
    array = _load("r2b_r2a_array_owner", STAGE / "analysis/array_owner_kernel.py")
            ^^^^^^^^^^^^^^^^^^^^^^^^^^^^^^^^^^^^^^^^^^^^^^^^^^^^^^^^^^^^^^^^^^^^^^
stages/Bianchi_Reionization_Stage_P0_5_B2C2B0C_R2C_R1B_R2B_R2A_ADAPTIVE_INTERNAL_MICROSTEP_ACCEPTANCE_AND_GLOBALIZATION_LOCK/tests/test_owner_kernel_parity.py:22: in _load
    spec.loader.exec_module(module)
<frozen importlib._bootstrap_external>:1022: in exec_module
    ???
<frozen importlib._bootstrap_external>:1159: in get_code
    ???
_ _ _ _ _ _ _ _ _ _ _ _ _ _ _ _ _ _ _ _ _ _ _ _ _ _ _ _ _ _ _ _ _ _ _ _ _ _ _ _ 

self = <_frozen_importlib_external.SourceFileLoader object at 0x7f3f1b4c3e90>
path = '/mnt/data/rei_bianchi_r2b_r2a_feature/stages/Bianchi_Reionization_Stage_P0_5_B2C2B0C_R2C_R1B_R2B_R2A_ADAPTIVE_INTERNAL_MICROSTEP_ACCEPTANCE_AND_GLOBALIZATION_LOCK/analysis/array_owner_kernel.py'

>   ???
E   FileNotFoundError: [Errno 2] No such file or directory: '/mnt/data/rei_bianchi_r2b_r2a_feature/stages/Bianchi_Reionization_Stage_P0_5_B2C2B0C_R2C_R1B_R2B_R2A_ADAPTIVE_INTERNAL_MICROSTEP_ACCEPTANCE_AND_GLOBALIZATION_LOCK/analysis/array_owner_kernel.py'

<frozen importlib._bootstrap_external>:1217: FileNotFoundError
_________ test_node_permutation_is_invariant_after_inverse_permutation _________

    def test_node_permutation_is_invariant_after_inverse_permutation():
>       tensor, array, _forcing, _owner = _mods()
                                          ^^^^^^^

stages/Bianchi_Reionization_Stage_P0_5_B2C2B0C_R2C_R1B_R2B_R2A_ADAPTIVE_INTERNAL_MICROSTEP_ACCEPTANCE_AND_GLOBALIZATION_LOCK/tests/test_owner_kernel_parity.py:81: 
_ _ _ _ _ _ _ _ _ _ _ _ _ _ _ _ _ _ _ _ _ _ _ _ _ _ _ _ _ _ _ _ _ _ _ _ _ _ _ _ 
stages/Bianchi_Reionization_Stage_P0_5_B2C2B0C_R2C_R1B_R2B_R2A_ADAPTIVE_INTERNAL_MICROSTEP_ACCEPTANCE_AND_GLOBALIZATION_LOCK/tests/test_owner_kernel_parity.py:28: in _mods
    array = _load("r2b_r2a_array_owner", STAGE / "analysis/array_owner_kernel.py")
            ^^^^^^^^^^^^^^^^^^^^^^^^^^^^^^^^^^^^^^^^^^^^^^^^^^^^^^^^^^^^^^^^^^^^^^
stages/Bianchi_Reionization_Stage_P0_5_B2C2B0C_R2C_R1B_R2B_R2A_ADAPTIVE_INTERNAL_MICROSTEP_ACCEPTANCE_AND_GLOBALIZATION_LOCK/tests/test_owner_kernel_parity.py:22: in _load
    spec.loader.exec_module(module)
<frozen importlib._bootstrap_external>:1022: in exec_module
    ???
<frozen importlib._bootstrap_external>:1159: in get_code
    ???
_ _ _ _ _ _ _ _ _ _ _ _ _ _ _ _ _ _ _ _ _ _ _ _ _ _ _ _ _ _ _ _ _ _ _ _ _ _ _ _ 

self = <_frozen_importlib_external.SourceFileLoader object at 0x7f3f1b5186b0>
path = '/mnt/data/rei_bianchi_r2b_r2a_feature/stages/Bianchi_Reionization_Stage_P0_5_B2C2B0C_R2C_R1B_R2B_R2A_ADAPTIVE_INTERNAL_MICROSTEP_ACCEPTANCE_AND_GLOBALIZATION_LOCK/analysis/array_owner_kernel.py'

>   ???
E   FileNotFoundError: [Errno 2] No such file or directory: '/mnt/data/rei_bianchi_r2b_r2a_feature/stages/Bianchi_Reionization_Stage_P0_5_B2C2B0C_R2C_R1B_R2B_R2A_ADAPTIVE_INTERNAL_MICROSTEP_ACCEPTANCE_AND_GLOBALIZATION_LOCK/analysis/array_owner_kernel.py'

<frozen importlib._bootstrap_external>:1217: FileNotFoundError
______________ test_unsupported_owner_group_support_is_exact_zero ______________

    def test_unsupported_owner_group_support_is_exact_zero():
>       tensor, array, _forcing, _owner = _mods()
                                          ^^^^^^^

stages/Bianchi_Reionization_Stage_P0_5_B2C2B0C_R2C_R1B_R2B_R2A_ADAPTIVE_INTERNAL_MICROSTEP_ACCEPTANCE_AND_GLOBALIZATION_LOCK/tests/test_owner_kernel_parity.py:94: 
_ _ _ _ _ _ _ _ _ _ _ _ _ _ _ _ _ _ _ _ _ _ _ _ _ _ _ _ _ _ _ _ _ _ _ _ _ _ _ _ 
stages/Bianchi_Reionization_Stage_P0_5_B2C2B0C_R2C_R1B_R2B_R2A_ADAPTIVE_INTERNAL_MICROSTEP_ACCEPTANCE_AND_GLOBALIZATION_LOCK/tests/test_owner_kernel_parity.py:28: in _mods
    array = _load("r2b_r2a_array_owner", STAGE / "analysis/array_owner_kernel.py")
            ^^^^^^^^^^^^^^^^^^^^^^^^^^^^^^^^^^^^^^^^^^^^^^^^^^^^^^^^^^^^^^^^^^^^^^
stages/Bianchi_Reionization_Stage_P0_5_B2C2B0C_R2C_R1B_R2B_R2A_ADAPTIVE_INTERNAL_MICROSTEP_ACCEPTANCE_AND_GLOBALIZATION_LOCK/tests/test_owner_kernel_parity.py:22: in _load
    spec.loader.exec_module(module)
<frozen importlib._bootstrap_external>:1022: in exec_module
    ???
<frozen importlib._bootstrap_external>:1159: in get_code
    ???
_ _ _ _ _ _ _ _ _ _ _ _ _ _ _ _ _ _ _ _ _ _ _ _ _ _ _ _ _ _ _ _ _ _ _ _ _ _ _ _ 

self = <_frozen_importlib_external.SourceFileLoader object at 0x7f3f1b518fb0>
path = '/mnt/data/rei_bianchi_r2b_r2a_feature/stages/Bianchi_Reionization_Stage_P0_5_B2C2B0C_R2C_R1B_R2B_R2A_ADAPTIVE_INTERNAL_MICROSTEP_ACCEPTANCE_AND_GLOBALIZATION_LOCK/analysis/array_owner_kernel.py'

>   ???
E   FileNotFoundError: [Errno 2] No such file or directory: '/mnt/data/rei_bianchi_r2b_r2a_feature/stages/Bianchi_Reionization_Stage_P0_5_B2C2B0C_R2C_R1B_R2B_R2A_ADAPTIVE_INTERNAL_MICROSTEP_ACCEPTANCE_AND_GLOBALIZATION_LOCK/analysis/array_owner_kernel.py'

<frozen importlib._bootstrap_external>:1217: FileNotFoundError
=========================== short test summary info ============================
FAILED stages/Bianchi_Reionization_Stage_P0_5_B2C2B0C_R2C_R1B_R2B_R2A_ADAPTIVE_INTERNAL_MICROSTEP_ACCEPTANCE_AND_GLOBALIZATION_LOCK/tests/test_owner_kernel_parity.py::test_array_owner_kernel_matches_legacy_on_locked_state[LOCAL_NEUTRAL_HAZARD_PRIMARY] - FileNotFoundError: [Errno 2] No such file or directory: '/mnt/data/rei_bianchi_r2b_r2a_feature/stages/Bianchi_Reionization_Stage_P0_5_B2C2B0C_R2C_R1B_R2B_R2A_ADAPTIVE_INTERNAL_MICROSTEP_ACCEPTANCE_AND_GLOBALIZATION_LOCK/analysis/array_owner_kernel.py'
FAILED stages/Bianchi_Reionization_Stage_P0_5_B2C2B0C_R2C_R1B_R2B_R2A_ADAPTIVE_INTERNAL_MICROSTEP_ACCEPTANCE_AND_GLOBALIZATION_LOCK/tests/test_owner_kernel_parity.py::test_array_owner_kernel_matches_legacy_on_locked_state[RECOMBINATION_WEIGHTED_AUDITOR] - FileNotFoundError: [Errno 2] No such file or directory: '/mnt/data/rei_bianchi_r2b_r2a_feature/stages/Bianchi_Reionization_Stage_P0_5_B2C2B0C_R2C_R1B_R2B_R2A_ADAPTIVE_INTERNAL_MICROSTEP_ACCEPTANCE_AND_GLOBALIZATION_LOCK/analysis/array_owner_kernel.py'
FAILED stages/Bianchi_Reionization_Stage_P0_5_B2C2B0C_R2C_R1B_R2B_R2A_ADAPTIVE_INTERNAL_MICROSTEP_ACCEPTANCE_AND_GLOBALIZATION_LOCK/tests/test_owner_kernel_parity.py::test_array_owner_kernel_matches_legacy_on_locked_state[SCRIPT_SELF_SHIELDING_AUDITOR] - FileNotFoundError: [Errno 2] No such file or directory: '/mnt/data/rei_bianchi_r2b_r2a_feature/stages/Bianchi_Reionization_Stage_P0_5_B2C2B0C_R2C_R1B_R2B_R2A_ADAPTIVE_INTERNAL_MICROSTEP_ACCEPTANCE_AND_GLOBALIZATION_LOCK/analysis/array_owner_kernel.py'
FAILED stages/Bianchi_Reionization_Stage_P0_5_B2C2B0C_R2C_R1B_R2B_R2A_ADAPTIVE_INTERNAL_MICROSTEP_ACCEPTANCE_AND_GLOBALIZATION_LOCK/tests/test_owner_kernel_parity.py::test_node_permutation_is_invariant_after_inverse_permutation - FileNotFoundError: [Errno 2] No such file or directory: '/mnt/data/rei_bianchi_r2b_r2a_feature/stages/Bianchi_Reionization_Stage_P0_5_B2C2B0C_R2C_R1B_R2B_R2A_ADAPTIVE_INTERNAL_MICROSTEP_ACCEPTANCE_AND_GLOBALIZATION_LOCK/analysis/array_owner_kernel.py'
FAILED stages/Bianchi_Reionization_Stage_P0_5_B2C2B0C_R2C_R1B_R2B_R2A_ADAPTIVE_INTERNAL_MICROSTEP_ACCEPTANCE_AND_GLOBALIZATION_LOCK/tests/test_owner_kernel_parity.py::test_unsupported_owner_group_support_is_exact_zero - FileNotFoundError: [Errno 2] No such file or directory: '/mnt/data/rei_bianchi_r2b_r2a_feature/stages/Bianchi_Reionization_Stage_P0_5_B2C2B0C_R2C_R1B_R2B_R2A_ADAPTIVE_INTERNAL_MICROSTEP_ACCEPTANCE_AND_GLOBALIZATION_LOCK/analysis/array_owner_kernel.py'
5 failed in 0.09s
