FFFF                                                                     [100%]
=================================== FAILURES ===================================
___________________ test_symbolic_local_determinant_identity ___________________

    def test_symbolic_local_determinant_identity():
>       m=load()
          ^^^^^^

stages/Bianchi_Reionization_Stage_P0_5_B2C2B0C_R2C_R1B_R2B_R2A_R2_R1A_R1_R1_AFFINE_SET_PARAMETERIZED_TAYLOR_MODEL_CONTINUOUS_BRANCH_ENCLOSURE_LOCK/tests/test_branch_rank.py:13: 
_ _ _ _ _ _ _ _ _ _ _ _ _ _ _ _ _ _ _ _ _ _ _ _ _ _ _ _ _ _ _ _ _ _ _ _ _ _ _ _ 
stages/Bianchi_Reionization_Stage_P0_5_B2C2B0C_R2C_R1B_R2B_R2A_R2_R1A_R1_R1_AFFINE_SET_PARAMETERIZED_TAYLOR_MODEL_CONTINUOUS_BRANCH_ENCLOSURE_LOCK/tests/test_branch_rank.py:9: in load
    module=importlib.util.module_from_spec(spec);sys.modules[spec.name]=module;spec.loader.exec_module(module)
                                                                               ^^^^^^^^^^^^^^^^^^^^^^^^^^^^^^^
<frozen importlib._bootstrap_external>:1022: in exec_module
    ???
<frozen importlib._bootstrap_external>:1159: in get_code
    ???
_ _ _ _ _ _ _ _ _ _ _ _ _ _ _ _ _ _ _ _ _ _ _ _ _ _ _ _ _ _ _ _ _ _ _ _ _ _ _ _ 

self = <_frozen_importlib_external.SourceFileLoader object at 0x7f8b7ff052b0>
path = '/mnt/data/rei_bianchi_affine_tm_work/stages/Bianchi_Reionization_Stage_P0_5_B2C2B0C_R2C_R1B_R2B_R2A_R2_R1A_R1_R1_AFFINE_SET_PARAMETERIZED_TAYLOR_MODEL_CONTINUOUS_BRANCH_ENCLOSURE_LOCK/analysis/branch_rank.py'

>   ???
E   FileNotFoundError: [Errno 2] No such file or directory: '/mnt/data/rei_bianchi_affine_tm_work/stages/Bianchi_Reionization_Stage_P0_5_B2C2B0C_R2C_R1B_R2B_R2A_R2_R1A_R1_R1_AFFINE_SET_PARAMETERIZED_TAYLOR_MODEL_CONTINUOUS_BRANCH_ENCLOSURE_LOCK/analysis/branch_rank.py'

<frozen importlib._bootstrap_external>:1217: FileNotFoundError
_____ test_source_safe_rank_lower_bound_exceeds_global_two_parameter_model _____

    def test_source_safe_rank_lower_bound_exceeds_global_two_parameter_model():
>       m=load()
          ^^^^^^

stages/Bianchi_Reionization_Stage_P0_5_B2C2B0C_R2C_R1B_R2B_R2A_R2_R1A_R1_R1_AFFINE_SET_PARAMETERIZED_TAYLOR_MODEL_CONTINUOUS_BRANCH_ENCLOSURE_LOCK/tests/test_branch_rank.py:18: 
_ _ _ _ _ _ _ _ _ _ _ _ _ _ _ _ _ _ _ _ _ _ _ _ _ _ _ _ _ _ _ _ _ _ _ _ _ _ _ _ 
stages/Bianchi_Reionization_Stage_P0_5_B2C2B0C_R2C_R1B_R2B_R2A_R2_R1A_R1_R1_AFFINE_SET_PARAMETERIZED_TAYLOR_MODEL_CONTINUOUS_BRANCH_ENCLOSURE_LOCK/tests/test_branch_rank.py:9: in load
    module=importlib.util.module_from_spec(spec);sys.modules[spec.name]=module;spec.loader.exec_module(module)
                                                                               ^^^^^^^^^^^^^^^^^^^^^^^^^^^^^^^
<frozen importlib._bootstrap_external>:1022: in exec_module
    ???
<frozen importlib._bootstrap_external>:1159: in get_code
    ???
_ _ _ _ _ _ _ _ _ _ _ _ _ _ _ _ _ _ _ _ _ _ _ _ _ _ _ _ _ _ _ _ _ _ _ _ _ _ _ _ 

self = <_frozen_importlib_external.SourceFileLoader object at 0x7f8b7ff07cb0>
path = '/mnt/data/rei_bianchi_affine_tm_work/stages/Bianchi_Reionization_Stage_P0_5_B2C2B0C_R2C_R1B_R2B_R2A_R2_R1A_R1_R1_AFFINE_SET_PARAMETERIZED_TAYLOR_MODEL_CONTINUOUS_BRANCH_ENCLOSURE_LOCK/analysis/branch_rank.py'

>   ???
E   FileNotFoundError: [Errno 2] No such file or directory: '/mnt/data/rei_bianchi_affine_tm_work/stages/Bianchi_Reionization_Stage_P0_5_B2C2B0C_R2C_R1B_R2B_R2A_R2_R1A_R1_R1_AFFINE_SET_PARAMETERIZED_TAYLOR_MODEL_CONTINUOUS_BRANCH_ENCLOSURE_LOCK/analysis/branch_rank.py'

<frozen importlib._bootstrap_external>:1217: FileNotFoundError
_ test_coherent_auditor_cannot_authorize_source_safe_family_when_rank_and_witness_fail _

    def test_coherent_auditor_cannot_authorize_source_safe_family_when_rank_and_witness_fail():
>    m=load()
       ^^^^^^

stages/Bianchi_Reionization_Stage_P0_5_B2C2B0C_R2C_R1B_R2B_R2A_R2_R1A_R1_R1_AFFINE_SET_PARAMETERIZED_TAYLOR_MODEL_CONTINUOUS_BRANCH_ENCLOSURE_LOCK/tests/test_claim_gate.py:9: 
_ _ _ _ _ _ _ _ _ _ _ _ _ _ _ _ _ _ _ _ _ _ _ _ _ _ _ _ _ _ _ _ _ _ _ _ _ _ _ _ 
stages/Bianchi_Reionization_Stage_P0_5_B2C2B0C_R2C_R1B_R2B_R2A_R2_R1A_R1_R1_AFFINE_SET_PARAMETERIZED_TAYLOR_MODEL_CONTINUOUS_BRANCH_ENCLOSURE_LOCK/tests/test_claim_gate.py:6: in load
    p=STAGE/'analysis/decision.py';s=importlib.util.spec_from_file_location('affine_tm_decision_test',p);m=importlib.util.module_from_spec(s);sys.modules[s.name]=m;s.loader.exec_module(m);return m
                                                                                                                                                                    ^^^^^^^^^^^^^^^^^^^^^^^
<frozen importlib._bootstrap_external>:1022: in exec_module
    ???
<frozen importlib._bootstrap_external>:1159: in get_code
    ???
_ _ _ _ _ _ _ _ _ _ _ _ _ _ _ _ _ _ _ _ _ _ _ _ _ _ _ _ _ _ _ _ _ _ _ _ _ _ _ _ 

self = <_frozen_importlib_external.SourceFileLoader object at 0x7f8b7ffd82f0>
path = '/mnt/data/rei_bianchi_affine_tm_work/stages/Bianchi_Reionization_Stage_P0_5_B2C2B0C_R2C_R1B_R2B_R2A_R2_R1A_R1_R1_AFFINE_SET_PARAMETERIZED_TAYLOR_MODEL_CONTINUOUS_BRANCH_ENCLOSURE_LOCK/analysis/decision.py'

>   ???
E   FileNotFoundError: [Errno 2] No such file or directory: '/mnt/data/rei_bianchi_affine_tm_work/stages/Bianchi_Reionization_Stage_P0_5_B2C2B0C_R2C_R1B_R2B_R2A_R2_R1A_R1_R1_AFFINE_SET_PARAMETERIZED_TAYLOR_MODEL_CONTINUOUS_BRANCH_ENCLOSURE_LOCK/analysis/decision.py'

<frozen importlib._bootstrap_external>:1217: FileNotFoundError
______________ test_quadratic_fit_reproduces_total_degree_two_map ______________

    def test_quadratic_fit_reproduces_total_degree_two_map():
>    m=load();pts=np.asarray([[-1,-1],[-1,0],[-1,1],[0,-1],[0,0],[0,1],[1,-1],[1,0],[1,1]],float)
       ^^^^^^

stages/Bianchi_Reionization_Stage_P0_5_B2C2B0C_R2C_R1B_R2B_R2A_R2_R1A_R1_R1_AFFINE_SET_PARAMETERIZED_TAYLOR_MODEL_CONTINUOUS_BRANCH_ENCLOSURE_LOCK/tests/test_quadratic_fit.py:9: 
_ _ _ _ _ _ _ _ _ _ _ _ _ _ _ _ _ _ _ _ _ _ _ _ _ _ _ _ _ _ _ _ _ _ _ _ _ _ _ _ 
stages/Bianchi_Reionization_Stage_P0_5_B2C2B0C_R2C_R1B_R2B_R2A_R2_R1A_R1_R1_AFFINE_SET_PARAMETERIZED_TAYLOR_MODEL_CONTINUOUS_BRANCH_ENCLOSURE_LOCK/tests/test_quadratic_fit.py:6: in load
    p=STAGE/'analysis/quadratic_fit.py';s=importlib.util.spec_from_file_location('affine_tm_quadfit_test',p);m=importlib.util.module_from_spec(s);sys.modules[s.name]=m;s.loader.exec_module(m);return m
                                                                                                                                                                        ^^^^^^^^^^^^^^^^^^^^^^^
<frozen importlib._bootstrap_external>:1022: in exec_module
    ???
<frozen importlib._bootstrap_external>:1159: in get_code
    ???
_ _ _ _ _ _ _ _ _ _ _ _ _ _ _ _ _ _ _ _ _ _ _ _ _ _ _ _ _ _ _ _ _ _ _ _ _ _ _ _ 

self = <_frozen_importlib_external.SourceFileLoader object at 0x7f8b7ffd84d0>
path = '/mnt/data/rei_bianchi_affine_tm_work/stages/Bianchi_Reionization_Stage_P0_5_B2C2B0C_R2C_R1B_R2B_R2A_R2_R1A_R1_R1_AFFINE_SET_PARAMETERIZED_TAYLOR_MODEL_CONTINUOUS_BRANCH_ENCLOSURE_LOCK/analysis/quadratic_fit.py'

>   ???
E   FileNotFoundError: [Errno 2] No such file or directory: '/mnt/data/rei_bianchi_affine_tm_work/stages/Bianchi_Reionization_Stage_P0_5_B2C2B0C_R2C_R1B_R2B_R2A_R2_R1A_R1_R1_AFFINE_SET_PARAMETERIZED_TAYLOR_MODEL_CONTINUOUS_BRANCH_ENCLOSURE_LOCK/analysis/quadratic_fit.py'

<frozen importlib._bootstrap_external>:1217: FileNotFoundError
=========================== short test summary info ============================
FAILED stages/Bianchi_Reionization_Stage_P0_5_B2C2B0C_R2C_R1B_R2B_R2A_R2_R1A_R1_R1_AFFINE_SET_PARAMETERIZED_TAYLOR_MODEL_CONTINUOUS_BRANCH_ENCLOSURE_LOCK/tests/test_branch_rank.py::test_symbolic_local_determinant_identity - FileNotFoundError: [Errno 2] No such file or directory: '/mnt/data/rei_bianchi_affine_tm_work/stages/Bianchi_Reionization_Stage_P0_5_B2C2B0C_R2C_R1B_R2B_R2A_R2_R1A_R1_R1_AFFINE_SET_PARAMETERIZED_TAYLOR_MODEL_CONTINUOUS_BRANCH_ENCLOSURE_LOCK/analysis/branch_rank.py'
FAILED stages/Bianchi_Reionization_Stage_P0_5_B2C2B0C_R2C_R1B_R2B_R2A_R2_R1A_R1_R1_AFFINE_SET_PARAMETERIZED_TAYLOR_MODEL_CONTINUOUS_BRANCH_ENCLOSURE_LOCK/tests/test_branch_rank.py::test_source_safe_rank_lower_bound_exceeds_global_two_parameter_model - FileNotFoundError: [Errno 2] No such file or directory: '/mnt/data/rei_bianchi_affine_tm_work/stages/Bianchi_Reionization_Stage_P0_5_B2C2B0C_R2C_R1B_R2B_R2A_R2_R1A_R1_R1_AFFINE_SET_PARAMETERIZED_TAYLOR_MODEL_CONTINUOUS_BRANCH_ENCLOSURE_LOCK/analysis/branch_rank.py'
FAILED stages/Bianchi_Reionization_Stage_P0_5_B2C2B0C_R2C_R1B_R2B_R2A_R2_R1A_R1_R1_AFFINE_SET_PARAMETERIZED_TAYLOR_MODEL_CONTINUOUS_BRANCH_ENCLOSURE_LOCK/tests/test_claim_gate.py::test_coherent_auditor_cannot_authorize_source_safe_family_when_rank_and_witness_fail - FileNotFoundError: [Errno 2] No such file or directory: '/mnt/data/rei_bianchi_affine_tm_work/stages/Bianchi_Reionization_Stage_P0_5_B2C2B0C_R2C_R1B_R2B_R2A_R2_R1A_R1_R1_AFFINE_SET_PARAMETERIZED_TAYLOR_MODEL_CONTINUOUS_BRANCH_ENCLOSURE_LOCK/analysis/decision.py'
FAILED stages/Bianchi_Reionization_Stage_P0_5_B2C2B0C_R2C_R1B_R2B_R2A_R2_R1A_R1_R1_AFFINE_SET_PARAMETERIZED_TAYLOR_MODEL_CONTINUOUS_BRANCH_ENCLOSURE_LOCK/tests/test_quadratic_fit.py::test_quadratic_fit_reproduces_total_degree_two_map - FileNotFoundError: [Errno 2] No such file or directory: '/mnt/data/rei_bianchi_affine_tm_work/stages/Bianchi_Reionization_Stage_P0_5_B2C2B0C_R2C_R1B_R2B_R2A_R2_R1A_R1_R1_AFFINE_SET_PARAMETERIZED_TAYLOR_MODEL_CONTINUOUS_BRANCH_ENCLOSURE_LOCK/analysis/quadratic_fit.py'
4 failed in 0.07s
