F                                                                        [100%]
=================================== FAILURES ===================================
_________ test_coherent_and_independent_field_maps_obey_locked_bounds __________

    def test_coherent_and_independent_field_maps_obey_locked_bounds():
>    m=load();lo=np.asarray([0.0,0.3,0.35]);hi=np.asarray([1.0,0.325,0.375])
       ^^^^^^

stages/Bianchi_Reionization_Stage_P0_5_B2C2B0C_R2C_R1B_R2B_R2A_R2_R1A_R1_R1_AFFINE_SET_PARAMETERIZED_TAYLOR_MODEL_CONTINUOUS_BRANCH_ENCLOSURE_LOCK/tests/test_field_trial.py:9: 
_ _ _ _ _ _ _ _ _ _ _ _ _ _ _ _ _ _ _ _ _ _ _ _ _ _ _ _ _ _ _ _ _ _ _ _ _ _ _ _ 
stages/Bianchi_Reionization_Stage_P0_5_B2C2B0C_R2C_R1B_R2B_R2A_R2_R1A_R1_R1_AFFINE_SET_PARAMETERIZED_TAYLOR_MODEL_CONTINUOUS_BRANCH_ENCLOSURE_LOCK/tests/test_field_trial.py:6: in load
    p=STAGE/'analysis/field_trial.py';s=importlib.util.spec_from_file_location('affine_tm_field_trial_test',p);m=importlib.util.module_from_spec(s);sys.modules[s.name]=m;s.loader.exec_module(m);return m
                                                                                                                                                                          ^^^^^^^^^^^^^^^^^^^^^^^
<frozen importlib._bootstrap_external>:1022: in exec_module
    ???
<frozen importlib._bootstrap_external>:1159: in get_code
    ???
_ _ _ _ _ _ _ _ _ _ _ _ _ _ _ _ _ _ _ _ _ _ _ _ _ _ _ _ _ _ _ _ _ _ _ _ _ _ _ _ 

self = <_frozen_importlib_external.SourceFileLoader object at 0x7fe902d20fb0>
path = '/mnt/data/rei_bianchi_affine_tm_work/stages/Bianchi_Reionization_Stage_P0_5_B2C2B0C_R2C_R1B_R2B_R2A_R2_R1A_R1_R1_AFFINE_SET_PARAMETERIZED_TAYLOR_MODEL_CONTINUOUS_BRANCH_ENCLOSURE_LOCK/analysis/field_trial.py'

>   ???
E   FileNotFoundError: [Errno 2] No such file or directory: '/mnt/data/rei_bianchi_affine_tm_work/stages/Bianchi_Reionization_Stage_P0_5_B2C2B0C_R2C_R1B_R2B_R2A_R2_R1A_R1_R1_AFFINE_SET_PARAMETERIZED_TAYLOR_MODEL_CONTINUOUS_BRANCH_ENCLOSURE_LOCK/analysis/field_trial.py'

<frozen importlib._bootstrap_external>:1217: FileNotFoundError
=========================== short test summary info ============================
FAILED stages/Bianchi_Reionization_Stage_P0_5_B2C2B0C_R2C_R1B_R2B_R2A_R2_R1A_R1_R1_AFFINE_SET_PARAMETERIZED_TAYLOR_MODEL_CONTINUOUS_BRANCH_ENCLOSURE_LOCK/tests/test_field_trial.py::test_coherent_and_independent_field_maps_obey_locked_bounds - FileNotFoundError: [Errno 2] No such file or directory: '/mnt/data/rei_bianchi_affine_tm_work/stages/Bianchi_Reionization_Stage_P0_5_B2C2B0C_R2C_R1B_R2B_R2A_R2_R1A_R1_R1_AFFINE_SET_PARAMETERIZED_TAYLOR_MODEL_CONTINUOUS_BRANCH_ENCLOSURE_LOCK/analysis/field_trial.py'
1 failed in 0.05s
