{
  "B2C2B_authorized": false,
  "all_requested_tau_equilibrium_feasible": false,
  "all_requested_tau_temporally_convergent": false,
  "by_tau": {
    "10": {
      "all_convergent": false,
      "all_equilibrium_feasible": false,
      "case_count": 30,
      "convergent_case_count": 15,
      "equilibrium_feasible_case_count": 18
    },
    "100": {
      "all_convergent": false,
      "all_equilibrium_feasible": false,
      "case_count": 30,
      "convergent_case_count": 7,
      "equilibrium_feasible_case_count": 10
    },
    "300": {
      "all_convergent": false,
      "all_equilibrium_feasible": false,
      "case_count": 30,
      "convergent_case_count": 3,
      "equilibrium_feasible_case_count": 6
    }
  },
  "case_count": 90,
  "dual_certificate_lines": 6422,
  "exact_zero_rows": 450,
  "generated_utc": "2026-08-05T13:49:36.079304+00:00",
  "interpretation": "The exact first-order equilibrium model is an auditor. A failed lane is a model-adequacy/no-go result, not permission to clip a node state or replace the hard endpoint.",
  "macro_equilibrium_certificate_count": 1620,
  "maximum_H_nuclei_identity_residual": 0.0,
  "maximum_He_nuclei_identity_residual": 0.0,
  "maximum_R2B_endpoint_error_n4": 0.04035720560526853,
  "maximum_current_Gamma_residual": 1.9456798453061622e-16,
  "maximum_projection_capacity_violation": 1.298074214633707e+33,
  "maximum_projection_column_residual": 6.125929394920832e-14,
  "production_node_chemistry_authorized": false,
  "relaxation_substep_ledger_rows": 11340,
  "runtime_seconds": 30.025278091430664,
  "scope_exclusions_confirmed": [
    "no unresolved subtraction",
    "no front/Q_M",
    "no source/fesc",
    "no primordial recombination adapter or surrogate",
    "no CAMB transfer",
    "no Bianchi feedback",
    "no cloud mass inferred from opacity"
  ],
  "stage": "P0.5-B2C2B0C-R2C-MOMENT-CONSTRAINED-NODE-CHEMISTRY-RELAXATION-AUDIT",
  "successful_relaxation_substeps": 4802,
  "tau10_all_case_existence_witness": false,
  "verdict": "DURABLE_FAIL_CLOSED_R2C_CONSTANT_EQUILIBRIUM_RELAXATION_NOT_ALL_LANES_REACHABLE",
  "violated_constraint_row_count": 2363
}
