Traceback (most recent call last):
  File "/tmp/rei_r1b_r2a_work/stages/Bianchi_Reionization_Stage_P0_5_B2C2B0C_R2C_R1B_R2A_PHOTON_SINK_MATERIAL_REACTION_OWNER_SPLIT_PREFLIGHT/analysis/build_owner_split_preflight.py", line 709, in <module>
    main()
    ~~~~^^
  File "/tmp/rei_r1b_r2a_work/stages/Bianchi_Reionization_Stage_P0_5_B2C2B0C_R2C_R1B_R2A_PHOTON_SINK_MATERIAL_REACTION_OWNER_SPLIT_PREFLIGHT/analysis/build_owner_split_preflight.py", line 613, in main
    capacity, capacity_totals = build_capacity_refinement(
                                ~~~~~~~~~~~~~~~~~~~~~~~~~^
        split=split,
        ^^^^^^^^^^^^
    ...<2 lines>...
        output=output,
        ^^^^^^^^^^^^^^
    )
    ^
  File "/tmp/rei_r1b_r2a_work/stages/Bianchi_Reionization_Stage_P0_5_B2C2B0C_R2C_R1B_R2A_PHOTON_SINK_MATERIAL_REACTION_OWNER_SPLIT_PREFLIGHT/analysis/build_owner_split_preflight.py", line 352, in build_capacity_refinement
    cert_invalid = capacity_certificate(
        assigned_absorption=assigned_invalid,
        initial_reservoir=reservoirs["INVALID_HI"],
        recombination_supply=rec_h,
    )
  File "/tmp/rei_r1b_r2a_work/stages/Bianchi_Reionization_Stage_P0_5_B2C2B0C_R2C_R1B_R2A_PHOTON_SINK_MATERIAL_REACTION_OWNER_SPLIT_PREFLIGHT/analysis/owner_split_operator.py", line 180, in capacity_certificate
    raise ValueError("capacity inputs must be finite and nonnegative")
ValueError: capacity inputs must be finite and nonnegative
